{
  "errors": [],
  "warnings": [
    "restricted-immigration-open-immigration: 7/16 neutral answers; check that these express a supported position, not missing evidence.",
    "nationalism-internationalism: 6/16 neutral answers; check that these express a supported position, not missing evidence.",
    "innovation-caution: 5/16 neutral answers; check that these express a supported position, not missing evidence."
  ],
  "neighbours": [
    {
      "id": "left-wing-populism",
      "revision": 1,
      "similarity": 94.15333333333334
    },
    {
      "id": "marxism",
      "revision": 2,
      "similarity": 92.71333333333334
    },
    {
      "id": "ecosocialism",
      "revision": 1,
      "similarity": 92.18
    },
    {
      "id": "republicanism",
      "revision": 1,
      "similarity": 91.87333333333333
    },
    {
      "id": "social-democracy",
      "revision": 2,
      "similarity": 91.47333333333333
    }
  ],
  "scores": [
    {
      "axisId": "democracy-autocracy",
      "leftPercent": 96.9,
      "rightPercent": 3.1,
      "answered": 16,
      "neutral": 0
    },
    {
      "axisId": "authority-liberty",
      "leftPercent": 29.7,
      "rightPercent": 70.3,
      "answered": 16,
      "neutral": 1
    },
    {
      "axisId": "assimilation-multiculturalism",
      "leftPercent": 32.8,
      "rightPercent": 67.2,
      "answered": 16,
      "neutral": 3
    },
    {
      "axisId": "restricted-immigration-open-immigration",
      "leftPercent": 34.4,
      "rightPercent": 65.6,
      "answered": 16,
      "neutral": 7
    },
    {
      "axisId": "militarist-pacifist",
      "leftPercent": 23.4,
      "rightPercent": 76.6,
      "answered": 16,
      "neutral": 0
    },
    {
      "axisId": "nationalism-internationalism",
      "leftPercent": 32.8,
      "rightPercent": 67.2,
      "answered": 16,
      "neutral": 6
    },
    {
      "axisId": "public-private",
      "leftPercent": 93.8,
      "rightPercent": 6.2,
      "answered": 16,
      "neutral": 0
    },
    {
      "axisId": "protectionism-free-trade",
      "leftPercent": 57.8,
      "rightPercent": 42.2,
      "answered": 16,
      "neutral": 4
    },
    {
      "axisId": "planning-free-market",
      "leftPercent": 67.2,
      "rightPercent": 32.8,
      "answered": 16,
      "neutral": 1
    },
    {
      "axisId": "high-redistribution-low-redistribution",
      "leftPercent": 95.3,
      "rightPercent": 4.7,
      "answered": 16,
      "neutral": 0
    },
    {
      "axisId": "secular-religious",
      "leftPercent": 89.1,
      "rightPercent": 10.9,
      "answered": 16,
      "neutral": 1
    },
    {
      "axisId": "progressive-traditionalist",
      "leftPercent": 78.1,
      "rightPercent": 21.9,
      "answered": 16,
      "neutral": 2
    },
    {
      "axisId": "innovation-caution",
      "leftPercent": 29.7,
      "rightPercent": 70.3,
      "answered": 16,
      "neutral": 5
    },
    {
      "axisId": "central-local",
      "leftPercent": 39.1,
      "rightPercent": 60.9,
      "answered": 16,
      "neutral": 3
    },
    {
      "axisId": "culture-nature",
      "leftPercent": 76.6,
      "rightPercent": 23.4,
      "answered": 16,
      "neutral": 3
    }
  ]
}

Archived profile-audit/answers/ideology/socialism/1.json. Run profiles build to regenerate the catalogue; the draft is retained.
