{
  "errors": [],
  "warnings": [],
  "neighbours": [
    {
      "id": "engelbert-dollfuss",
      "revision": 1,
      "similarity": 93.43333333333334
    },
    {
      "id": "francisco-franco",
      "revision": 1,
      "similarity": 93.42666666666666
    },
    {
      "id": "joseph-de-maistre",
      "revision": 1,
      "similarity": 89.9
    },
    {
      "id": "ian-smith",
      "revision": 1,
      "similarity": 88.22
    },
    {
      "id": "otto-von-bismarck",
      "revision": 1,
      "similarity": 87.16666666666667
    }
  ],
  "scores": [
    {
      "axisId": "democracy-autocracy",
      "leftPercent": 3.1,
      "rightPercent": 96.9,
      "answered": 16,
      "neutral": 0
    },
    {
      "axisId": "authority-liberty",
      "leftPercent": 92.2,
      "rightPercent": 7.8,
      "answered": 16,
      "neutral": 0
    },
    {
      "axisId": "assimilation-multiculturalism",
      "leftPercent": 81.3,
      "rightPercent": 18.7,
      "answered": 16,
      "neutral": 1
    },
    {
      "axisId": "restricted-immigration-open-immigration",
      "leftPercent": 65.6,
      "rightPercent": 34.4,
      "answered": 16,
      "neutral": 4
    },
    {
      "axisId": "militarist-pacifist",
      "leftPercent": 76.6,
      "rightPercent": 23.4,
      "answered": 16,
      "neutral": 4
    },
    {
      "axisId": "nationalism-internationalism",
      "leftPercent": 81.3,
      "rightPercent": 18.7,
      "answered": 16,
      "neutral": 2
    },
    {
      "axisId": "public-private",
      "leftPercent": 43.7,
      "rightPercent": 56.3,
      "answered": 16,
      "neutral": 4
    },
    {
      "axisId": "protectionism-free-trade",
      "leftPercent": 46.9,
      "rightPercent": 53.1,
      "answered": 16,
      "neutral": 1
    },
    {
      "axisId": "planning-free-market",
      "leftPercent": 60.9,
      "rightPercent": 39.1,
      "answered": 16,
      "neutral": 4
    },
    {
      "axisId": "high-redistribution-low-redistribution",
      "leftPercent": 29.7,
      "rightPercent": 70.3,
      "answered": 16,
      "neutral": 4
    },
    {
      "axisId": "secular-religious",
      "leftPercent": 35.9,
      "rightPercent": 64.1,
      "answered": 16,
      "neutral": 4
    },
    {
      "axisId": "progressive-traditionalist",
      "leftPercent": 3.1,
      "rightPercent": 96.9,
      "answered": 16,
      "neutral": 0
    },
    {
      "axisId": "innovation-caution",
      "leftPercent": 31.2,
      "rightPercent": 68.8,
      "answered": 16,
      "neutral": 4
    },
    {
      "axisId": "central-local",
      "leftPercent": 93.8,
      "rightPercent": 6.2,
      "answered": 16,
      "neutral": 0
    },
    {
      "axisId": "culture-nature",
      "leftPercent": 50,
      "rightPercent": 50,
      "answered": 16,
      "neutral": 2
    }
  ]
}

Archived profile-audit/answers/personality/antonio-de-oliveira-salazar/1.json. Run profiles build to regenerate the catalogue; the draft is retained.
