### Page
- Page URL: http://127.0.0.1:4190/political-quiz/#/personalities/robert-mugabe
- Page Title: Robert Mugabe — 15 Values
### Snapshot
```yaml
- generic [ref=e2]:
  - link "Skip to content":
    - /url: "#main-content"
  - banner [ref=e3]:
    - generic [ref=e4]:
      - link "15 Values home" [ref=e5] [cursor=pointer]:
        - /url: "#/"
        - generic [ref=e11]: 15Values
      - navigation "Main navigation" [ref=e12]:
        - link "Home" [ref=e13] [cursor=pointer]:
          - /url: "#/"
        - link "Values" [ref=e14] [cursor=pointer]:
          - /url: "#/?section=values"
        - link "Ideologies" [ref=e15] [cursor=pointer]:
          - /url: "#/ideologies"
        - link "Personalities" [ref=e16] [cursor=pointer]:
          - /url: "#/personalities"
        - link "Countries" [ref=e17] [cursor=pointer]:
          - /url: "#/countries"
        - link "Results" [ref=e18] [cursor=pointer]:
          - /url: "#/results"
      - link "Explore the quiz" [ref=e19] [cursor=pointer]:
        - /url: "#/quiz"
  - main [active] [ref=e2659]:
    - generic [ref=e2660]:
      - generic [ref=e2661]:
        - navigation "Breadcrumb" [ref=e2662]:
          - link "Home" [ref=e2663] [cursor=pointer]:
            - /url: "#/"
          - generic [aria-hidden] [ref=e2664]: /
          - link "All personalities" [ref=e2665] [cursor=pointer]:
            - /url: "#/personalities"
            - text: Personalities
          - generic [aria-hidden] [ref=e2666]: /
          - generic [ref=e2667]: Robert Mugabe
        - generic [ref=e2668]:
          - generic [ref=e2669]:
            - generic [ref=e2670]:
              - generic [ref=e2671]: President
              - generic [ref=e2672]: Politician
              - generic [ref=e2673]: 1924–2019
            - heading "Robert Mugabe" [level=1] [ref=e2674]
            - paragraph [ref=e2675]: Zimbabwean president assessed during his later rule, including land redistribution, state-directed economic measures and restrictions on political opposition.
            - generic [ref=e2676]:
              - heading "Similar" [level=2] [ref=e2677]
              - generic "Profile comparisons" [ref=e2678]:
                - generic [ref=e2679]:
                  - term [ref=e2680]: Ideology
                  - definition [ref=e2681]:
                    - link "Fascism" [ref=e2682] [cursor=pointer]:
                      - /url: "#/ideologies/fascism"
                - generic [ref=e2687]:
                  - term [ref=e2688]: Personality
                  - definition [ref=e2689]:
                    - link "José Antonio Primo de Rivera" [ref=e2690] [cursor=pointer]:
                      - /url: "#/personalities/jose-antonio-primo-de-rivera"
          - figure [ref=e2692]:
            - img "Portrait of Robert Mugabe" [ref=e2693]
            - link "Wikimedia Commons · Source" [ref=e2695] [cursor=pointer]:
              - /url: https://commons.wikimedia.org/wiki/File:Robert_Mugabe_in_Moscow,_May_2015.jpg
      - region [ref=e2696]:
        - generic [ref=e2697]:
          - generic [ref=e2698]: — Political axes
          - heading "Percentage result per axis" [level=2] [ref=e2699]
        - generic [ref=e2700]:
          - article "Democracy vs Autocracy" [ref=e2701]:
            - generic [ref=e2702]:
              - generic [ref=e2703]:
                - heading "Representation" [level=3] [ref=e2704]
                - group [ref=e2705]:
                  - generic "About Democracy vs Autocracy" [ref=e2706] [cursor=pointer]:
                    - generic [aria-hidden] [ref=e2707]: "?"
              - generic [ref=e2708]: Strongly Autocracy
            - generic [ref=e2710]:
              - generic [ref=e2714]:
                - strong [ref=e2715]: Democracy
                - generic [ref=e2716]: 16%
              - 'img "Democracy: 15.6%; Autocracy: 84.4%" [ref=e2717]'
              - generic [ref=e2725]:
                - strong [ref=e2726]: Autocracy
                - generic [ref=e2727]: 84%
          - article "Authority vs Liberty" [ref=e2728]:
            - generic [ref=e2729]:
              - generic [ref=e2730]:
                - heading "Power & freedom" [level=3] [ref=e2731]
                - group [ref=e2732]:
                  - generic "About Authority vs Liberty" [ref=e2733] [cursor=pointer]:
                    - generic [aria-hidden] [ref=e2734]: "?"
              - generic [ref=e2735]: Strongly Authority
            - generic [ref=e2737]:
              - generic [ref=e2742]:
                - strong [ref=e2743]: Authority
                - generic [ref=e2744]: 97%
              - 'img "Authority: 96.9%; Liberty: 3.1%" [ref=e2745]'
              - generic [ref=e2753]:
                - strong [ref=e2754]: Liberty
                - generic [ref=e2755]: 3%
          - article "Assimilation vs Multiculturalism" [ref=e2756]:
            - generic [ref=e2757]:
              - generic [ref=e2758]:
                - heading "Cultural identity" [level=3] [ref=e2759]
                - group [ref=e2760]:
                  - generic "About Assimilation vs Multiculturalism" [ref=e2761] [cursor=pointer]:
                    - generic [aria-hidden] [ref=e2762]: "?"
              - generic [ref=e2763]: Strongly Assimilation
            - generic [ref=e2765]:
              - generic [ref=e2770]:
                - strong [ref=e2771]: Assimilation
                - generic [ref=e2772]: 80%
              - 'img "Assimilation: 79.7%; Multiculturalism: 20.3%" [ref=e2773]'
              - generic [ref=e2783]:
                - strong [ref=e2784]: Multiculturalism
                - generic [ref=e2785]: 20%
          - article "Restricted Immigration vs Open Immigration" [ref=e2786]:
            - generic [ref=e2787]:
              - generic [ref=e2788]:
                - heading "Immigration" [level=3] [ref=e2789]
                - group [ref=e2790]:
                  - generic "About Restricted Immigration vs Open Immigration" [ref=e2791] [cursor=pointer]:
                    - generic [aria-hidden] [ref=e2792]: "?"
              - generic [ref=e2793]: Restricted Immigration
            - generic [ref=e2795]:
              - generic [ref=e2799]:
                - strong [ref=e2800]: Restricted Immigration
                - generic [ref=e2801]: 69%
              - 'img "Restricted Immigration: 68.8%; Open Immigration: 31.2%" [ref=e2802]'
              - generic [ref=e2810]:
                - strong [ref=e2811]: Open Immigration
                - generic [ref=e2812]: 31%
          - article "Militarist vs Pacifist" [ref=e2813]:
            - generic [ref=e2814]:
              - generic [ref=e2815]:
                - heading "Military & diplomacy" [level=3] [ref=e2816]
                - group [ref=e2817]:
                  - generic "About Militarist vs Pacifist" [ref=e2818] [cursor=pointer]:
                    - generic [aria-hidden] [ref=e2819]: "?"
              - generic [ref=e2820]: Strongly Militarist
            - generic [ref=e2822]:
              - generic [ref=e2826]:
                - strong [ref=e2827]: Militarist
                - generic [ref=e2828]: 83%
              - 'img "Militarist: 82.8%; Pacifist: 17.2%" [ref=e2829]'
              - generic [ref=e2838]:
                - strong [ref=e2839]: Pacifist
                - generic [ref=e2840]: 17%
          - article "Nationalism vs Internationalism" [ref=e2841]:
            - generic [ref=e2842]:
              - generic [ref=e2843]:
                - heading "Sovereignty" [level=3] [ref=e2844]
                - group [ref=e2845]:
                  - generic "About Nationalism vs Internationalism" [ref=e2846] [cursor=pointer]:
                    - generic [aria-hidden] [ref=e2847]: "?"
              - generic [ref=e2848]: Strongly Nationalism
            - generic [ref=e2850]:
              - generic [ref=e2854]:
                - strong [ref=e2855]: Nationalism
                - generic [ref=e2856]: 81%
              - 'img "Nationalism: 81.3%; Internationalism: 18.7%" [ref=e2857]'
              - generic [ref=e2867]:
                - strong [ref=e2868]: Internationalism
                - generic [ref=e2869]: 19%
          - article "Public vs Private" [ref=e2870]:
            - generic [ref=e2871]:
              - generic [ref=e2872]:
                - heading "Ownership" [level=3] [ref=e2873]
                - group [ref=e2874]:
                  - generic "About Public vs Private" [ref=e2875] [cursor=pointer]:
                    - generic [aria-hidden] [ref=e2876]: "?"
              - generic [ref=e2877]: Strongly Public
            - generic [ref=e2879]:
              - generic [ref=e2883]:
                - strong [ref=e2884]: Public
                - generic [ref=e2885]: 77%
              - 'img "Public: 76.6%; Private: 23.4%" [ref=e2886]'
              - generic [ref=e2894]:
                - strong [ref=e2895]: Private
                - generic [ref=e2896]: 23%
          - article "Protectionism vs Free Trade" [ref=e2897]:
            - generic [ref=e2898]:
              - generic [ref=e2899]:
                - heading "Trade" [level=3] [ref=e2900]
                - group [ref=e2901]:
                  - generic "About Protectionism vs Free Trade" [ref=e2902] [cursor=pointer]:
                    - generic [aria-hidden] [ref=e2903]: "?"
              - generic [ref=e2904]: Strongly Protectionism
            - generic [ref=e2906]:
              - generic [ref=e2910]:
                - strong [ref=e2911]: Protectionism
                - generic [ref=e2912]: 86%
              - 'img "Protectionism: 85.9%; Free Trade: 14.1%" [ref=e2913]'
              - generic [ref=e2922]:
                - strong [ref=e2923]: Free Trade
                - generic [ref=e2924]: 14%
          - article "Planning vs Free Market" [ref=e2925]:
            - generic [ref=e2926]:
              - generic [ref=e2927]:
                - heading "Economic control" [level=3] [ref=e2928]
                - group [ref=e2929]:
                  - generic "About Planning vs Free Market" [ref=e2930] [cursor=pointer]:
                    - generic [aria-hidden] [ref=e2931]: "?"
              - generic [ref=e2932]: Strongly Planning
            - generic [ref=e2934]:
              - generic [ref=e2939]:
                - strong [ref=e2940]: Planning
                - generic [ref=e2941]: 91%
              - 'img "Planning: 90.6%; Free Market: 9.4%" [ref=e2942]'
              - generic [ref=e2953]:
                - strong [ref=e2954]: Free Market
                - generic [ref=e2955]: 9%
          - article "High Redistribution vs Low Redistribution" [ref=e2956]:
            - generic [ref=e2957]:
              - generic [ref=e2958]:
                - heading "Redistribution" [level=3] [ref=e2959]
                - group [ref=e2960]:
                  - generic "About High Redistribution vs Low Redistribution" [ref=e2961] [cursor=pointer]:
                    - generic [aria-hidden] [ref=e2962]: "?"
              - generic [ref=e2963]: High Redistribution
            - generic [ref=e2965]:
              - generic [ref=e2973]:
                - strong [ref=e2974]: High Redistribution
                - generic [ref=e2975]: 72%
              - 'img "High Redistribution: 71.9%; Low Redistribution: 28.1%" [ref=e2976]'
              - generic [ref=e2985]:
                - strong [ref=e2986]: Low Redistribution
                - generic [ref=e2987]: 28%
          - article "Secular vs Religious" [ref=e2988]:
            - generic [ref=e2989]:
              - generic [ref=e2990]:
                - heading "Religion & government" [level=3] [ref=e2991]
                - group [ref=e2992]:
                  - generic "About Secular vs Religious" [ref=e2993] [cursor=pointer]:
                    - generic [aria-hidden] [ref=e2994]: "?"
              - generic [ref=e2995]: Leaning Secular
            - generic [ref=e2997]:
              - generic [ref=e3003]:
                - strong [ref=e3004]: Secular
                - generic [ref=e3005]: 56%
              - 'img "Secular: 56.3%; Religious: 43.7%" [ref=e3006]'
              - generic [ref=e3014]:
                - strong [ref=e3015]: Religious
                - generic [ref=e3016]: 44%
          - article "Progressive vs Traditionalist" [ref=e3017]:
            - generic [ref=e3018]:
              - generic [ref=e3019]:
                - heading "Social change" [level=3] [ref=e3020]
                - group [ref=e3021]:
                  - generic "About Progressive vs Traditionalist" [ref=e3022] [cursor=pointer]:
                    - generic [aria-hidden] [ref=e3023]: "?"
              - generic [ref=e3024]: Strongly Traditionalist
            - generic [ref=e3026]:
              - generic [ref=e3030]:
                - strong [ref=e3031]: Progressive
                - generic [ref=e3032]: 16%
              - 'img "Progressive: 15.6%; Traditionalist: 84.4%" [ref=e3033]'
              - generic [ref=e3041]:
                - strong [ref=e3042]: Traditionalist
                - generic [ref=e3043]: 84%
          - article "Innovation vs Caution" [ref=e3044]:
            - generic [ref=e3045]:
              - generic [ref=e3046]:
                - heading "Development" [level=3] [ref=e3047]
                - group [ref=e3048]:
                  - generic "About Innovation vs Caution" [ref=e3049] [cursor=pointer]:
                    - generic [aria-hidden] [ref=e3050]: "?"
              - generic [ref=e3051]: Balanced
            - generic [ref=e3053]:
              - generic [ref=e3057]:
                - strong [ref=e3058]: Innovation
                - generic [ref=e3059]: 48%
              - 'img "Innovation: 48.4%; Caution: 51.6%" [ref=e3060]'
              - generic [ref=e3068]:
                - strong [ref=e3069]: Caution
                - generic [ref=e3070]: 52%
          - article "Central vs Local" [ref=e3071]:
            - generic [ref=e3072]:
              - generic [ref=e3073]:
                - heading "Government structure" [level=3] [ref=e3074]
                - group [ref=e3075]:
                  - generic "About Central vs Local" [ref=e3076] [cursor=pointer]:
                    - generic [aria-hidden] [ref=e3077]: "?"
              - generic [ref=e3078]: Strongly Central
            - generic [ref=e3080]:
              - generic [ref=e3085]:
                - strong [ref=e3086]: Central
                - generic [ref=e3087]: 91%
              - 'img "Central: 90.6%; Local: 9.4%" [ref=e3088]'
              - generic [ref=e3100]:
                - strong [ref=e3101]: Local
                - generic [ref=e3102]: 9%
          - article "Culture vs Nature" [ref=e3103]:
            - generic [ref=e3104]:
              - generic [ref=e3105]:
                - heading "Human behaviour" [level=3] [ref=e3106]
                - group [ref=e3107]:
                  - generic "About Culture vs Nature" [ref=e3108] [cursor=pointer]:
                    - generic [aria-hidden] [ref=e3109]: "?"
              - generic [ref=e3110]: Leaning Culture
            - generic [ref=e3112]:
              - generic [ref=e3116]:
                - strong [ref=e3117]: Culture
                - generic [ref=e3118]: 56%
              - 'img "Culture: 56.3%; Nature: 43.7%" [ref=e3119]'
              - generic [ref=e3127]:
                - strong [ref=e3128]: Nature
                - generic [ref=e3129]: 44%
      - group [ref=e3130]:
        - generic "Sources and assessment" [ref=e3131] [cursor=pointer]
  - region [ref=e26]:
    - generic [ref=e27]:
      - generic [ref=e28]:
        - heading "15 Values on GitHub Help improve 15 Values" [level=2] [ref=e29]:
          - link "15 Values on GitHub" [ref=e30] [cursor=pointer]:
            - /url: https://github.com/Prunty2/15values
          - generic [ref=e33]: Help improve 15 Values
        - paragraph [ref=e34]: Report a bug, suggest an improvement or contribute code on GitHub.
      - generic [ref=e35]:
        - link "Issue or Suggestion" [ref=e36] [cursor=pointer]:
          - /url: https://github.com/Prunty2/15values/issues/new
        - link "Submit a PR" [ref=e39] [cursor=pointer]:
          - /url: https://github.com/Prunty2/15values/compare
  - contentinfo [ref=e42]:
    - generic [ref=e43]:
      - generic [ref=e44]:
        - link "15 Values home" [ref=e45] [cursor=pointer]:
          - /url: "#/"
          - generic [ref=e51]: 15Values
        - paragraph [ref=e52]: Your views deservemore than a label.
        - generic [ref=e53]: A political quiz built around 15 independent axes. Designed to describe your views, not change them.
      - navigation "Explore" [ref=e54]:
        - heading "Explore" [level=2] [ref=e55]
        - link "Quiz formats" [ref=e56] [cursor=pointer]:
          - /url: "#/quiz"
        - link "The 15 values" [ref=e57] [cursor=pointer]:
          - /url: "#/?section=values"
      - navigation "Catalogues" [ref=e58]:
        - heading "Catalogues" [level=2] [ref=e59]
        - link "Ideologies" [ref=e60] [cursor=pointer]:
          - /url: "#/ideologies"
        - link "Personalities" [ref=e61] [cursor=pointer]:
          - /url: "#/personalities"
        - link "Countries" [ref=e62] [cursor=pointer]:
          - /url: "#/countries"
      - navigation "Project" [ref=e63]:
        - heading "The project" [level=2] [ref=e64]
        - link "Submit feedback" [ref=e65] [cursor=pointer]:
          - /url: https://github.com/Prunty2/15values/issues/new
        - link "GitHub repository" [ref=e66] [cursor=pointer]:
          - /url: https://github.com/Prunty2/15values
        - link "Image credits" [ref=e67] [cursor=pointer]:
          - /url: "#/credits"
      - generic [ref=e68]:
        - generic [ref=e69]: 15 Values · In development
        - paragraph [ref=e70]: No account needed. Quiz answers and saved results stay in your browser.
        - link "Back to home" [ref=e71] [cursor=pointer]:
          - /url: "#/"
```
