### Page
- Page URL: http://127.0.0.1:4190/political-quiz/#/personalities
- Page Title: Personalities — 15 Values
### Snapshot
```yaml
- generic [ref=e2]:
  - link "Skip to content":
    - /url: "#main-content"
  - banner [ref=e3]:
    - generic [ref=e4]:
      - link "15 Values home" [ref=e5] [cursor=pointer]:
        - /url: "#/"
        - generic [ref=e11]: 15Values
      - navigation "Main navigation" [ref=e12]:
        - link "Home" [ref=e13] [cursor=pointer]:
          - /url: "#/"
        - link "Values" [ref=e14] [cursor=pointer]:
          - /url: "#/?section=values"
        - link "Ideologies" [ref=e15] [cursor=pointer]:
          - /url: "#/ideologies"
        - link "Personalities" [ref=e16] [cursor=pointer]:
          - /url: "#/personalities"
        - link "Countries" [ref=e17] [cursor=pointer]:
          - /url: "#/countries"
        - link "Results" [ref=e18] [cursor=pointer]:
          - /url: "#/results"
      - link "Explore the quiz" [ref=e19] [cursor=pointer]:
        - /url: "#/quiz"
  - main [ref=e22]:
    - generic [ref=e23]:
      - heading "Personalities" [level=1] [ref=e75]
      - generic [ref=e76]:
        - generic [ref=e77]:
          - generic [ref=e78]: Search personalities
          - searchbox "Search personalities" [active] [ref=e79]: Robert Mugabe
        - generic [ref=e80]:
          - generic [ref=e81]:
            - generic [ref=e82]: Closest ideology
            - combobox "Closest ideology" [ref=e83] [cursor=pointer]:
              - option "All Ideologies" [selected]
              - option "Fascism"
          - generic [ref=e84]:
            - generic [ref=e85]: Position
            - combobox "Position" [ref=e86] [cursor=pointer]:
              - option "All Positions" [selected]
              - option "President"
          - generic [ref=e87]:
            - generic [ref=e88]: Country of origin
            - combobox "Country of origin" [ref=e89] [cursor=pointer]:
              - option "All Countries" [selected]
              - option "Zimbabwe"
          - button "Clear filters" [ref=e2658] [cursor=pointer]
      - status [ref=e90]: 1 profile
      - region "Politicians" [ref=e92]:
        - generic [ref=e93]:
          - heading "Politicians" [level=2] [ref=e94]
          - generic [ref=e95]: "1"
        - article [ref=e1335]:
          - link "Robert Mugabe" [ref=e1336] [cursor=pointer]:
            - /url: "#/personalities/robert-mugabe"
            - generic [ref=e1337]:
              - img "Portrait of Robert Mugabe" [ref=e1339]
              - generic [ref=e1340]:
                - paragraph [ref=e1341]: President
                - heading "Robert Mugabe" [level=3] [ref=e1342]
                - paragraph [ref=e1343]: 1924–2019
                - paragraph [ref=e1344]: Zimbabwean president assessed during his later rule, including land redistribution, state-directed economic measures and restrictions on political opposition.
            - generic [ref=e1345]:
              - list "Profile tags" [ref=e1346]:
                - 'listitem "Closest ideology: Fascism" [ref=e1347]': Fascism
                - 'listitem "Position: President" [ref=e1348]': President
                - 'listitem "Best-known country: Zimbabwe" [ref=e1349]': 🇿🇼
              - generic [ref=e1350]: View profile
  - region [ref=e26]:
    - generic [ref=e27]:
      - generic [ref=e28]:
        - heading "15 Values on GitHub Help improve 15 Values" [level=2] [ref=e29]:
          - link "15 Values on GitHub" [ref=e30] [cursor=pointer]:
            - /url: https://github.com/Prunty2/15values
          - generic [ref=e33]: Help improve 15 Values
        - paragraph [ref=e34]: Report a bug, suggest an improvement or contribute code on GitHub.
      - generic [ref=e35]:
        - link "Issue or Suggestion" [ref=e36] [cursor=pointer]:
          - /url: https://github.com/Prunty2/15values/issues/new
        - link "Submit a PR" [ref=e39] [cursor=pointer]:
          - /url: https://github.com/Prunty2/15values/compare
  - contentinfo [ref=e42]:
    - generic [ref=e43]:
      - generic [ref=e44]:
        - link "15 Values home" [ref=e45] [cursor=pointer]:
          - /url: "#/"
          - generic [ref=e51]: 15Values
        - paragraph [ref=e52]: Your views deservemore than a label.
        - generic [ref=e53]: A political quiz built around 15 independent axes. Designed to describe your views, not change them.
      - navigation "Explore" [ref=e54]:
        - heading "Explore" [level=2] [ref=e55]
        - link "Quiz formats" [ref=e56] [cursor=pointer]:
          - /url: "#/quiz"
        - link "The 15 values" [ref=e57] [cursor=pointer]:
          - /url: "#/?section=values"
      - navigation "Catalogues" [ref=e58]:
        - heading "Catalogues" [level=2] [ref=e59]
        - link "Ideologies" [ref=e60] [cursor=pointer]:
          - /url: "#/ideologies"
        - link "Personalities" [ref=e61] [cursor=pointer]:
          - /url: "#/personalities"
        - link "Countries" [ref=e62] [cursor=pointer]:
          - /url: "#/countries"
      - navigation "Project" [ref=e63]:
        - heading "The project" [level=2] [ref=e64]
        - link "Submit feedback" [ref=e65] [cursor=pointer]:
          - /url: https://github.com/Prunty2/15values/issues/new
        - link "GitHub repository" [ref=e66] [cursor=pointer]:
          - /url: https://github.com/Prunty2/15values
        - link "Image credits" [ref=e67] [cursor=pointer]:
          - /url: "#/credits"
      - generic [ref=e68]:
        - generic [ref=e69]: 15 Values · In development
        - paragraph [ref=e70]: No account needed. Quiz answers and saved results stay in your browser.
        - link "Back to home" [ref=e71] [cursor=pointer]:
          - /url: "#/"
```
