{
  "errors": [],
  "warnings": [
    "nationalism-internationalism: 7/16 neutral answers; check that these express a supported position, not missing evidence.",
    "protectionism-free-trade: 8/16 neutral answers; check that these express a supported position, not missing evidence.",
    "secular-religious: 7/16 neutral answers; check that these express a supported position, not missing evidence."
  ],
  "neighbours": [
    {
      "id": "ian-smith",
      "revision": 1,
      "similarity": 92.80666666666667
    },
    {
      "id": "antonio-de-oliveira-salazar",
      "revision": 1,
      "similarity": 91.65333333333334
    },
    {
      "id": "otto-von-bismarck",
      "revision": 1,
      "similarity": 91.55333333333333
    },
    {
      "id": "giovanni-gentile",
      "revision": 1,
      "similarity": 91.14666666666666
    },
    {
      "id": "engelbert-dollfuss",
      "revision": 1,
      "similarity": 91.14
    }
  ],
  "scores": [
    {
      "axisId": "democracy-autocracy",
      "leftPercent": 12.5,
      "rightPercent": 87.5,
      "answered": 16,
      "neutral": 0
    },
    {
      "axisId": "authority-liberty",
      "leftPercent": 79.7,
      "rightPercent": 20.3,
      "answered": 16,
      "neutral": 0
    },
    {
      "axisId": "assimilation-multiculturalism",
      "leftPercent": 82.8,
      "rightPercent": 17.2,
      "answered": 16,
      "neutral": 0
    },
    {
      "axisId": "restricted-immigration-open-immigration",
      "leftPercent": 68.8,
      "rightPercent": 31.2,
      "answered": 16,
      "neutral": 4
    },
    {
      "axisId": "militarist-pacifist",
      "leftPercent": 68.8,
      "rightPercent": 31.2,
      "answered": 16,
      "neutral": 4
    },
    {
      "axisId": "nationalism-internationalism",
      "leftPercent": 65.6,
      "rightPercent": 34.4,
      "answered": 16,
      "neutral": 7
    },
    {
      "axisId": "public-private",
      "leftPercent": 35.9,
      "rightPercent": 64.1,
      "answered": 16,
      "neutral": 1
    },
    {
      "axisId": "protectionism-free-trade",
      "leftPercent": 64.1,
      "rightPercent": 35.9,
      "answered": 16,
      "neutral": 8
    },
    {
      "axisId": "planning-free-market",
      "leftPercent": 59.4,
      "rightPercent": 40.6,
      "answered": 16,
      "neutral": 3
    },
    {
      "axisId": "high-redistribution-low-redistribution",
      "leftPercent": 29.7,
      "rightPercent": 70.3,
      "answered": 16,
      "neutral": 4
    },
    {
      "axisId": "secular-religious",
      "leftPercent": 54.7,
      "rightPercent": 45.3,
      "answered": 16,
      "neutral": 7
    },
    {
      "axisId": "progressive-traditionalist",
      "leftPercent": 14.1,
      "rightPercent": 85.9,
      "answered": 16,
      "neutral": 1
    },
    {
      "axisId": "innovation-caution",
      "leftPercent": 43.7,
      "rightPercent": 56.3,
      "answered": 16,
      "neutral": 3
    },
    {
      "axisId": "central-local",
      "leftPercent": 90.6,
      "rightPercent": 9.4,
      "answered": 16,
      "neutral": 0
    },
    {
      "axisId": "culture-nature",
      "leftPercent": 46.9,
      "rightPercent": 53.1,
      "answered": 16,
      "neutral": 4
    }
  ]
}

Archived profile-audit/answers/personality/eric-campbell/1.json. Run profiles build to regenerate the catalogue; the draft is retained.
