{
  "errors": [],
  "warnings": [
    "restricted-immigration-open-immigration: 5/16 neutral answers; check that these express a supported position, not missing evidence.",
    "public-private: 6/16 neutral answers; check that these express a supported position, not missing evidence.",
    "protectionism-free-trade: 8/16 neutral answers; check that these express a supported position, not missing evidence.",
    "planning-free-market: 7/16 neutral answers; check that these express a supported position, not missing evidence.",
    "secular-religious: 6/16 neutral answers; check that these express a supported position, not missing evidence."
  ],
  "neighbours": [
    {
      "id": "antonio-de-oliveira-salazar",
      "revision": 1,
      "similarity": 91.56
    },
    {
      "id": "engelbert-dollfuss",
      "revision": 1,
      "similarity": 89.59333333333333
    },
    {
      "id": "francisco-franco",
      "revision": 1,
      "similarity": 88.54666666666667
    },
    {
      "id": "ian-smith",
      "revision": 1,
      "similarity": 88.11333333333333
    },
    {
      "id": "robert-mugabe",
      "revision": 1,
      "similarity": 87.61333333333333
    }
  ],
  "scores": [
    {
      "axisId": "democracy-autocracy",
      "leftPercent": 3.1,
      "rightPercent": 96.9,
      "answered": 16,
      "neutral": 0
    },
    {
      "axisId": "authority-liberty",
      "leftPercent": 93.8,
      "rightPercent": 6.2,
      "answered": 16,
      "neutral": 1
    },
    {
      "axisId": "assimilation-multiculturalism",
      "leftPercent": 82.8,
      "rightPercent": 17.2,
      "answered": 16,
      "neutral": 0
    },
    {
      "axisId": "restricted-immigration-open-immigration",
      "leftPercent": 67.2,
      "rightPercent": 32.8,
      "answered": 16,
      "neutral": 5
    },
    {
      "axisId": "militarist-pacifist",
      "leftPercent": 82.8,
      "rightPercent": 17.2,
      "answered": 16,
      "neutral": 1
    },
    {
      "axisId": "nationalism-internationalism",
      "leftPercent": 85.9,
      "rightPercent": 14.1,
      "answered": 16,
      "neutral": 2
    },
    {
      "axisId": "public-private",
      "leftPercent": 46.9,
      "rightPercent": 53.1,
      "answered": 16,
      "neutral": 6
    },
    {
      "axisId": "protectionism-free-trade",
      "leftPercent": 64.1,
      "rightPercent": 35.9,
      "answered": 16,
      "neutral": 8
    },
    {
      "axisId": "planning-free-market",
      "leftPercent": 65.6,
      "rightPercent": 34.4,
      "answered": 16,
      "neutral": 7
    },
    {
      "axisId": "high-redistribution-low-redistribution",
      "leftPercent": 35.9,
      "rightPercent": 64.1,
      "answered": 16,
      "neutral": 3
    },
    {
      "axisId": "secular-religious",
      "leftPercent": 53.1,
      "rightPercent": 46.9,
      "answered": 16,
      "neutral": 6
    },
    {
      "axisId": "progressive-traditionalist",
      "leftPercent": 14.1,
      "rightPercent": 85.9,
      "answered": 16,
      "neutral": 1
    },
    {
      "axisId": "innovation-caution",
      "leftPercent": 42.2,
      "rightPercent": 57.8,
      "answered": 16,
      "neutral": 4
    },
    {
      "axisId": "central-local",
      "leftPercent": 93.8,
      "rightPercent": 6.2,
      "answered": 16,
      "neutral": 0
    },
    {
      "axisId": "culture-nature",
      "leftPercent": 90.6,
      "rightPercent": 9.4,
      "answered": 16,
      "neutral": 0
    }
  ]
}

Archived profile-audit/answers/personality/giovanni-gentile/1.json. Run profiles build to regenerate the catalogue; the draft is retained.
