{
  "errors": [],
  "warnings": [
    "public-private: 6/16 neutral answers; check that these express a supported position, not missing evidence.",
    "protectionism-free-trade: 8/16 neutral answers; check that these express a supported position, not missing evidence.",
    "planning-free-market: 6/16 neutral answers; check that these express a supported position, not missing evidence."
  ],
  "neighbours": [
    {
      "id": "otto-von-bismarck",
      "revision": 1,
      "similarity": 88.33333333333333
    },
    {
      "id": "augusto-pinochet",
      "revision": 4,
      "similarity": 85.82666666666667
    },
    {
      "id": "ruhollah-khomeini",
      "revision": 4,
      "similarity": 85.62
    },
    {
      "id": "benjamin-netanyahu",
      "revision": 4,
      "similarity": 85.52
    },
    {
      "id": "ian-smith",
      "revision": 1,
      "similarity": 85.41333333333333
    }
  ],
  "scores": [
    {
      "axisId": "democracy-autocracy",
      "leftPercent": 12.5,
      "rightPercent": 87.5,
      "answered": 16,
      "neutral": 1
    },
    {
      "axisId": "authority-liberty",
      "leftPercent": 79.7,
      "rightPercent": 20.3,
      "answered": 16,
      "neutral": 0
    },
    {
      "axisId": "assimilation-multiculturalism",
      "leftPercent": 79.7,
      "rightPercent": 20.3,
      "answered": 16,
      "neutral": 0
    },
    {
      "axisId": "restricted-immigration-open-immigration",
      "leftPercent": 68.8,
      "rightPercent": 31.2,
      "answered": 16,
      "neutral": 4
    },
    {
      "axisId": "militarist-pacifist",
      "leftPercent": 67.2,
      "rightPercent": 32.8,
      "answered": 16,
      "neutral": 3
    },
    {
      "axisId": "nationalism-internationalism",
      "leftPercent": 70.3,
      "rightPercent": 29.7,
      "answered": 16,
      "neutral": 1
    },
    {
      "axisId": "public-private",
      "leftPercent": 37.5,
      "rightPercent": 62.5,
      "answered": 16,
      "neutral": 6
    },
    {
      "axisId": "protectionism-free-trade",
      "leftPercent": 50,
      "rightPercent": 50,
      "answered": 16,
      "neutral": 8
    },
    {
      "axisId": "planning-free-market",
      "leftPercent": 37.5,
      "rightPercent": 62.5,
      "answered": 16,
      "neutral": 6
    },
    {
      "axisId": "high-redistribution-low-redistribution",
      "leftPercent": 25,
      "rightPercent": 75,
      "answered": 16,
      "neutral": 1
    },
    {
      "axisId": "secular-religious",
      "leftPercent": 1.6,
      "rightPercent": 98.4,
      "answered": 16,
      "neutral": 0
    },
    {
      "axisId": "progressive-traditionalist",
      "leftPercent": 1.6,
      "rightPercent": 98.4,
      "answered": 16,
      "neutral": 0
    },
    {
      "axisId": "innovation-caution",
      "leftPercent": 26.6,
      "rightPercent": 73.4,
      "answered": 16,
      "neutral": 1
    },
    {
      "axisId": "central-local",
      "leftPercent": 70.3,
      "rightPercent": 29.7,
      "answered": 16,
      "neutral": 4
    },
    {
      "axisId": "culture-nature",
      "leftPercent": 53.1,
      "rightPercent": 46.9,
      "answered": 16,
      "neutral": 3
    }
  ]
}

Archived profile-audit/answers/personality/joseph-de-maistre/1.json. Run profiles build to regenerate the catalogue; the draft is retained.
