{
  "errors": [],
  "warnings": [
    "assimilation-multiculturalism: 7/16 neutral answers; check that these express a supported position, not missing evidence.",
    "progressive-traditionalist: 6/16 neutral answers; check that these express a supported position, not missing evidence.",
    "innovation-caution: 5/16 neutral answers; check that these express a supported position, not missing evidence."
  ],
  "neighbours": [
    {
      "id": "ayn-rand",
      "revision": 5,
      "similarity": 88.32000000000001
    },
    {
      "id": "milton-friedman",
      "revision": 6,
      "similarity": 86.98
    },
    {
      "id": "friedrich-hayek",
      "revision": 5,
      "similarity": 85.10666666666667
    },
    {
      "id": "javier-milei",
      "revision": 4,
      "similarity": 82.40666666666667
    },
    {
      "id": "mikhail-bakunin",
      "revision": 4,
      "similarity": 80.34
    }
  ],
  "scores": [
    {
      "axisId": "democracy-autocracy",
      "leftPercent": 75,
      "rightPercent": 25,
      "answered": 16,
      "neutral": 2
    },
    {
      "axisId": "authority-liberty",
      "leftPercent": 10.9,
      "rightPercent": 89.1,
      "answered": 16,
      "neutral": 1
    },
    {
      "axisId": "assimilation-multiculturalism",
      "leftPercent": 42.2,
      "rightPercent": 57.8,
      "answered": 16,
      "neutral": 7
    },
    {
      "axisId": "restricted-immigration-open-immigration",
      "leftPercent": 14.1,
      "rightPercent": 85.9,
      "answered": 16,
      "neutral": 1
    },
    {
      "axisId": "militarist-pacifist",
      "leftPercent": 21.9,
      "rightPercent": 78.1,
      "answered": 16,
      "neutral": 2
    },
    {
      "axisId": "nationalism-internationalism",
      "leftPercent": 34.4,
      "rightPercent": 65.6,
      "answered": 16,
      "neutral": 4
    },
    {
      "axisId": "public-private",
      "leftPercent": 0,
      "rightPercent": 100,
      "answered": 16,
      "neutral": 0
    },
    {
      "axisId": "protectionism-free-trade",
      "leftPercent": 0,
      "rightPercent": 100,
      "answered": 16,
      "neutral": 0
    },
    {
      "axisId": "planning-free-market",
      "leftPercent": 1.6,
      "rightPercent": 98.4,
      "answered": 16,
      "neutral": 0
    },
    {
      "axisId": "high-redistribution-low-redistribution",
      "leftPercent": 1.6,
      "rightPercent": 98.4,
      "answered": 16,
      "neutral": 0
    },
    {
      "axisId": "secular-religious",
      "leftPercent": 92.2,
      "rightPercent": 7.8,
      "answered": 16,
      "neutral": 1
    },
    {
      "axisId": "progressive-traditionalist",
      "leftPercent": 59.4,
      "rightPercent": 40.6,
      "answered": 16,
      "neutral": 6
    },
    {
      "axisId": "innovation-caution",
      "leftPercent": 65.6,
      "rightPercent": 34.4,
      "answered": 16,
      "neutral": 5
    },
    {
      "axisId": "central-local",
      "leftPercent": 6.2,
      "rightPercent": 93.8,
      "answered": 16,
      "neutral": 1
    },
    {
      "axisId": "culture-nature",
      "leftPercent": 65.6,
      "rightPercent": 34.4,
      "answered": 16,
      "neutral": 4
    }
  ]
}

Archived profile-audit/answers/personality/ludwig-von-mises/1.json. Run profiles build to regenerate the catalogue; the draft is retained.
