{
  "errors": [],
  "warnings": [
    "secular-religious: 8/16 neutral answers; check that these express a supported position, not missing evidence."
  ],
  "neighbours": [
    {
      "id": "vladimir-putin",
      "revision": 6,
      "similarity": 88.84666666666666
    },
    {
      "id": "adolf-hitler",
      "revision": 6,
      "similarity": 87.81333333333333
    },
    {
      "id": "benito-mussolini",
      "revision": 6,
      "similarity": 87.39333333333333
    },
    {
      "id": "ruhollah-khomeini",
      "revision": 4,
      "similarity": 87.38666666666666
    },
    {
      "id": "kim-jong-un",
      "revision": 4,
      "similarity": 86.88666666666666
    }
  ],
  "scores": [
    {
      "axisId": "democracy-autocracy",
      "leftPercent": 15.6,
      "rightPercent": 84.4,
      "answered": 16,
      "neutral": 0
    },
    {
      "axisId": "authority-liberty",
      "leftPercent": 96.9,
      "rightPercent": 3.1,
      "answered": 16,
      "neutral": 0
    },
    {
      "axisId": "assimilation-multiculturalism",
      "leftPercent": 79.7,
      "rightPercent": 20.3,
      "answered": 16,
      "neutral": 1
    },
    {
      "axisId": "restricted-immigration-open-immigration",
      "leftPercent": 68.8,
      "rightPercent": 31.2,
      "answered": 16,
      "neutral": 4
    },
    {
      "axisId": "militarist-pacifist",
      "leftPercent": 82.8,
      "rightPercent": 17.2,
      "answered": 16,
      "neutral": 2
    },
    {
      "axisId": "nationalism-internationalism",
      "leftPercent": 81.3,
      "rightPercent": 18.7,
      "answered": 16,
      "neutral": 2
    },
    {
      "axisId": "public-private",
      "leftPercent": 76.6,
      "rightPercent": 23.4,
      "answered": 16,
      "neutral": 4
    },
    {
      "axisId": "protectionism-free-trade",
      "leftPercent": 85.9,
      "rightPercent": 14.1,
      "answered": 16,
      "neutral": 1
    },
    {
      "axisId": "planning-free-market",
      "leftPercent": 90.6,
      "rightPercent": 9.4,
      "answered": 16,
      "neutral": 1
    },
    {
      "axisId": "high-redistribution-low-redistribution",
      "leftPercent": 71.9,
      "rightPercent": 28.1,
      "answered": 16,
      "neutral": 2
    },
    {
      "axisId": "secular-religious",
      "leftPercent": 56.3,
      "rightPercent": 43.7,
      "answered": 16,
      "neutral": 8
    },
    {
      "axisId": "progressive-traditionalist",
      "leftPercent": 15.6,
      "rightPercent": 84.4,
      "answered": 16,
      "neutral": 0
    },
    {
      "axisId": "innovation-caution",
      "leftPercent": 48.4,
      "rightPercent": 51.6,
      "answered": 16,
      "neutral": 3
    },
    {
      "axisId": "central-local",
      "leftPercent": 90.6,
      "rightPercent": 9.4,
      "answered": 16,
      "neutral": 1
    },
    {
      "axisId": "culture-nature",
      "leftPercent": 56.3,
      "rightPercent": 43.7,
      "answered": 16,
      "neutral": 4
    }
  ]
}

Archived profile-audit/answers/personality/robert-mugabe/1.json. Run profiles build to regenerate the catalogue; the draft is retained.
