
> 15-values-quiz@0.0.0 profiles
> node --experimental-strip-types scripts/profiles.ts archive country malaysia

{
  "errors": [],
  "warnings": [],
  "neighbours": [
    {
      "id": "bangladesh",
      "revision": 1,
      "similarity": 92.29333333333334
    },
    {
      "id": "bhutan",
      "revision": 1,
      "similarity": 89.99333333333334
    },
    {
      "id": "india",
      "revision": 1,
      "similarity": 89.56666666666666
    },
    {
      "id": "philippines",
      "revision": 1,
      "similarity": 89.48666666666666
    },
    {
      "id": "thailand",
      "revision": 1,
      "similarity": 88.64
    }
  ],
  "scores": [
    {
      "axisId": "democracy-autocracy",
      "leftPercent": 78.1,
      "rightPercent": 21.9,
      "answered": 16,
      "neutral": 1
    },
    {
      "axisId": "authority-liberty",
      "leftPercent": 79.7,
      "rightPercent": 20.3,
      "answered": 16,
      "neutral": 1
    },
    {
      "axisId": "assimilation-multiculturalism",
      "leftPercent": 48.4,
      "rightPercent": 51.6,
      "answered": 16,
      "neutral": 1
    },
    {
      "axisId": "restricted-immigration-open-immigration",
      "leftPercent": 64.1,
      "rightPercent": 35.9,
      "answered": 16,
      "neutral": 1
    },
    {
      "axisId": "militarist-pacifist",
      "leftPercent": 31.2,
      "rightPercent": 68.8,
      "answered": 16,
      "neutral": 2
    },
    {
      "axisId": "nationalism-internationalism",
      "leftPercent": 68.8,
      "rightPercent": 31.2,
      "answered": 16,
      "neutral": 2
    },
    {
      "axisId": "public-private",
      "leftPercent": 64.1,
      "rightPercent": 35.9,
      "answered": 16,
      "neutral": 3
    },
    {
      "axisId": "protectionism-free-trade",
      "leftPercent": 40.6,
      "rightPercent": 59.4,
      "answered": 16,
      "neutral": 4
    },
    {
      "axisId": "planning-free-market",
      "leftPercent": 40.6,
      "rightPercent": 59.4,
      "answered": 16,
      "neutral": 1
    },
    {
      "axisId": "high-redistribution-low-redistribution",
      "leftPercent": 43.7,
      "rightPercent": 56.3,
      "answered": 16,
      "neutral": 3
    },
    {
      "axisId": "secular-religious",
      "leftPercent": 29.7,
      "rightPercent": 70.3,
      "answered": 16,
      "neutral": 4
    },
    {
      "axisId": "progressive-traditionalist",
      "leftPercent": 14.1,
      "rightPercent": 85.9,
      "answered": 16,
      "neutral": 1
    },
    {
      "axisId": "innovation-caution",
      "leftPercent": 40.6,
      "rightPercent": 59.4,
      "answered": 16,
      "neutral": 2
    },
    {
      "axisId": "central-local",
      "leftPercent": 65.6,
      "rightPercent": 34.4,
      "answered": 16,
      "neutral": 1
    },
    {
      "axisId": "culture-nature",
      "leftPercent": 73.4,
      "rightPercent": 26.6,
      "answered": 16,
      "neutral": 1
    }
  ]
}

Archived profile-audit/answers/country/malaysia/1.json. Run profiles build to regenerate the catalogue; the draft is retained.
