
> 15-values-quiz@0.0.0 profiles
> node --experimental-strip-types scripts/profiles.ts archive country spain

{
  "errors": [],
  "warnings": [
    "assimilation-multiculturalism: 6/16 neutral answers; check that these express a supported position, not missing evidence."
  ],
  "neighbours": [
    {
      "id": "brazil",
      "revision": 1,
      "similarity": 90.73333333333333
    },
    {
      "id": "netherlands",
      "revision": 1,
      "similarity": 90.53333333333333
    },
    {
      "id": "germany",
      "revision": 1,
      "similarity": 89.82
    },
    {
      "id": "italy",
      "revision": 1,
      "similarity": 89.38666666666667
    },
    {
      "id": "france",
      "revision": 1,
      "similarity": 89.17333333333333
    }
  ],
  "scores": [
    {
      "axisId": "democracy-autocracy",
      "leftPercent": 90.6,
      "rightPercent": 9.4,
      "answered": 16,
      "neutral": 0
    },
    {
      "axisId": "authority-liberty",
      "leftPercent": 45.3,
      "rightPercent": 54.7,
      "answered": 16,
      "neutral": 1
    },
    {
      "axisId": "assimilation-multiculturalism",
      "leftPercent": 39.1,
      "rightPercent": 60.9,
      "answered": 16,
      "neutral": 6
    },
    {
      "axisId": "restricted-immigration-open-immigration",
      "leftPercent": 29.7,
      "rightPercent": 70.3,
      "answered": 16,
      "neutral": 3
    },
    {
      "axisId": "militarist-pacifist",
      "leftPercent": 35.9,
      "rightPercent": 64.1,
      "answered": 16,
      "neutral": 2
    },
    {
      "axisId": "nationalism-internationalism",
      "leftPercent": 20.3,
      "rightPercent": 79.7,
      "answered": 16,
      "neutral": 1
    },
    {
      "axisId": "public-private",
      "leftPercent": 51.6,
      "rightPercent": 48.4,
      "answered": 16,
      "neutral": 4
    },
    {
      "axisId": "protectionism-free-trade",
      "leftPercent": 43.7,
      "rightPercent": 56.3,
      "answered": 16,
      "neutral": 4
    },
    {
      "axisId": "planning-free-market",
      "leftPercent": 37.5,
      "rightPercent": 62.5,
      "answered": 16,
      "neutral": 1
    },
    {
      "axisId": "high-redistribution-low-redistribution",
      "leftPercent": 82.8,
      "rightPercent": 17.2,
      "answered": 16,
      "neutral": 1
    },
    {
      "axisId": "secular-religious",
      "leftPercent": 79.7,
      "rightPercent": 20.3,
      "answered": 16,
      "neutral": 2
    },
    {
      "axisId": "progressive-traditionalist",
      "leftPercent": 78.1,
      "rightPercent": 21.9,
      "answered": 16,
      "neutral": 2
    },
    {
      "axisId": "innovation-caution",
      "leftPercent": 29.7,
      "rightPercent": 70.3,
      "answered": 16,
      "neutral": 2
    },
    {
      "axisId": "central-local",
      "leftPercent": 53.1,
      "rightPercent": 46.9,
      "answered": 16,
      "neutral": 2
    },
    {
      "axisId": "culture-nature",
      "leftPercent": 73.4,
      "rightPercent": 26.6,
      "answered": 16,
      "neutral": 1
    }
  ]
}

Archived profile-audit/answers/country/spain/1.json. Run profiles build to regenerate the catalogue; the draft is retained.
