
> 15-values-quiz@0.0.0 test:e2e
> playwright test democracy-migration.spec.ts authority-migration.spec.ts authority-policy-migration.spec.ts --grep import, reload and export

[WebServer] (node:51000) Warning: The 'NO_COLOR' env is ignored due to the 'FORCE_COLOR' env being set.
[WebServer] (Use `node --trace-warnings ...` to show where the warning was created)

Running 9 tests using 4 workers

(node:51004) Warning: The 'NO_COLOR' env is ignored due to the 'FORCE_COLOR' env being set.
(Use `node --trace-warnings ...` to show where the warning was created)
(node:51003) Warning: The 'NO_COLOR' env is ignored due to the 'FORCE_COLOR' env being set.
(Use `node --trace-warnings ...` to show where the warning was created)
(node:51001) Warning: The 'NO_COLOR' env is ignored due to the 'FORCE_COLOR' env being set.
(Use `node --trace-warnings ...` to show where the warning was created)
(node:51002) Warning: The 'NO_COLOR' env is ignored due to the 'FORCE_COLOR' env being set.
(Use `node --trace-warnings ...` to show where the warning was created)
  ✓  1 [desktop] › tests/authority-policy-migration.spec.ts:9:1 › bank 3 results preserve scores through import, reload and export without new-bank matches (1.0s)
  ✓  3 [desktop] › tests/authority-migration.spec.ts:10:1 › bank 2 results preserve scores through import, reload and export without new-bank matches (1.1s)
  ✓  4 [mobile] › tests/authority-migration.spec.ts:10:1 › bank 2 results preserve scores through import, reload and export without new-bank matches (1.1s)
  ✓  2 [desktop] › tests/democracy-migration.spec.ts:11:1 › the original bank survives import, reload and export without being matched to the new bank (1.1s)
(node:51036) Warning: The 'NO_COLOR' env is ignored due to the 'FORCE_COLOR' env being set.
(Use `node --trace-warnings ...` to show where the warning was created)
(node:51037) Warning: The 'NO_COLOR' env is ignored due to the 'FORCE_COLOR' env being set.
(Use `node --trace-warnings ...` to show where the warning was created)
(node:51038) Warning: The 'NO_COLOR' env is ignored due to the 'FORCE_COLOR' env being set.
(Use `node --trace-warnings ...` to show where the warning was created)
(node:51039) Warning: The 'NO_COLOR' env is ignored due to the 'FORCE_COLOR' env being set.
(Use `node --trace-warnings ...` to show where the warning was created)
  ✓  5 [mobile] › tests/authority-policy-migration.spec.ts:9:1 › bank 3 results preserve scores through import, reload and export without new-bank matches (976ms)
  ✓  6 [mobile] › tests/democracy-migration.spec.ts:11:1 › the original bank survives import, reload and export without being matched to the new bank (1.1s)
(node:51072) Warning: The 'NO_COLOR' env is ignored due to the 'FORCE_COLOR' env being set.
(Use `node --trace-warnings ...` to show where the warning was created)
  ✓  7 [safari] › tests/authority-migration.spec.ts:10:1 › bank 2 results preserve scores through import, reload and export without new-bank matches (1.3s)
  ✓  8 [safari] › tests/authority-policy-migration.spec.ts:9:1 › bank 3 results preserve scores through import, reload and export without new-bank matches (1.4s)
  ✓  9 [safari] › tests/democracy-migration.spec.ts:11:1 › the original bank survives import, reload and export without being matched to the new bank (1.2s)

  9 passed (5.4s)
