
> 15-values-quiz@0.0.0 profiles
> node --experimental-strip-types scripts/profiles.ts archive country czechoslovakia-first-republic

{
  "errors": [],
  "warnings": [],
  "neighbours": [
    {
      "id": "philippines",
      "revision": 4,
      "similarity": 93.22666666666667
    },
    {
      "id": "japan",
      "revision": 5,
      "similarity": 92.92
    },
    {
      "id": "weimar-germany",
      "revision": 1,
      "similarity": 92.09333333333333
    },
    {
      "id": "indonesia",
      "revision": 4,
      "similarity": 91.24000000000001
    },
    {
      "id": "south-korea",
      "revision": 5,
      "similarity": 90.62666666666667
    }
  ],
  "scores": [
    {
      "axisId": "democracy-autocracy",
      "leftPercent": 57.8,
      "rightPercent": 42.2,
      "answered": 16,
      "neutral": 0
    },
    {
      "axisId": "authority-liberty",
      "leftPercent": 56.3,
      "rightPercent": 43.7,
      "answered": 16,
      "neutral": 0
    },
    {
      "axisId": "assimilation-multiculturalism",
      "leftPercent": 51.6,
      "rightPercent": 48.4,
      "answered": 16,
      "neutral": 0
    },
    {
      "axisId": "restricted-immigration-open-immigration",
      "leftPercent": 45.3,
      "rightPercent": 54.7,
      "answered": 16,
      "neutral": 1
    },
    {
      "axisId": "militarist-pacifist",
      "leftPercent": 37.5,
      "rightPercent": 62.5,
      "answered": 16,
      "neutral": 0
    },
    {
      "axisId": "nationalism-internationalism",
      "leftPercent": 60.9,
      "rightPercent": 39.1,
      "answered": 16,
      "neutral": 0
    },
    {
      "axisId": "public-private",
      "leftPercent": 40.6,
      "rightPercent": 59.4,
      "answered": 16,
      "neutral": 0
    },
    {
      "axisId": "protectionism-free-trade",
      "leftPercent": 60.9,
      "rightPercent": 39.1,
      "answered": 16,
      "neutral": 1
    },
    {
      "axisId": "planning-free-market",
      "leftPercent": 46.9,
      "rightPercent": 53.1,
      "answered": 16,
      "neutral": 0
    },
    {
      "axisId": "high-redistribution-low-redistribution",
      "leftPercent": 65.6,
      "rightPercent": 34.4,
      "answered": 16,
      "neutral": 1
    },
    {
      "axisId": "secular-religious",
      "leftPercent": 76.6,
      "rightPercent": 23.4,
      "answered": 16,
      "neutral": 0
    },
    {
      "axisId": "progressive-traditionalist",
      "leftPercent": 28.1,
      "rightPercent": 71.9,
      "answered": 16,
      "neutral": 0
    },
    {
      "axisId": "innovation-caution",
      "leftPercent": 53.1,
      "rightPercent": 46.9,
      "answered": 16,
      "neutral": 0
    },
    {
      "axisId": "central-local",
      "leftPercent": 68.8,
      "rightPercent": 31.2,
      "answered": 16,
      "neutral": 0
    },
    {
      "axisId": "culture-nature",
      "leftPercent": 75,
      "rightPercent": 25,
      "answered": 16,
      "neutral": 0
    }
  ]
}

Archived profile-audit/answers/country/czechoslovakia-first-republic/1.json. Run profiles build to regenerate the catalogue; the draft is retained.
