
> 15-values-quiz@0.0.0 profiles
> node --experimental-strip-types scripts/profiles.ts archive country first-french-empire

{
  "errors": [],
  "warnings": [],
  "neighbours": [
    {
      "id": "russian-empire",
      "revision": 1,
      "similarity": 90.31333333333333
    },
    {
      "id": "rhodesia",
      "revision": 1,
      "similarity": 88.32666666666667
    },
    {
      "id": "russia",
      "revision": 5,
      "similarity": 88.02666666666667
    },
    {
      "id": "german-empire",
      "revision": 1,
      "similarity": 87.49333333333334
    },
    {
      "id": "north-korea",
      "revision": 5,
      "similarity": 86.53333333333333
    }
  ],
  "scores": [
    {
      "axisId": "democracy-autocracy",
      "leftPercent": 14.1,
      "rightPercent": 85.9,
      "answered": 16,
      "neutral": 0
    },
    {
      "axisId": "authority-liberty",
      "leftPercent": 70.3,
      "rightPercent": 29.7,
      "answered": 16,
      "neutral": 1
    },
    {
      "axisId": "assimilation-multiculturalism",
      "leftPercent": 76.6,
      "rightPercent": 23.4,
      "answered": 16,
      "neutral": 0
    },
    {
      "axisId": "restricted-immigration-open-immigration",
      "leftPercent": 67.2,
      "rightPercent": 32.8,
      "answered": 16,
      "neutral": 1
    },
    {
      "axisId": "militarist-pacifist",
      "leftPercent": 92.2,
      "rightPercent": 7.8,
      "answered": 16,
      "neutral": 0
    },
    {
      "axisId": "nationalism-internationalism",
      "leftPercent": 87.5,
      "rightPercent": 12.5,
      "answered": 16,
      "neutral": 0
    },
    {
      "axisId": "public-private",
      "leftPercent": 35.9,
      "rightPercent": 64.1,
      "answered": 16,
      "neutral": 1
    },
    {
      "axisId": "protectionism-free-trade",
      "leftPercent": 87.5,
      "rightPercent": 12.5,
      "answered": 16,
      "neutral": 1
    },
    {
      "axisId": "planning-free-market",
      "leftPercent": 46.9,
      "rightPercent": 53.1,
      "answered": 16,
      "neutral": 0
    },
    {
      "axisId": "high-redistribution-low-redistribution",
      "leftPercent": 26.6,
      "rightPercent": 73.4,
      "answered": 16,
      "neutral": 1
    },
    {
      "axisId": "secular-religious",
      "leftPercent": 50,
      "rightPercent": 50,
      "answered": 16,
      "neutral": 0
    },
    {
      "axisId": "progressive-traditionalist",
      "leftPercent": 15.6,
      "rightPercent": 84.4,
      "answered": 16,
      "neutral": 0
    },
    {
      "axisId": "innovation-caution",
      "leftPercent": 53.1,
      "rightPercent": 46.9,
      "answered": 16,
      "neutral": 0
    },
    {
      "axisId": "central-local",
      "leftPercent": 93.8,
      "rightPercent": 6.2,
      "answered": 16,
      "neutral": 0
    },
    {
      "axisId": "culture-nature",
      "leftPercent": 65.6,
      "rightPercent": 34.4,
      "answered": 16,
      "neutral": 0
    }
  ]
}

Archived profile-audit/answers/country/first-french-empire/1.json. Run profiles build to regenerate the catalogue; the draft is retained.
