
> 15-values-quiz@0.0.0 profiles
> node --experimental-strip-types scripts/profiles.ts archive country nazi-germany

{
  "errors": [],
  "warnings": [],
  "neighbours": [
    {
      "id": "north-korea",
      "revision": 5,
      "similarity": 82.28666666666666
    },
    {
      "id": "rhodesia",
      "revision": 1,
      "similarity": 80.09333333333333
    },
    {
      "id": "russia",
      "revision": 5,
      "similarity": 78.75333333333333
    },
    {
      "id": "egypt",
      "revision": 5,
      "similarity": 76.75999999999999
    },
    {
      "id": "china",
      "revision": 5,
      "similarity": 75.01333333333334
    }
  ],
  "scores": [
    {
      "axisId": "democracy-autocracy",
      "leftPercent": 7.8,
      "rightPercent": 92.2,
      "answered": 16,
      "neutral": 0
    },
    {
      "axisId": "authority-liberty",
      "leftPercent": 87.5,
      "rightPercent": 12.5,
      "answered": 16,
      "neutral": 1
    },
    {
      "axisId": "assimilation-multiculturalism",
      "leftPercent": 100,
      "rightPercent": 0,
      "answered": 16,
      "neutral": 0
    },
    {
      "axisId": "restricted-immigration-open-immigration",
      "leftPercent": 85.9,
      "rightPercent": 14.1,
      "answered": 16,
      "neutral": 3
    },
    {
      "axisId": "militarist-pacifist",
      "leftPercent": 100,
      "rightPercent": 0,
      "answered": 16,
      "neutral": 0
    },
    {
      "axisId": "nationalism-internationalism",
      "leftPercent": 87.5,
      "rightPercent": 12.5,
      "answered": 16,
      "neutral": 0
    },
    {
      "axisId": "public-private",
      "leftPercent": 53.1,
      "rightPercent": 46.9,
      "answered": 16,
      "neutral": 2
    },
    {
      "axisId": "protectionism-free-trade",
      "leftPercent": 98.4,
      "rightPercent": 1.6,
      "answered": 16,
      "neutral": 0
    },
    {
      "axisId": "planning-free-market",
      "leftPercent": 89.1,
      "rightPercent": 10.9,
      "answered": 16,
      "neutral": 0
    },
    {
      "axisId": "high-redistribution-low-redistribution",
      "leftPercent": 23.4,
      "rightPercent": 76.6,
      "answered": 16,
      "neutral": 1
    },
    {
      "axisId": "secular-religious",
      "leftPercent": 56.3,
      "rightPercent": 43.7,
      "answered": 16,
      "neutral": 2
    },
    {
      "axisId": "progressive-traditionalist",
      "leftPercent": 14.1,
      "rightPercent": 85.9,
      "answered": 16,
      "neutral": 0
    },
    {
      "axisId": "innovation-caution",
      "leftPercent": 73.4,
      "rightPercent": 26.6,
      "answered": 16,
      "neutral": 2
    },
    {
      "axisId": "central-local",
      "leftPercent": 100,
      "rightPercent": 0,
      "answered": 16,
      "neutral": 0
    },
    {
      "axisId": "culture-nature",
      "leftPercent": 10.9,
      "rightPercent": 89.1,
      "answered": 16,
      "neutral": 0
    }
  ]
}

Archived profile-audit/answers/country/nazi-germany/1.json. Run profiles build to regenerate the catalogue; the draft is retained.
