
> 15-values-quiz@0.0.0 profiles
> node --experimental-strip-types scripts/profiles.ts archive country qing-china

{
  "errors": [],
  "warnings": [],
  "neighbours": [
    {
      "id": "republic-of-venice",
      "revision": 1,
      "similarity": 93.73333333333333
    },
    {
      "id": "russian-empire",
      "revision": 1,
      "similarity": 92.40666666666667
    },
    {
      "id": "bangladesh",
      "revision": 5,
      "similarity": 90.92666666666666
    },
    {
      "id": "ottoman-empire",
      "revision": 1,
      "similarity": 90.62666666666667
    },
    {
      "id": "austria-hungary",
      "revision": 1,
      "similarity": 90.2
    }
  ],
  "scores": [
    {
      "axisId": "democracy-autocracy",
      "leftPercent": 15.6,
      "rightPercent": 84.4,
      "answered": 16,
      "neutral": 0
    },
    {
      "axisId": "authority-liberty",
      "leftPercent": 71.9,
      "rightPercent": 28.1,
      "answered": 16,
      "neutral": 0
    },
    {
      "axisId": "assimilation-multiculturalism",
      "leftPercent": 53.1,
      "rightPercent": 46.9,
      "answered": 16,
      "neutral": 0
    },
    {
      "axisId": "restricted-immigration-open-immigration",
      "leftPercent": 59.4,
      "rightPercent": 40.6,
      "answered": 16,
      "neutral": 4
    },
    {
      "axisId": "militarist-pacifist",
      "leftPercent": 50,
      "rightPercent": 50,
      "answered": 16,
      "neutral": 0
    },
    {
      "axisId": "nationalism-internationalism",
      "leftPercent": 81.3,
      "rightPercent": 18.7,
      "answered": 16,
      "neutral": 0
    },
    {
      "axisId": "public-private",
      "leftPercent": 51.6,
      "rightPercent": 48.4,
      "answered": 16,
      "neutral": 1
    },
    {
      "axisId": "protectionism-free-trade",
      "leftPercent": 59.4,
      "rightPercent": 40.6,
      "answered": 16,
      "neutral": 4
    },
    {
      "axisId": "planning-free-market",
      "leftPercent": 46.9,
      "rightPercent": 53.1,
      "answered": 16,
      "neutral": 0
    },
    {
      "axisId": "high-redistribution-low-redistribution",
      "leftPercent": 26.6,
      "rightPercent": 73.4,
      "answered": 16,
      "neutral": 1
    },
    {
      "axisId": "secular-religious",
      "leftPercent": 40.6,
      "rightPercent": 59.4,
      "answered": 16,
      "neutral": 1
    },
    {
      "axisId": "progressive-traditionalist",
      "leftPercent": 7.8,
      "rightPercent": 92.2,
      "answered": 16,
      "neutral": 0
    },
    {
      "axisId": "innovation-caution",
      "leftPercent": 37.5,
      "rightPercent": 62.5,
      "answered": 16,
      "neutral": 0
    },
    {
      "axisId": "central-local",
      "leftPercent": 59.4,
      "rightPercent": 40.6,
      "answered": 16,
      "neutral": 0
    },
    {
      "axisId": "culture-nature",
      "leftPercent": 75,
      "rightPercent": 25,
      "answered": 16,
      "neutral": 0
    }
  ]
}

Archived profile-audit/answers/country/qing-china/1.json. Run profiles build to regenerate the catalogue; the draft is retained.
