
> 15-values-quiz@0.0.0 profiles
> node --experimental-strip-types scripts/profiles.ts archive country soviet-union

{
  "errors": [],
  "warnings": [],
  "neighbours": [
    {
      "id": "north-korea",
      "revision": 5,
      "similarity": 88.98
    },
    {
      "id": "china",
      "revision": 5,
      "similarity": 84.78666666666668
    },
    {
      "id": "russia",
      "revision": 5,
      "similarity": 81.87333333333333
    },
    {
      "id": "cuba",
      "revision": 5,
      "similarity": 80.82666666666667
    },
    {
      "id": "egypt",
      "revision": 5,
      "similarity": 78.85333333333332
    }
  ],
  "scores": [
    {
      "axisId": "democracy-autocracy",
      "leftPercent": 17.2,
      "rightPercent": 82.8,
      "answered": 16,
      "neutral": 0
    },
    {
      "axisId": "authority-liberty",
      "leftPercent": 90.6,
      "rightPercent": 9.4,
      "answered": 16,
      "neutral": 1
    },
    {
      "axisId": "assimilation-multiculturalism",
      "leftPercent": 67.2,
      "rightPercent": 32.8,
      "answered": 16,
      "neutral": 3
    },
    {
      "axisId": "restricted-immigration-open-immigration",
      "leftPercent": 76.6,
      "rightPercent": 23.4,
      "answered": 16,
      "neutral": 2
    },
    {
      "axisId": "militarist-pacifist",
      "leftPercent": 81.3,
      "rightPercent": 18.7,
      "answered": 16,
      "neutral": 0
    },
    {
      "axisId": "nationalism-internationalism",
      "leftPercent": 67.2,
      "rightPercent": 32.8,
      "answered": 16,
      "neutral": 0
    },
    {
      "axisId": "public-private",
      "leftPercent": 100,
      "rightPercent": 0,
      "answered": 16,
      "neutral": 0
    },
    {
      "axisId": "protectionism-free-trade",
      "leftPercent": 95.3,
      "rightPercent": 4.7,
      "answered": 16,
      "neutral": 1
    },
    {
      "axisId": "planning-free-market",
      "leftPercent": 100,
      "rightPercent": 0,
      "answered": 16,
      "neutral": 0
    },
    {
      "axisId": "high-redistribution-low-redistribution",
      "leftPercent": 65.6,
      "rightPercent": 34.4,
      "answered": 16,
      "neutral": 0
    },
    {
      "axisId": "secular-religious",
      "leftPercent": 95.3,
      "rightPercent": 4.7,
      "answered": 16,
      "neutral": 0
    },
    {
      "axisId": "progressive-traditionalist",
      "leftPercent": 31.2,
      "rightPercent": 68.8,
      "answered": 16,
      "neutral": 1
    },
    {
      "axisId": "innovation-caution",
      "leftPercent": 84.4,
      "rightPercent": 15.6,
      "answered": 16,
      "neutral": 0
    },
    {
      "axisId": "central-local",
      "leftPercent": 96.9,
      "rightPercent": 3.1,
      "answered": 16,
      "neutral": 0
    },
    {
      "axisId": "culture-nature",
      "leftPercent": 84.4,
      "rightPercent": 15.6,
      "answered": 16,
      "neutral": 0
    }
  ]
}

Archived profile-audit/answers/country/soviet-union/1.json. Run profiles build to regenerate the catalogue; the draft is retained.
