
> 15-values-quiz@0.0.0 profiles
> node --experimental-strip-types scripts/profiles.ts archive country weimar-germany

{
  "errors": [],
  "warnings": [],
  "neighbours": [
    {
      "id": "south-korea",
      "revision": 5,
      "similarity": 91.66666666666666
    },
    {
      "id": "hungary",
      "revision": 4,
      "similarity": 91.12666666666667
    },
    {
      "id": "japan",
      "revision": 5,
      "similarity": 90.82666666666667
    },
    {
      "id": "poland",
      "revision": 4,
      "similarity": 90.81333333333333
    },
    {
      "id": "indonesia",
      "revision": 4,
      "similarity": 90.41333333333333
    }
  ],
  "scores": [
    {
      "axisId": "democracy-autocracy",
      "leftPercent": 64.1,
      "rightPercent": 35.9,
      "answered": 16,
      "neutral": 0
    },
    {
      "axisId": "authority-liberty",
      "leftPercent": 56.3,
      "rightPercent": 43.7,
      "answered": 16,
      "neutral": 0
    },
    {
      "axisId": "assimilation-multiculturalism",
      "leftPercent": 53.1,
      "rightPercent": 46.9,
      "answered": 16,
      "neutral": 0
    },
    {
      "axisId": "restricted-immigration-open-immigration",
      "leftPercent": 53.1,
      "rightPercent": 46.9,
      "answered": 16,
      "neutral": 2
    },
    {
      "axisId": "militarist-pacifist",
      "leftPercent": 34.4,
      "rightPercent": 65.6,
      "answered": 16,
      "neutral": 0
    },
    {
      "axisId": "nationalism-internationalism",
      "leftPercent": 40.6,
      "rightPercent": 59.4,
      "answered": 16,
      "neutral": 0
    },
    {
      "axisId": "public-private",
      "leftPercent": 62.5,
      "rightPercent": 37.5,
      "answered": 16,
      "neutral": 0
    },
    {
      "axisId": "protectionism-free-trade",
      "leftPercent": 51.6,
      "rightPercent": 48.4,
      "answered": 16,
      "neutral": 1
    },
    {
      "axisId": "planning-free-market",
      "leftPercent": 53.1,
      "rightPercent": 46.9,
      "answered": 16,
      "neutral": 0
    },
    {
      "axisId": "high-redistribution-low-redistribution",
      "leftPercent": 71.9,
      "rightPercent": 28.1,
      "answered": 16,
      "neutral": 0
    },
    {
      "axisId": "secular-religious",
      "leftPercent": 68.8,
      "rightPercent": 31.2,
      "answered": 16,
      "neutral": 1
    },
    {
      "axisId": "progressive-traditionalist",
      "leftPercent": 31.2,
      "rightPercent": 68.8,
      "answered": 16,
      "neutral": 2
    },
    {
      "axisId": "innovation-caution",
      "leftPercent": 53.1,
      "rightPercent": 46.9,
      "answered": 16,
      "neutral": 0
    },
    {
      "axisId": "central-local",
      "leftPercent": 50,
      "rightPercent": 50,
      "answered": 16,
      "neutral": 0
    },
    {
      "axisId": "culture-nature",
      "leftPercent": 68.8,
      "rightPercent": 31.2,
      "answered": 16,
      "neutral": 0
    }
  ]
}

Archived profile-audit/answers/country/weimar-germany/1.json. Run profiles build to regenerate the catalogue; the draft is retained.
