{
  "errors": [],
  "warnings": [
    "nationalism-internationalism: 5/16 neutral answers; check that these express a supported position, not missing evidence."
  ],
  "neighbours": [
    {
      "id": "zohran-mamdani",
      "revision": 1,
      "similarity": 94.99333333333334
    },
    {
      "id": "bernie-sanders",
      "revision": 3,
      "similarity": 90.52
    },
    {
      "id": "jeremy-corbyn",
      "revision": 2,
      "similarity": 90.52
    },
    {
      "id": "rosa-luxemburg",
      "revision": 3,
      "similarity": 87.3
    },
    {
      "id": "gough-whitlam",
      "revision": 1,
      "similarity": 86.67333333333333
    }
  ],
  "scores": [
    {
      "axisId": "democracy-autocracy",
      "leftPercent": 96.9,
      "rightPercent": 3.1,
      "answered": 16,
      "neutral": 0
    },
    {
      "axisId": "authority-liberty",
      "leftPercent": 28.1,
      "rightPercent": 71.9,
      "answered": 16,
      "neutral": 3
    },
    {
      "axisId": "assimilation-multiculturalism",
      "leftPercent": 26.6,
      "rightPercent": 73.4,
      "answered": 16,
      "neutral": 3
    },
    {
      "axisId": "restricted-immigration-open-immigration",
      "leftPercent": 12.5,
      "rightPercent": 87.5,
      "answered": 16,
      "neutral": 0
    },
    {
      "axisId": "militarist-pacifist",
      "leftPercent": 23.4,
      "rightPercent": 76.6,
      "answered": 16,
      "neutral": 3
    },
    {
      "axisId": "nationalism-internationalism",
      "leftPercent": 25,
      "rightPercent": 75,
      "answered": 16,
      "neutral": 5
    },
    {
      "axisId": "public-private",
      "leftPercent": 79.7,
      "rightPercent": 20.3,
      "answered": 16,
      "neutral": 2
    },
    {
      "axisId": "protectionism-free-trade",
      "leftPercent": 60.9,
      "rightPercent": 39.1,
      "answered": 16,
      "neutral": 4
    },
    {
      "axisId": "planning-free-market",
      "leftPercent": 57.8,
      "rightPercent": 42.2,
      "answered": 16,
      "neutral": 3
    },
    {
      "axisId": "high-redistribution-low-redistribution",
      "leftPercent": 96.9,
      "rightPercent": 3.1,
      "answered": 16,
      "neutral": 0
    },
    {
      "axisId": "secular-religious",
      "leftPercent": 85.9,
      "rightPercent": 14.1,
      "answered": 16,
      "neutral": 2
    },
    {
      "axisId": "progressive-traditionalist",
      "leftPercent": 89.1,
      "rightPercent": 10.9,
      "answered": 16,
      "neutral": 2
    },
    {
      "axisId": "innovation-caution",
      "leftPercent": 31.2,
      "rightPercent": 68.8,
      "answered": 16,
      "neutral": 2
    },
    {
      "axisId": "central-local",
      "leftPercent": 57.8,
      "rightPercent": 42.2,
      "answered": 16,
      "neutral": 0
    },
    {
      "axisId": "culture-nature",
      "leftPercent": 87.5,
      "rightPercent": 12.5,
      "answered": 16,
      "neutral": 1
    }
  ]
}

Archived profile-audit/answers/personality/alexandria-ocasio-cortez/1.json. Run profiles build to regenerate the catalogue; the draft is retained.
