{
  "errors": [],
  "warnings": [
    "culture-nature: 8/16 neutral answers; check that these express a supported position, not missing evidence."
  ],
  "neighbours": [
    {
      "id": "scott-morrison",
      "revision": 1,
      "similarity": 93.74666666666667
    },
    {
      "id": "john-howard",
      "revision": 2,
      "similarity": 93.22666666666666
    },
    {
      "id": "winston-churchill",
      "revision": 3,
      "similarity": 91.85333333333334
    },
    {
      "id": "george-washington",
      "revision": 1,
      "similarity": 91.67333333333333
    },
    {
      "id": "boris-johnson",
      "revision": 3,
      "similarity": 91.55333333333334
    }
  ],
  "scores": [
    {
      "axisId": "democracy-autocracy",
      "leftPercent": 92.2,
      "rightPercent": 7.8,
      "answered": 16,
      "neutral": 2
    },
    {
      "axisId": "authority-liberty",
      "leftPercent": 53.1,
      "rightPercent": 46.9,
      "answered": 16,
      "neutral": 3
    },
    {
      "axisId": "assimilation-multiculturalism",
      "leftPercent": 62.5,
      "rightPercent": 37.5,
      "answered": 16,
      "neutral": 4
    },
    {
      "axisId": "restricted-immigration-open-immigration",
      "leftPercent": 57.8,
      "rightPercent": 42.2,
      "answered": 16,
      "neutral": 4
    },
    {
      "axisId": "militarist-pacifist",
      "leftPercent": 65.6,
      "rightPercent": 34.4,
      "answered": 16,
      "neutral": 4
    },
    {
      "axisId": "nationalism-internationalism",
      "leftPercent": 51.6,
      "rightPercent": 48.4,
      "answered": 16,
      "neutral": 4
    },
    {
      "axisId": "public-private",
      "leftPercent": 35.9,
      "rightPercent": 64.1,
      "answered": 16,
      "neutral": 3
    },
    {
      "axisId": "protectionism-free-trade",
      "leftPercent": 34.4,
      "rightPercent": 65.6,
      "answered": 16,
      "neutral": 2
    },
    {
      "axisId": "planning-free-market",
      "leftPercent": 28.1,
      "rightPercent": 71.9,
      "answered": 16,
      "neutral": 1
    },
    {
      "axisId": "high-redistribution-low-redistribution",
      "leftPercent": 48.4,
      "rightPercent": 51.6,
      "answered": 16,
      "neutral": 3
    },
    {
      "axisId": "secular-religious",
      "leftPercent": 64.1,
      "rightPercent": 35.9,
      "answered": 16,
      "neutral": 1
    },
    {
      "axisId": "progressive-traditionalist",
      "leftPercent": 28.1,
      "rightPercent": 71.9,
      "answered": 16,
      "neutral": 2
    },
    {
      "axisId": "innovation-caution",
      "leftPercent": 53.1,
      "rightPercent": 46.9,
      "answered": 16,
      "neutral": 4
    },
    {
      "axisId": "central-local",
      "leftPercent": 45.3,
      "rightPercent": 54.7,
      "answered": 16,
      "neutral": 3
    },
    {
      "axisId": "culture-nature",
      "leftPercent": 56.3,
      "rightPercent": 43.7,
      "answered": 16,
      "neutral": 8
    }
  ]
}

Archived profile-audit/answers/personality/dwight-d-eisenhower/1.json. Run profiles build to regenerate the catalogue; the draft is retained.
