{
  "errors": [],
  "warnings": [
    "restricted-immigration-open-immigration: 7/16 neutral answers; check that these express a supported position, not missing evidence.",
    "planning-free-market: 5/16 neutral answers; check that these express a supported position, not missing evidence.",
    "culture-nature: 9/16 neutral answers; check that these express a supported position, not missing evidence."
  ],
  "neighbours": [
    {
      "id": "john-f-kennedy",
      "revision": 1,
      "similarity": 89.90666666666667
    },
    {
      "id": "franklin-d-roosevelt",
      "revision": 3,
      "similarity": 89.6
    },
    {
      "id": "charles-de-gaulle",
      "revision": 1,
      "similarity": 89.38
    },
    {
      "id": "winston-churchill",
      "revision": 3,
      "similarity": 88.22666666666667
    },
    {
      "id": "keir-starmer",
      "revision": 1,
      "similarity": 87.92
    }
  ],
  "scores": [
    {
      "axisId": "democracy-autocracy",
      "leftPercent": 90.6,
      "rightPercent": 9.4,
      "answered": 16,
      "neutral": 2
    },
    {
      "axisId": "authority-liberty",
      "leftPercent": 56.3,
      "rightPercent": 43.7,
      "answered": 16,
      "neutral": 1
    },
    {
      "axisId": "assimilation-multiculturalism",
      "leftPercent": 59.4,
      "rightPercent": 40.6,
      "answered": 16,
      "neutral": 4
    },
    {
      "axisId": "restricted-immigration-open-immigration",
      "leftPercent": 35.9,
      "rightPercent": 64.1,
      "answered": 16,
      "neutral": 7
    },
    {
      "axisId": "militarist-pacifist",
      "leftPercent": 78.1,
      "rightPercent": 21.9,
      "answered": 16,
      "neutral": 4
    },
    {
      "axisId": "nationalism-internationalism",
      "leftPercent": 39.1,
      "rightPercent": 60.9,
      "answered": 16,
      "neutral": 2
    },
    {
      "axisId": "public-private",
      "leftPercent": 64.1,
      "rightPercent": 35.9,
      "answered": 16,
      "neutral": 3
    },
    {
      "axisId": "protectionism-free-trade",
      "leftPercent": 35.9,
      "rightPercent": 64.1,
      "answered": 16,
      "neutral": 2
    },
    {
      "axisId": "planning-free-market",
      "leftPercent": 59.4,
      "rightPercent": 40.6,
      "answered": 16,
      "neutral": 5
    },
    {
      "axisId": "high-redistribution-low-redistribution",
      "leftPercent": 82.8,
      "rightPercent": 17.2,
      "answered": 16,
      "neutral": 2
    },
    {
      "axisId": "secular-religious",
      "leftPercent": 71.9,
      "rightPercent": 28.1,
      "answered": 16,
      "neutral": 2
    },
    {
      "axisId": "progressive-traditionalist",
      "leftPercent": 29.7,
      "rightPercent": 70.3,
      "answered": 16,
      "neutral": 2
    },
    {
      "axisId": "innovation-caution",
      "leftPercent": 54.7,
      "rightPercent": 45.3,
      "answered": 16,
      "neutral": 4
    },
    {
      "axisId": "central-local",
      "leftPercent": 62.5,
      "rightPercent": 37.5,
      "answered": 16,
      "neutral": 2
    },
    {
      "axisId": "culture-nature",
      "leftPercent": 54.7,
      "rightPercent": 45.3,
      "answered": 16,
      "neutral": 9
    }
  ]
}

Archived profile-audit/answers/personality/harry-s-truman/1.json. Run profiles build to regenerate the catalogue; the draft is retained.
