{
  "errors": [],
  "warnings": [
    "assimilation-multiculturalism: 5/16 neutral answers; check that these express a supported position, not missing evidence.",
    "restricted-immigration-open-immigration: 7/16 neutral answers; check that these express a supported position, not missing evidence.",
    "public-private: 8/16 neutral answers; check that these express a supported position, not missing evidence.",
    "progressive-traditionalist: 7/16 neutral answers; check that these express a supported position, not missing evidence."
  ],
  "neighbours": [
    {
      "id": "nelson-mandela",
      "revision": 2,
      "similarity": 92.50666666666666
    },
    {
      "id": "andy-burnham",
      "revision": 3,
      "similarity": 91.87333333333333
    },
    {
      "id": "jimmy-carter",
      "revision": 1,
      "similarity": 91.04
    },
    {
      "id": "john-rawls",
      "revision": 2,
      "similarity": 90.95333333333333
    },
    {
      "id": "bill-gates",
      "revision": 1,
      "similarity": 90.74666666666667
    }
  ],
  "scores": [
    {
      "axisId": "democracy-autocracy",
      "leftPercent": 93.8,
      "rightPercent": 6.2,
      "answered": 16,
      "neutral": 2
    },
    {
      "axisId": "authority-liberty",
      "leftPercent": 48.4,
      "rightPercent": 51.6,
      "answered": 16,
      "neutral": 4
    },
    {
      "axisId": "assimilation-multiculturalism",
      "leftPercent": 43.7,
      "rightPercent": 56.3,
      "answered": 16,
      "neutral": 5
    },
    {
      "axisId": "restricted-immigration-open-immigration",
      "leftPercent": 35.9,
      "rightPercent": 64.1,
      "answered": 16,
      "neutral": 7
    },
    {
      "axisId": "militarist-pacifist",
      "leftPercent": 40.6,
      "rightPercent": 59.4,
      "answered": 16,
      "neutral": 3
    },
    {
      "axisId": "nationalism-internationalism",
      "leftPercent": 40.6,
      "rightPercent": 59.4,
      "answered": 16,
      "neutral": 3
    },
    {
      "axisId": "public-private",
      "leftPercent": 57.8,
      "rightPercent": 42.2,
      "answered": 16,
      "neutral": 8
    },
    {
      "axisId": "protectionism-free-trade",
      "leftPercent": 50,
      "rightPercent": 50,
      "answered": 16,
      "neutral": 4
    },
    {
      "axisId": "planning-free-market",
      "leftPercent": 48.4,
      "rightPercent": 51.6,
      "answered": 16,
      "neutral": 2
    },
    {
      "axisId": "high-redistribution-low-redistribution",
      "leftPercent": 82.8,
      "rightPercent": 17.2,
      "answered": 16,
      "neutral": 1
    },
    {
      "axisId": "secular-religious",
      "leftPercent": 71.9,
      "rightPercent": 28.1,
      "answered": 16,
      "neutral": 2
    },
    {
      "axisId": "progressive-traditionalist",
      "leftPercent": 45.3,
      "rightPercent": 54.7,
      "answered": 16,
      "neutral": 7
    },
    {
      "axisId": "innovation-caution",
      "leftPercent": 37.5,
      "rightPercent": 62.5,
      "answered": 16,
      "neutral": 2
    },
    {
      "axisId": "central-local",
      "leftPercent": 57.8,
      "rightPercent": 42.2,
      "answered": 16,
      "neutral": 1
    },
    {
      "axisId": "culture-nature",
      "leftPercent": 82.8,
      "rightPercent": 17.2,
      "answered": 16,
      "neutral": 2
    }
  ]
}

Archived profile-audit/answers/personality/robert-f-kennedy/1.json. Run profiles build to regenerate the catalogue; the draft is retained.
