{
  "errors": [],
  "warnings": [
    "restricted-immigration-open-immigration: 5/16 neutral answers; check that these express a supported position, not missing evidence.",
    "militarist-pacifist: 7/16 neutral answers; check that these express a supported position, not missing evidence.",
    "culture-nature: 6/16 neutral answers; check that these express a supported position, not missing evidence."
  ],
  "neighbours": [
    {
      "id": "boris-johnson",
      "revision": 3,
      "similarity": 91.76666666666667
    },
    {
      "id": "scott-morrison",
      "revision": 1,
      "similarity": 91.25333333333333
    },
    {
      "id": "john-howard",
      "revision": 2,
      "similarity": 90.72
    },
    {
      "id": "winston-churchill",
      "revision": 3,
      "similarity": 90.60000000000001
    },
    {
      "id": "george-washington",
      "revision": 1,
      "similarity": 90.20666666666666
    }
  ],
  "scores": [
    {
      "axisId": "democracy-autocracy",
      "leftPercent": 95.3,
      "rightPercent": 4.7,
      "answered": 16,
      "neutral": 0
    },
    {
      "axisId": "authority-liberty",
      "leftPercent": 64.1,
      "rightPercent": 35.9,
      "answered": 16,
      "neutral": 1
    },
    {
      "axisId": "assimilation-multiculturalism",
      "leftPercent": 62.5,
      "rightPercent": 37.5,
      "answered": 16,
      "neutral": 3
    },
    {
      "axisId": "restricted-immigration-open-immigration",
      "leftPercent": 76.6,
      "rightPercent": 23.4,
      "answered": 16,
      "neutral": 5
    },
    {
      "axisId": "militarist-pacifist",
      "leftPercent": 68.8,
      "rightPercent": 31.2,
      "answered": 16,
      "neutral": 7
    },
    {
      "axisId": "nationalism-internationalism",
      "leftPercent": 57.8,
      "rightPercent": 42.2,
      "answered": 16,
      "neutral": 3
    },
    {
      "axisId": "public-private",
      "leftPercent": 45.3,
      "rightPercent": 54.7,
      "answered": 16,
      "neutral": 4
    },
    {
      "axisId": "protectionism-free-trade",
      "leftPercent": 42.2,
      "rightPercent": 57.8,
      "answered": 16,
      "neutral": 4
    },
    {
      "axisId": "planning-free-market",
      "leftPercent": 43.7,
      "rightPercent": 56.3,
      "answered": 16,
      "neutral": 2
    },
    {
      "axisId": "high-redistribution-low-redistribution",
      "leftPercent": 43.7,
      "rightPercent": 56.3,
      "answered": 16,
      "neutral": 4
    },
    {
      "axisId": "secular-religious",
      "leftPercent": 59.4,
      "rightPercent": 40.6,
      "answered": 16,
      "neutral": 4
    },
    {
      "axisId": "progressive-traditionalist",
      "leftPercent": 51.6,
      "rightPercent": 48.4,
      "answered": 16,
      "neutral": 3
    },
    {
      "axisId": "innovation-caution",
      "leftPercent": 35.9,
      "rightPercent": 64.1,
      "answered": 16,
      "neutral": 2
    },
    {
      "axisId": "central-local",
      "leftPercent": 57.8,
      "rightPercent": 42.2,
      "answered": 16,
      "neutral": 3
    },
    {
      "axisId": "culture-nature",
      "leftPercent": 59.4,
      "rightPercent": 40.6,
      "answered": 16,
      "neutral": 6
    }
  ]
}

Archived profile-audit/answers/personality/theresa-may/1.json. Run profiles build to regenerate the catalogue; the draft is retained.
