{
  "errors": [],
  "warnings": [
    "high-redistribution-low-redistribution: 6/16 neutral answers; check that these express a supported position, not missing evidence.",
    "culture-nature: 7/16 neutral answers; check that these express a supported position, not missing evidence."
  ],
  "neighbours": [
    {
      "id": "boris-johnson",
      "revision": 3,
      "similarity": 92.73333333333333
    },
    {
      "id": "angela-merkel",
      "revision": 3,
      "similarity": 91.76
    },
    {
      "id": "keir-starmer",
      "revision": 1,
      "similarity": 91.66
    },
    {
      "id": "emmanuel-macron",
      "revision": 1,
      "similarity": 91.56666666666666
    },
    {
      "id": "julia-gillard",
      "revision": 2,
      "similarity": 90.93333333333334
    }
  ],
  "scores": [
    {
      "axisId": "democracy-autocracy",
      "leftPercent": 84.4,
      "rightPercent": 15.6,
      "answered": 16,
      "neutral": 1
    },
    {
      "axisId": "authority-liberty",
      "leftPercent": 59.4,
      "rightPercent": 40.6,
      "answered": 16,
      "neutral": 2
    },
    {
      "axisId": "assimilation-multiculturalism",
      "leftPercent": 54.7,
      "rightPercent": 45.3,
      "answered": 16,
      "neutral": 2
    },
    {
      "axisId": "restricted-immigration-open-immigration",
      "leftPercent": 46.9,
      "rightPercent": 53.1,
      "answered": 16,
      "neutral": 2
    },
    {
      "axisId": "militarist-pacifist",
      "leftPercent": 64.1,
      "rightPercent": 35.9,
      "answered": 16,
      "neutral": 2
    },
    {
      "axisId": "nationalism-internationalism",
      "leftPercent": 28.1,
      "rightPercent": 71.9,
      "answered": 16,
      "neutral": 1
    },
    {
      "axisId": "public-private",
      "leftPercent": 48.4,
      "rightPercent": 51.6,
      "answered": 16,
      "neutral": 3
    },
    {
      "axisId": "protectionism-free-trade",
      "leftPercent": 42.2,
      "rightPercent": 57.8,
      "answered": 16,
      "neutral": 3
    },
    {
      "axisId": "planning-free-market",
      "leftPercent": 43.7,
      "rightPercent": 56.3,
      "answered": 16,
      "neutral": 2
    },
    {
      "axisId": "high-redistribution-low-redistribution",
      "leftPercent": 53.1,
      "rightPercent": 46.9,
      "answered": 16,
      "neutral": 6
    },
    {
      "axisId": "secular-religious",
      "leftPercent": 75,
      "rightPercent": 25,
      "answered": 16,
      "neutral": 1
    },
    {
      "axisId": "progressive-traditionalist",
      "leftPercent": 56.3,
      "rightPercent": 43.7,
      "answered": 16,
      "neutral": 4
    },
    {
      "axisId": "innovation-caution",
      "leftPercent": 60.9,
      "rightPercent": 39.1,
      "answered": 16,
      "neutral": 2
    },
    {
      "axisId": "central-local",
      "leftPercent": 65.6,
      "rightPercent": 34.4,
      "answered": 16,
      "neutral": 2
    },
    {
      "axisId": "culture-nature",
      "leftPercent": 57.8,
      "rightPercent": 42.2,
      "answered": 16,
      "neutral": 7
    }
  ]
}

Archived profile-audit/answers/personality/volodymyr-zelenskyy/1.json. Run profiles build to regenerate the catalogue; the draft is retained.
