
> 15-values-quiz@0.0.0 test:e2e
> playwright test --output=/tmp/trump-r5-isolated-results

[WebServer] (node:89826) Warning: The 'NO_COLOR' env is ignored due to the 'FORCE_COLOR' env being set.
[WebServer] (Use `node --trace-warnings ...` to show where the warning was created)

Running 156 tests using 4 workers

(node:89829) Warning: The 'NO_COLOR' env is ignored due to the 'FORCE_COLOR' env being set.
(Use `node --trace-warnings ...` to show where the warning was created)
(node:89831) Warning: The 'NO_COLOR' env is ignored due to the 'FORCE_COLOR' env being set.
(Use `node --trace-warnings ...` to show where the warning was created)
(node:89828) Warning: The 'NO_COLOR' env is ignored due to the 'FORCE_COLOR' env being set.
(Use `node --trace-warnings ...` to show where the warning was created)
(node:89830) Warning: The 'NO_COLOR' env is ignored due to the 'FORCE_COLOR' env being set.
(Use `node --trace-warnings ...` to show where the warning was created)
  ✓    4 [desktop] › tests/catalogue.spec.ts:9:1 › withdrawn personality has no placements but preserves the historical assessment link (497ms)
  ✓    1 [desktop] › tests/catalogue.spec.ts:78:1 › catalogue failures can be retried and missing profiles have a way back (510ms)
  ✓    2 [desktop] › tests/catalogue.spec.ts:9:1 › withdrawn ideology has no placements but preserves the historical assessment link (574ms)
  ✓    5 [desktop] › tests/catalogue.spec.ts:91:1 › malformed catalogue data is not rendered as a profile (264ms)
  ✓    6 [desktop] › tests/catalogue.spec.ts:99:1 › ideology groups combine with search and expose all 15 placements (654ms)
  ✓    9 [desktop] › tests/home-strip.spec.ts:60:1 › reduced motion allows manual scrolling without duplicate links or page overflow (528ms)
  ✓    8 [desktop] › tests/home-strip.spec.ts:33:1 › strip loops evenly, pauses, resumes and stops for keyboard interaction (1.0s)
  ✓   10 [desktop] › tests/home-strip.spec.ts:76:3 › home offers catalogue links when profile data is empty (309ms)
  ✓   11 [desktop] › tests/home-strip.spec.ts:76:3 › home offers catalogue links when profile data is unavailable (268ms)
  ✓    3 [desktop] › tests/catalogue.spec.ts:24:1 › all three catalogues browse, search and open full sourced assessments (2.4s)
  ✓   12 [desktop] › tests/home-strip.spec.ts:76:3 › home offers catalogue links when profile data is invalid (370ms)
  ✓   13 [desktop] › tests/navigation.spec.ts:3:1 › quiz navigation never replaces the page with a loading screen (764ms)
  ✓   14 [desktop] › tests/navigation.spec.ts:26:3 › short: a direct quiz link and reload open a working first question (886ms)
  ✓   15 [desktop] › tests/navigation.spec.ts:26:3 › medium: a direct quiz link and reload open a working first question (901ms)
  ✓   16 [desktop] › tests/navigation.spec.ts:26:3 › long: a direct quiz link and reload open a working first question (958ms)
  ✓   17 [desktop] › tests/navigation.spec.ts:26:3 › comprehensive: a direct quiz link and reload open a working first question (1.0s)
  ✓   19 [desktop] › tests/navigation.spec.ts:58:1 › invalid quiz links show the usable format selector (519ms)
  ✓   18 [desktop] › tests/navigation.spec.ts:46:1 › returning from the home page to an old quiz link starts normally (1.1s)
  ✓   22 [desktop] › tests/platform.spec.ts:49:1 › catalogue pages are intentionally empty and link to the values (961ms)
  ✓   20 [desktop] › tests/platform.spec.ts:4:1 › home loads Clarity City and clearly labels the example result (1.6s)
  ✓   23 [desktop] › tests/platform.spec.ts:61:1 › quiz format selection starts a real quiz (1.2s)
  ✓    7 [desktop] › tests/home-strip.spec.ts:7:1 › home strip uses published profiles and links to both types of detail page (6.3s)
  ✓   21 [desktop] › tests/platform.spec.ts:32:1 › Values navigation opens the home axes section from another page and on repeated clicks (2.9s)
  ✓   24 [desktop] › tests/platform.spec.ts:68:1 › navigation supports back, reload, current page, and keyboard focus (1.5s)
  ✓   25 [desktop] › tests/platform.spec.ts:93:1 › pages do not overflow at narrow widths or with reduced motion (901ms)
  ✓   26 [desktop] › tests/platform.spec.ts:103:1 › removed and unrecognised routes offer a working return to home (901ms)
  ✓   27 [desktop] › tests/platform.spec.ts:113:1 › skip link appears on keyboard focus and moves focus to the content (659ms)
  ✓   30 [desktop] › tests/platform.spec.ts:155:1 › mobile primary action precedes the example and is visible without scrolling (598ms)
  ✓   29 [desktop] › tests/platform.spec.ts:138:1 › resuming the strip works while the control retains focus (1.4s)
  ✓   32 [desktop] › tests/platform.spec.ts:186:1 › feedback download works without submitting or storing the draft (577ms)
  ✓   28 [desktop] › tests/platform.spec.ts:128:1 › all four home format cards start their corresponding quiz (1.6s)
  ✓   33 [desktop] › tests/platform.spec.ts:200:1 › social preview assets resolve under the GitHub Pages subpath (595ms)
  ✓   34 [desktop] › tests/platform.spec.ts:211:1 › landing section navigation moves focus and returns to the top on the same route (648ms)
  ✓   31 [desktop] › tests/platform.spec.ts:166:1 › landing axis cards cover all 15 agreed axes and replace the old sections (1.9s)
  ✓   35 [desktop] › tests/quiz.spec.ts:48:3 › Short: complete every question and export the expected independent scores (6.0s)
  ✓   39 [desktop] › tests/quiz.spec.ts:76:1 › back, edits, keyboard, auto-advance and restart keep answers consistent (3.5s)
  ✓   36 [desktop] › tests/quiz.spec.ts:48:3 › Medium: complete every question and export the expected independent scores (9.1s)
  ✓   37 [desktop] › tests/quiz.spec.ts:48:3 › Long: complete every question and export the expected independent scores (17.0s)
  ✓   38 [desktop] › tests/quiz.spec.ts:48:3 › Comprehensive: complete every question and export the expected independent scores (24.4s)
  ✓   43 [desktop] › tests/quiz.spec.ts:160:1 › browser Back preserves the open session and leaving asks for confirmation (887ms)
  ✓   44 [desktop] › tests/quiz.spec.ts:174:1 › large desktop and small mobile layouts are readable, with both fonts loaded (1.0s)
  ✓   41 [desktop] › tests/quiz.spec.ts:138:1 › blocked browser storage and corrupt imports never prevent completion or export (24.8s)
  ✓   40 [desktop] › tests/quiz.spec.ts:108:1 › history saves automatically, survives reload and supports import, deduplication and deletion (25.5s)
  ✓   47 [desktop] › tests/results.spec.ts:19:1 › profile layout, all endpoints, help controls and complementary percentages work at every width (2.7s)
  ✓   48 [desktop] › tests/results.spec.ts:66:1 › legacy results display and export their original method without recalculation (546ms)
  ✓   49 [desktop] › tests/results.spec.ts:80:1 › empty history and saved cards are responsive, and saved profiles reopen after reload (1.7s)
  ✓   50 [desktop] › tests/window-navigation.spec.ts:4:1 › current-page links do not add history and Back/Forward restores each route without reloads (1.1s)
  ✓   46 [desktop] › tests/quiz.spec.ts:214:1 › a failed automatic save preserves the result and can be retried without duplicates (6.8s)
  ✓   42 [desktop] › tests/quiz.spec.ts:148:1 › reviewing answers recalculates the result and final submission is always explicit (24.3s)
  ✓   52 [desktop] › tests/window-navigation.spec.ts:39:1 › all question wordings fit laptop, phone and landscape windows without scrolling or clipping (1.0s)
(node:90089) Warning: The 'NO_COLOR' env is ignored due to the 'FORCE_COLOR' env being set.
(Use `node --trace-warnings ...` to show where the warning was created)
(node:90110) Warning: The 'NO_COLOR' env is ignored due to the 'FORCE_COLOR' env being set.
(Use `node --trace-warnings ...` to show where the warning was created)
  ✓   53 [mobile] › tests/catalogue.spec.ts:9:1 › withdrawn ideology has no placements but preserves the historical assessment link (615ms)
  ✓   54 [mobile] › tests/catalogue.spec.ts:9:1 › withdrawn personality has no placements but preserves the historical assessment link (618ms)
  ✓   56 [mobile] › tests/catalogue.spec.ts:78:1 › catalogue failures can be retried and missing profiles have a way back (531ms)
  ✓   57 [mobile] › tests/catalogue.spec.ts:91:1 › malformed catalogue data is not rendered as a profile (367ms)
  ✓   58 [mobile] › tests/catalogue.spec.ts:99:1 › ideology groups combine with search and expose all 15 placements (1.0s)
  ✓   55 [mobile] › tests/catalogue.spec.ts:24:1 › all three catalogues browse, search and open full sourced assessments (3.3s)
  ✓   60 [mobile] › tests/home-strip.spec.ts:33:1 › strip loops evenly, pauses, resumes and stops for keyboard interaction (1.2s)
  ✓   61 [mobile] › tests/home-strip.spec.ts:60:1 › reduced motion allows manual scrolling without duplicate links or page overflow (527ms)
  ✓   62 [mobile] › tests/home-strip.spec.ts:76:3 › home offers catalogue links when profile data is empty (333ms)
  ✓   63 [mobile] › tests/home-strip.spec.ts:76:3 › home offers catalogue links when profile data is unavailable (313ms)
  ✓   64 [mobile] › tests/home-strip.spec.ts:76:3 › home offers catalogue links when profile data is invalid (262ms)
  ✓   65 [mobile] › tests/navigation.spec.ts:3:1 › quiz navigation never replaces the page with a loading screen (639ms)
  ✓   45 [desktop] › tests/quiz.spec.ts:195:1 › narrow results and invalid stored history stay usable without overwriting data (24.1s)
  ✓   59 [mobile] › tests/home-strip.spec.ts:7:1 › home strip uses published profiles and links to both types of detail page (5.3s)
  ✓   66 [mobile] › tests/navigation.spec.ts:26:3 › short: a direct quiz link and reload open a working first question (893ms)
(node:90150) Warning: The 'NO_COLOR' env is ignored due to the 'FORCE_COLOR' env being set.
(Use `node --trace-warnings ...` to show where the warning was created)
  ✓   67 [mobile] › tests/navigation.spec.ts:26:3 › long: a direct quiz link and reload open a working first question (853ms)
  ✓   68 [mobile] › tests/navigation.spec.ts:26:3 › comprehensive: a direct quiz link and reload open a working first question (818ms)
  ✓   71 [mobile] › tests/navigation.spec.ts:58:1 › invalid quiz links show the usable format selector (385ms)
  ✓   70 [mobile] › tests/navigation.spec.ts:46:1 › returning from the home page to an old quiz link starts normally (994ms)
  ✓   69 [mobile] › tests/navigation.spec.ts:26:3 › medium: a direct quiz link and reload open a working first question (1.0s)
  ✓   74 [mobile] › tests/platform.spec.ts:49:1 › catalogue pages are intentionally empty and link to the values (648ms)
  ✓   75 [mobile] › tests/platform.spec.ts:61:1 › quiz format selection starts a real quiz (642ms)
  ✓   72 [mobile] › tests/platform.spec.ts:4:1 › home loads Clarity City and clearly labels the example result (2.3s)
  ✓   77 [mobile] › tests/platform.spec.ts:93:1 › pages do not overflow at narrow widths or with reduced motion (998ms)
  ✓   78 [mobile] › tests/platform.spec.ts:103:1 › removed and unrecognised routes offer a working return to home (433ms)
  ✓   79 [mobile] › tests/platform.spec.ts:113:1 › skip link appears on keyboard focus and moves focus to the content (399ms)
  ✓   76 [mobile] › tests/platform.spec.ts:68:1 › navigation supports back, reload, current page, and keyboard focus (2.2s)
  ✓   81 [mobile] › tests/platform.spec.ts:138:1 › resuming the strip works while the control retains focus (580ms)
  ✓   73 [mobile] › tests/platform.spec.ts:32:1 › Values navigation opens the home axes section from another page and on repeated clicks (4.5s)
  ✓   82 [mobile] › tests/platform.spec.ts:155:1 › mobile primary action precedes the example and is visible without scrolling (417ms)
  ✓   80 [mobile] › tests/platform.spec.ts:128:1 › all four home format cards start their corresponding quiz (1.2s)
  ✓   85 [mobile] › tests/platform.spec.ts:200:1 › social preview assets resolve under the GitHub Pages subpath (323ms)
  ✓   84 [mobile] › tests/platform.spec.ts:186:1 › feedback download works without submitting or storing the draft (433ms)
  ✓   86 [mobile] › tests/platform.spec.ts:211:1 › landing section navigation moves focus and returns to the top on the same route (487ms)
  ✓   83 [mobile] › tests/platform.spec.ts:166:1 › landing axis cards cover all 15 agreed axes and replace the old sections (1.2s)
  ✓   87 [mobile] › tests/quiz.spec.ts:48:3 › Short: complete every question and export the expected independent scores (5.7s)
  ✓   88 [mobile] › tests/quiz.spec.ts:48:3 › Medium: complete every question and export the expected independent scores (7.9s)
  ✓   91 [mobile] › tests/quiz.spec.ts:76:1 › back, edits, keyboard, auto-advance and restart keep answers consistent (3.0s)
  ✓   89 [mobile] › tests/quiz.spec.ts:48:3 › Long: complete every question and export the expected independent scores (14.0s)
  ✓   90 [mobile] › tests/quiz.spec.ts:48:3 › Comprehensive: complete every question and export the expected independent scores (11.5s)
  ✓   51 [desktop] › tests/window-navigation.spec.ts:25:1 › default auto advance completes a quiz and leaves the final submission explicit (36.8s)
(node:90234) Warning: The 'NO_COLOR' env is ignored due to the 'FORCE_COLOR' env being set.
(Use `node --trace-warnings ...` to show where the warning was created)
  ✓   95 [mobile] › tests/quiz.spec.ts:160:1 › browser Back preserves the open session and leaving asks for confirmation (664ms)
  ✓   96 [mobile] › tests/quiz.spec.ts:174:1 › large desktop and small mobile layouts are readable, with both fonts loaded (2.2s)
  ✓   92 [mobile] › tests/quiz.spec.ts:108:1 › history saves automatically, survives reload and supports import, deduplication and deletion (21.9s)
  ✓   93 [mobile] › tests/quiz.spec.ts:138:1 › blocked browser storage and corrupt imports never prevent completion or export (21.3s)
  ✓   98 [mobile] › tests/quiz.spec.ts:214:1 › a failed automatic save preserves the result and can be retried without duplicates (4.8s)
  ✓  100 [mobile] › tests/results.spec.ts:66:1 › legacy results display and export their original method without recalculation (397ms)
  ✓   94 [mobile] › tests/quiz.spec.ts:148:1 › reviewing answers recalculates the result and final submission is always explicit (21.8s)
  ✓  102 [mobile] › tests/window-navigation.spec.ts:4:1 › current-page links do not add history and Back/Forward restores each route without reloads (732ms)
  ✓   99 [mobile] › tests/results.spec.ts:19:1 › profile layout, all endpoints, help controls and complementary percentages work at every width (4.3s)
  ✓  101 [mobile] › tests/results.spec.ts:80:1 › empty history and saved cards are responsive, and saved profiles reopen after reload (2.2s)
(node:90307) Warning: The 'NO_COLOR' env is ignored due to the 'FORCE_COLOR' env being set.
(Use `node --trace-warnings ...` to show where the warning was created)
  ✓  104 [mobile] › tests/window-navigation.spec.ts:39:1 › all question wordings fit laptop, phone and landscape windows without scrolling or clipping (1.3s)
  ✓  105 [safari] › tests/catalogue.spec.ts:9:1 › withdrawn ideology has no placements but preserves the historical assessment link (836ms)
(node:90376) Warning: The 'NO_COLOR' env is ignored due to the 'FORCE_COLOR' env being set.
(Use `node --trace-warnings ...` to show where the warning was created)
  ✓  107 [safari] › tests/catalogue.spec.ts:9:1 › withdrawn personality has no placements but preserves the historical assessment link (996ms)
  ✓   97 [mobile] › tests/quiz.spec.ts:195:1 › narrow results and invalid stored history stay usable without overwriting data (22.3s)
  ✓  108 [safari] › tests/catalogue.spec.ts:78:1 › catalogue failures can be retried and missing profiles have a way back (1.0s)
(node:90493) Warning: The 'NO_COLOR' env is ignored due to the 'FORCE_COLOR' env being set.
(Use `node --trace-warnings ...` to show where the warning was created)
  ✓  106 [safari] › tests/catalogue.spec.ts:24:1 › all three catalogues browse, search and open full sourced assessments (4.9s)
  ✓  109 [safari] › tests/catalogue.spec.ts:99:1 › ideology groups combine with search and expose all 15 placements (1.5s)
  ✓  110 [safari] › tests/catalogue.spec.ts:91:1 › malformed catalogue data is not rendered as a profile (1.1s)
  ✓  112 [safari] › tests/home-strip.spec.ts:33:1 › strip loops evenly, pauses, resumes and stops for keyboard interaction (2.1s)
  ✓  113 [safari] › tests/home-strip.spec.ts:60:1 › reduced motion allows manual scrolling without duplicate links or page overflow (730ms)
  ✓  114 [safari] › tests/home-strip.spec.ts:76:3 › home offers catalogue links when profile data is empty (589ms)
  ✓  115 [safari] › tests/home-strip.spec.ts:76:3 › home offers catalogue links when profile data is unavailable (572ms)
  ✓  116 [safari] › tests/home-strip.spec.ts:76:3 › home offers catalogue links when profile data is invalid (552ms)
  ✓  117 [safari] › tests/navigation.spec.ts:3:1 › quiz navigation never replaces the page with a loading screen (973ms)
  ✓  118 [safari] › tests/navigation.spec.ts:26:3 › short: a direct quiz link and reload open a working first question (1.1s)
  ✓  119 [safari] › tests/navigation.spec.ts:26:3 › medium: a direct quiz link and reload open a working first question (1.4s)
  ✓  120 [safari] › tests/navigation.spec.ts:26:3 › long: a direct quiz link and reload open a working first question (1.4s)
  ✓  111 [safari] › tests/home-strip.spec.ts:7:1 › home strip uses published profiles and links to both types of detail page (6.5s)
  ✓  121 [safari] › tests/navigation.spec.ts:26:3 › comprehensive: a direct quiz link and reload open a working first question (1.2s)
  ✓  123 [safari] › tests/navigation.spec.ts:58:1 › invalid quiz links show the usable format selector (636ms)
  ✓  122 [safari] › tests/navigation.spec.ts:46:1 › returning from the home page to an old quiz link starts normally (1.3s)
  ✓  126 [safari] › tests/platform.spec.ts:49:1 › catalogue pages are intentionally empty and link to the values (891ms)
  ✓  124 [safari] › tests/platform.spec.ts:4:1 › home loads Clarity City and clearly labels the example result (1.8s)
  ✓  127 [safari] › tests/platform.spec.ts:61:1 › quiz format selection starts a real quiz (786ms)
  ✓  125 [safari] › tests/platform.spec.ts:32:1 › Values navigation opens the home axes section from another page and on repeated clicks (2.0s)
  ✓  128 [safari] › tests/platform.spec.ts:68:1 › navigation supports back, reload, current page, and keyboard focus (1.2s)
  ✓  130 [safari] › tests/platform.spec.ts:103:1 › removed and unrecognised routes offer a working return to home (764ms)
  ✓  129 [safari] › tests/platform.spec.ts:93:1 › pages do not overflow at narrow widths or with reduced motion (892ms)
  ✓  131 [safari] › tests/platform.spec.ts:113:1 › skip link appears on keyboard focus and moves focus to the content (804ms)
  ✓  133 [safari] › tests/platform.spec.ts:138:1 › resuming the strip works while the control retains focus (1.1s)
  ✓  134 [safari] › tests/platform.spec.ts:155:1 › mobile primary action precedes the example and is visible without scrolling (680ms)
  ✓  132 [safari] › tests/platform.spec.ts:128:1 › all four home format cards start their corresponding quiz (1.7s)
  ✓  136 [safari] › tests/platform.spec.ts:186:1 › feedback download works without submitting or storing the draft (807ms)
  ✓  137 [safari] › tests/platform.spec.ts:200:1 › social preview assets resolve under the GitHub Pages subpath (661ms)
  ✓  138 [safari] › tests/platform.spec.ts:211:1 › landing section navigation moves focus and returns to the top on the same route (711ms)
  ✓  135 [safari] › tests/platform.spec.ts:166:1 › landing axis cards cover all 15 agreed axes and replace the old sections (1.7s)
  ✓  139 [safari] › tests/quiz.spec.ts:48:3 › Short: complete every question and export the expected independent scores (10.7s)
  ✓  140 [safari] › tests/quiz.spec.ts:48:3 › Medium: complete every question and export the expected independent scores (15.9s)
  ✓  103 [mobile] › tests/window-navigation.spec.ts:25:1 › default auto advance completes a quiz and leaves the final submission explicit (38.0s)
(node:91559) Warning: The 'NO_COLOR' env is ignored due to the 'FORCE_COLOR' env being set.
(Use `node --trace-warnings ...` to show where the warning was created)
  ✓  143 [safari] › tests/quiz.spec.ts:76:1 › back, edits, keyboard, auto-advance and restart keep answers consistent (3.9s)
  ✓  141 [safari] › tests/quiz.spec.ts:48:3 › Long: complete every question and export the expected independent scores (27.0s)
  ✓  142 [safari] › tests/quiz.spec.ts:48:3 › Comprehensive: complete every question and export the expected independent scores (18.2s)
  ✓  147 [safari] › tests/quiz.spec.ts:160:1 › browser Back preserves the open session and leaving asks for confirmation (948ms)
  ✓  148 [safari] › tests/quiz.spec.ts:174:1 › large desktop and small mobile layouts are readable, with both fonts loaded (1.4s)
  ✓  145 [safari] › tests/quiz.spec.ts:138:1 › blocked browser storage and corrupt imports never prevent completion or export (27.8s)
  ✓  144 [safari] › tests/quiz.spec.ts:108:1 › history saves automatically, survives reload and supports import, deduplication and deletion (29.4s)
  ✓  151 [safari] › tests/results.spec.ts:19:1 › profile layout, all endpoints, help controls and complementary percentages work at every width (3.0s)
  ✓  152 [safari] › tests/results.spec.ts:66:1 › legacy results display and export their original method without recalculation (615ms)
  ✓  153 [safari] › tests/results.spec.ts:80:1 › empty history and saved cards are responsive, and saved profiles reopen after reload (1.5s)
  ✓  154 [safari] › tests/window-navigation.spec.ts:4:1 › current-page links do not add history and Back/Forward restores each route without reloads (882ms)
  ✓  150 [safari] › tests/quiz.spec.ts:214:1 › a failed automatic save preserves the result and can be retried without duplicates (7.0s)
  ✓  146 [safari] › tests/quiz.spec.ts:148:1 › reviewing answers recalculates the result and final submission is always explicit (28.2s)
  ✓  156 [safari] › tests/window-navigation.spec.ts:39:1 › all question wordings fit laptop, phone and landscape windows without scrolling or clipping (1.3s)
  ✓  149 [safari] › tests/quiz.spec.ts:195:1 › narrow results and invalid stored history stay usable without overwriting data (27.9s)
  ✓  155 [safari] › tests/window-navigation.spec.ts:25:1 › default auto advance completes a quiz and leaves the final submission explicit (38.0s)

  156 passed (3.7m)
