{
  "errors": [],
  "warnings": [],
  "neighbours": [
    {
      "id": "john-rawls",
      "revision": 5,
      "similarity": 90.82
    },
    {
      "id": "bob-hawke",
      "revision": 4,
      "similarity": 90.42666666666668
    },
    {
      "id": "nelson-mandela",
      "revision": 5,
      "similarity": 90.31333333333333
    },
    {
      "id": "nancy-pelosi",
      "revision": 4,
      "similarity": 90.10666666666667
    },
    {
      "id": "mark-zuckerberg",
      "revision": 4,
      "similarity": 90.09333333333333
    }
  ],
  "scores": [
    {
      "axisId": "democracy-autocracy",
      "leftPercent": 70.3,
      "rightPercent": 29.7,
      "answered": 16,
      "neutral": 0
    },
    {
      "axisId": "authority-liberty",
      "leftPercent": 37.5,
      "rightPercent": 62.5,
      "answered": 16,
      "neutral": 0
    },
    {
      "axisId": "assimilation-multiculturalism",
      "leftPercent": 21.9,
      "rightPercent": 78.1,
      "answered": 16,
      "neutral": 0
    },
    {
      "axisId": "restricted-immigration-open-immigration",
      "leftPercent": 31.2,
      "rightPercent": 68.8,
      "answered": 16,
      "neutral": 3
    },
    {
      "axisId": "militarist-pacifist",
      "leftPercent": 40.6,
      "rightPercent": 59.4,
      "answered": 16,
      "neutral": 2
    },
    {
      "axisId": "nationalism-internationalism",
      "leftPercent": 40.6,
      "rightPercent": 59.4,
      "answered": 16,
      "neutral": 2
    },
    {
      "axisId": "public-private",
      "leftPercent": 40.6,
      "rightPercent": 59.4,
      "answered": 16,
      "neutral": 1
    },
    {
      "axisId": "protectionism-free-trade",
      "leftPercent": 26.6,
      "rightPercent": 73.4,
      "answered": 16,
      "neutral": 4
    },
    {
      "axisId": "planning-free-market",
      "leftPercent": 25,
      "rightPercent": 75,
      "answered": 16,
      "neutral": 0
    },
    {
      "axisId": "high-redistribution-low-redistribution",
      "leftPercent": 51.6,
      "rightPercent": 48.4,
      "answered": 16,
      "neutral": 3
    },
    {
      "axisId": "secular-religious",
      "leftPercent": 82.8,
      "rightPercent": 17.2,
      "answered": 16,
      "neutral": 2
    },
    {
      "axisId": "progressive-traditionalist",
      "leftPercent": 84.4,
      "rightPercent": 15.6,
      "answered": 16,
      "neutral": 2
    },
    {
      "axisId": "innovation-caution",
      "leftPercent": 40.6,
      "rightPercent": 59.4,
      "answered": 16,
      "neutral": 1
    },
    {
      "axisId": "central-local",
      "leftPercent": 35.9,
      "rightPercent": 64.1,
      "answered": 16,
      "neutral": 2
    },
    {
      "axisId": "culture-nature",
      "leftPercent": 70.3,
      "rightPercent": 29.7,
      "answered": 16,
      "neutral": 0
    }
  ]
}

Archived profile-audit/answers/personality/allegra-spender/1.json. Run profiles build to regenerate the catalogue; the draft is retained.
