### Result
{"results":[{"id":"kevin-rudd","width":1440,"index":true,"search":true,"detail":true,"axes":15,"portrait":"decoded","download":"kevin-rudd-audit-r1.json","horizontalOverflow":false},{"id":"malcolm-turnbull","width":1440,"index":true,"search":true,"detail":true,"axes":15,"portrait":"decoded","download":"malcolm-turnbull-audit-r1.json","horizontalOverflow":false},{"id":"olaf-scholz","width":1440,"index":true,"search":true,"detail":true,"axes":15,"portrait":"decoded","download":"olaf-scholz-audit-r1.json","horizontalOverflow":false},{"id":"mark-carney","width":1440,"index":true,"search":true,"detail":true,"axes":15,"portrait":"decoded","download":"mark-carney-audit-r1.json","horizontalOverflow":false},{"id":"dominik-tarczynski","width":1440,"index":true,"search":true,"detail":true,"axes":15,"portrait":"decoded","download":"dominik-tarczynski-audit-r1.json","horizontalOverflow":false},{"id":"leon-trotsky","width":1440,"index":true,"search":true,"detail":true,"axes":15,"portrait":"decoded","download":"leon-trotsky-audit-r1.json","horizontalOverflow":false},{"id":"julius-malema","width":1440,"index":true,"search":true,"detail":true,"axes":15,"portrait":"decoded","download":"julius-malema-audit-r1.json","horizontalOverflow":false},{"id":"josip-broz-tito","width":1440,"index":true,"search":true,"detail":true,"axes":15,"portrait":"decoded","download":"josip-broz-tito-audit-r1.json","horizontalOverflow":false},{"id":"adam-bandt","width":1440,"index":true,"search":true,"detail":true,"axes":15,"portrait":"decoded","download":"adam-bandt-audit-r1.json","horizontalOverflow":false},{"id":"friedrich-ebert","width":1440,"index":true,"search":true,"detail":true,"axes":15,"portrait":"decoded","download":"friedrich-ebert-audit-r1.json","horizontalOverflow":false},{"id":"allegra-spender","width":1440,"index":true,"search":true,"detail":true,"axes":15,"portrait":"decoded","download":"allegra-spender-audit-r1.json","horizontalOverflow":false},{"id":"zali-steggall","width":1440,"index":true,"search":true,"detail":true,"axes":15,"portrait":"decoded","download":"zali-steggall-audit-r1.json","horizontalOverflow":false},{"id":"charlie-kirk","width":1440,"index":true,"search":true,"detail":true,"axes":15,"portrait":"decoded","download":"charlie-kirk-audit-r1.json","horizontalOverflow":false},{"id":"otto-von-bismarck","width":1440,"index":true,"search":true,"detail":true,"axes":15,"portrait":"decoded","download":"otto-von-bismarck-audit-r1.json","horizontalOverflow":false},{"id":"alice-weidel","width":1440,"index":true,"search":true,"detail":true,"axes":15,"portrait":"decoded","download":"alice-weidel-audit-r1.json","horizontalOverflow":false},{"id":"ian-smith","width":1440,"index":true,"search":true,"detail":true,"axes":15,"portrait":"decoded","download":"ian-smith-audit-r1.json","horizontalOverflow":false},{"id":"heinrich-himmler","width":1440,"index":true,"search":true,"detail":true,"axes":15,"portrait":"decoded","download":"heinrich-himmler-audit-r1.json","horizontalOverflow":false},{"id":"thomas-sewell","width":1440,"index":true,"search":true,"detail":true,"axes":15,"portrait":"decoded","download":"thomas-sewell-audit-r2.json","horizontalOverflow":false},{"id":"capitalism","width":1440,"index":true,"search":true,"detail":true,"axes":15,"portrait":"not required","download":"capitalism-audit-r1.json","horizontalOverflow":false},{"id":"leninism","width":1440,"index":true,"search":true,"detail":true,"axes":15,"portrait":"not required","download":"leninism-audit-r1.json","horizontalOverflow":false},{"id":"titoism","width":1440,"index":true,"search":true,"detail":true,"axes":15,"portrait":"not required","download":"titoism-audit-r1.json","horizontalOverflow":false},{"id":"neo-nazism","width":1440,"index":true,"search":true,"detail":true,"axes":15,"portrait":"not required","download":"neo-nazism-audit-r1.json","horizontalOverflow":false},{"id":"marxism-leninism","width":1440,"index":true,"search":true,"detail":true,"axes":15,"portrait":"not required","download":"marxism-leninism-audit-r1.json","horizontalOverflow":false},{"id":"fanonism","width":1440,"index":true,"search":true,"detail":true,"axes":15,"portrait":"not required","download":"fanonism-audit-r1.json","horizontalOverflow":false},{"id":"christian-nationalism","width":1440,"index":true,"search":true,"detail":true,"axes":15,"portrait":"not required","download":"christian-nationalism-audit-r1.json","horizontalOverflow":false},{"id":"vladimir-lenin","width":1440,"index":true,"search":true,"detail":true,"axes":15,"portrait":"decoded","download":"vladimir-lenin-audit-r5.json","horizontalOverflow":false},{"id":"ho-chi-minh","width":1440,"index":true,"search":true,"detail":true,"axes":15,"portrait":"decoded","download":"ho-chi-minh-audit-r7.json","horizontalOverflow":false},{"id":"clement-attlee","width":1440,"index":true,"search":true,"detail":true,"axes":15,"portrait":"decoded","download":"clement-attlee-audit-r4.json","horizontalOverflow":false},{"id":"bernie-sanders","width":1440,"index":true,"search":true,"detail":true,"axes":15,"portrait":"decoded","download":"bernie-sanders-audit-r6.json","horizontalOverflow":false},{"id":"keir-starmer","width":1440,"index":true,"search":true,"detail":true,"axes":15,"portrait":"decoded","download":"keir-starmer-audit-r4.json","horizontalOverflow":false},{"id":"javier-milei","width":1440,"index":true,"search":true,"detail":true,"axes":15,"portrait":"decoded","download":"javier-milei-audit-r4.json","horizontalOverflow":false},{"id":"john-locke","width":1440,"index":true,"search":true,"detail":true,"axes":15,"portrait":"decoded","download":"john-locke-audit-r6.json","horizontalOverflow":false},{"id":"robert-menzies","width":1440,"index":true,"search":true,"detail":true,"axes":15,"portrait":"decoded","download":"robert-menzies-audit-r4.json","horizontalOverflow":false},{"id":"trotskyism","width":1440,"index":true,"search":true,"detail":true,"axes":15,"portrait":"not required","download":"trotskyism-audit-r5.json","horizontalOverflow":false},{"id":"kevin-rudd","width":390,"index":true,"search":true,"detail":true,"axes":15,"portrait":"decoded","download":"kevin-rudd-audit-r1.json","horizontalOverflow":false},{"id":"malcolm-turnbull","width":390,"index":true,"search":true,"detail":true,"axes":15,"portrait":"decoded","download":"malcolm-turnbull-audit-r1.json","horizontalOverflow":false},{"id":"olaf-scholz","width":390,"index":true,"search":true,"detail":true,"axes":15,"portrait":"decoded","download":"olaf-scholz-audit-r1.json","horizontalOverflow":false},{"id":"mark-carney","width":390,"index":true,"search":true,"detail":true,"axes":15,"portrait":"decoded","download":"mark-carney-audit-r1.json","horizontalOverflow":false},{"id":"dominik-tarczynski","width":390,"index":true,"search":true,"detail":true,"axes":15,"portrait":"decoded","download":"dominik-tarczynski-audit-r1.json","horizontalOverflow":false},{"id":"leon-trotsky","width":390,"index":true,"search":true,"detail":true,"axes":15,"portrait":"decoded","download":"leon-trotsky-audit-r1.json","horizontalOverflow":false},{"id":"julius-malema","width":390,"index":true,"search":true,"detail":true,"axes":15,"portrait":"decoded","download":"julius-malema-audit-r1.json","horizontalOverflow":false},{"id":"josip-broz-tito","width":390,"index":true,"search":true,"detail":true,"axes":15,"portrait":"decoded","download":"josip-broz-tito-audit-r1.json","horizontalOverflow":false},{"id":"adam-bandt","width":390,"index":true,"search":true,"detail":true,"axes":15,"portrait":"decoded","download":"adam-bandt-audit-r1.json","horizontalOverflow":false},{"id":"friedrich-ebert","width":390,"index":true,"search":true,"detail":true,"axes":15,"portrait":"decoded","download":"friedrich-ebert-audit-r1.json","horizontalOverflow":false},{"id":"allegra-spender","width":390,"index":true,"search":true,"detail":true,"axes":15,"portrait":"decoded","download":"allegra-spender-audit-r1.json","horizontalOverflow":false},{"id":"zali-steggall","width":390,"index":true,"search":true,"detail":true,"axes":15,"portrait":"decoded","download":"zali-steggall-audit-r1.json","horizontalOverflow":false},{"id":"charlie-kirk","width":390,"index":true,"search":true,"detail":true,"axes":15,"portrait":"decoded","download":"charlie-kirk-audit-r1.json","horizontalOverflow":false},{"id":"otto-von-bismarck","width":390,"index":true,"search":true,"detail":true,"axes":15,"portrait":"decoded","download":"otto-von-bismarck-audit-r1.json","horizontalOverflow":false},{"id":"alice-weidel","width":390,"index":true,"search":true,"detail":true,"axes":15,"portrait":"decoded","download":"alice-weidel-audit-r1.json","horizontalOverflow":false},{"id":"ian-smith","width":390,"index":true,"search":true,"detail":true,"axes":15,"portrait":"decoded","download":"ian-smith-audit-r1.json","horizontalOverflow":false},{"id":"heinrich-himmler","width":390,"index":true,"search":true,"detail":true,"axes":15,"portrait":"decoded","download":"heinrich-himmler-audit-r1.json","horizontalOverflow":false},{"id":"thomas-sewell","width":390,"index":true,"search":true,"detail":true,"axes":15,"portrait":"decoded","download":"thomas-sewell-audit-r2.json","horizontalOverflow":false},{"id":"capitalism","width":390,"index":true,"search":true,"detail":true,"axes":15,"portrait":"not required","download":"capitalism-audit-r1.json","horizontalOverflow":false},{"id":"leninism","width":390,"index":true,"search":true,"detail":true,"axes":15,"portrait":"not required","download":"leninism-audit-r1.json","horizontalOverflow":false},{"id":"titoism","width":390,"index":true,"search":true,"detail":true,"axes":15,"portrait":"not required","download":"titoism-audit-r1.json","horizontalOverflow":false},{"id":"neo-nazism","width":390,"index":true,"search":true,"detail":true,"axes":15,"portrait":"not required","download":"neo-nazism-audit-r1.json","horizontalOverflow":false},{"id":"marxism-leninism","width":390,"index":true,"search":true,"detail":true,"axes":15,"portrait":"not required","download":"marxism-leninism-audit-r1.json","horizontalOverflow":false},{"id":"fanonism","width":390,"index":true,"search":true,"detail":true,"axes":15,"portrait":"not required","download":"fanonism-audit-r1.json","horizontalOverflow":false},{"id":"christian-nationalism","width":390,"index":true,"search":true,"detail":true,"axes":15,"portrait":"not required","download":"christian-nationalism-audit-r1.json","horizontalOverflow":false},{"id":"vladimir-lenin","width":390,"index":true,"search":true,"detail":true,"axes":15,"portrait":"decoded","download":"vladimir-lenin-audit-r5.json","horizontalOverflow":false},{"id":"ho-chi-minh","width":390,"index":true,"search":true,"detail":true,"axes":15,"portrait":"decoded","download":"ho-chi-minh-audit-r7.json","horizontalOverflow":false},{"id":"clement-attlee","width":390,"index":true,"search":true,"detail":true,"axes":15,"portrait":"decoded","download":"clement-attlee-audit-r4.json","horizontalOverflow":false},{"id":"bernie-sanders","width":390,"index":true,"search":true,"detail":true,"axes":15,"portrait":"decoded","download":"bernie-sanders-audit-r6.json","horizontalOverflow":false},{"id":"keir-starmer","width":390,"index":true,"search":true,"detail":true,"axes":15,"portrait":"decoded","download":"keir-starmer-audit-r4.json","horizontalOverflow":false},{"id":"javier-milei","width":390,"index":true,"search":true,"detail":true,"axes":15,"portrait":"decoded","download":"javier-milei-audit-r4.json","horizontalOverflow":false},{"id":"john-locke","width":390,"index":true,"search":true,"detail":true,"axes":15,"portrait":"decoded","download":"john-locke-audit-r6.json","horizontalOverflow":false},{"id":"robert-menzies","width":390,"index":true,"search":true,"detail":true,"axes":15,"portrait":"decoded","download":"robert-menzies-audit-r4.json","horizontalOverflow":false},{"id":"trotskyism","width":390,"index":true,"search":true,"detail":true,"axes":15,"portrait":"not required","download":"trotskyism-audit-r5.json","horizontalOverflow":false}],"creditsChecked":52,"pageErrors":[]}
### Ran Playwright code
```js
await (async (page) => {
const profiles=[{"id":"kevin-rudd","catalogue":"personality","name":"Kevin Rudd","revision":1,"image":{"path":"profiles/images/kevin-rudd-r1.jpg","alt":"Portrait of Kevin Rudd","sourceUrl":"https://commons.wikimedia.org/wiki/File:Kevin_Michael_Rudd_HOM_2023_Portrait_(3x4_cropped).jpg","creator":"Department of Foreign Affairs and Trade","license":"CC BY 4.0","licenseUrl":"https://creativecommons.org/licenses/by/4.0"},"auditPath":"profiles/audits/personality/kevin-rudd/1.json"},{"id":"malcolm-turnbull","catalogue":"personality","name":"Malcolm Turnbull","revision":1,"image":{"path":"profiles/images/malcolm-turnbull-r1.jpg","alt":"Portrait of Malcolm Turnbull","sourceUrl":"https://commons.wikimedia.org/wiki/File:Malcolm_Turnbull_Portrait_(3x4_cropped).jpg","creator":"Commonwealth of Australia","license":"CC BY 3.0 au","licenseUrl":"https://creativecommons.org/licenses/by/3.0/au/deed.en"},"auditPath":"profiles/audits/personality/malcolm-turnbull/1.json"},{"id":"olaf-scholz","catalogue":"personality","name":"Olaf Scholz","revision":1,"image":{"path":"profiles/images/olaf-scholz-r1.jpg","alt":"Portrait of Olaf Scholz","sourceUrl":"https://commons.wikimedia.org/wiki/File:Olaf_Scholz_September_2024.jpg","creator":"Lula Oficial","license":"CC BY-SA 2.0","licenseUrl":"https://creativecommons.org/licenses/by-sa/2.0"},"auditPath":"profiles/audits/personality/olaf-scholz/1.json"},{"id":"mark-carney","catalogue":"personality","name":"Mark Carney","revision":1,"image":{"path":"profiles/images/mark-carney-r1.jpg","alt":"Portrait of Mark Carney","sourceUrl":"https://commons.wikimedia.org/wiki/File:Mark_Carney_Argentina_v_Spain_19_July_2026-303_(3x4_close_up_cropped).jpg","creator":"Bryan Berlin","license":"CC BY-SA 4.0","licenseUrl":"https://creativecommons.org/licenses/by-sa/4.0"},"auditPath":"profiles/audits/personality/mark-carney/1.json"},{"id":"dominik-tarczynski","catalogue":"personality","name":"Dominik Tarczyński","revision":1,"image":{"path":"profiles/images/dominik-tarczynski-r1.jpg","alt":"Portrait of Dominik Tarczyński","sourceUrl":"https://commons.wikimedia.org/wiki/File:MEP_Dominik_Tarczy%C5%84ski.jpg","creator":"© European Union 2019 – Source: European Parliament","license":"European Parliament","licenseUrl":"https://www.europarl.europa.eu/legal-notice/"},"auditPath":"profiles/audits/personality/dominik-tarczynski/1.json"},{"id":"leon-trotsky","catalogue":"personality","name":"Leon Trotsky","revision":1,"image":{"path":"profiles/images/leon-trotsky-r1.jpg","alt":"Portrait of Leon Trotsky","sourceUrl":"https://commons.wikimedia.org/wiki/File:Leon_Trotsky_1918_(3x4_rotated_cropped_b).jpg","creator":"Rijksmuseum","license":"CC0","licenseUrl":"http://creativecommons.org/publicdomain/zero/1.0/deed.en"},"auditPath":"profiles/audits/personality/leon-trotsky/1.json"},{"id":"julius-malema","catalogue":"personality","name":"Julius Malema","revision":1,"image":{"path":"profiles/images/julius-malema-r1.jpg","alt":"Portrait of Julius Malema","sourceUrl":"https://commons.wikimedia.org/wiki/File:Julius_Malema,_November_2024_(cropped).png","creator":"Economic Freedom Fighters / Economic Freedom Fighters' Offical Youtube Channel","license":"CC BY 3.0","licenseUrl":"https://creativecommons.org/licenses/by/3.0"},"auditPath":"profiles/audits/personality/julius-malema/1.json"},{"id":"josip-broz-tito","catalogue":"personality","name":"Josip Broz Tito","revision":1,"image":{"path":"profiles/images/josip-broz-tito-r1.jpg","alt":"Portrait of Josip Broz Tito","sourceUrl":"https://commons.wikimedia.org/wiki/File:Josip_Broz_Tito_uniform_portrait.jpg","creator":"Unknown author Unknown author","license":"Public domain (expired Yugoslav photographic copyright; PD-Slovenia)","licenseUrl":"https://commons.wikimedia.org/wiki/Template:PD-Slovenia"},"auditPath":"profiles/audits/personality/josip-broz-tito/1.json"},{"id":"adam-bandt","catalogue":"personality","name":"Adam Bandt","revision":1,"image":{"path":"profiles/images/adam-bandt-r1.jpg","alt":"Portrait of Adam Bandt","sourceUrl":"https://commons.wikimedia.org/wiki/File:AdamBandt.jpg","creator":"Australian Greens","license":"CC BY-SA 2.5 au","licenseUrl":"https://creativecommons.org/licenses/by-sa/2.5/au/deed.en"},"auditPath":"profiles/audits/personality/adam-bandt/1.json"},{"id":"friedrich-ebert","catalogue":"personality","name":"Friedrich Ebert","revision":1,"image":{"path":"profiles/images/friedrich-ebert-r1.jpg","alt":"Portrait of Friedrich Ebert","sourceUrl":"https://commons.wikimedia.org/wiki/File:Bundesarchiv_Bild_102-00015,_Friedrich_Ebert(cropped).jpg","creator":"Unknown author Unknown author or not provided","license":"CC BY-SA 3.0 de","licenseUrl":"https://creativecommons.org/licenses/by-sa/3.0/de/deed.en"},"auditPath":"profiles/audits/personality/friedrich-ebert/1.json"},{"id":"allegra-spender","catalogue":"personality","name":"Allegra Spender","revision":1,"image":{"path":"profiles/images/allegra-spender-r1.jpg","alt":"Portrait of Allegra Spender","sourceUrl":"https://commons.wikimedia.org/wiki/File:Allegra_Spender_Unearthed_Entrepreneurs_2018_(cropped).png","creator":"Penshurst Girls Campus, Georges River College, State of New South Wales (Department of Education)","license":"CC BY 4.0","licenseUrl":"https://creativecommons.org/licenses/by/4.0"},"auditPath":"profiles/audits/personality/allegra-spender/1.json"},{"id":"zali-steggall","catalogue":"personality","name":"Zali Steggall","revision":1,"image":{"path":"profiles/images/zali-steggall-r1.jpg","alt":"Portrait of Zali Steggall","sourceUrl":"https://commons.wikimedia.org/wiki/File:Zali_Steggall_official_campaign_image.jpg","creator":"Zali Steggall","license":"CC BY-SA 3.0","licenseUrl":"https://creativecommons.org/licenses/by-sa/3.0"},"auditPath":"profiles/audits/personality/zali-steggall/1.json"},{"id":"charlie-kirk","catalogue":"personality","name":"Charlie Kirk","revision":1,"image":{"path":"profiles/images/charlie-kirk-r1.jpg","alt":"Portrait of Charlie Kirk","sourceUrl":"https://commons.wikimedia.org/wiki/File:Charlie_Kirk_(53952923573)_(headshot_cropped).jpg","creator":"Gage Skidmore from Surprise, AZ, United States of America","license":"CC BY-SA 2.0","licenseUrl":"https://creativecommons.org/licenses/by-sa/2.0"},"auditPath":"profiles/audits/personality/charlie-kirk/1.json"},{"id":"otto-von-bismarck","catalogue":"personality","name":"Otto von Bismarck","revision":1,"image":{"path":"profiles/images/otto-von-bismarck-r1.jpg","alt":"Portrait of Otto von Bismarck","sourceUrl":"https://commons.wikimedia.org/wiki/File:Otto_von_Bismarck_1885_(cropped).jpg","creator":"Unknown author Unknown author","license":"Public domain (Commons PD-old-assumed and pre-1931 US publication)","licenseUrl":"https://creativecommons.org/publicdomain/mark/1.0/"},"auditPath":"profiles/audits/personality/otto-von-bismarck/1.json"},{"id":"alice-weidel","catalogue":"personality","name":"Alice Weidel","revision":1,"image":{"path":"profiles/images/alice-weidel-r1.jpg","alt":"Portrait of Alice Weidel","sourceUrl":"https://commons.wikimedia.org/wiki/File:Alice_Weidel_at_CPAC_Hungary.jpg","creator":"Elekes Andor","license":"CC BY 4.0","licenseUrl":"https://creativecommons.org/licenses/by/4.0"},"auditPath":"profiles/audits/personality/alice-weidel/1.json"},{"id":"ian-smith","catalogue":"personality","name":"Ian Smith","revision":1,"image":{"path":"profiles/images/ian-smith-r1.jpg","alt":"Portrait of Ian Smith","sourceUrl":"https://commons.wikimedia.org/wiki/File:Ian_Smith_1975.jpg","creator":"Colin Weyer, photographer","license":"CC BY-SA 3.0","licenseUrl":"https://creativecommons.org/licenses/by-sa/3.0"},"auditPath":"profiles/audits/personality/ian-smith/1.json"},{"id":"heinrich-himmler","catalogue":"personality","name":"Heinrich Himmler","revision":1,"image":{"path":"profiles/images/heinrich-himmler-r1.jpg","alt":"Portrait of Heinrich Himmler","sourceUrl":"https://commons.wikimedia.org/wiki/File:Heinrich_Himmler_(3x4_cropped)_(2).jpg","creator":"Friedrich Franz Bauer","license":"CC BY-SA 3.0 de","licenseUrl":"https://creativecommons.org/licenses/by-sa/3.0/de/deed.en"},"auditPath":"profiles/audits/personality/heinrich-himmler/1.json"},{"id":"thomas-sewell","catalogue":"personality","name":"Thomas Sewell","revision":2,"image":{"path":"profiles/images/thomas-sewell-r2.png","alt":"Thomas Sewell wearing a black cap and jacket outdoors","sourceUrl":"https://www.theguardian.com/","creator":"The Guardian (source supplied by owner; photographer unspecified)","license":"Copyright; reuse licence not supplied","licenseUrl":"https://www.theguardian.com/help/terms-of-service"},"auditPath":"profiles/audits/personality/thomas-sewell/2.json"},{"id":"capitalism","catalogue":"ideology","name":"Capitalism","revision":1,"auditPath":"profiles/audits/ideology/capitalism/1.json"},{"id":"leninism","catalogue":"ideology","name":"Leninism","revision":1,"auditPath":"profiles/audits/ideology/leninism/1.json"},{"id":"titoism","catalogue":"ideology","name":"Titoism","revision":1,"auditPath":"profiles/audits/ideology/titoism/1.json"},{"id":"neo-nazism","catalogue":"ideology","name":"Neo-Nazism","revision":1,"auditPath":"profiles/audits/ideology/neo-nazism/1.json"},{"id":"marxism-leninism","catalogue":"ideology","name":"Marxism–Leninism","revision":1,"auditPath":"profiles/audits/ideology/marxism-leninism/1.json"},{"id":"fanonism","catalogue":"ideology","name":"Fanonism","revision":1,"auditPath":"profiles/audits/ideology/fanonism/1.json"},{"id":"christian-nationalism","catalogue":"ideology","name":"Christian nationalism","revision":1,"auditPath":"profiles/audits/ideology/christian-nationalism/1.json"},{"id":"vladimir-lenin","catalogue":"personality","name":"Vladimir Lenin","revision":5,"image":{"path":"profiles/images/vladimir-lenin-r1.jpg","alt":"Portrait of Vladimir Lenin","sourceUrl":"https://commons.wikimedia.org/wiki/File:Lenin_in_1920_(cropped).jpg","creator":"Unknown, presumably official","license":"Public domain","licenseUrl":"https://creativecommons.org/publicdomain/mark/1.0/"},"auditPath":"profiles/audits/personality/vladimir-lenin/5.json"},{"id":"ho-chi-minh","catalogue":"personality","name":"Ho Chi Minh","revision":7,"image":{"path":"profiles/images/ho-chi-minh-r1.jpg","alt":"Portrait of Ho Chi Minh","sourceUrl":"https://commons.wikimedia.org/wiki/File:Ho_Chi_Minh_-_1946_Portrait_(cropped).jpg","creator":"Unknown photographer or artist, as recorded on Commons","license":"Public domain","licenseUrl":"https://creativecommons.org/publicdomain/mark/1.0/"},"auditPath":"profiles/audits/personality/ho-chi-minh/7.json"},{"id":"clement-attlee","catalogue":"personality","name":"Clement Attlee","revision":4,"image":{"path":"profiles/images/clement-attlee-r1.jpg","alt":"Portrait of Clement Attlee","sourceUrl":"https://commons.wikimedia.org/wiki/File:Person_attlee2.jpg","creator":"Presumably Yousuf Karsh","license":"Public domain","licenseUrl":"https://creativecommons.org/publicdomain/mark/1.0/"},"auditPath":"profiles/audits/personality/clement-attlee/4.json"},{"id":"bernie-sanders","catalogue":"personality","name":"Bernie Sanders","revision":6,"image":{"path":"profiles/images/bernie-sanders-r2.jpg","alt":"Bernie Sanders portrait","sourceUrl":"https://commons.wikimedia.org/wiki/File:Bernie_Sanders_February_2026_(cropped).jpg","creator":"Anderseidesvik","license":"CC BY-SA 4.0","licenseUrl":"https://creativecommons.org/licenses/by-sa/4.0"},"auditPath":"profiles/audits/personality/bernie-sanders/6.json"},{"id":"keir-starmer","catalogue":"personality","name":"Keir Starmer","revision":4,"image":{"path":"profiles/images/keir-starmer-r1.jpg","alt":"Portrait of Keir Starmer","sourceUrl":"https://commons.wikimedia.org/wiki/File:Prime_Minister_Keir_Starmer_Portrait_(cropped).jpg","creator":"Simon Dawson / No. 10 Downing Street","license":"OGL 3","licenseUrl":"http://www.nationalarchives.gov.uk/doc/open-government-licence/version/3"},"auditPath":"profiles/audits/personality/keir-starmer/4.json"},{"id":"javier-milei","catalogue":"personality","name":"Javier Milei","revision":4,"image":{"path":"profiles/images/javier-milei-r1.jpg","alt":"Portrait of Javier Milei","sourceUrl":"https://commons.wikimedia.org/wiki/File:Javier_Milei_in_pull-aside_meeting_at_the_United_Nations_Headquarters_(3x4_cropped).jpg","creator":"The White House","license":"Public domain","licenseUrl":"https://creativecommons.org/publicdomain/mark/1.0/"},"auditPath":"profiles/audits/personality/javier-milei/4.json"},{"id":"john-locke","catalogue":"personality","name":"John Locke","revision":6,"image":{"path":"profiles/images/john-locke-r2.jpg","alt":"Portrait of John Locke","sourceUrl":"https://commons.wikimedia.org/wiki/File:Godfrey_Kneller_-_Portrait_of_John_Locke_(Hermitage).jpg","creator":"Godfrey Kneller / Hermitage Museum","license":"Public domain","licenseUrl":"https://creativecommons.org/publicdomain/mark/1.0/"},"auditPath":"profiles/audits/personality/john-locke/6.json"},{"id":"robert-menzies","catalogue":"personality","name":"Robert Menzies","revision":4,"image":{"path":"profiles/images/robert-menzies-r1.jpg","alt":"Portrait of Robert Menzies","sourceUrl":"https://commons.wikimedia.org/wiki/File:Portrait_Menzies_1950s.jpg","creator":"National Library of Australia","license":"Public domain","licenseUrl":"https://creativecommons.org/publicdomain/mark/1.0/"},"auditPath":"profiles/audits/personality/robert-menzies/4.json"},{"id":"trotskyism","catalogue":"ideology","name":"Trotskyism","revision":5,"auditPath":"profiles/audits/ideology/trotskyism/5.json"}];
const results=[];const errors=[];page.on('pageerror',e=>errors.push(e.message));
for(const width of [1440,390]) {
 await page.setViewportSize({width,height:width===390?844:1000});
 for(const p of profiles) {
  const route=p.catalogue==='personality'?'personalities':'ideologies';
  await page.goto('http://127.0.0.1:5182/political-quiz/#/'+route);
  const search=page.getByRole('searchbox');await search.waitFor();await search.fill(p.name);
  const link=p.catalogue==='personality'?page.getByRole('link',{name:p.name,exact:true}):page.getByRole('link',{name:'View '+p.name+' profile',exact:true});
  await link.waitFor();await link.click();await page.getByRole('heading',{level:1,name:p.name,exact:true}).waitFor();
  const count=await page.locator('main article').count();if(count!==15)throw Error(p.id+' axes '+count);
  if(p.image){const im=page.getByRole('img',{name:p.image.alt,exact:true}).first();await im.waitFor();await im.evaluate(el=>el.decode());if(!await im.evaluate(el=>el.naturalWidth>0))throw Error(p.id+' image');}
  if(!await page.evaluate(()=>document.documentElement.scrollWidth<=innerWidth))throw Error(p.id+' horizontal overflow at '+width);
  await page.locator('summary').filter({hasText:'Sources and assessment'}).first().click();
  const dl=page.getByRole('link',{name:'Download the full assessment',exact:true});
  const href=await dl.getAttribute('href');if(!href.endsWith(p.auditPath))throw Error(p.id+' download href');
  const promise=page.waitForEvent('download');await dl.click();const download=await promise;
  if(await download.failure())throw Error(p.id+' download failure');await download.saveAs('output/playwright/downloads/'+p.id+'-'+width+'.json');
  if(['kevin-rudd','thomas-sewell','capitalism','titoism','christian-nationalism'].includes(p.id))await page.screenshot({path:'output/playwright/'+p.id+'-'+width+'.png',fullPage:true});
  results.push({id:p.id,width,index:true,search:true,detail:true,axes:count,portrait:p.image?'decoded':'not required',download:download.suggestedFilename(),horizontalOverflow:false});
 }
 await page.getByRole('link',{name:'Image credits',exact:true}).click();await page.getByRole('heading',{level:1,name:'Image credits.',exact:true}).waitFor();
 for(const p of profiles.filter(p=>p.image)){const section=page.locator('main section').filter({has:page.locator('a[href='+JSON.stringify(p.image.sourceUrl)+']')});if(await section.count()!==1)throw Error(p.id+' shared credit');if(await section.locator('a').filter({hasText:/source/i}).getAttribute('href')!==p.image.sourceUrl)throw Error(p.id+' credit source');if(await section.locator('a[href='+JSON.stringify(p.image.licenseUrl)+']').first().getAttribute('href')!==p.image.licenseUrl)throw Error(p.id+' credit license');}
}
if(errors.length)throw Error(JSON.stringify(errors));return {results,creditsChecked:profiles.filter(p=>p.image).length*2,pageErrors:errors};
})(page);
```
### Page
- Page URL: http://127.0.0.1:5182/political-quiz/#/credits
- Page Title: Image credits — 15 Values
### Events
- Downloading file kevin-rudd-audit-r1.json ...
- Downloaded file kevin-rudd-audit-r1.json to ".playwright-cli/kevin-rudd-audit-r1.json"
- Downloading file malcolm-turnbull-audit-r1.json ...
- Downloaded file malcolm-turnbull-audit-r1.json to ".playwright-cli/malcolm-turnbull-audit-r1.json"
- Downloading file olaf-scholz-audit-r1.json ...
- Downloaded file olaf-scholz-audit-r1.json to ".playwright-cli/olaf-scholz-audit-r1.json"
- Downloading file mark-carney-audit-r1.json ...
- Downloaded file mark-carney-audit-r1.json to ".playwright-cli/mark-carney-audit-r1.json"
- Downloading file dominik-tarczynski-audit-r1.json ...
- Downloaded file dominik-tarczynski-audit-r1.json to ".playwright-cli/dominik-tarczynski-audit-r1.json"
- Downloading file leon-trotsky-audit-r1.json ...
- Downloaded file leon-trotsky-audit-r1.json to ".playwright-cli/leon-trotsky-audit-r1.json"
- Downloading file julius-malema-audit-r1.json ...
- Downloaded file julius-malema-audit-r1.json to ".playwright-cli/julius-malema-audit-r1.json"
- Downloading file josip-broz-tito-audit-r1.json ...
- Downloaded file josip-broz-tito-audit-r1.json to ".playwright-cli/josip-broz-tito-audit-r1.json"
- Downloading file adam-bandt-audit-r1.json ...
- Downloaded file adam-bandt-audit-r1.json to ".playwright-cli/adam-bandt-audit-r1.json"
- Downloading file friedrich-ebert-audit-r1.json ...
- Downloaded file friedrich-ebert-audit-r1.json to ".playwright-cli/friedrich-ebert-audit-r1.json"
- Downloading file allegra-spender-audit-r1.json ...
- Downloaded file allegra-spender-audit-r1.json to ".playwright-cli/allegra-spender-audit-r1.json"
- Downloading file zali-steggall-audit-r1.json ...
- Downloaded file zali-steggall-audit-r1.json to ".playwright-cli/zali-steggall-audit-r1.json"
- Downloading file charlie-kirk-audit-r1.json ...
- Downloaded file charlie-kirk-audit-r1.json to ".playwright-cli/charlie-kirk-audit-r1.json"
- Downloading file otto-von-bismarck-audit-r1.json ...
- Downloaded file otto-von-bismarck-audit-r1.json to ".playwright-cli/otto-von-bismarck-audit-r1.json"
- Downloading file alice-weidel-audit-r1.json ...
- Downloaded file alice-weidel-audit-r1.json to ".playwright-cli/alice-weidel-audit-r1.json"
- Downloading file ian-smith-audit-r1.json ...
- Downloaded file ian-smith-audit-r1.json to ".playwright-cli/ian-smith-audit-r1.json"
- Downloading file heinrich-himmler-audit-r1.json ...
- Downloaded file heinrich-himmler-audit-r1.json to ".playwright-cli/heinrich-himmler-audit-r1.json"
- Downloading file thomas-sewell-audit-r2.json ...
- Downloaded file thomas-sewell-audit-r2.json to ".playwright-cli/thomas-sewell-audit-r2.json"
- Downloading file capitalism-audit-r1.json ...
- Downloaded file capitalism-audit-r1.json to ".playwright-cli/capitalism-audit-r1.json"
- Downloading file leninism-audit-r1.json ...
- Downloaded file leninism-audit-r1.json to ".playwright-cli/leninism-audit-r1.json"
- Downloading file titoism-audit-r1.json ...
- Downloaded file titoism-audit-r1.json to ".playwright-cli/titoism-audit-r1.json"
- Downloading file neo-nazism-audit-r1.json ...
- Downloaded file neo-nazism-audit-r1.json to ".playwright-cli/neo-nazism-audit-r1.json"
- Downloading file marxism-leninism-audit-r1.json ...
- Downloaded file marxism-leninism-audit-r1.json to ".playwright-cli/marxism-leninism-audit-r1.json"
- Downloading file fanonism-audit-r1.json ...
- Downloaded file fanonism-audit-r1.json to ".playwright-cli/fanonism-audit-r1.json"
- Downloading file christian-nationalism-audit-r1.json ...
- Downloaded file christian-nationalism-audit-r1.json to ".playwright-cli/christian-nationalism-audit-r1.json"
- Downloading file vladimir-lenin-audit-r5.json ...
- Downloaded file vladimir-lenin-audit-r5.json to ".playwright-cli/vladimir-lenin-audit-r5.json"
- Downloading file ho-chi-minh-audit-r7.json ...
- Downloaded file ho-chi-minh-audit-r7.json to ".playwright-cli/ho-chi-minh-audit-r7.json"
- Downloading file clement-attlee-audit-r4.json ...
- Downloaded file clement-attlee-audit-r4.json to ".playwright-cli/clement-attlee-audit-r4.json"
- Downloading file bernie-sanders-audit-r6.json ...
- Downloaded file bernie-sanders-audit-r6.json to ".playwright-cli/bernie-sanders-audit-r6.json"
- Downloading file keir-starmer-audit-r4.json ...
- Downloaded file keir-starmer-audit-r4.json to ".playwright-cli/keir-starmer-audit-r4.json"
- Downloading file javier-milei-audit-r4.json ...
- Downloaded file javier-milei-audit-r4.json to ".playwright-cli/javier-milei-audit-r4.json"
- Downloading file john-locke-audit-r6.json ...
- Downloaded file john-locke-audit-r6.json to ".playwright-cli/john-locke-audit-r6.json"
- Downloading file robert-menzies-audit-r4.json ...
- Downloaded file robert-menzies-audit-r4.json to ".playwright-cli/robert-menzies-audit-r4.json"
- Downloading file trotskyism-audit-r5.json ...
- Downloaded file trotskyism-audit-r5.json to ".playwright-cli/trotskyism-audit-r5.json"
- Downloading file kevin-rudd-audit-r1.json ...
- Downloaded file kevin-rudd-audit-r1.json to ".playwright-cli/kevin-rudd-audit-r1.json"
- Downloading file malcolm-turnbull-audit-r1.json ...
- Downloaded file malcolm-turnbull-audit-r1.json to ".playwright-cli/malcolm-turnbull-audit-r1.json"
- Downloading file olaf-scholz-audit-r1.json ...
- Downloaded file olaf-scholz-audit-r1.json to ".playwright-cli/olaf-scholz-audit-r1.json"
- Downloading file mark-carney-audit-r1.json ...
- Downloaded file mark-carney-audit-r1.json to ".playwright-cli/mark-carney-audit-r1.json"
- Downloading file dominik-tarczynski-audit-r1.json ...
- Downloaded file dominik-tarczynski-audit-r1.json to ".playwright-cli/dominik-tarczynski-audit-r1.json"
- Downloading file leon-trotsky-audit-r1.json ...
- Downloaded file leon-trotsky-audit-r1.json to ".playwright-cli/leon-trotsky-audit-r1.json"
- Downloading file julius-malema-audit-r1.json ...
- Downloaded file julius-malema-audit-r1.json to ".playwright-cli/julius-malema-audit-r1.json"
- Downloading file josip-broz-tito-audit-r1.json ...
- Downloaded file josip-broz-tito-audit-r1.json to ".playwright-cli/josip-broz-tito-audit-r1.json"
- Downloading file adam-bandt-audit-r1.json ...
- Downloaded file adam-bandt-audit-r1.json to ".playwright-cli/adam-bandt-audit-r1.json"
- Downloading file friedrich-ebert-audit-r1.json ...
- Downloaded file friedrich-ebert-audit-r1.json to ".playwright-cli/friedrich-ebert-audit-r1.json"
- Downloading file allegra-spender-audit-r1.json ...
- Downloaded file allegra-spender-audit-r1.json to ".playwright-cli/allegra-spender-audit-r1.json"
- Downloading file zali-steggall-audit-r1.json ...
- Downloaded file zali-steggall-audit-r1.json to ".playwright-cli/zali-steggall-audit-r1.json"
- Downloading file charlie-kirk-audit-r1.json ...
- Downloaded file charlie-kirk-audit-r1.json to ".playwright-cli/charlie-kirk-audit-r1.json"
- Downloading file otto-von-bismarck-audit-r1.json ...
- Downloaded file otto-von-bismarck-audit-r1.json to ".playwright-cli/otto-von-bismarck-audit-r1.json"
- Downloading file alice-weidel-audit-r1.json ...
- Downloaded file alice-weidel-audit-r1.json to ".playwright-cli/alice-weidel-audit-r1.json"
- Downloading file ian-smith-audit-r1.json ...
- Downloaded file ian-smith-audit-r1.json to ".playwright-cli/ian-smith-audit-r1.json"
- Downloading file heinrich-himmler-audit-r1.json ...
- Downloaded file heinrich-himmler-audit-r1.json to ".playwright-cli/heinrich-himmler-audit-r1.json"
- Downloading file thomas-sewell-audit-r2.json ...
- Downloaded file thomas-sewell-audit-r2.json to ".playwright-cli/thomas-sewell-audit-r2.json"
- Downloading file capitalism-audit-r1.json ...
- Downloaded file capitalism-audit-r1.json to ".playwright-cli/capitalism-audit-r1.json"
- Downloading file leninism-audit-r1.json ...
- Downloaded file leninism-audit-r1.json to ".playwright-cli/leninism-audit-r1.json"
- Downloading file titoism-audit-r1.json ...
- Downloaded file titoism-audit-r1.json to ".playwright-cli/titoism-audit-r1.json"
- Downloading file neo-nazism-audit-r1.json ...
- Downloaded file neo-nazism-audit-r1.json to ".playwright-cli/neo-nazism-audit-r1.json"
- Downloading file marxism-leninism-audit-r1.json ...
- Downloaded file marxism-leninism-audit-r1.json to ".playwright-cli/marxism-leninism-audit-r1.json"
- Downloading file fanonism-audit-r1.json ...
- Downloaded file fanonism-audit-r1.json to ".playwright-cli/fanonism-audit-r1.json"
- Downloading file christian-nationalism-audit-r1.json ...
- Downloaded file christian-nationalism-audit-r1.json to ".playwright-cli/christian-nationalism-audit-r1.json"
- Downloading file vladimir-lenin-audit-r5.json ...
- Downloaded file vladimir-lenin-audit-r5.json to ".playwright-cli/vladimir-lenin-audit-r5.json"
- Downloading file ho-chi-minh-audit-r7.json ...
- Downloaded file ho-chi-minh-audit-r7.json to ".playwright-cli/ho-chi-minh-audit-r7.json"
- Downloading file clement-attlee-audit-r4.json ...
- Downloaded file clement-attlee-audit-r4.json to ".playwright-cli/clement-attlee-audit-r4.json"
- Downloading file bernie-sanders-audit-r6.json ...
- Downloaded file bernie-sanders-audit-r6.json to ".playwright-cli/bernie-sanders-audit-r6.json"
- Downloading file keir-starmer-audit-r4.json ...
- Downloaded file keir-starmer-audit-r4.json to ".playwright-cli/keir-starmer-audit-r4.json"
- Downloading file javier-milei-audit-r4.json ...
- Downloaded file javier-milei-audit-r4.json to ".playwright-cli/javier-milei-audit-r4.json"
- Downloading file john-locke-audit-r6.json ...
- Downloaded file john-locke-audit-r6.json to ".playwright-cli/john-locke-audit-r6.json"
- Downloading file robert-menzies-audit-r4.json ...
- Downloaded file robert-menzies-audit-r4.json to ".playwright-cli/robert-menzies-audit-r4.json"
- Downloading file trotskyism-audit-r5.json ...
- Downloaded file trotskyism-audit-r5.json to ".playwright-cli/trotskyism-audit-r5.json"
- Downloading file kevin-rudd-audit-r1.json ...
- Downloaded file kevin-rudd-audit-r1.json to ".playwright-cli/kevin-rudd-audit-r1.json"
- Downloading file malcolm-turnbull-audit-r1.json ...
- Downloaded file malcolm-turnbull-audit-r1.json to ".playwright-cli/malcolm-turnbull-audit-r1.json"
- Downloading file olaf-scholz-audit-r1.json ...
- Downloaded file olaf-scholz-audit-r1.json to ".playwright-cli/olaf-scholz-audit-r1.json"
- Downloading file mark-carney-audit-r1.json ...
- Downloaded file mark-carney-audit-r1.json to ".playwright-cli/mark-carney-audit-r1.json"
- Downloading file dominik-tarczynski-audit-r1.json ...
- Downloaded file dominik-tarczynski-audit-r1.json to ".playwright-cli/dominik-tarczynski-audit-r1.json"
- Downloading file leon-trotsky-audit-r1.json ...
- Downloaded file leon-trotsky-audit-r1.json to ".playwright-cli/leon-trotsky-audit-r1.json"
- Downloading file julius-malema-audit-r1.json ...
- Downloaded file julius-malema-audit-r1.json to ".playwright-cli/julius-malema-audit-r1.json"
- Downloading file josip-broz-tito-audit-r1.json ...
- Downloaded file josip-broz-tito-audit-r1.json to ".playwright-cli/josip-broz-tito-audit-r1.json"
- Downloading file adam-bandt-audit-r1.json ...
- Downloaded file adam-bandt-audit-r1.json to ".playwright-cli/adam-bandt-audit-r1.json"
- Downloading file friedrich-ebert-audit-r1.json ...
- Downloaded file friedrich-ebert-audit-r1.json to ".playwright-cli/friedrich-ebert-audit-r1.json"
- Downloading file allegra-spender-audit-r1.json ...
- Downloaded file allegra-spender-audit-r1.json to ".playwright-cli/allegra-spender-audit-r1.json"
- Downloading file zali-steggall-audit-r1.json ...
- Downloaded file zali-steggall-audit-r1.json to ".playwright-cli/zali-steggall-audit-r1.json"
- Downloading file charlie-kirk-audit-r1.json ...
- Downloaded file charlie-kirk-audit-r1.json to ".playwright-cli/charlie-kirk-audit-r1.json"
- Downloading file otto-von-bismarck-audit-r1.json ...
- Downloaded file otto-von-bismarck-audit-r1.json to ".playwright-cli/otto-von-bismarck-audit-r1.json"
- Downloading file alice-weidel-audit-r1.json ...
- Downloaded file alice-weidel-audit-r1.json to ".playwright-cli/alice-weidel-audit-r1.json"
- Downloading file ian-smith-audit-r1.json ...
- Downloaded file ian-smith-audit-r1.json to ".playwright-cli/ian-smith-audit-r1.json"
- Downloading file heinrich-himmler-audit-r1.json ...
- Downloaded file heinrich-himmler-audit-r1.json to ".playwright-cli/heinrich-himmler-audit-r1.json"
- Downloading file thomas-sewell-audit-r2.json ...
- Downloaded file thomas-sewell-audit-r2.json to ".playwright-cli/thomas-sewell-audit-r2.json"
- Downloading file capitalism-audit-r1.json ...
- Downloaded file capitalism-audit-r1.json to ".playwright-cli/capitalism-audit-r1.json"
- Downloading file leninism-audit-r1.json ...
- Downloaded file leninism-audit-r1.json to ".playwright-cli/leninism-audit-r1.json"
- Downloading file titoism-audit-r1.json ...
- Downloaded file titoism-audit-r1.json to ".playwright-cli/titoism-audit-r1.json"
- Downloading file neo-nazism-audit-r1.json ...
- Downloaded file neo-nazism-audit-r1.json to ".playwright-cli/neo-nazism-audit-r1.json"
- Downloading file marxism-leninism-audit-r1.json ...
- Downloaded file marxism-leninism-audit-r1.json to ".playwright-cli/marxism-leninism-audit-r1.json"
- Downloading file fanonism-audit-r1.json ...
- Downloaded file fanonism-audit-r1.json to ".playwright-cli/fanonism-audit-r1.json"
- Downloading file christian-nationalism-audit-r1.json ...
- Downloaded file christian-nationalism-audit-r1.json to ".playwright-cli/christian-nationalism-audit-r1.json"
- Downloading file vladimir-lenin-audit-r5.json ...
- Downloaded file vladimir-lenin-audit-r5.json to ".playwright-cli/vladimir-lenin-audit-r5.json"
- Downloading file ho-chi-minh-audit-r7.json ...
- Downloaded file ho-chi-minh-audit-r7.json to ".playwright-cli/ho-chi-minh-audit-r7.json"
- Downloading file clement-attlee-audit-r4.json ...
- Downloaded file clement-attlee-audit-r4.json to ".playwright-cli/clement-attlee-audit-r4.json"
- Downloading file bernie-sanders-audit-r6.json ...
- Downloaded file bernie-sanders-audit-r6.json to ".playwright-cli/bernie-sanders-audit-r6.json"
- Downloading file keir-starmer-audit-r4.json ...
- Downloaded file keir-starmer-audit-r4.json to ".playwright-cli/keir-starmer-audit-r4.json"
- Downloading file javier-milei-audit-r4.json ...
- Downloaded file javier-milei-audit-r4.json to ".playwright-cli/javier-milei-audit-r4.json"
- Downloading file john-locke-audit-r6.json ...
- Downloaded file john-locke-audit-r6.json to ".playwright-cli/john-locke-audit-r6.json"
- Downloading file robert-menzies-audit-r4.json ...
- Downloaded file robert-menzies-audit-r4.json to ".playwright-cli/robert-menzies-audit-r4.json"
- Downloading file trotskyism-audit-r5.json ...
- Downloaded file trotskyism-audit-r5.json to ".playwright-cli/trotskyism-audit-r5.json"
