{
  "errors": [],
  "warnings": [],
  "neighbours": [
    {
      "id": "alice-weidel",
      "revision": 1,
      "similarity": 90.5
    },
    {
      "id": "rupert-lowe",
      "revision": 6,
      "similarity": 88.42
    },
    {
      "id": "donald-trump",
      "revision": 8,
      "similarity": 83.86666666666667
    },
    {
      "id": "nigel-farage",
      "revision": 6,
      "similarity": 83.53333333333333
    },
    {
      "id": "pauline-hanson",
      "revision": 6,
      "similarity": 83.22
    }
  ],
  "scores": [
    {
      "axisId": "democracy-autocracy",
      "leftPercent": 53.1,
      "rightPercent": 46.9,
      "answered": 16,
      "neutral": 0
    },
    {
      "axisId": "authority-liberty",
      "leftPercent": 26.6,
      "rightPercent": 73.4,
      "answered": 16,
      "neutral": 2
    },
    {
      "axisId": "assimilation-multiculturalism",
      "leftPercent": 90.6,
      "rightPercent": 9.4,
      "answered": 16,
      "neutral": 0
    },
    {
      "axisId": "restricted-immigration-open-immigration",
      "leftPercent": 89.1,
      "rightPercent": 10.9,
      "answered": 16,
      "neutral": 1
    },
    {
      "axisId": "militarist-pacifist",
      "leftPercent": 48.4,
      "rightPercent": 51.6,
      "answered": 16,
      "neutral": 0
    },
    {
      "axisId": "nationalism-internationalism",
      "leftPercent": 84.4,
      "rightPercent": 15.6,
      "answered": 16,
      "neutral": 1
    },
    {
      "axisId": "public-private",
      "leftPercent": 6.2,
      "rightPercent": 93.8,
      "answered": 16,
      "neutral": 0
    },
    {
      "axisId": "protectionism-free-trade",
      "leftPercent": 64.1,
      "rightPercent": 35.9,
      "answered": 16,
      "neutral": 2
    },
    {
      "axisId": "planning-free-market",
      "leftPercent": 10.9,
      "rightPercent": 89.1,
      "answered": 16,
      "neutral": 0
    },
    {
      "axisId": "high-redistribution-low-redistribution",
      "leftPercent": 10.9,
      "rightPercent": 89.1,
      "answered": 16,
      "neutral": 0
    },
    {
      "axisId": "secular-religious",
      "leftPercent": 32.8,
      "rightPercent": 67.2,
      "answered": 16,
      "neutral": 1
    },
    {
      "axisId": "progressive-traditionalist",
      "leftPercent": 4.7,
      "rightPercent": 95.3,
      "answered": 16,
      "neutral": 0
    },
    {
      "axisId": "innovation-caution",
      "leftPercent": 51.6,
      "rightPercent": 48.4,
      "answered": 16,
      "neutral": 1
    },
    {
      "axisId": "central-local",
      "leftPercent": 46.9,
      "rightPercent": 53.1,
      "answered": 16,
      "neutral": 1
    },
    {
      "axisId": "culture-nature",
      "leftPercent": 50,
      "rightPercent": 50,
      "answered": 16,
      "neutral": 3
    }
  ]
}

Archived profile-audit/answers/personality/charlie-kirk/1.json. Run profiles build to regenerate the catalogue; the draft is retained.
