
> 15-values-quiz@0.0.0 test:e2e
> playwright test --last-failed --workers=1 --output=/tmp/15values-personality-additions-e2e-retry

[WebServer] (node:69571) Warning: The 'NO_COLOR' env is ignored due to the 'FORCE_COLOR' env being set.
[WebServer] (Use `node --trace-warnings ...` to show where the warning was created)

Running 210 tests using 1 worker

(node:69572) Warning: The 'NO_COLOR' env is ignored due to the 'FORCE_COLOR' env being set.
(Use `node --trace-warnings ...` to show where the warning was created)
  ✓    1 [desktop] › tests/authority-migration.spec.ts:10:1 › bank 2 results preserve scores through import, reload and export without new-bank matches (1.4s)
  ✓    2 [desktop] › tests/authority-migration.spec.ts:28:1 › review artifact exposes all 209 assessments and the actual nine old and new statements (763ms)
  ✘    3 [desktop] › tests/authority-migration.spec.ts:48:1 › every published profile serves its matching complete current-bank assessment (930ms)
(node:69600) Warning: The 'NO_COLOR' env is ignored due to the 'FORCE_COLOR' env being set.
(Use `node --trace-warnings ...` to show where the warning was created)
  ✓    4 [desktop] › tests/authority-migration.spec.ts:63:3 › Short: current bank completes and exports the independently calculated scores (4.6s)
  ✓    5 [desktop] › tests/authority-migration.spec.ts:63:3 › Medium: current bank completes and exports the independently calculated scores (7.3s)
  ✓    6 [desktop] › tests/authority-migration.spec.ts:63:3 › Long: current bank completes and exports the independently calculated scores (13.9s)
  ✓    7 [desktop] › tests/authority-migration.spec.ts:63:3 › Comprehensive: current bank completes and exports the independently calculated scores (23.5s)
  ✓    8 [desktop] › tests/authority-policy-migration.spec.ts:9:1 › bank 3 results preserve scores through import, reload and export without new-bank matches (933ms)
  ✓    9 [desktop] › tests/authority-policy-migration.spec.ts:27:1 › review artifact exposes all 209 assessments and the actual six old and new statements (626ms)
  ✓   10 [desktop] › tests/catalogue.spec.ts:9:1 › withdrawn ideology has no placements but preserves the historical assessment link (232ms)
  ✓   11 [desktop] › tests/catalogue.spec.ts:9:1 › withdrawn personality has no placements but preserves the historical assessment link (243ms)
  ✓   12 [desktop] › tests/catalogue.spec.ts:24:1 › all three catalogues browse, search and open full sourced assessments (1.4s)
  ✓   13 [desktop] › tests/catalogue.spec.ts:100:1 › catalogue failures can be retried and missing profiles have a way back (308ms)
  ✓   14 [desktop] › tests/catalogue.spec.ts:113:1 › malformed catalogue data is not rendered as a profile (164ms)
  ✓   15 [desktop] › tests/catalogue.spec.ts:121:1 › ideology groups combine with search and show only pronounced placements (298ms)
  ✓   16 [desktop] › tests/catalogue.spec.ts:149:1 › personality filters combine with search and clear together (371ms)
  ✓   17 [desktop] › tests/catalogue.spec.ts:177:1 › profile comparisons omit political leaning and link similar people (449ms)
  ✓   18 [desktop] › tests/catalogue.spec.ts:197:1 › personality card has exactly ideology, position and origin tags (186ms)
  ✓   19 [desktop] › tests/catalogue.spec.ts:212:1 › ideology pages show linked portraits and flags without labels or percentages (350ms)
  ✓   20 [desktop] › tests/catalogue.spec.ts:229:1 › Hindu nationalism shows Right, Modi and sourced Hindu eligibility (399ms)
  ✓   21 [desktop] › tests/democracy-migration.spec.ts:11:1 › the original bank survives import, reload and export without being matched to the new bank (976ms)
  ✓   22 [desktop] › tests/democracy-migration.spec.ts:30:1 › real revised profiles render and download their complete new immutable assessments (1.1s)
  ✓   23 [desktop] › tests/democracy-migration.spec.ts:58:1 › focused answer review shows the six changed questions and their sourced reasoning (354ms)
  ✓   24 [desktop] › tests/home-example.spec.ts:3:1 › refresh draws another assessed personality with a calculated ideology match (927ms)
  ✓   25 [desktop] › tests/home-strip.spec.ts:8:1 › home strip uses published profiles and links to both types of detail page (1.7s)
  ✓   26 [desktop] › tests/home-strip.spec.ts:44:1 › home strip uses explicit personality leaning metadata and falls back when absent (175ms)
  ✓   27 [desktop] › tests/home-strip.spec.ts:57:1 › strip loops evenly, pauses, resumes and stops for keyboard interaction (1.0s)
  ✓   28 [desktop] › tests/home-strip.spec.ts:85:1 › reduced motion allows manual scrolling without duplicate links or page overflow (556ms)
  ✓   29 [desktop] › tests/home-strip.spec.ts:101:3 › home offers catalogue links when profile data is empty (161ms)
  ✓   30 [desktop] › tests/home-strip.spec.ts:101:3 › home offers catalogue links when profile data is unavailable (164ms)
  ✓   31 [desktop] › tests/home-strip.spec.ts:101:3 › home offers catalogue links when profile data is invalid (176ms)
  ✓   32 [desktop] › tests/navigation.spec.ts:3:1 › quiz navigation never replaces the page with a loading screen (623ms)
  ✓   33 [desktop] › tests/navigation.spec.ts:26:3 › short: a direct quiz link and reload open a working first question (697ms)
  ✓   34 [desktop] › tests/navigation.spec.ts:26:3 › medium: a direct quiz link and reload open a working first question (691ms)
  ✓   35 [desktop] › tests/navigation.spec.ts:26:3 › long: a direct quiz link and reload open a working first question (701ms)
  ✓   36 [desktop] › tests/navigation.spec.ts:26:3 › comprehensive: a direct quiz link and reload open a working first question (669ms)
  ✓   37 [desktop] › tests/navigation.spec.ts:46:1 › returning from the home page to an old quiz link starts normally (760ms)
  ✓   38 [desktop] › tests/navigation.spec.ts:58:1 › invalid quiz links show the usable format selector (278ms)
  ✓   39 [desktop] › tests/platform.spec.ts:4:1 › Values navigation opens the home axes section from another page and on repeated clicks (1.3s)
  ✓   40 [desktop] › tests/platform.spec.ts:21:1 › catalogue pages are intentionally empty and link to the values (180ms)
  ✘   41 [desktop] › tests/platform.spec.ts:32:1 › navigation supports back, reload, current page, and keyboard focus (30.0s)
(node:71129) Warning: The 'NO_COLOR' env is ignored due to the 'FORCE_COLOR' env being set.
(Use `node --trace-warnings ...` to show where the warning was created)
  ✓   42 [desktop] › tests/platform.spec.ts:57:1 › pages do not overflow at narrow widths or with reduced motion (747ms)
  ✘   43 [desktop] › tests/platform.spec.ts:67:1 › removed and unrecognised routes offer a working return to home (5.1s)
(node:71166) Warning: The 'NO_COLOR' env is ignored due to the 'FORCE_COLOR' env being set.
(Use `node --trace-warnings ...` to show where the warning was created)
  ✓   44 [desktop] › tests/platform.spec.ts:77:1 › skip link appears on keyboard focus and moves focus to the content (560ms)
  ✓   45 [desktop] › tests/platform.spec.ts:92:1 › all four home format cards start their corresponding quiz (1.7s)
  ✓   46 [desktop] › tests/platform.spec.ts:102:1 › mobile primary action precedes the example and is visible without scrolling (498ms)
  ✓   47 [desktop] › tests/platform.spec.ts:113:1 › landing axis cards cover all 15 agreed axes and replace the old sections (1.3s)
  ✓   48 [desktop] › tests/platform.spec.ts:133:1 › social preview assets resolve under the GitHub Pages subpath (180ms)
  ✓   49 [desktop] › tests/platform.spec.ts:144:1 › landing section navigation moves focus and returns to the top on the same route (612ms)
  ✓   50 [desktop] › tests/quiz.spec.ts:43:3 › Short: complete every question and export the expected independent scores (2.5s)
  ✓   51 [desktop] › tests/quiz.spec.ts:43:3 › Medium: complete every question and export the expected independent scores (3.5s)
  ✓   52 [desktop] › tests/quiz.spec.ts:43:3 › Long: complete every question and export the expected independent scores (6.6s)
  ✘   53 [desktop] › tests/quiz.spec.ts:43:3 › Comprehensive: complete every question and export the expected independent scores (12.1s)
(node:71500) Warning: The 'NO_COLOR' env is ignored due to the 'FORCE_COLOR' env being set.
(Use `node --trace-warnings ...` to show where the warning was created)
  ✓   54 [desktop] › tests/quiz.spec.ts:71:1 › back, edits, keyboard, auto-advance and restart keep answers consistent (1.3s)
  ✓   55 [desktop] › tests/quiz.spec.ts:103:1 › history saves automatically, survives reload and supports import, deduplication and deletion (6.5s)
  ✓   56 [desktop] › tests/quiz.spec.ts:138:1 › blocked browser storage never prevents completion (4.4s)
  ✓   57 [desktop] › tests/quiz.spec.ts:145:1 › browser Back preserves the open session and leaving asks for confirmation (682ms)
  ✓   58 [desktop] › tests/quiz.spec.ts:159:1 › narrow results and invalid stored history stay usable without overwriting data (23.4s)
  ✓   59 [desktop] › tests/quiz.spec.ts:176:1 › a failed automatic save preserves the displayed result (8.5s)
  ✓   60 [desktop] › tests/religion.spec.ts:9:1 › religious identity gates automatic quiz matches while general ideologies stay eligible (1.9s)
  ✓   61 [desktop] › tests/religion.spec.ts:23:1 › published US country comparison excludes Hindu nationalism (781ms)
  ✓   62 [desktop] › tests/result-images.spec.ts:7:1 › matched portraits and flags load in saved cards and full results, including ties (1.2s)
  ✓   63 [desktop] › tests/results.spec.ts:22:1 › profile layout, all endpoints, help controls and complementary percentages work at every width (1.7s)
  ✓   64 [desktop] › tests/results.spec.ts:87:1 › legacy results display and export their original method without recalculation (616ms)
  ✓   65 [desktop] › tests/results.spec.ts:101:1 › empty history and saved cards are responsive, and saved profiles reopen after reload (1.6s)
  ✓   66 [desktop] › tests/results.spec.ts:138:1 › comparison fetch failure can be retried without losing the result (645ms)
  ✓   67 [desktop] › tests/results.spec.ts:150:1 › searchable comparison picker scrolls, supports keyboard selection and compares ideologies and personalities (1.5s)
  ✓   68 [desktop] › tests/window-navigation.spec.ts:4:1 › current-page links do not add history and Back/Forward restores each route without reloads (1.1s)
  ✓   69 [desktop] › tests/window-navigation.spec.ts:25:1 › default auto advance completes a quiz and leaves the final submission explicit (37.5s)
  ✓   70 [desktop] › tests/window-navigation.spec.ts:42:1 › all question wordings fit laptop, phone and landscape windows without scrolling or clipping (316ms)
(node:73515) Warning: The 'NO_COLOR' env is ignored due to the 'FORCE_COLOR' env being set.
(Use `node --trace-warnings ...` to show where the warning was created)
  ✓   71 [mobile] › tests/authority-migration.spec.ts:10:1 › bank 2 results preserve scores through import, reload and export without new-bank matches (1.0s)
  ✓   72 [mobile] › tests/authority-migration.spec.ts:28:1 › review artifact exposes all 209 assessments and the actual nine old and new statements (824ms)
  -   73 [mobile] › tests/authority-migration.spec.ts:48:1 › every published profile serves its matching complete current-bank assessment
  ✓   74 [mobile] › tests/authority-migration.spec.ts:63:3 › Short: current bank completes and exports the independently calculated scores (4.8s)
  ✓   75 [mobile] › tests/authority-migration.spec.ts:63:3 › Medium: current bank completes and exports the independently calculated scores (10.4s)
  ✓   76 [mobile] › tests/authority-migration.spec.ts:63:3 › Long: current bank completes and exports the independently calculated scores (15.8s)
  ✘   77 [mobile] › tests/authority-migration.spec.ts:63:3 › Comprehensive: current bank completes and exports the independently calculated scores (44.9s)


  1) [desktop] › tests/authority-migration.spec.ts:48:1 › every published profile serves its matching complete current-bank assessment 

    Error: ideology/marxism-leninism

    expect(received).toBe(expected) // Object.is equality

    Expected: true
    Received: false

      50 |   for (const profile of catalogue) {
      51 |     const response = await request.get('./' + profile.auditPath);
    > 52 |     expect(response.ok(), profile.catalogue + '/' + profile.id).toBe(true);
         |                                                                 ^
      53 |     const audit = await response.json();
      54 |     expect(audit.questionBankVersion).toBe(QUESTION_BANK_VERSION);
      55 |     expect(audit.revision).toBe(profile.revision);
        at /Users/liam/Documents/GitHub/15values/frontend/tests/authority-migration.spec.ts:52:65

    Error Context: ../../../../../../tmp/15values-personality-additions-e2e-retry/authority-migration-every--804e4-ete-current-bank-assessment-desktop/error-context.md

    attachment #2: trace (application/zip) ─────────────────────────────────────────────────────────
    ../../../../../../tmp/15values-personality-additions-e2e-retry/authority-migration-every--804e4-ete-current-bank-assessment-desktop/trace.zip
    Usage:

        npx playwright show-trace ../../../../../../tmp/15values-personality-additions-e2e-retry/authority-migration-every--804e4-ete-current-bank-assessment-desktop/trace.zip

    ────────────────────────────────────────────────────────────────────────────────────────────────

  2) [desktop] › tests/platform.spec.ts:32:1 › navigation supports back, reload, current page, and keyboard focus 

    Test timeout of 30000ms exceeded.

    Error: locator.boundingBox: Test timeout of 30000ms exceeded.
    Call log:
      - waiting for getByRole('navigation', { name: 'Main navigation' })


      34 |   if (testInfo.project.name === 'desktop') {
      35 |     const nav = page.getByRole('navigation', { name: 'Main navigation' });
    > 36 |     const bounds = await nav.boundingBox();
         |                              ^
      37 |     expect(Math.abs(bounds!.x + bounds!.width / 2 - (await page.evaluate(() => document.documentElement.clientWidth)) / 2)).toBeLessThan(1);
      38 |     await expect(nav).toHaveCSS('font-size', '17px');
      39 |   }
        at /Users/liam/Documents/GitHub/15values/frontend/tests/platform.spec.ts:36:30

    Error Context: ../../../../../../tmp/15values-personality-additions-e2e-retry/platform-navigation-suppor-b8975-ent-page-and-keyboard-focus-desktop/error-context.md

    attachment #2: trace (application/zip) ─────────────────────────────────────────────────────────
    ../../../../../../tmp/15values-personality-additions-e2e-retry/platform-navigation-suppor-b8975-ent-page-and-keyboard-focus-desktop/trace.zip
    Usage:

        npx playwright show-trace ../../../../../../tmp/15values-personality-additions-e2e-retry/platform-navigation-suppor-b8975-ent-page-and-keyboard-focus-desktop/trace.zip

    ────────────────────────────────────────────────────────────────────────────────────────────────

  3) [desktop] › tests/platform.spec.ts:67:1 › removed and unrecognised routes offer a working return to home 

    Error: expect(locator).toBeVisible() failed

    Locator: getByRole('heading', { name: 'That page isn’t here.' })
    Expected: visible
    Timeout: 5000ms
    Error: element(s) not found

    Call log:
      - Expect "toBeVisible" getByRole('heading', { name: 'That page isn’t here.' }) with timeout 5000ms
      - waiting for getByRole('heading', { name: 'That page isn’t here.' })


      68 |   for (const route of ['missing', 'how-it-works']) {
      69 |     await page.goto(`./#/${route}`);
    > 70 |     await expect(page.getByRole('heading', { name: 'That page isn’t here.' })).toBeVisible();
         |                                                                                ^
      71 |   }
      72 |   await page.locator('main').getByRole('link', { name: 'Back to home' }).click();
      73 |   await expect(page.getByRole('heading', { level: 1 })).toContainText('Your Politics');
        at /Users/liam/Documents/GitHub/15values/frontend/tests/platform.spec.ts:70:80

    Error Context: ../../../../../../tmp/15values-personality-additions-e2e-retry/platform-removed-and-unrec-0c19e-er-a-working-return-to-home-desktop/error-context.md

    attachment #2: trace (application/zip) ─────────────────────────────────────────────────────────
    ../../../../../../tmp/15values-personality-additions-e2e-retry/platform-removed-and-unrec-0c19e-er-a-working-return-to-home-desktop/trace.zip
    Usage:

        npx playwright show-trace ../../../../../../tmp/15values-personality-additions-e2e-retry/platform-removed-and-unrec-0c19e-er-a-working-return-to-home-desktop/trace.zip

    ────────────────────────────────────────────────────────────────────────────────────────────────

  4) [desktop] › tests/quiz.spec.ts:43:3 › Comprehensive: complete every question and export the expected independent scores 

    Error: expect(received).toEqual(expected) // deep equality

    - Expected  - 1
    + Received  + 4

    - Array []
    + Array [
    +   "404 http://127.0.0.1:4174/political-quiz/profiles/catalogue.v1.json",
    +   "404 http://127.0.0.1:4174/political-quiz/profiles/catalogue.v1.json",
    + ]

      66 |     expect(file.results[0].religiousIdentity).toBe('none');
      67 |     expect(file.results[0]).not.toHaveProperty('answers');
    > 68 |     expect(errors).toEqual([]);
         |                    ^
      69 |   });
      70 | }
      71 | test('back, edits, keyboard, auto-advance and restart keep answers consistent', async ({ page }) => {
        at /Users/liam/Documents/GitHub/15values/frontend/tests/quiz.spec.ts:68:20

    Error Context: ../../../../../../tmp/15values-personality-additions-e2e-retry/quiz-Comprehensive-complet-82d15-expected-independent-scores-desktop/error-context.md

    attachment #2: trace (application/zip) ─────────────────────────────────────────────────────────
    ../../../../../../tmp/15values-personality-additions-e2e-retry/quiz-Comprehensive-complet-82d15-expected-independent-scores-desktop/trace.zip
    Usage:

        npx playwright show-trace ../../../../../../tmp/15values-personality-additions-e2e-retry/quiz-Comprehensive-complet-82d15-expected-independent-scores-desktop/trace.zip

    ────────────────────────────────────────────────────────────────────────────────────────────────

  5) [mobile] › tests/authority-migration.spec.ts:63:3 › Comprehensive: current bank completes and exports the independently calculated scores 

    Test was interrupted.

    Error: locator.uncheck: Test ended.
    Call log:
      - waiting for getByRole('checkbox', { name: 'Advance on answer' })


      65 |     await page.emulateMedia({ reducedMotion: 'reduce' });
      66 |     await page.goto(`./#/quiz/run?length=${format.id}`);
    > 67 |     await page.getByRole('checkbox', { name: 'Advance on answer' }).uncheck();
         |                                                                     ^
      68 |     await expect(page.getByRole('progressbar')).toHaveAttribute('aria-valuemax', String(format.questions + 1));
      69 |     const answers: Answers = {};
      70 |     for (const [index, question] of selectQuestions(format.id).entries()) {
        at /Users/liam/Documents/GitHub/15values/frontend/tests/authority-migration.spec.ts:67:69

    Error Context: ../../../../../../tmp/15values-personality-additions-e2e-retry/authority-migration-Compre-f9ce2-pendently-calculated-scores-mobile/error-context.md

    attachment #2: trace (application/zip) ─────────────────────────────────────────────────────────
    ../../../../../../tmp/15values-personality-additions-e2e-retry/authority-migration-Compre-f9ce2-pendently-calculated-scores-mobile/trace.zip
    Usage:

        npx playwright show-trace ../../../../../../tmp/15values-personality-additions-e2e-retry/authority-migration-Compre-f9ce2-pendently-calculated-scores-mobile/trace.zip

    ────────────────────────────────────────────────────────────────────────────────────────────────

  4 failed
    [desktop] › tests/authority-migration.spec.ts:48:1 › every published profile serves its matching complete current-bank assessment 
    [desktop] › tests/platform.spec.ts:32:1 › navigation supports back, reload, current page, and keyboard focus 
    [desktop] › tests/platform.spec.ts:67:1 › removed and unrecognised routes offer a working return to home 
    [desktop] › tests/quiz.spec.ts:43:3 › Comprehensive: complete every question and export the expected independent scores 
  1 interrupted
    [mobile] › tests/authority-migration.spec.ts:63:3 › Comprehensive: current bank completes and exports the independently calculated scores 
  1 skipped
  133 did not run
  71 passed (5.2m)
