
> 15-values-quiz@0.0.0 test:e2e
> playwright test


Running 216 tests using 4 workers

(node:76190) Warning: The 'NO_COLOR' env is ignored due to the 'FORCE_COLOR' env being set.
(Use `node --trace-warnings ...` to show where the warning was created)
(node:76191) Warning: The 'NO_COLOR' env is ignored due to the 'FORCE_COLOR' env being set.
(Use `node --trace-warnings ...` to show where the warning was created)
(node:76192) Warning: The 'NO_COLOR' env is ignored due to the 'FORCE_COLOR' env being set.
(Use `node --trace-warnings ...` to show where the warning was created)
(node:76189) Warning: The 'NO_COLOR' env is ignored due to the 'FORCE_COLOR' env being set.
(Use `node --trace-warnings ...` to show where the warning was created)
  ✓    4 [desktop] › tests/authority-migration.spec.ts:28:1 › review artifact exposes all 209 assessments and the actual nine old and new statements (1.0s)
  ✓    3 [desktop] › tests/authority-migration.spec.ts:10:1 › bank 2 results preserve scores through import, reload and export without new-bank matches (1.2s)
  ✓    2 [desktop] › tests/authority-migration.spec.ts:48:1 › every published profile serves its matching complete current-bank assessment (3.3s)
  ✓    1 [desktop] › tests/authority-migration.spec.ts:63:3 › Short: current bank completes and exports the independently calculated scores (5.3s)
  ✓    8 [desktop] › tests/authority-policy-migration.spec.ts:9:1 › bank 3 results preserve scores through import, reload and export without new-bank matches (1.1s)
  ✓    9 [desktop] › tests/authority-policy-migration.spec.ts:27:1 › review artifact exposes all 209 assessments and the actual six old and new statements (990ms)
  ✓   10 [desktop] › tests/catalogue.spec.ts:9:1 › withdrawn ideology has no placements but preserves the historical assessment link (301ms)
  ✓   11 [desktop] › tests/catalogue.spec.ts:9:1 › withdrawn personality has no placements but preserves the historical assessment link (351ms)
  ✓    5 [desktop] › tests/authority-migration.spec.ts:63:3 › Medium: current bank completes and exports the independently calculated scores (8.7s)
  ✓   12 [desktop] › tests/catalogue.spec.ts:24:1 › all three catalogues browse, search and open full sourced assessments (2.0s)
  ✓   13 [desktop] › tests/catalogue.spec.ts:100:1 › catalogue failures can be retried and missing profiles have a way back (367ms)
  ✓   14 [desktop] › tests/catalogue.spec.ts:113:1 › malformed catalogue data is not rendered as a profile (295ms)
  ✓   15 [desktop] › tests/catalogue.spec.ts:121:1 › ideology groups combine with search and show only pronounced placements (540ms)
  ✓   16 [desktop] › tests/catalogue.spec.ts:149:1 › personality filters combine with search and clear together (680ms)
  ✓   17 [desktop] › tests/catalogue.spec.ts:177:1 › profile comparisons omit political leaning and link similar people (608ms)
  ✓   18 [desktop] › tests/catalogue.spec.ts:197:1 › personality card has exactly ideology, position and origin tags (855ms)
  ✓   19 [desktop] › tests/catalogue.spec.ts:212:1 › ideology pages show linked portraits and flags without labels or percentages (959ms)
  ✓   20 [desktop] › tests/catalogue.spec.ts:229:1 › Hindu nationalism shows Right, Modi and sourced Hindu eligibility (1.1s)
  ✓   21 [desktop] › tests/democracy-migration.spec.ts:11:1 › the original bank survives import, reload and export without being matched to the new bank (1.8s)
  ✓   23 [desktop] › tests/democracy-migration.spec.ts:58:1 › focused answer review shows the six changed questions and their sourced reasoning (670ms)
  ✓   22 [desktop] › tests/democracy-migration.spec.ts:30:1 › real revised profiles render and download their complete new immutable assessments (1.7s)
  ✓   24 [desktop] › tests/home-example.spec.ts:3:1 › refresh draws another assessed personality with a calculated ideology match (1.4s)
  ✓   26 [desktop] › tests/home-strip.spec.ts:44:1 › home strip uses explicit personality leaning metadata and falls back when absent (384ms)
  ✓   25 [desktop] › tests/home-strip.spec.ts:8:1 › home strip uses published profiles and links to both types of detail page (2.7s)
  ✓    6 [desktop] › tests/authority-migration.spec.ts:63:3 › Long: current bank completes and exports the independently calculated scores (16.8s)
  ✓   29 [desktop] › tests/home-strip.spec.ts:101:3 › home offers catalogue links when profile data is empty (532ms)
  ✓   28 [desktop] › tests/home-strip.spec.ts:85:1 › reduced motion allows manual scrolling without duplicate links or page overflow (1.0s)
  ✓   27 [desktop] › tests/home-strip.spec.ts:57:1 › strip loops evenly, pauses, resumes and stops for keyboard interaction (1.9s)
  ✓   30 [desktop] › tests/home-strip.spec.ts:101:3 › home offers catalogue links when profile data is unavailable (449ms)
  ✓   31 [desktop] › tests/home-strip.spec.ts:101:3 › home offers catalogue links when profile data is invalid (453ms)
  ✓   32 [desktop] › tests/navigation.spec.ts:3:1 › quiz navigation never replaces the page with a loading screen (931ms)
  ✓   34 [desktop] › tests/navigation.spec.ts:26:3 › medium: a direct quiz link and reload open a working first question (1.1s)
  ✓   33 [desktop] › tests/navigation.spec.ts:26:3 › short: a direct quiz link and reload open a working first question (1.2s)
  ✓   35 [desktop] › tests/navigation.spec.ts:26:3 › long: a direct quiz link and reload open a working first question (1.2s)
  ✓   36 [desktop] › tests/navigation.spec.ts:26:3 › comprehensive: a direct quiz link and reload open a working first question (1.1s)
  ✓   38 [desktop] › tests/navigation.spec.ts:58:1 › invalid quiz links show the usable format selector (614ms)
  ✓   37 [desktop] › tests/navigation.spec.ts:46:1 › returning from the home page to an old quiz link starts normally (1.1s)
  ✓   40 [desktop] › tests/platform.spec.ts:21:1 › catalogue pages are intentionally empty and link to the values (1.1s)
  ✓   39 [desktop] › tests/platform.spec.ts:4:1 › Values navigation opens the home axes section from another page and on repeated clicks (2.4s)
  ✓   43 [desktop] › tests/platform.spec.ts:67:1 › removed and unrecognised routes offer a working return to home (755ms)
  ✓   41 [desktop] › tests/platform.spec.ts:32:1 › navigation supports back, reload, current page, and keyboard focus (3.1s)
  ✓   42 [desktop] › tests/platform.spec.ts:57:1 › pages do not overflow at narrow widths or with reduced motion (2.6s)
  ✓   44 [desktop] › tests/platform.spec.ts:77:1 › skip link appears on keyboard focus and moves focus to the content (1.1s)
  ✓   46 [desktop] › tests/platform.spec.ts:102:1 › mobile primary action precedes the example and is visible without scrolling (541ms)
  ✓   48 [desktop] › tests/platform.spec.ts:133:1 › social preview assets resolve under the GitHub Pages subpath (586ms)
  ✓   45 [desktop] › tests/platform.spec.ts:92:1 › all four home format cards start their corresponding quiz (2.7s)
  ✓   49 [desktop] › tests/platform.spec.ts:144:1 › landing section navigation moves focus and returns to the top on the same route (998ms)
  ✓   47 [desktop] › tests/platform.spec.ts:113:1 › landing axis cards cover all 15 agreed axes and replace the old sections (2.7s)
  ✓   50 [desktop] › tests/quiz.spec.ts:43:3 › Short: complete every question and export the expected independent scores (6.7s)
  ✓    7 [desktop] › tests/authority-migration.spec.ts:63:3 › Comprehensive: current bank completes and exports the independently calculated scores (33.7s)
  ✓   51 [desktop] › tests/quiz.spec.ts:43:3 › Medium: complete every question and export the expected independent scores (10.1s)
  ✓   54 [desktop] › tests/quiz.spec.ts:71:1 › back, edits, keyboard, auto-advance and restart keep answers consistent (1.7s)
  ✓   52 [desktop] › tests/quiz.spec.ts:43:3 › Long: complete every question and export the expected independent scores (15.5s)
  ✓   57 [desktop] › tests/quiz.spec.ts:145:1 › browser Back preserves the open session and leaving asks for confirmation (1.2s)
  ✓   56 [desktop] › tests/quiz.spec.ts:138:1 › blocked browser storage never prevents completion (7.5s)
  ✓   55 [desktop] › tests/quiz.spec.ts:103:1 › history saves automatically, survives reload and supports import, deduplication and deletion (9.2s)
  ✓   60 [desktop] › tests/religion.spec.ts:10:1 › religious identity gates automatic quiz matches while general ideologies stay eligible (1.6s)
  ✓   61 [desktop] › tests/religion.spec.ts:24:1 › published US country comparison excludes Hindu nationalism (631ms)
  ✓   62 [desktop] › tests/religion.spec.ts:32:1 › result countries follow the displayed ideology’s faith while general matches remain unrestricted (843ms)
  ✓   63 [desktop] › tests/result-images.spec.ts:7:1 › matched portraits and flags load in saved cards and full results, including ties (1.5s)
  ✓   59 [desktop] › tests/quiz.spec.ts:176:1 › a failed automatic save preserves the displayed result (6.7s)
  ✓   65 [desktop] › tests/results.spec.ts:92:1 › legacy results display and export their original method without recalculation (938ms)
  ✓   64 [desktop] › tests/results.spec.ts:22:1 › profile layout, all endpoints, help controls and complementary percentages work at every width (4.0s)
  ✓   66 [desktop] › tests/results.spec.ts:106:1 › empty history and saved cards are responsive, and saved profiles reopen after reload (2.2s)
  ✓   67 [desktop] › tests/results.spec.ts:143:1 › comparison fetch failure can be retried without losing the result (908ms)
  ✓   69 [desktop] › tests/results.spec.ts:216:1 › long ideology names fit one line and short names stay larger (794ms)
  ✓   70 [desktop] › tests/window-navigation.spec.ts:4:1 › current-page links do not add history and Back/Forward restores each route without reloads (2.1s)
  ✓   68 [desktop] › tests/results.spec.ts:155:1 › searchable comparison picker scrolls, supports keyboard selection and compares ideologies and personalities (3.8s)
  ✓   72 [desktop] › tests/window-navigation.spec.ts:42:1 › all question wordings fit laptop, phone and landscape windows without scrolling or clipping (569ms)
  ✓   53 [desktop] › tests/quiz.spec.ts:43:3 › Comprehensive: complete every question and export the expected independent scores (27.8s)
(node:76872) Warning: The 'NO_COLOR' env is ignored due to the 'FORCE_COLOR' env being set.
(Use `node --trace-warnings ...` to show where the warning was created)
(node:76874) Warning: The 'NO_COLOR' env is ignored due to the 'FORCE_COLOR' env being set.
(Use `node --trace-warnings ...` to show where the warning was created)
  ✓   73 [mobile] › tests/authority-migration.spec.ts:10:1 › bank 2 results preserve scores through import, reload and export without new-bank matches (1.3s)
  -   75 [mobile] › tests/authority-migration.spec.ts:48:1 › every published profile serves its matching complete current-bank assessment
  ✓   74 [mobile] › tests/authority-migration.spec.ts:28:1 › review artifact exposes all 209 assessments and the actual nine old and new statements (1.3s)
  ✓   58 [desktop] › tests/quiz.spec.ts:159:1 › narrow results and invalid stored history stay usable without overwriting data (24.4s)
  ✓   76 [mobile] › tests/authority-migration.spec.ts:63:3 › Short: current bank completes and exports the independently calculated scores (6.6s)
(node:76919) Warning: The 'NO_COLOR' env is ignored due to the 'FORCE_COLOR' env being set.
(Use `node --trace-warnings ...` to show where the warning was created)
  ✓   77 [mobile] › tests/authority-migration.spec.ts:63:3 › Medium: current bank completes and exports the independently calculated scores (11.2s)
  ✓   80 [mobile] › tests/authority-policy-migration.spec.ts:9:1 › bank 3 results preserve scores through import, reload and export without new-bank matches (1.1s)
  ✓   81 [mobile] › tests/authority-policy-migration.spec.ts:27:1 › review artifact exposes all 209 assessments and the actual six old and new statements (803ms)
  ✓   82 [mobile] › tests/catalogue.spec.ts:9:1 › withdrawn ideology has no placements but preserves the historical assessment link (454ms)
  ✓   83 [mobile] › tests/catalogue.spec.ts:9:1 › withdrawn personality has no placements but preserves the historical assessment link (500ms)
  ✓   84 [mobile] › tests/catalogue.spec.ts:24:1 › all three catalogues browse, search and open full sourced assessments (2.6s)
  ✓   85 [mobile] › tests/catalogue.spec.ts:100:1 › catalogue failures can be retried and missing profiles have a way back (500ms)
  ✓   86 [mobile] › tests/catalogue.spec.ts:113:1 › malformed catalogue data is not rendered as a profile (345ms)
  ✓   87 [mobile] › tests/catalogue.spec.ts:121:1 › ideology groups combine with search and show only pronounced placements (654ms)
  ✓   88 [mobile] › tests/catalogue.spec.ts:149:1 › personality filters combine with search and clear together (531ms)
  ✓   89 [mobile] › tests/catalogue.spec.ts:177:1 › profile comparisons omit political leaning and link similar people (552ms)
  ✓   90 [mobile] › tests/catalogue.spec.ts:197:1 › personality card has exactly ideology, position and origin tags (415ms)
  ✓   91 [mobile] › tests/catalogue.spec.ts:212:1 › ideology pages show linked portraits and flags without labels or percentages (609ms)
  ✓   92 [mobile] › tests/catalogue.spec.ts:229:1 › Hindu nationalism shows Right, Modi and sourced Hindu eligibility (661ms)
  ✓   93 [mobile] › tests/democracy-migration.spec.ts:11:1 › the original bank survives import, reload and export without being matched to the new bank (1.2s)
  ✓   94 [mobile] › tests/democracy-migration.spec.ts:30:1 › real revised profiles render and download their complete new immutable assessments (1.9s)
  ✓   79 [mobile] › tests/authority-migration.spec.ts:63:3 › Long: current bank completes and exports the independently calculated scores (17.5s)
  ✓   95 [mobile] › tests/democracy-migration.spec.ts:58:1 › focused answer review shows the six changed questions and their sourced reasoning (507ms)
  ✓   96 [mobile] › tests/home-example.spec.ts:3:1 › refresh draws another assessed personality with a calculated ideology match (1.4s)
  ✓   98 [mobile] › tests/home-strip.spec.ts:44:1 › home strip uses explicit personality leaning metadata and falls back when absent (255ms)
  ✓   97 [mobile] › tests/home-strip.spec.ts:8:1 › home strip uses published profiles and links to both types of detail page (2.4s)
  ✓   99 [mobile] › tests/home-strip.spec.ts:57:1 › strip loops evenly, pauses, resumes and stops for keyboard interaction (1.8s)
  ✓  101 [mobile] › tests/home-strip.spec.ts:101:3 › home offers catalogue links when profile data is empty (253ms)
  ✓  100 [mobile] › tests/home-strip.spec.ts:85:1 › reduced motion allows manual scrolling without duplicate links or page overflow (882ms)
  ✓  102 [mobile] › tests/home-strip.spec.ts:101:3 › home offers catalogue links when profile data is unavailable (274ms)
  ✓  103 [mobile] › tests/home-strip.spec.ts:101:3 › home offers catalogue links when profile data is invalid (289ms)
  ✓  104 [mobile] › tests/navigation.spec.ts:3:1 › quiz navigation never replaces the page with a loading screen (645ms)
  ✓  105 [mobile] › tests/navigation.spec.ts:26:3 › short: a direct quiz link and reload open a working first question (800ms)
  ✓  106 [mobile] › tests/navigation.spec.ts:26:3 › medium: a direct quiz link and reload open a working first question (771ms)
  ✓  107 [mobile] › tests/navigation.spec.ts:26:3 › long: a direct quiz link and reload open a working first question (749ms)
  ✓  108 [mobile] › tests/navigation.spec.ts:26:3 › comprehensive: a direct quiz link and reload open a working first question (796ms)
  ✓  109 [mobile] › tests/navigation.spec.ts:46:1 › returning from the home page to an old quiz link starts normally (745ms)
  ✓  110 [mobile] › tests/navigation.spec.ts:58:1 › invalid quiz links show the usable format selector (299ms)
  ✓  112 [mobile] › tests/platform.spec.ts:21:1 › catalogue pages are intentionally empty and link to the values (221ms)
  ✓   71 [desktop] › tests/window-navigation.spec.ts:25:1 › default auto advance completes a quiz and leaves the final submission explicit (38.4s)
(node:77405) Warning: The 'NO_COLOR' env is ignored due to the 'FORCE_COLOR' env being set.
(Use `node --trace-warnings ...` to show where the warning was created)
  ✓  111 [mobile] › tests/platform.spec.ts:4:1 › Values navigation opens the home axes section from another page and on repeated clicks (2.9s)
  ✓  114 [mobile] › tests/platform.spec.ts:57:1 › pages do not overflow at narrow widths or with reduced motion (535ms)
  ✓  113 [mobile] › tests/platform.spec.ts:32:1 › navigation supports back, reload, current page, and keyboard focus (2.8s)
  ✓  115 [mobile] › tests/platform.spec.ts:67:1 › removed and unrecognised routes offer a working return to home (363ms)
  ✓  118 [mobile] › tests/platform.spec.ts:102:1 › mobile primary action precedes the example and is visible without scrolling (270ms)
  ✓  116 [mobile] › tests/platform.spec.ts:77:1 › skip link appears on keyboard focus and moves focus to the content (638ms)
  ✓  120 [mobile] › tests/platform.spec.ts:133:1 › social preview assets resolve under the GitHub Pages subpath (327ms)
  ✓   78 [mobile] › tests/authority-migration.spec.ts:63:3 › Comprehensive: current bank completes and exports the independently calculated scores (29.7s)
  ✓  121 [mobile] › tests/platform.spec.ts:144:1 › landing section navigation moves focus and returns to the top on the same route (940ms)
  ✓  117 [mobile] › tests/platform.spec.ts:92:1 › all four home format cards start their corresponding quiz (2.0s)
  ✓  119 [mobile] › tests/platform.spec.ts:113:1 › landing axis cards cover all 15 agreed axes and replace the old sections (1.9s)
  ✓  122 [mobile] › tests/quiz.spec.ts:43:3 › Short: complete every question and export the expected independent scores (3.7s)
  ✓  126 [mobile] › tests/quiz.spec.ts:71:1 › back, edits, keyboard, auto-advance and restart keep answers consistent (1.4s)
  ✓  123 [mobile] › tests/quiz.spec.ts:43:3 › Medium: complete every question and export the expected independent scores (5.4s)
  ✓  124 [mobile] › tests/quiz.spec.ts:43:3 › Long: complete every question and export the expected independent scores (8.1s)
  ✓  129 [mobile] › tests/quiz.spec.ts:145:1 › browser Back preserves the open session and leaving asks for confirmation (681ms)
  ✓  128 [mobile] › tests/quiz.spec.ts:138:1 › blocked browser storage never prevents completion (5.0s)
  ✓  127 [mobile] › tests/quiz.spec.ts:103:1 › history saves automatically, survives reload and supports import, deduplication and deletion (6.5s)
  ✓  132 [mobile] › tests/religion.spec.ts:10:1 › religious identity gates automatic quiz matches while general ideologies stay eligible (858ms)
  ✓  133 [mobile] › tests/religion.spec.ts:24:1 › published US country comparison excludes Hindu nationalism (404ms)
  ✓  134 [mobile] › tests/religion.spec.ts:32:1 › result countries follow the displayed ideology’s faith while general matches remain unrestricted (440ms)
  ✓  125 [mobile] › tests/quiz.spec.ts:43:3 › Comprehensive: complete every question and export the expected independent scores (12.4s)
  ✓  135 [mobile] › tests/result-images.spec.ts:7:1 › matched portraits and flags load in saved cards and full results, including ties (541ms)
  ✓  137 [mobile] › tests/results.spec.ts:92:1 › legacy results display and export their original method without recalculation (628ms)
  ✓  136 [mobile] › tests/results.spec.ts:22:1 › profile layout, all endpoints, help controls and complementary percentages work at every width (1.7s)
  ✓  139 [mobile] › tests/results.spec.ts:143:1 › comparison fetch failure can be retried without losing the result (594ms)
  ✓  138 [mobile] › tests/results.spec.ts:106:1 › empty history and saved cards are responsive, and saved profiles reopen after reload (1.7s)
  ✓  131 [mobile] › tests/quiz.spec.ts:176:1 › a failed automatic save preserves the displayed result (5.1s)
  ✓  141 [mobile] › tests/results.spec.ts:216:1 › long ideology names fit one line and short names stay larger (1.0s)
  ✓  142 [mobile] › tests/window-navigation.spec.ts:4:1 › current-page links do not add history and Back/Forward restores each route without reloads (1.4s)
  ✓  140 [mobile] › tests/results.spec.ts:155:1 › searchable comparison picker scrolls, supports keyboard selection and compares ideologies and personalities (2.2s)
  ✓  144 [mobile] › tests/window-navigation.spec.ts:42:1 › all question wordings fit laptop, phone and landscape windows without scrolling or clipping (443ms)
(node:77728) Warning: The 'NO_COLOR' env is ignored due to the 'FORCE_COLOR' env being set.
(Use `node --trace-warnings ...` to show where the warning was created)
(node:77729) Warning: The 'NO_COLOR' env is ignored due to the 'FORCE_COLOR' env being set.
(Use `node --trace-warnings ...` to show where the warning was created)
  ✓  146 [safari] › tests/authority-migration.spec.ts:28:1 › review artifact exposes all 209 assessments and the actual nine old and new statements (1.1s)
  -  147 [safari] › tests/authority-migration.spec.ts:48:1 › every published profile serves its matching complete current-bank assessment
  ✓  145 [safari] › tests/authority-migration.spec.ts:10:1 › bank 2 results preserve scores through import, reload and export without new-bank matches (1.2s)
  ✓  148 [safari] › tests/authority-migration.spec.ts:63:3 › Short: current bank completes and exports the independently calculated scores (8.3s)
  ✓  130 [mobile] › tests/quiz.spec.ts:159:1 › narrow results and invalid stored history stay usable without overwriting data (22.5s)
(node:78012) Warning: The 'NO_COLOR' env is ignored due to the 'FORCE_COLOR' env being set.
(Use `node --trace-warnings ...` to show where the warning was created)
  ✓  149 [safari] › tests/authority-migration.spec.ts:63:3 › Medium: current bank completes and exports the independently calculated scores (12.5s)
  ✓  152 [safari] › tests/authority-policy-migration.spec.ts:9:1 › bank 3 results preserve scores through import, reload and export without new-bank matches (1.6s)
  ✓  153 [safari] › tests/authority-policy-migration.spec.ts:27:1 › review artifact exposes all 209 assessments and the actual six old and new statements (1.0s)
  ✓  154 [safari] › tests/catalogue.spec.ts:9:1 › withdrawn ideology has no placements but preserves the historical assessment link (542ms)
  ✓  155 [safari] › tests/catalogue.spec.ts:9:1 › withdrawn personality has no placements but preserves the historical assessment link (561ms)
  ✓  156 [safari] › tests/catalogue.spec.ts:24:1 › all three catalogues browse, search and open full sourced assessments (4.3s)
  ✓  157 [safari] › tests/catalogue.spec.ts:100:1 › catalogue failures can be retried and missing profiles have a way back (543ms)
  ✓  158 [safari] › tests/catalogue.spec.ts:113:1 › malformed catalogue data is not rendered as a profile (379ms)
  ✓  159 [safari] › tests/catalogue.spec.ts:121:1 › ideology groups combine with search and show only pronounced placements (667ms)
  ✓  160 [safari] › tests/catalogue.spec.ts:149:1 › personality filters combine with search and clear together (939ms)
  ✓  161 [safari] › tests/catalogue.spec.ts:177:1 › profile comparisons omit political leaning and link similar people (1.1s)
  ✓  162 [safari] › tests/catalogue.spec.ts:197:1 › personality card has exactly ideology, position and origin tags (519ms)
  ✓  163 [safari] › tests/catalogue.spec.ts:212:1 › ideology pages show linked portraits and flags without labels or percentages (1.7s)
  ✓  164 [safari] › tests/catalogue.spec.ts:229:1 › Hindu nationalism shows Right, Modi and sourced Hindu eligibility (767ms)
  ✓  165 [safari] › tests/democracy-migration.spec.ts:11:1 › the original bank survives import, reload and export without being matched to the new bank (1.5s)
  ✓  166 [safari] › tests/democracy-migration.spec.ts:30:1 › real revised profiles render and download their complete new immutable assessments (2.2s)
  ✓  167 [safari] › tests/democracy-migration.spec.ts:58:1 › focused answer review shows the six changed questions and their sourced reasoning (983ms)
  ✓  168 [safari] › tests/home-example.spec.ts:3:1 › refresh draws another assessed personality with a calculated ideology match (1.6s)
  ✓  143 [mobile] › tests/window-navigation.spec.ts:25:1 › default auto advance completes a quiz and leaves the final submission explicit (39.3s)
  ✓  150 [safari] › tests/authority-migration.spec.ts:63:3 › Long: current bank completes and exports the independently calculated scores (28.3s)
(node:78753) Warning: The 'NO_COLOR' env is ignored due to the 'FORCE_COLOR' env being set.
(Use `node --trace-warnings ...` to show where the warning was created)
  ✓  170 [safari] › tests/home-strip.spec.ts:57:1 › strip loops evenly, pauses, resumes and stops for keyboard interaction (2.5s)
  ✓  169 [safari] › tests/home-strip.spec.ts:8:1 › home strip uses published profiles and links to both types of detail page (6.8s)
  ✓  172 [safari] › tests/home-strip.spec.ts:85:1 › reduced motion allows manual scrolling without duplicate links or page overflow (1.9s)
  ✓  173 [safari] › tests/home-strip.spec.ts:101:3 › home offers catalogue links when profile data is empty (640ms)
  ✓  171 [safari] › tests/home-strip.spec.ts:44:1 › home strip uses explicit personality leaning metadata and falls back when absent (1.3s)
  ✓  174 [safari] › tests/home-strip.spec.ts:101:3 › home offers catalogue links when profile data is unavailable (886ms)
  ✓  175 [safari] › tests/home-strip.spec.ts:101:3 › home offers catalogue links when profile data is invalid (822ms)
  ✓  178 [safari] › tests/navigation.spec.ts:26:3 › medium: a direct quiz link and reload open a working first question (1.4s)
  ✓  177 [safari] › tests/navigation.spec.ts:26:3 › short: a direct quiz link and reload open a working first question (1.6s)
  ✓  176 [safari] › tests/navigation.spec.ts:3:1 › quiz navigation never replaces the page with a loading screen (2.4s)
  ✓  179 [safari] › tests/navigation.spec.ts:26:3 › long: a direct quiz link and reload open a working first question (1.8s)
  ✓  180 [safari] › tests/navigation.spec.ts:26:3 › comprehensive: a direct quiz link and reload open a working first question (1.8s)
  ✓  181 [safari] › tests/navigation.spec.ts:46:1 › returning from the home page to an old quiz link starts normally (1.7s)
  ✓  182 [safari] › tests/navigation.spec.ts:58:1 › invalid quiz links show the usable format selector (829ms)
  ✓  184 [safari] › tests/platform.spec.ts:21:1 › catalogue pages are intentionally empty and link to the values (995ms)
  ✓  185 [safari] › tests/platform.spec.ts:32:1 › navigation supports back, reload, current page, and keyboard focus (997ms)
  ✓  183 [safari] › tests/platform.spec.ts:4:1 › Values navigation opens the home axes section from another page and on repeated clicks (1.9s)
  ✓  186 [safari] › tests/platform.spec.ts:57:1 › pages do not overflow at narrow widths or with reduced motion (1.3s)
  ✓  187 [safari] › tests/platform.spec.ts:67:1 › removed and unrecognised routes offer a working return to home (832ms)
  ✓  188 [safari] › tests/platform.spec.ts:77:1 › skip link appears on keyboard focus and moves focus to the content (708ms)
  ✓  190 [safari] › tests/platform.spec.ts:102:1 › mobile primary action precedes the example and is visible without scrolling (629ms)
  ✓  192 [safari] › tests/platform.spec.ts:133:1 › social preview assets resolve under the GitHub Pages subpath (686ms)
  ✓  189 [safari] › tests/platform.spec.ts:92:1 › all four home format cards start their corresponding quiz (2.8s)
  ✓  191 [safari] › tests/platform.spec.ts:113:1 › landing axis cards cover all 15 agreed axes and replace the old sections (3.1s)
  ✓  194 [safari] › tests/quiz.spec.ts:43:3 › Short: complete every question and export the expected independent scores (5.0s)
  ✘  193 [safari] › tests/platform.spec.ts:144:1 › landing section navigation moves focus and returns to the top on the same route (6.2s)
(node:79334) Warning: The 'NO_COLOR' env is ignored due to the 'FORCE_COLOR' env being set.
(Use `node --trace-warnings ...` to show where the warning was created)
  ✓  195 [safari] › tests/quiz.spec.ts:43:3 › Medium: complete every question and export the expected independent scores (6.8s)
  ✓  198 [safari] › tests/quiz.spec.ts:71:1 › back, edits, keyboard, auto-advance and restart keep answers consistent (2.2s)
  ✓  151 [safari] › tests/authority-migration.spec.ts:63:3 › Comprehensive: current bank completes and exports the independently calculated scores (52.5s)
  ✓  196 [safari] › tests/quiz.spec.ts:43:3 › Long: complete every question and export the expected independent scores (11.8s)
  ✓  201 [safari] › tests/quiz.spec.ts:145:1 › browser Back preserves the open session and leaving asks for confirmation (1.2s)
  ✓  199 [safari] › tests/quiz.spec.ts:103:1 › history saves automatically, survives reload and supports import, deduplication and deletion (11.4s)
  ✓  200 [safari] › tests/quiz.spec.ts:138:1 › blocked browser storage never prevents completion (9.3s)
  ✓  204 [safari] › tests/religion.spec.ts:10:1 › religious identity gates automatic quiz matches while general ideologies stay eligible (2.7s)
  ✓  205 [safari] › tests/religion.spec.ts:24:1 › published US country comparison excludes Hindu nationalism (823ms)
  ✓  206 [safari] › tests/religion.spec.ts:32:1 › result countries follow the displayed ideology’s faith while general matches remain unrestricted (1.1s)
  ✓  197 [safari] › tests/quiz.spec.ts:43:3 › Comprehensive: complete every question and export the expected independent scores (22.3s)
  ✓  207 [safari] › tests/result-images.spec.ts:7:1 › matched portraits and flags load in saved cards and full results, including ties (1.0s)
  ✓  203 [safari] › tests/quiz.spec.ts:176:1 › a failed automatic save preserves the displayed result (8.7s)
  ✓  209 [safari] › tests/results.spec.ts:92:1 › legacy results display and export their original method without recalculation (1.1s)
  ✓  210 [safari] › tests/results.spec.ts:106:1 › empty history and saved cards are responsive, and saved profiles reopen after reload (1.6s)
  ✓  211 [safari] › tests/results.spec.ts:143:1 › comparison fetch failure can be retried without losing the result (965ms)
  ✓  208 [safari] › tests/results.spec.ts:22:1 › profile layout, all endpoints, help controls and complementary percentages work at every width (3.0s)
  ✓  213 [safari] › tests/results.spec.ts:216:1 › long ideology names fit one line and short names stay larger (1.2s)
  ✓  214 [safari] › tests/window-navigation.spec.ts:4:1 › current-page links do not add history and Back/Forward restores each route without reloads (1.4s)
  ✓  216 [safari] › tests/window-navigation.spec.ts:42:1 › all question wordings fit laptop, phone and landscape windows without scrolling or clipping (872ms)
  ✓  212 [safari] › tests/results.spec.ts:155:1 › searchable comparison picker scrolls, supports keyboard selection and compares ideologies and personalities (2.8s)
  ✓  202 [safari] › tests/quiz.spec.ts:159:1 › narrow results and invalid stored history stay usable without overwriting data (29.7s)
  ✓  215 [safari] › tests/window-navigation.spec.ts:25:1 › default auto advance completes a quiz and leaves the final submission explicit (38.9s)


  1) [safari] › tests/platform.spec.ts:144:1 › landing section navigation moves focus and returns to the top on the same route 

    Error: expect(locator).toBeFocused() failed

    Locator:  getByRole('heading', { name: 'Choose your depth.' })
    Expected: focused
    Received: inactive
    Timeout:  5000ms

    Call log:
      - Expect "toBeFocused" getByRole('heading', { name: 'Choose your depth.' }) with timeout 5000ms
      - waiting for getByRole('heading', { name: 'Choose your depth.' })
        14 × locator resolved to <h2 tabindex="-1" id="formats-title">Choose your depth.</h2>
           - unexpected value "inactive"


      146 |   await page.goto('./#/');
      147 |   await page.getByRole('button', { name: 'Find your format' }).click();
    > 148 |   await expect(page.getByRole('heading', { name: 'Choose your depth.' })).toBeFocused();
          |                                                                           ^
      149 |   expect(await page.evaluate(() => window.scrollY)).toBeGreaterThan(0);
      150 |   await page.getByRole('contentinfo').getByRole('link', { name: 'Back to home' }).click();
      151 |   await expect(page.locator('main')).toBeFocused();
        at /private/tmp/15values-additions-8VGjFp/frontend/tests/platform.spec.ts:148:75

    Error Context: test-results/platform-landing-section-n-82b09-o-the-top-on-the-same-route-safari/error-context.md

    attachment #2: trace (application/zip) ─────────────────────────────────────────────────────────
    test-results/platform-landing-section-n-82b09-o-the-top-on-the-same-route-safari/trace.zip
    Usage:

        npx playwright show-trace test-results/platform-landing-section-n-82b09-o-the-top-on-the-same-route-safari/trace.zip

    ────────────────────────────────────────────────────────────────────────────────────────────────

  1 failed
    [safari] › tests/platform.spec.ts:144:1 › landing section navigation moves focus and returns to the top on the same route 
  2 skipped
  213 passed (4.1m)
