
> 15-values-quiz@0.0.0 build
> npm run profiles:check && tsc --noEmit && vite build


> 15-values-quiz@0.0.0 profiles:check
> npm run profiles -- check


> 15-values-quiz@0.0.0 profiles
> node --experimental-strip-types scripts/profiles.ts check

229 profiles with placements; 0 withdrawn; check passed.
vite v8.3.2 building client environment for production...
transforming...
✓ 59 modules transformed.
rendering chunks...
computing gzip size...
dist/index.html                   1.90 kB │ gzip:   0.66 kB
dist/assets/index-CuOm-D_Z.css   99.91 kB │ gzip:  19.10 kB
dist/assets/index-vUjCFFye.js   486.89 kB │ gzip: 130.18 kB

✓ built in 3.13s
[33m[PLUGIN_TIMINGS] [0mJavaScript callbacks ran for 3.0s of this 3.1s build (97%).
The slowest callbacks, timed inside each callback (the wait before a callback starts is excluded, the time it awaits is included):
  - plugin vite:prepare-out-dir renderStart (74%, 2.3s, 1 call)
Additional callback time came from callbacks under 1s.
See https://rolldown.rs/reference/InputOptions.checks#bundlertimings for more details.

