{
  "errors": [],
  "warnings": [],
  "neighbours": [
    {
      "id": "adolf-hitler",
      "revision": 6,
      "similarity": 86.98666666666666
    },
    {
      "id": "kim-jong-un",
      "revision": 4,
      "similarity": 84.79333333333334
    },
    {
      "id": "benito-mussolini",
      "revision": 6,
      "similarity": 81.58
    },
    {
      "id": "vladimir-putin",
      "revision": 6,
      "similarity": 78.66
    },
    {
      "id": "ruhollah-khomeini",
      "revision": 4,
      "similarity": 75.72
    }
  ],
  "scores": [
    {
      "axisId": "democracy-autocracy",
      "leftPercent": 1.6,
      "rightPercent": 98.4,
      "answered": 16,
      "neutral": 0
    },
    {
      "axisId": "authority-liberty",
      "leftPercent": 96.9,
      "rightPercent": 3.1,
      "answered": 16,
      "neutral": 0
    },
    {
      "axisId": "assimilation-multiculturalism",
      "leftPercent": 100,
      "rightPercent": 0,
      "answered": 16,
      "neutral": 0
    },
    {
      "axisId": "restricted-immigration-open-immigration",
      "leftPercent": 92.2,
      "rightPercent": 7.8,
      "answered": 16,
      "neutral": 0
    },
    {
      "axisId": "militarist-pacifist",
      "leftPercent": 98.4,
      "rightPercent": 1.6,
      "answered": 16,
      "neutral": 0
    },
    {
      "axisId": "nationalism-internationalism",
      "leftPercent": 85.9,
      "rightPercent": 14.1,
      "answered": 16,
      "neutral": 0
    },
    {
      "axisId": "public-private",
      "leftPercent": 62.5,
      "rightPercent": 37.5,
      "answered": 16,
      "neutral": 0
    },
    {
      "axisId": "protectionism-free-trade",
      "leftPercent": 89.1,
      "rightPercent": 10.9,
      "answered": 16,
      "neutral": 1
    },
    {
      "axisId": "planning-free-market",
      "leftPercent": 85.9,
      "rightPercent": 14.1,
      "answered": 16,
      "neutral": 0
    },
    {
      "axisId": "high-redistribution-low-redistribution",
      "leftPercent": 42.2,
      "rightPercent": 57.8,
      "answered": 16,
      "neutral": 1
    },
    {
      "axisId": "secular-religious",
      "leftPercent": 51.6,
      "rightPercent": 48.4,
      "answered": 16,
      "neutral": 2
    },
    {
      "axisId": "progressive-traditionalist",
      "leftPercent": 4.7,
      "rightPercent": 95.3,
      "answered": 16,
      "neutral": 0
    },
    {
      "axisId": "innovation-caution",
      "leftPercent": 87.5,
      "rightPercent": 12.5,
      "answered": 16,
      "neutral": 1
    },
    {
      "axisId": "central-local",
      "leftPercent": 98.4,
      "rightPercent": 1.6,
      "answered": 16,
      "neutral": 0
    },
    {
      "axisId": "culture-nature",
      "leftPercent": 7.8,
      "rightPercent": 92.2,
      "answered": 16,
      "neutral": 0
    }
  ]
}

Archived profile-audit/answers/personality/heinrich-himmler/1.json. Run profiles build to regenerate the catalogue; the draft is retained.
