{
  "errors": [],
  "warnings": [],
  "neighbours": [
    {
      "id": "jeff-bezos",
      "revision": 4,
      "similarity": 92.49333333333334
    },
    {
      "id": "mark-zuckerberg",
      "revision": 4,
      "similarity": 91.67333333333333
    },
    {
      "id": "kamala-harris",
      "revision": 5,
      "similarity": 90.62
    },
    {
      "id": "paul-keating",
      "revision": 4,
      "similarity": 90.52
    },
    {
      "id": "friedrich-hayek",
      "revision": 5,
      "similarity": 89.98
    }
  ],
  "scores": [
    {
      "axisId": "democracy-autocracy",
      "leftPercent": 64.1,
      "rightPercent": 35.9,
      "answered": 16,
      "neutral": 2
    },
    {
      "axisId": "authority-liberty",
      "leftPercent": 53.1,
      "rightPercent": 46.9,
      "answered": 16,
      "neutral": 1
    },
    {
      "axisId": "assimilation-multiculturalism",
      "leftPercent": 39.1,
      "rightPercent": 60.9,
      "answered": 16,
      "neutral": 3
    },
    {
      "axisId": "restricted-immigration-open-immigration",
      "leftPercent": 51.6,
      "rightPercent": 48.4,
      "answered": 16,
      "neutral": 2
    },
    {
      "axisId": "militarist-pacifist",
      "leftPercent": 59.4,
      "rightPercent": 40.6,
      "answered": 16,
      "neutral": 1
    },
    {
      "axisId": "nationalism-internationalism",
      "leftPercent": 45.3,
      "rightPercent": 54.7,
      "answered": 16,
      "neutral": 2
    },
    {
      "axisId": "public-private",
      "leftPercent": 39.1,
      "rightPercent": 60.9,
      "answered": 16,
      "neutral": 1
    },
    {
      "axisId": "protectionism-free-trade",
      "leftPercent": 25,
      "rightPercent": 75,
      "answered": 16,
      "neutral": 2
    },
    {
      "axisId": "planning-free-market",
      "leftPercent": 20.3,
      "rightPercent": 79.7,
      "answered": 16,
      "neutral": 1
    },
    {
      "axisId": "high-redistribution-low-redistribution",
      "leftPercent": 39.1,
      "rightPercent": 60.9,
      "answered": 16,
      "neutral": 3
    },
    {
      "axisId": "secular-religious",
      "leftPercent": 73.4,
      "rightPercent": 26.6,
      "answered": 16,
      "neutral": 2
    },
    {
      "axisId": "progressive-traditionalist",
      "leftPercent": 68.8,
      "rightPercent": 31.2,
      "answered": 16,
      "neutral": 3
    },
    {
      "axisId": "innovation-caution",
      "leftPercent": 64.1,
      "rightPercent": 35.9,
      "answered": 16,
      "neutral": 4
    },
    {
      "axisId": "central-local",
      "leftPercent": 34.4,
      "rightPercent": 65.6,
      "answered": 16,
      "neutral": 2
    },
    {
      "axisId": "culture-nature",
      "leftPercent": 68.8,
      "rightPercent": 31.2,
      "answered": 16,
      "neutral": 0
    }
  ]
}

Archived profile-audit/answers/personality/malcolm-turnbull/1.json. Run profiles build to regenerate the catalogue; the draft is retained.
