adam-bandt 1 previously retrieved
adam-bandt 2 previously retrieved
adam-bandt 3 previously retrieved
adam-bandt 4 previously retrieved
alice-weidel 1 200
alice-weidel 2 200
alice-weidel 3 200
alice-weidel 4 200
alice-weidel 5 403
allegra-spender 1 200
allegra-spender 2 403
allegra-spender 3 403
allegra-spender 4 403
allegra-spender 5 403
allegra-spender 6 403
allegra-spender 7 403
allegra-spender 8 200
allegra-spender 9 403
allegra-spender 10 403
capitalism 1 403
capitalism 2 200
capitalism 3 200
charlie-kirk 1 200
charlie-kirk 2 200
charlie-kirk 3 200
charlie-kirk 4 200
charlie-kirk 5 403
charlie-kirk 6 200
christian-nationalism 1 200
christian-nationalism 2 200
christian-nationalism 3 403
christian-nationalism 4 403
dominik-tarczynski 1 previously retrieved
dominik-tarczynski 2 previously retrieved
dominik-tarczynski 3 previously retrieved
dominik-tarczynski 4 503
fanonism 1 200
fanonism 2 200
fanonism 3 200
fanonism 4 200
friedrich-ebert 1 previously retrieved
friedrich-ebert 2 previously retrieved
friedrich-ebert 3 previously retrieved
friedrich-ebert 4 previously retrieved
heinrich-himmler 1 200
heinrich-himmler 2 200
heinrich-himmler 3 200
heinrich-himmler 4 200
ian-smith 1 200
ian-smith 2 200
ian-smith 3 200
ian-smith 4 200
josip-broz-tito 1 200
josip-broz-tito 2 200
josip-broz-tito 3 200
josip-broz-tito 4 200
josip-broz-tito 5 200
julius-malema 1 200
julius-malema 2 200
julius-malema 3 200
julius-malema 4 200
julius-malema 5 200
kevin-rudd 1 previously retrieved
kevin-rudd 2 previously retrieved
kevin-rudd 3 403
kevin-rudd 4 previously retrieved
kevin-rudd 5 previously retrieved
kevin-rudd 6 previously retrieved
kevin-rudd 7 previously retrieved
kevin-rudd 8 previously retrieved
kevin-rudd 9 previously retrieved
kevin-rudd 10 previously retrieved
leninism 1 200
leninism 2 200
leninism 3 200
leninism 4 200
leninism 5 200
leninism 6 200
leninism 7 403
leon-trotsky 1 200
leon-trotsky 2 200
leon-trotsky 3 200
leon-trotsky 4 200
leon-trotsky 5 200
leon-trotsky 6 200
malcolm-turnbull 1 previously retrieved
malcolm-turnbull 2 previously retrieved
malcolm-turnbull 3 403
malcolm-turnbull 4 previously retrieved
malcolm-turnbull 5 previously retrieved
malcolm-turnbull 6 previously retrieved
malcolm-turnbull 7 previously retrieved
mark-carney 1 previously retrieved
mark-carney 2 previously retrieved
mark-carney 3 previously retrieved
mark-carney 4 previously retrieved
mark-carney 5 403
marxism-leninism 1 200
marxism-leninism 2 200
marxism-leninism 3 200
marxism-leninism 4 403
neo-nazism 1 200
neo-nazism 2 200
neo-nazism 3 403
neo-nazism 4 200
olaf-scholz 1 previously retrieved
olaf-scholz 2 previously retrieved
olaf-scholz 3 previously retrieved
olaf-scholz 4 previously retrieved
olaf-scholz 5 previously retrieved
olaf-scholz 6 previously retrieved
otto-von-bismarck 1 200
otto-von-bismarck 2 200
otto-von-bismarck 3 200
otto-von-bismarck 4 200
thomas-sewell 1 200
thomas-sewell 2 200
thomas-sewell 3 200
thomas-sewell 4 200
thomas-sewell 5 200
thomas-sewell 6 200
titoism 1 200
titoism 2 200
titoism 3 429
titoism 4 403
zali-steggall 1 200
zali-steggall 2 200
zali-steggall 3 200
zali-steggall 4 200
zali-steggall 5 200
zali-steggall 6 200
zali-steggall 7 200
