{
  "errors": [],
  "warnings": [],
  "neighbours": [
    {
      "id": "ian-smith",
      "revision": 1,
      "similarity": 87.17333333333333
    },
    {
      "id": "otto-von-bismarck",
      "revision": 1,
      "similarity": 86.77333333333334
    },
    {
      "id": "vladimir-putin",
      "revision": 6,
      "similarity": 85.93333333333332
    },
    {
      "id": "adolf-hitler",
      "revision": 6,
      "similarity": 85.92666666666666
    },
    {
      "id": "heinrich-himmler",
      "revision": 1,
      "similarity": 85.42
    }
  ],
  "scores": [
    {
      "axisId": "democracy-autocracy",
      "leftPercent": 15.6,
      "rightPercent": 84.4,
      "answered": 16,
      "neutral": 0
    },
    {
      "axisId": "authority-liberty",
      "leftPercent": 46.9,
      "rightPercent": 53.1,
      "answered": 16,
      "neutral": 0
    },
    {
      "axisId": "assimilation-multiculturalism",
      "leftPercent": 100,
      "rightPercent": 0,
      "answered": 16,
      "neutral": 0
    },
    {
      "axisId": "restricted-immigration-open-immigration",
      "leftPercent": 92.2,
      "rightPercent": 7.8,
      "answered": 16,
      "neutral": 0
    },
    {
      "axisId": "militarist-pacifist",
      "leftPercent": 73.4,
      "rightPercent": 26.6,
      "answered": 16,
      "neutral": 0
    },
    {
      "axisId": "nationalism-internationalism",
      "leftPercent": 85.9,
      "rightPercent": 14.1,
      "answered": 16,
      "neutral": 0
    },
    {
      "axisId": "public-private",
      "leftPercent": 57.8,
      "rightPercent": 42.2,
      "answered": 16,
      "neutral": 0
    },
    {
      "axisId": "protectionism-free-trade",
      "leftPercent": 73.4,
      "rightPercent": 26.6,
      "answered": 16,
      "neutral": 0
    },
    {
      "axisId": "planning-free-market",
      "leftPercent": 59.4,
      "rightPercent": 40.6,
      "answered": 16,
      "neutral": 0
    },
    {
      "axisId": "high-redistribution-low-redistribution",
      "leftPercent": 56.3,
      "rightPercent": 43.7,
      "answered": 16,
      "neutral": 0
    },
    {
      "axisId": "secular-religious",
      "leftPercent": 54.7,
      "rightPercent": 45.3,
      "answered": 16,
      "neutral": 0
    },
    {
      "axisId": "progressive-traditionalist",
      "leftPercent": 4.7,
      "rightPercent": 95.3,
      "answered": 16,
      "neutral": 0
    },
    {
      "axisId": "innovation-caution",
      "leftPercent": 48.4,
      "rightPercent": 51.6,
      "answered": 16,
      "neutral": 1
    },
    {
      "axisId": "central-local",
      "leftPercent": 89.1,
      "rightPercent": 10.9,
      "answered": 16,
      "neutral": 0
    },
    {
      "axisId": "culture-nature",
      "leftPercent": 25,
      "rightPercent": 75,
      "answered": 16,
      "neutral": 0
    }
  ]
}

Archived profile-audit/answers/personality/thomas-sewell/1.json. Run profiles build to regenerate the catalogue; the draft is retained.
