{
  "errors": [],
  "warnings": [],
  "neighbours": [
    {
      "id": "fanonism",
      "revision": 1,
      "similarity": 88.10666666666667
    },
    {
      "id": "leninism",
      "revision": 1,
      "similarity": 88
    },
    {
      "id": "progressive-liberalism",
      "revision": 5,
      "similarity": 87.19333333333333
    },
    {
      "id": "civic-nationalism",
      "revision": 5,
      "similarity": 86.67333333333333
    },
    {
      "id": "social-democracy",
      "revision": 5,
      "similarity": 86.66
    }
  ],
  "scores": [
    {
      "axisId": "democracy-autocracy",
      "leftPercent": 46.9,
      "rightPercent": 53.1,
      "answered": 16,
      "neutral": 0
    },
    {
      "axisId": "authority-liberty",
      "leftPercent": 48.4,
      "rightPercent": 51.6,
      "answered": 16,
      "neutral": 1
    },
    {
      "axisId": "assimilation-multiculturalism",
      "leftPercent": 26.6,
      "rightPercent": 73.4,
      "answered": 16,
      "neutral": 1
    },
    {
      "axisId": "restricted-immigration-open-immigration",
      "leftPercent": 14.1,
      "rightPercent": 85.9,
      "answered": 16,
      "neutral": 0
    },
    {
      "axisId": "militarist-pacifist",
      "leftPercent": 42.2,
      "rightPercent": 57.8,
      "answered": 16,
      "neutral": 0
    },
    {
      "axisId": "nationalism-internationalism",
      "leftPercent": 56.3,
      "rightPercent": 43.7,
      "answered": 16,
      "neutral": 0
    },
    {
      "axisId": "public-private",
      "leftPercent": 100,
      "rightPercent": 0,
      "answered": 16,
      "neutral": 0
    },
    {
      "axisId": "protectionism-free-trade",
      "leftPercent": 43.7,
      "rightPercent": 56.3,
      "answered": 16,
      "neutral": 1
    },
    {
      "axisId": "planning-free-market",
      "leftPercent": 45.3,
      "rightPercent": 54.7,
      "answered": 16,
      "neutral": 0
    },
    {
      "axisId": "high-redistribution-low-redistribution",
      "leftPercent": 92.2,
      "rightPercent": 7.8,
      "answered": 16,
      "neutral": 0
    },
    {
      "axisId": "secular-religious",
      "leftPercent": 96.9,
      "rightPercent": 3.1,
      "answered": 16,
      "neutral": 0
    },
    {
      "axisId": "progressive-traditionalist",
      "leftPercent": 78.1,
      "rightPercent": 21.9,
      "answered": 16,
      "neutral": 2
    },
    {
      "axisId": "innovation-caution",
      "leftPercent": 64.1,
      "rightPercent": 35.9,
      "answered": 16,
      "neutral": 0
    },
    {
      "axisId": "central-local",
      "leftPercent": 40.6,
      "rightPercent": 59.4,
      "answered": 16,
      "neutral": 0
    },
    {
      "axisId": "culture-nature",
      "leftPercent": 85.9,
      "rightPercent": 14.1,
      "answered": 16,
      "neutral": 1
    }
  ]
}

Archived profile-audit/answers/ideology/titoism/1.json. Run profiles build to regenerate the catalogue; the draft is retained.
