
> 15-values-quiz@0.0.0 test:e2e
> playwright test

[WebServer] (node:38002) Warning: The 'NO_COLOR' env is ignored due to the 'FORCE_COLOR' env being set.
[WebServer] (Use `node --trace-warnings ...` to show where the warning was created)

Running 171 tests using 4 workers

(node:38006) Warning: The 'NO_COLOR' env is ignored due to the 'FORCE_COLOR' env being set.
(Use `node --trace-warnings ...` to show where the warning was created)
(node:38005) Warning: The 'NO_COLOR' env is ignored due to the 'FORCE_COLOR' env being set.
(Use `node --trace-warnings ...` to show where the warning was created)
(node:38003) Warning: The 'NO_COLOR' env is ignored due to the 'FORCE_COLOR' env being set.
(Use `node --trace-warnings ...` to show where the warning was created)
(node:38004) Warning: The 'NO_COLOR' env is ignored due to the 'FORCE_COLOR' env being set.
(Use `node --trace-warnings ...` to show where the warning was created)
  ✓    2 [desktop] › tests/catalogue.spec.ts:9:1 › withdrawn personality has no placements but preserves the historical assessment link (366ms)
  ✓    3 [desktop] › tests/catalogue.spec.ts:95:1 › catalogue failures can be retried and missing profiles have a way back (418ms)
  ✓    4 [desktop] › tests/catalogue.spec.ts:9:1 › withdrawn ideology has no placements but preserves the historical assessment link (440ms)
  ✓    5 [desktop] › tests/catalogue.spec.ts:108:1 › malformed catalogue data is not rendered as a profile (181ms)
  ✓    7 [desktop] › tests/catalogue.spec.ts:144:1 › personality filters combine with search and clear together (429ms)
  ✓    6 [desktop] › tests/catalogue.spec.ts:116:1 › ideology groups combine with search and show only pronounced placements (490ms)
  ✓    1 [desktop] › tests/catalogue.spec.ts:24:1 › all three catalogues browse, search and open full sourced assessments (2.0s)
  ✓   10 [desktop] › tests/home-strip.spec.ts:52:1 › strip loops evenly, pauses, resumes and stops for keyboard interaction (1.1s)
  ✓   12 [desktop] › tests/home-strip.spec.ts:95:3 › home offers catalogue links when profile data is empty (183ms)
  ✓   13 [desktop] › tests/home-strip.spec.ts:95:3 › home offers catalogue links when profile data is unavailable (179ms)
  ✓   11 [desktop] › tests/home-strip.spec.ts:79:1 › reduced motion allows manual scrolling without duplicate links or page overflow (432ms)
  ✓   14 [desktop] › tests/home-strip.spec.ts:95:3 › home offers catalogue links when profile data is invalid (185ms)
  ✓   15 [desktop] › tests/navigation.spec.ts:3:1 › quiz navigation never replaces the page with a loading screen (633ms)
  ✓   16 [desktop] › tests/navigation.spec.ts:26:3 › short: a direct quiz link and reload open a working first question (709ms)
  ✓   17 [desktop] › tests/navigation.spec.ts:26:3 › medium: a direct quiz link and reload open a working first question (709ms)
  ✓   18 [desktop] › tests/navigation.spec.ts:26:3 › long: a direct quiz link and reload open a working first question (704ms)
  ✓   19 [desktop] › tests/navigation.spec.ts:26:3 › comprehensive: a direct quiz link and reload open a working first question (720ms)
  ✓   20 [desktop] › tests/navigation.spec.ts:46:1 › returning from the home page to an old quiz link starts normally (731ms)
  ✓   21 [desktop] › tests/navigation.spec.ts:58:1 › invalid quiz links show the usable format selector (314ms)
  ✓   22 [desktop] › tests/platform.spec.ts:4:1 › home loads Clarity City and clearly labels the example result (1.4s)
  ✘    9 [desktop] › tests/home-strip.spec.ts:39:1 › home strip uses explicit personality leaning metadata and falls back when absent (5.3s)
  ✓   24 [desktop] › tests/platform.spec.ts:49:1 › catalogue pages are intentionally empty and link to the values (291ms)
(node:38071) Warning: The 'NO_COLOR' env is ignored due to the 'FORCE_COLOR' env being set.
(Use `node --trace-warnings ...` to show where the warning was created)
  ✓   26 [desktop] › tests/platform.spec.ts:61:1 › quiz format selection starts a real quiz (452ms)
  ✓   23 [desktop] › tests/platform.spec.ts:32:1 › Values navigation opens the home axes section from another page and on repeated clicks (2.5s)
  ✓   25 [desktop] › tests/platform.spec.ts:68:1 › navigation supports back, reload, current page, and keyboard focus (968ms)
  ✓   29 [desktop] › tests/platform.spec.ts:113:1 › skip link appears on keyboard focus and moves focus to the content (215ms)
  ✓   28 [desktop] › tests/platform.spec.ts:103:1 › removed and unrecognised routes offer a working return to home (445ms)
  ✓   31 [desktop] › tests/platform.spec.ts:138:1 › resuming the strip works while the control retains focus (563ms)
  ✘   27 [desktop] › tests/platform.spec.ts:93:1 › pages do not overflow at narrow widths or with reduced motion (1.2s)
  ✓   32 [desktop] › tests/platform.spec.ts:155:1 › mobile primary action precedes the example and is visible without scrolling (376ms)
  ✓   30 [desktop] › tests/platform.spec.ts:128:1 › all four home format cards start their corresponding quiz (1.2s)
(node:38089) Warning: The 'NO_COLOR' env is ignored due to the 'FORCE_COLOR' env being set.
(Use `node --trace-warnings ...` to show where the warning was created)
  ✘    8 [desktop] › tests/home-strip.spec.ts:8:1 › home strip uses published profiles and links to both types of detail page (8.3s)
  ✓   34 [desktop] › tests/platform.spec.ts:200:1 › social preview assets resolve under the GitHub Pages subpath (214ms)
  ✓   33 [desktop] › tests/platform.spec.ts:186:1 › feedback download works without submitting or storing the draft (290ms)
(node:38093) Warning: The 'NO_COLOR' env is ignored due to the 'FORCE_COLOR' env being set.
(Use `node --trace-warnings ...` to show where the warning was created)
  ✓   38 [desktop] › tests/platform.spec.ts:211:1 › landing section navigation moves focus and returns to the top on the same route (575ms)
  ✓   36 [desktop] › tests/platform.spec.ts:166:1 › landing axis cards cover all 15 agreed axes and replace the old sections (1.3s)
  ✓   35 [desktop] › tests/quiz.spec.ts:48:3 › Short: complete every question and export the expected independent scores (5.4s)
  ✓   37 [desktop] › tests/quiz.spec.ts:48:3 › Medium: complete every question and export the expected independent scores (8.1s)
  ✓   41 [desktop] › tests/quiz.spec.ts:76:1 › back, edits, keyboard, auto-advance and restart keep answers consistent (3.0s)
  ✓   40 [desktop] › tests/quiz.spec.ts:48:3 › Comprehensive: complete every question and export the expected independent scores (12.1s)
  ✓   39 [desktop] › tests/quiz.spec.ts:48:3 › Long: complete every question and export the expected independent scores (14.5s)
  ✓   45 [desktop] › tests/quiz.spec.ts:160:1 › browser Back preserves the open session and leaving asks for confirmation (777ms)
  ✓   46 [desktop] › tests/quiz.spec.ts:174:1 › large desktop and small mobile layouts are readable, with both fonts loaded (738ms)
  ✓   43 [desktop] › tests/quiz.spec.ts:138:1 › blocked browser storage and corrupt imports never prevent completion or export (21.6s)
  ✓   42 [desktop] › tests/quiz.spec.ts:108:1 › history saves automatically, survives reload and supports import, deduplication and deletion (22.4s)
  ✓   49 [desktop] › tests/results.spec.ts:21:1 › profile layout, all endpoints, help controls and complementary percentages work at every width (2.0s)
  ✓   50 [desktop] › tests/results.spec.ts:75:1 › legacy results display and export their original method without recalculation (528ms)
  ✓   51 [desktop] › tests/results.spec.ts:89:1 › empty history and saved cards are responsive, and saved profiles reopen after reload (1.4s)
  ✓   52 [desktop] › tests/results.spec.ts:129:1 › comparison fetch failure can be retried without losing the result (528ms)
  ✓   48 [desktop] › tests/quiz.spec.ts:214:1 › a failed automatic save preserves the result and can be retried without duplicates (5.0s)
  ✓   53 [desktop] › tests/results.spec.ts:141:1 › legacy results keep their scores and explain incompatible comparisons (431ms)
  ✓   44 [desktop] › tests/quiz.spec.ts:148:1 › reviewing answers recalculates the result and final submission is always explicit (22.1s)
  ✓   55 [desktop] › tests/window-navigation.spec.ts:4:1 › current-page links do not add history and Back/Forward restores each route without reloads (742ms)
  ✓   54 [desktop] › tests/results.spec.ts:149:1 › searchable comparison picker scrolls, supports keyboard selection and compares ideologies and personalities (1.4s)
  ✓   57 [desktop] › tests/window-navigation.spec.ts:39:1 › all question wordings fit laptop, phone and landscape windows without scrolling or clipping (527ms)
(node:38241) Warning: The 'NO_COLOR' env is ignored due to the 'FORCE_COLOR' env being set.
(Use `node --trace-warnings ...` to show where the warning was created)
(node:38243) Warning: The 'NO_COLOR' env is ignored due to the 'FORCE_COLOR' env being set.
(Use `node --trace-warnings ...` to show where the warning was created)
  ✓   58 [mobile] › tests/catalogue.spec.ts:9:1 › withdrawn ideology has no placements but preserves the historical assessment link (307ms)
  ✓   59 [mobile] › tests/catalogue.spec.ts:9:1 › withdrawn personality has no placements but preserves the historical assessment link (241ms)
  ✓   61 [mobile] › tests/catalogue.spec.ts:95:1 › catalogue failures can be retried and missing profiles have a way back (274ms)
  ✓   62 [mobile] › tests/catalogue.spec.ts:108:1 › malformed catalogue data is not rendered as a profile (154ms)
  ✓   63 [mobile] › tests/catalogue.spec.ts:116:1 › ideology groups combine with search and show only pronounced placements (347ms)
  ✓   47 [desktop] › tests/quiz.spec.ts:195:1 › narrow results and invalid stored history stay usable without overwriting data (21.5s)
  ✓   64 [mobile] › tests/catalogue.spec.ts:144:1 › personality filters combine with search and clear together (339ms)
(node:38279) Warning: The 'NO_COLOR' env is ignored due to the 'FORCE_COLOR' env being set.
(Use `node --trace-warnings ...` to show where the warning was created)
  ✓   60 [mobile] › tests/catalogue.spec.ts:24:1 › all three catalogues browse, search and open full sourced assessments (2.0s)
  ✓   67 [mobile] › tests/home-strip.spec.ts:52:1 › strip loops evenly, pauses, resumes and stops for keyboard interaction (1.0s)
  ✓   68 [mobile] › tests/home-strip.spec.ts:79:1 › reduced motion allows manual scrolling without duplicate links or page overflow (468ms)
  ✓   69 [mobile] › tests/home-strip.spec.ts:95:3 › home offers catalogue links when profile data is empty (175ms)
  ✓   70 [mobile] › tests/home-strip.spec.ts:95:3 › home offers catalogue links when profile data is unavailable (187ms)
  ✓   71 [mobile] › tests/home-strip.spec.ts:95:3 › home offers catalogue links when profile data is invalid (181ms)
  ✓   72 [mobile] › tests/navigation.spec.ts:3:1 › quiz navigation never replaces the page with a loading screen (621ms)
  ✓   73 [mobile] › tests/navigation.spec.ts:26:3 › short: a direct quiz link and reload open a working first question (684ms)
  ✓   74 [mobile] › tests/navigation.spec.ts:26:3 › medium: a direct quiz link and reload open a working first question (716ms)
  ✘   65 [mobile] › tests/home-strip.spec.ts:39:1 › home strip uses explicit personality leaning metadata and falls back when absent (5.2s)
  ✓   75 [mobile] › tests/navigation.spec.ts:26:3 › long: a direct quiz link and reload open a working first question (733ms)
(node:38305) Warning: The 'NO_COLOR' env is ignored due to the 'FORCE_COLOR' env being set.
(Use `node --trace-warnings ...` to show where the warning was created)
  ✓   76 [mobile] › tests/navigation.spec.ts:46:1 › returning from the home page to an old quiz link starts normally (716ms)
  ✓   78 [mobile] › tests/navigation.spec.ts:58:1 › invalid quiz links show the usable format selector (281ms)
  ✓   77 [mobile] › tests/navigation.spec.ts:26:3 › comprehensive: a direct quiz link and reload open a working first question (756ms)
  ✓   79 [mobile] › tests/platform.spec.ts:4:1 › home loads Clarity City and clearly labels the example result (2.1s)
  ✘   66 [mobile] › tests/home-strip.spec.ts:8:1 › home strip uses published profiles and links to both types of detail page (8.1s)
  ✓   81 [mobile] › tests/platform.spec.ts:49:1 › catalogue pages are intentionally empty and link to the values (375ms)
(node:38318) Warning: The 'NO_COLOR' env is ignored due to the 'FORCE_COLOR' env being set.
(Use `node --trace-warnings ...` to show where the warning was created)
  ✓   83 [mobile] › tests/platform.spec.ts:61:1 › quiz format selection starts a real quiz (423ms)
  ✓   80 [mobile] › tests/platform.spec.ts:32:1 › Values navigation opens the home axes section from another page and on repeated clicks (3.9s)
  ✓   85 [mobile] › tests/platform.spec.ts:103:1 › removed and unrecognised routes offer a working return to home (422ms)
  ✘   84 [mobile] › tests/platform.spec.ts:93:1 › pages do not overflow at narrow widths or with reduced motion (1.2s)
  ✓   86 [mobile] › tests/platform.spec.ts:113:1 › skip link appears on keyboard focus and moves focus to the content (367ms)
  ✓   82 [mobile] › tests/platform.spec.ts:68:1 › navigation supports back, reload, current page, and keyboard focus (2.3s)
(node:38327) Warning: The 'NO_COLOR' env is ignored due to the 'FORCE_COLOR' env being set.
(Use `node --trace-warnings ...` to show where the warning was created)
  ✓   88 [mobile] › tests/platform.spec.ts:155:1 › mobile primary action precedes the example and is visible without scrolling (355ms)
  ✓   87 [mobile] › tests/platform.spec.ts:138:1 › resuming the strip works while the control retains focus (726ms)
  ✓   91 [mobile] › tests/platform.spec.ts:186:1 › feedback download works without submitting or storing the draft (450ms)
  ✓   92 [mobile] › tests/platform.spec.ts:200:1 › social preview assets resolve under the GitHub Pages subpath (228ms)
  ✓   89 [mobile] › tests/platform.spec.ts:128:1 › all four home format cards start their corresponding quiz (1.4s)
  ✓   90 [mobile] › tests/platform.spec.ts:166:1 › landing axis cards cover all 15 agreed axes and replace the old sections (1.6s)
  ✓   93 [mobile] › tests/platform.spec.ts:211:1 › landing section navigation moves focus and returns to the top on the same route (568ms)
  ✓   94 [mobile] › tests/quiz.spec.ts:48:3 › Short: complete every question and export the expected independent scores (5.9s)
  ✓   95 [mobile] › tests/quiz.spec.ts:48:3 › Medium: complete every question and export the expected independent scores (8.1s)
  ✓   98 [mobile] › tests/quiz.spec.ts:76:1 › back, edits, keyboard, auto-advance and restart keep answers consistent (3.0s)
  ✓   96 [mobile] › tests/quiz.spec.ts:48:3 › Long: complete every question and export the expected independent scores (14.0s)
  ✓   97 [mobile] › tests/quiz.spec.ts:48:3 › Comprehensive: complete every question and export the expected independent scores (10.9s)
  ✓   56 [desktop] › tests/window-navigation.spec.ts:25:1 › default auto advance completes a quiz and leaves the final submission explicit (36.2s)
(node:38551) Warning: The 'NO_COLOR' env is ignored due to the 'FORCE_COLOR' env being set.
(Use `node --trace-warnings ...` to show where the warning was created)
  ✓  102 [mobile] › tests/quiz.spec.ts:160:1 › browser Back preserves the open session and leaving asks for confirmation (688ms)
  ✓  103 [mobile] › tests/quiz.spec.ts:174:1 › large desktop and small mobile layouts are readable, with both fonts loaded (2.3s)
  ✓   99 [mobile] › tests/quiz.spec.ts:108:1 › history saves automatically, survives reload and supports import, deduplication and deletion (22.4s)
  ✓  100 [mobile] › tests/quiz.spec.ts:138:1 › blocked browser storage and corrupt imports never prevent completion or export (21.5s)
  ✓  101 [mobile] › tests/quiz.spec.ts:148:1 › reviewing answers recalculates the result and final submission is always explicit (22.0s)
  ✓  105 [mobile] › tests/quiz.spec.ts:214:1 › a failed automatic save preserves the result and can be retried without duplicates (5.2s)
  ✓  107 [mobile] › tests/results.spec.ts:75:1 › legacy results display and export their original method without recalculation (529ms)
  ✓  109 [mobile] › tests/results.spec.ts:129:1 › comparison fetch failure can be retried without losing the result (538ms)
  ✓  110 [mobile] › tests/results.spec.ts:141:1 › legacy results keep their scores and explain incompatible comparisons (437ms)
  ✓  108 [mobile] › tests/results.spec.ts:89:1 › empty history and saved cards are responsive, and saved profiles reopen after reload (2.3s)
  ✘  106 [mobile] › tests/results.spec.ts:21:1 › profile layout, all endpoints, help controls and complementary percentages work at every width (5.6s)
(node:38630) Warning: The 'NO_COLOR' env is ignored due to the 'FORCE_COLOR' env being set.
(Use `node --trace-warnings ...` to show where the warning was created)
  ✓  112 [mobile] › tests/window-navigation.spec.ts:4:1 › current-page links do not add history and Back/Forward restores each route without reloads (711ms)
  ✓  114 [mobile] › tests/window-navigation.spec.ts:39:1 › all question wordings fit laptop, phone and landscape windows without scrolling or clipping (1.3s)
(node:38640) Warning: The 'NO_COLOR' env is ignored due to the 'FORCE_COLOR' env being set.
(Use `node --trace-warnings ...` to show where the warning was created)
  ✓  115 [safari] › tests/catalogue.spec.ts:9:1 › withdrawn ideology has no placements but preserves the historical assessment link (949ms)
  ✓  104 [mobile] › tests/quiz.spec.ts:195:1 › narrow results and invalid stored history stay usable without overwriting data (21.7s)
  ✓  116 [safari] › tests/catalogue.spec.ts:9:1 › withdrawn personality has no placements but preserves the historical assessment link (472ms)
(node:38733) Warning: The 'NO_COLOR' env is ignored due to the 'FORCE_COLOR' env being set.
(Use `node --trace-warnings ...` to show where the warning was created)
  ✓  117 [safari] › tests/catalogue.spec.ts:95:1 › catalogue failures can be retried and missing profiles have a way back (452ms)
  ✘  111 [mobile] › tests/results.spec.ts:149:1 › searchable comparison picker scrolls, supports keyboard selection and compares ideologies and personalities (5.8s)
  ✓  119 [safari] › tests/catalogue.spec.ts:108:1 › malformed catalogue data is not rendered as a profile (444ms)
(node:38747) Warning: The 'NO_COLOR' env is ignored due to the 'FORCE_COLOR' env being set.
(Use `node --trace-warnings ...` to show where the warning was created)
  ✓  120 [safari] › tests/catalogue.spec.ts:144:1 › personality filters combine with search and clear together (715ms)
  ✓  121 [safari] › tests/catalogue.spec.ts:116:1 › ideology groups combine with search and show only pronounced placements (1.4s)
  ✓  118 [safari] › tests/catalogue.spec.ts:24:1 › all three catalogues browse, search and open full sourced assessments (3.8s)
  ✘  123 [safari] › tests/home-strip.spec.ts:39:1 › home strip uses explicit personality leaning metadata and falls back when absent (5.6s)
(node:38974) Warning: The 'NO_COLOR' env is ignored due to the 'FORCE_COLOR' env being set.
(Use `node --trace-warnings ...` to show where the warning was created)
  ✘  124 [safari] › tests/home-strip.spec.ts:52:1 › strip loops evenly, pauses, resumes and stops for keyboard interaction (5.4s)
  ✓  125 [safari] › tests/home-strip.spec.ts:79:1 › reduced motion allows manual scrolling without duplicate links or page overflow (710ms)
(node:39073) Warning: The 'NO_COLOR' env is ignored due to the 'FORCE_COLOR' env being set.
(Use `node --trace-warnings ...` to show where the warning was created)
  ✓  126 [safari] › tests/home-strip.spec.ts:95:3 › home offers catalogue links when profile data is unavailable (421ms)
  ✓  128 [safari] › tests/home-strip.spec.ts:95:3 › home offers catalogue links when profile data is invalid (486ms)
  ✓  127 [safari] › tests/home-strip.spec.ts:95:3 › home offers catalogue links when profile data is empty (569ms)
  ✘  122 [safari] › tests/home-strip.spec.ts:8:1 › home strip uses published profiles and links to both types of detail page (9.4s)
(node:39092) Warning: The 'NO_COLOR' env is ignored due to the 'FORCE_COLOR' env being set.
(Use `node --trace-warnings ...` to show where the warning was created)
  ✓  129 [safari] › tests/navigation.spec.ts:3:1 › quiz navigation never replaces the page with a loading screen (916ms)
  ✓  130 [safari] › tests/navigation.spec.ts:26:3 › short: a direct quiz link and reload open a working first question (1.0s)
  ✓  132 [safari] › tests/navigation.spec.ts:26:3 › long: a direct quiz link and reload open a working first question (955ms)
  ✓  131 [safari] › tests/navigation.spec.ts:26:3 › medium: a direct quiz link and reload open a working first question (1.1s)
  ✓  133 [safari] › tests/navigation.spec.ts:26:3 › comprehensive: a direct quiz link and reload open a working first question (1.0s)
  ✓  135 [safari] › tests/navigation.spec.ts:58:1 › invalid quiz links show the usable format selector (579ms)
  ✓  134 [safari] › tests/navigation.spec.ts:46:1 › returning from the home page to an old quiz link starts normally (1.1s)
  ✓  138 [safari] › tests/platform.spec.ts:49:1 › catalogue pages are intentionally empty and link to the values (724ms)
  ✓  136 [safari] › tests/platform.spec.ts:4:1 › home loads Clarity City and clearly labels the example result (1.8s)
  ✓  137 [safari] › tests/platform.spec.ts:32:1 › Values navigation opens the home axes section from another page and on repeated clicks (1.7s)
  ✓  139 [safari] › tests/platform.spec.ts:61:1 › quiz format selection starts a real quiz (689ms)
  ✓  140 [safari] › tests/platform.spec.ts:68:1 › navigation supports back, reload, current page, and keyboard focus (903ms)
  ✘  141 [safari] › tests/platform.spec.ts:93:1 › pages do not overflow at narrow widths or with reduced motion (715ms)
  ✓  142 [safari] › tests/platform.spec.ts:103:1 › removed and unrecognised routes offer a working return to home (611ms)
(node:39137) Warning: The 'NO_COLOR' env is ignored due to the 'FORCE_COLOR' env being set.
(Use `node --trace-warnings ...` to show where the warning was created)
  ✓  143 [safari] › tests/platform.spec.ts:113:1 › skip link appears on keyboard focus and moves focus to the content (619ms)
  ✓  144 [safari] › tests/platform.spec.ts:138:1 › resuming the strip works while the control retains focus (786ms)
  ✓  146 [safari] › tests/platform.spec.ts:155:1 › mobile primary action precedes the example and is visible without scrolling (540ms)
  ✓  148 [safari] › tests/platform.spec.ts:186:1 › feedback download works without submitting or storing the draft (743ms)
  ✓  149 [safari] › tests/platform.spec.ts:200:1 › social preview assets resolve under the GitHub Pages subpath (591ms)
  ✓  145 [safari] › tests/platform.spec.ts:128:1 › all four home format cards start their corresponding quiz (2.0s)
  ✓  147 [safari] › tests/platform.spec.ts:166:1 › landing axis cards cover all 15 agreed axes and replace the old sections (2.1s)
  ✓  150 [safari] › tests/platform.spec.ts:211:1 › landing section navigation moves focus and returns to the top on the same route (731ms)
  ✓  151 [safari] › tests/quiz.spec.ts:48:3 › Short: complete every question and export the expected independent scores (7.7s)
  ✓  152 [safari] › tests/quiz.spec.ts:48:3 › Medium: complete every question and export the expected independent scores (11.5s)
  ✓  113 [mobile] › tests/window-navigation.spec.ts:25:1 › default auto advance completes a quiz and leaves the final submission explicit (36.7s)
(node:39334) Warning: The 'NO_COLOR' env is ignored due to the 'FORCE_COLOR' env being set.
(Use `node --trace-warnings ...` to show where the warning was created)
  ✓  155 [safari] › tests/quiz.spec.ts:76:1 › back, edits, keyboard, auto-advance and restart keep answers consistent (3.6s)
  ✓  153 [safari] › tests/quiz.spec.ts:48:3 › Long: complete every question and export the expected independent scores (22.5s)
  ✓  154 [safari] › tests/quiz.spec.ts:48:3 › Comprehensive: complete every question and export the expected independent scores (18.8s)
  ✓  159 [safari] › tests/quiz.spec.ts:160:1 › browser Back preserves the open session and leaving asks for confirmation (2.0s)
  ✓  160 [safari] › tests/quiz.spec.ts:174:1 › large desktop and small mobile layouts are readable, with both fonts loaded (3.6s)
  ✘  156 [safari] › tests/quiz.spec.ts:108:1 › history saves automatically, survives reload and supports import, deduplication and deletion (30.0s)
  ✘  157 [safari] › tests/quiz.spec.ts:138:1 › blocked browser storage and corrupt imports never prevent completion or export (30.1s)
(node:39638) Warning: The 'NO_COLOR' env is ignored due to the 'FORCE_COLOR' env being set.
(Use `node --trace-warnings ...` to show where the warning was created)
(node:39637) Warning: The 'NO_COLOR' env is ignored due to the 'FORCE_COLOR' env being set.
(Use `node --trace-warnings ...` to show where the warning was created)
  ✘  158 [safari] › tests/quiz.spec.ts:148:1 › reviewing answers recalculates the result and final submission is always explicit (30.0s)
  ✓  162 [safari] › tests/results.spec.ts:21:1 › profile layout, all endpoints, help controls and complementary percentages work at every width (6.1s)
(node:39695) Warning: The 'NO_COLOR' env is ignored due to the 'FORCE_COLOR' env being set.
(Use `node --trace-warnings ...` to show where the warning was created)
  ✓  165 [safari] › tests/results.spec.ts:75:1 › legacy results display and export their original method without recalculation (1.6s)
  ✓  164 [safari] › tests/results.spec.ts:89:1 › empty history and saved cards are responsive, and saved profiles reopen after reload (3.5s)
  ✓  166 [safari] › tests/results.spec.ts:129:1 › comparison fetch failure can be retried without losing the result (1.2s)
  ✓  167 [safari] › tests/results.spec.ts:141:1 › legacy results keep their scores and explain incompatible comparisons (1.1s)
  ✓  169 [safari] › tests/window-navigation.spec.ts:4:1 › current-page links do not add history and Back/Forward restores each route without reloads (1.9s)
  ✘  163 [safari] › tests/quiz.spec.ts:214:1 › a failed automatic save preserves the result and can be retried without duplicates (14.1s)
  ✘  161 [safari] › tests/quiz.spec.ts:195:1 › narrow results and invalid stored history stay usable without overwriting data (30.0s)
(node:39751) Warning: The 'NO_COLOR' env is ignored due to the 'FORCE_COLOR' env being set.
(Use `node --trace-warnings ...` to show where the warning was created)
  ✘  168 [safari] › tests/results.spec.ts:149:1 › searchable comparison picker scrolls, supports keyboard selection and compares ideologies and personalities (7.2s)
  ✓  171 [safari] › tests/window-navigation.spec.ts:39:1 › all question wordings fit laptop, phone and landscape windows without scrolling or clipping (2.6s)
  ✓  170 [safari] › tests/window-navigation.spec.ts:25:1 › default auto advance completes a quiz and leaves the final submission explicit (41.6s)


  1) [desktop] › tests/home-strip.spec.ts:8:1 › home strip uses published profiles and links to both types of detail page 

    Error: expect(locator).toHaveText(expected) failed

    Locator:  getByRole('region', { name: 'Explore ideologies and personalities' }).locator('a[href="#/personalities/abraham-lincoln"]').first().locator('small').last()
    Expected: "Unclassified"
    Received: "Centre"
    Timeout:  5000ms

    Call log:
      - Expect "toHaveText" getByRole('region', { name: 'Explore ideologies and personalities' }).locator('a[href="#/personalities/abraham-lincoln"]').first().locator('small').last() with timeout 5000ms
      - waiting for getByRole('region', { name: 'Explore ideologies and personalities' }).locator('a[href="#/personalities/abraham-lincoln"]').first().locator('small').last()
        14 × locator resolved to <small>Centre</small>
           - unexpected value "Centre"


      22 |       const label = ['Far-Left', 'Left', 'Centre', 'Right', 'Far-Right', 'Libertarian', 'Religious', 'Other']
      23 |         .find(label => label.replace('-', ' ').toLowerCase() === leaning) ?? 'Unclassified';
    > 24 |       await expect(card.locator('small').last()).toHaveText(label);
         |                                                  ^
      25 |     }
      26 |     await expect(card.locator('span').last()).toHaveText(profile.metadata.name.replace(/\s*\(.*\)$/, '').trim());
      27 |     await expect(card).toHaveAttribute('href', `#/${route}/${profile.id}`);
        at /Users/liam/Documents/GitHub/15values/frontend/tests/home-strip.spec.ts:24:50

    Error Context: test-results/home-strip-home-strip-uses-de6fb-o-both-types-of-detail-page-desktop/error-context.md

    attachment #2: trace (application/zip) ─────────────────────────────────────────────────────────
    test-results/home-strip-home-strip-uses-de6fb-o-both-types-of-detail-page-desktop/trace.zip
    Usage:

        npx playwright show-trace test-results/home-strip-home-strip-uses-de6fb-o-both-types-of-detail-page-desktop/trace.zip

    ────────────────────────────────────────────────────────────────────────────────────────────────

  2) [desktop] › tests/home-strip.spec.ts:39:1 › home strip uses explicit personality leaning metadata and falls back when absent 

    Error: expect(locator).toHaveText(expected) failed

    Locator:  getByRole('region', { name: 'Explore ideologies and personalities' }).locator('a[href="#/personalities/labelled"]').first().locator('small').last()
    Expected: "Far-Right"
    Received: "Unclassified"
    Timeout:  5000ms

    Call log:
      - Expect "toHaveText" getByRole('region', { name: 'Explore ideologies and personalities' }).locator('a[href="#/personalities/labelled"]').first().locator('small').last() with timeout 5000ms
      - waiting for getByRole('region', { name: 'Explore ideologies and personalities' }).locator('a[href="#/personalities/labelled"]').first().locator('small').last()
        14 × locator resolved to <small>Unclassified</small>
           - unexpected value "Unclassified"


      46 |   await page.goto('./');
      47 |   const strip = page.getByRole('region', { name: 'Explore ideologies and personalities' });
    > 48 |   await expect(strip.locator('a[href="#/personalities/labelled"]').first().locator('small').last()).toHaveText('Far-Right');
         |                                                                                                     ^
      49 |   await expect(strip.locator('a[href="#/personalities/unclassified"]').first().locator('small').last()).toHaveText('Unclassified');
      50 | });
      51 |
        at /Users/liam/Documents/GitHub/15values/frontend/tests/home-strip.spec.ts:48:101

    Error Context: test-results/home-strip-home-strip-uses-1e7a3--and-falls-back-when-absent-desktop/error-context.md

    attachment #2: trace (application/zip) ─────────────────────────────────────────────────────────
    test-results/home-strip-home-strip-uses-1e7a3--and-falls-back-when-absent-desktop/trace.zip
    Usage:

        npx playwright show-trace test-results/home-strip-home-strip-uses-1e7a3--and-falls-back-when-absent-desktop/trace.zip

    ────────────────────────────────────────────────────────────────────────────────────────────────

  3) [desktop] › tests/platform.spec.ts:93:1 › pages do not overflow at narrow widths or with reduced motion 

    Error: expect(received).toBe(expected) // Object.is equality

    Expected: true
    Received: false

       97 |     await page.goto(`./#/${route}`);
       98 |     await expect(page.getByRole('heading', { level: 1 })).toBeVisible();
    >  99 |     expect(await page.evaluate(() => document.documentElement.scrollWidth <= document.documentElement.clientWidth)).toBe(true);
          |                                                                                                                     ^
      100 |   }
      101 | });
      102 |
        at /Users/liam/Documents/GitHub/15values/frontend/tests/platform.spec.ts:99:117

    Error Context: test-results/platform-pages-do-not-over-c7cc6-dths-or-with-reduced-motion-desktop/error-context.md

    attachment #2: trace (application/zip) ─────────────────────────────────────────────────────────
    test-results/platform-pages-do-not-over-c7cc6-dths-or-with-reduced-motion-desktop/trace.zip
    Usage:

        npx playwright show-trace test-results/platform-pages-do-not-over-c7cc6-dths-or-with-reduced-motion-desktop/trace.zip

    ────────────────────────────────────────────────────────────────────────────────────────────────

  4) [mobile] › tests/home-strip.spec.ts:8:1 › home strip uses published profiles and links to both types of detail page 

    Error: expect(locator).toHaveText(expected) failed

    Locator:  getByRole('region', { name: 'Explore ideologies and personalities' }).locator('a[href="#/personalities/abraham-lincoln"]').first().locator('small').last()
    Expected: "Unclassified"
    Received: "Centre"
    Timeout:  5000ms

    Call log:
      - Expect "toHaveText" getByRole('region', { name: 'Explore ideologies and personalities' }).locator('a[href="#/personalities/abraham-lincoln"]').first().locator('small').last() with timeout 5000ms
      - waiting for getByRole('region', { name: 'Explore ideologies and personalities' }).locator('a[href="#/personalities/abraham-lincoln"]').first().locator('small').last()
        14 × locator resolved to <small>Centre</small>
           - unexpected value "Centre"


      22 |       const label = ['Far-Left', 'Left', 'Centre', 'Right', 'Far-Right', 'Libertarian', 'Religious', 'Other']
      23 |         .find(label => label.replace('-', ' ').toLowerCase() === leaning) ?? 'Unclassified';
    > 24 |       await expect(card.locator('small').last()).toHaveText(label);
         |                                                  ^
      25 |     }
      26 |     await expect(card.locator('span').last()).toHaveText(profile.metadata.name.replace(/\s*\(.*\)$/, '').trim());
      27 |     await expect(card).toHaveAttribute('href', `#/${route}/${profile.id}`);
        at /Users/liam/Documents/GitHub/15values/frontend/tests/home-strip.spec.ts:24:50

    Error Context: test-results/home-strip-home-strip-uses-de6fb-o-both-types-of-detail-page-mobile/error-context.md

    attachment #2: trace (application/zip) ─────────────────────────────────────────────────────────
    test-results/home-strip-home-strip-uses-de6fb-o-both-types-of-detail-page-mobile/trace.zip
    Usage:

        npx playwright show-trace test-results/home-strip-home-strip-uses-de6fb-o-both-types-of-detail-page-mobile/trace.zip

    ────────────────────────────────────────────────────────────────────────────────────────────────

  5) [mobile] › tests/home-strip.spec.ts:39:1 › home strip uses explicit personality leaning metadata and falls back when absent 

    Error: expect(locator).toHaveText(expected) failed

    Locator:  getByRole('region', { name: 'Explore ideologies and personalities' }).locator('a[href="#/personalities/labelled"]').first().locator('small').last()
    Expected: "Far-Right"
    Received: "Unclassified"
    Timeout:  5000ms

    Call log:
      - Expect "toHaveText" getByRole('region', { name: 'Explore ideologies and personalities' }).locator('a[href="#/personalities/labelled"]').first().locator('small').last() with timeout 5000ms
      - waiting for getByRole('region', { name: 'Explore ideologies and personalities' }).locator('a[href="#/personalities/labelled"]').first().locator('small').last()
        14 × locator resolved to <small>Unclassified</small>
           - unexpected value "Unclassified"


      46 |   await page.goto('./');
      47 |   const strip = page.getByRole('region', { name: 'Explore ideologies and personalities' });
    > 48 |   await expect(strip.locator('a[href="#/personalities/labelled"]').first().locator('small').last()).toHaveText('Far-Right');
         |                                                                                                     ^
      49 |   await expect(strip.locator('a[href="#/personalities/unclassified"]').first().locator('small').last()).toHaveText('Unclassified');
      50 | });
      51 |
        at /Users/liam/Documents/GitHub/15values/frontend/tests/home-strip.spec.ts:48:101

    Error Context: test-results/home-strip-home-strip-uses-1e7a3--and-falls-back-when-absent-mobile/error-context.md

    attachment #2: trace (application/zip) ─────────────────────────────────────────────────────────
    test-results/home-strip-home-strip-uses-1e7a3--and-falls-back-when-absent-mobile/trace.zip
    Usage:

        npx playwright show-trace test-results/home-strip-home-strip-uses-1e7a3--and-falls-back-when-absent-mobile/trace.zip

    ────────────────────────────────────────────────────────────────────────────────────────────────

  6) [mobile] › tests/platform.spec.ts:93:1 › pages do not overflow at narrow widths or with reduced motion 

    Error: expect(received).toBe(expected) // Object.is equality

    Expected: true
    Received: false

       97 |     await page.goto(`./#/${route}`);
       98 |     await expect(page.getByRole('heading', { level: 1 })).toBeVisible();
    >  99 |     expect(await page.evaluate(() => document.documentElement.scrollWidth <= document.documentElement.clientWidth)).toBe(true);
          |                                                                                                                     ^
      100 |   }
      101 | });
      102 |
        at /Users/liam/Documents/GitHub/15values/frontend/tests/platform.spec.ts:99:117

    Error Context: test-results/platform-pages-do-not-over-c7cc6-dths-or-with-reduced-motion-mobile/error-context.md

    attachment #2: trace (application/zip) ─────────────────────────────────────────────────────────
    test-results/platform-pages-do-not-over-c7cc6-dths-or-with-reduced-motion-mobile/trace.zip
    Usage:

        npx playwright show-trace test-results/platform-pages-do-not-over-c7cc6-dths-or-with-reduced-motion-mobile/trace.zip

    ────────────────────────────────────────────────────────────────────────────────────────────────

  7) [mobile] › tests/results.spec.ts:21:1 › profile layout, all endpoints, help controls and complementary percentages work at every width 

    Error: expect(locator).toBeVisible() failed

    Locator: getByRole('region', { name: 'Result comparisons' }).getByText('17.9', { exact: true })
    Expected: visible
    Timeout: 5000ms
    Error: element(s) not found

    Call log:
      - Expect "toBeVisible" getByRole('region', { name: 'Result comparisons' }).getByText('17.9', { exact: true }) with timeout 5000ms
      - waiting for getByRole('region', { name: 'Result comparisons' }).getByText('17.9', { exact: true })


      33 |   expect(Math.abs((await comparisons.boundingBox())!.width - (await quote.boundingBox())!.width)).toBeLessThan(1);
      34 |   for (const ideology of match.ideologies) {
    > 35 |     await expect(comparisons.getByRole('link', { name: ideology.name, exact: true })).toHaveAttribute('href', '#/ideologies/' + ideology.id);
         |                                                                                               ^
      36 |   }
      37 |   await expect(comparisons.getByText((100 - match.meanAbsoluteDistance).toFixed(1) + '%', { exact: true })).toBeVisible();
      38 |   await expect(page.locator('blockquote')).toHaveText(match.ideologies.map(ideology => profiles.find(profile => profile.catalogue === 'ideology' && profile.id === ideology.id)!.metadata.phrase!));
        at /Users/liam/Documents/GitHub/15values/frontend/tests/results.spec.ts:35:95

    Error Context: test-results/results-profile-layout-all-a1b4b-entages-work-at-every-width-mobile/error-context.md

    attachment #2: trace (application/zip) ─────────────────────────────────────────────────────────
    test-results/results-profile-layout-all-a1b4b-entages-work-at-every-width-mobile/trace.zip
    Usage:

        npx playwright show-trace test-results/results-profile-layout-all-a1b4b-entages-work-at-every-width-mobile/trace.zip

    ────────────────────────────────────────────────────────────────────────────────────────────────

  8) [mobile] › tests/results.spec.ts:149:1 › searchable comparison picker scrolls, supports keyboard selection and compares ideologies and personalities 

    Error: expect(locator).toBeVisible() failed

    Locator: getByRole('region', { name: 'Compare your scores' }).getByRole('heading', { name: 'You and Alt-Lite' })
    Expected: visible
    Timeout: 5000ms
    Error: element(s) not found

    Call log:
      - Expect "toBeVisible" getByRole('region', { name: 'Compare your scores' }).getByRole('heading', { name: 'You and Alt-Lite' }) with timeout 5000ms
      - waiting for getByRole('region', { name: 'Compare your scores' }).getByRole('heading', { name: 'You and Alt-Lite' })


      173 |   await search.press('Enter');
      174 |   await expect(dialog).not.toBeVisible();
    > 175 |   await expect(button).toBeFocused();
          |                                      ^
      176 |   const legend = page.getByRole('list', { name: 'Compared profiles' });
      177 |   await expect(legend.getByRole('link', { name: ideology.metadata.name })).toBeVisible();
      178 |   const axis = axes[0];
        at /Users/liam/Documents/GitHub/15values/frontend/tests/results.spec.ts:175:96

    Error Context: test-results/results-searchable-compari-7a155-deologies-and-personalities-mobile/error-context.md

    attachment #2: trace (application/zip) ─────────────────────────────────────────────────────────
    test-results/results-searchable-compari-7a155-deologies-and-personalities-mobile/trace.zip
    Usage:

        npx playwright show-trace test-results/results-searchable-compari-7a155-deologies-and-personalities-mobile/trace.zip

    ────────────────────────────────────────────────────────────────────────────────────────────────

  9) [safari] › tests/home-strip.spec.ts:8:1 › home strip uses published profiles and links to both types of detail page 

    Error: expect(locator).toHaveText(expected) failed

    Locator:  getByRole('region', { name: 'Explore ideologies and personalities' }).locator('a[href="#/personalities/abraham-lincoln"]').first().locator('small').last()
    Expected: "Unclassified"
    Received: "Centre"
    Timeout:  5000ms

    Call log:
      - Expect "toHaveText" getByRole('region', { name: 'Explore ideologies and personalities' }).locator('a[href="#/personalities/abraham-lincoln"]').first().locator('small').last() with timeout 5000ms
      - waiting for getByRole('region', { name: 'Explore ideologies and personalities' }).locator('a[href="#/personalities/abraham-lincoln"]').first().locator('small').last()
        14 × locator resolved to <small>Centre</small>
           - unexpected value "Centre"


      22 |       const label = ['Far-Left', 'Left', 'Centre', 'Right', 'Far-Right', 'Libertarian', 'Religious', 'Other']
      23 |         .find(label => label.replace('-', ' ').toLowerCase() === leaning) ?? 'Unclassified';
    > 24 |       await expect(card.locator('small').last()).toHaveText(label);
         |                                                  ^
      25 |     }
      26 |     await expect(card.locator('span').last()).toHaveText(profile.metadata.name.replace(/\s*\(.*\)$/, '').trim());
      27 |     await expect(card).toHaveAttribute('href', `#/${route}/${profile.id}`);
        at /Users/liam/Documents/GitHub/15values/frontend/tests/home-strip.spec.ts:24:50

    Error Context: test-results/home-strip-home-strip-uses-de6fb-o-both-types-of-detail-page-safari/error-context.md

    attachment #2: trace (application/zip) ─────────────────────────────────────────────────────────
    test-results/home-strip-home-strip-uses-de6fb-o-both-types-of-detail-page-safari/trace.zip
    Usage:

        npx playwright show-trace test-results/home-strip-home-strip-uses-de6fb-o-both-types-of-detail-page-safari/trace.zip

    ────────────────────────────────────────────────────────────────────────────────────────────────

  10) [safari] › tests/home-strip.spec.ts:39:1 › home strip uses explicit personality leaning metadata and falls back when absent 

    Error: expect(locator).toHaveText(expected) failed

    Locator:  getByRole('region', { name: 'Explore ideologies and personalities' }).locator('a[href="#/personalities/labelled"]').first().locator('small').last()
    Expected: "Far-Right"
    Received: "Unclassified"
    Timeout:  5000ms

    Call log:
      - Expect "toHaveText" getByRole('region', { name: 'Explore ideologies and personalities' }).locator('a[href="#/personalities/labelled"]').first().locator('small').last() with timeout 5000ms
      - waiting for getByRole('region', { name: 'Explore ideologies and personalities' }).locator('a[href="#/personalities/labelled"]').first().locator('small').last()
        14 × locator resolved to <small>Unclassified</small>
           - unexpected value "Unclassified"


      46 |   await page.goto('./');
      47 |   const strip = page.getByRole('region', { name: 'Explore ideologies and personalities' });
    > 48 |   await expect(strip.locator('a[href="#/personalities/labelled"]').first().locator('small').last()).toHaveText('Far-Right');
         |                                                                                                     ^
      49 |   await expect(strip.locator('a[href="#/personalities/unclassified"]').first().locator('small').last()).toHaveText('Unclassified');
      50 | });
      51 |
        at /Users/liam/Documents/GitHub/15values/frontend/tests/home-strip.spec.ts:48:101

    Error Context: test-results/home-strip-home-strip-uses-1e7a3--and-falls-back-when-absent-safari/error-context.md

    attachment #2: trace (application/zip) ─────────────────────────────────────────────────────────
    test-results/home-strip-home-strip-uses-1e7a3--and-falls-back-when-absent-safari/trace.zip
    Usage:

        npx playwright show-trace test-results/home-strip-home-strip-uses-1e7a3--and-falls-back-when-absent-safari/trace.zip

    ────────────────────────────────────────────────────────────────────────────────────────────────

  11) [safari] › tests/home-strip.spec.ts:52:1 › strip loops evenly, pauses, resumes and stops for keyboard interaction 

    Error: expect(locator).toHaveCount(expected) failed

    Locator:  getByRole('region', { name: 'Explore ideologies and personalities' }).getByRole('link')
    Expected: 131
    Received: 0
    Timeout:  5000ms

    Call log:
      - Expect "toHaveCount" getByRole('region', { name: 'Explore ideologies and personalities' }).getByRole('link') with timeout 5000ms
      - waiting for getByRole('region', { name: 'Explore ideologies and personalities' }).getByRole('link')
        14 × locator resolved to 0 elements
           - unexpected value "0"


      55 |   const strip = page.getByRole('region', { name: 'Explore ideologies and personalities' });
      56 |   const track = strip.locator('[data-paused]');
    > 57 |   await expect(strip.getByRole('link')).toHaveCount(profiles.length);
         |                                         ^
      58 |   const widths = await track.locator('ul').evaluateAll(groups => groups.map(group => group.getBoundingClientRect().width));
      59 |   expect(widths[0]).toBeCloseTo(widths[1], 1);
      60 |   expect(await track.evaluate(element => element.getBoundingClientRect().width)).toBeCloseTo(widths[0] * 2, 0);
        at /Users/liam/Documents/GitHub/15values/frontend/tests/home-strip.spec.ts:57:41

    Error Context: test-results/home-strip-strip-loops-eve-d84a1-ps-for-keyboard-interaction-safari/error-context.md

    attachment #2: trace (application/zip) ─────────────────────────────────────────────────────────
    test-results/home-strip-strip-loops-eve-d84a1-ps-for-keyboard-interaction-safari/trace.zip
    Usage:

        npx playwright show-trace test-results/home-strip-strip-loops-eve-d84a1-ps-for-keyboard-interaction-safari/trace.zip

    ────────────────────────────────────────────────────────────────────────────────────────────────

  12) [safari] › tests/platform.spec.ts:93:1 › pages do not overflow at narrow widths or with reduced motion 

    Error: expect(received).toBe(expected) // Object.is equality

    Expected: true
    Received: false

       97 |     await page.goto(`./#/${route}`);
       98 |     await expect(page.getByRole('heading', { level: 1 })).toBeVisible();
    >  99 |     expect(await page.evaluate(() => document.documentElement.scrollWidth <= document.documentElement.clientWidth)).toBe(true);
          |                                                                                                                     ^
      100 |   }
      101 | });
      102 |
        at /Users/liam/Documents/GitHub/15values/frontend/tests/platform.spec.ts:99:117

    Error Context: test-results/platform-pages-do-not-over-c7cc6-dths-or-with-reduced-motion-safari/error-context.md

    attachment #2: trace (application/zip) ─────────────────────────────────────────────────────────
    test-results/platform-pages-do-not-over-c7cc6-dths-or-with-reduced-motion-safari/trace.zip
    Usage:

        npx playwright show-trace test-results/platform-pages-do-not-over-c7cc6-dths-or-with-reduced-motion-safari/trace.zip

    ────────────────────────────────────────────────────────────────────────────────────────────────

  13) [safari] › tests/quiz.spec.ts:108:1 › history saves automatically, survives reload and supports import, deduplication and deletion 

    Test timeout of 30000ms exceeded.

    Error: apiRequestContext._wrapApiCall: ENOENT: no such file or directory, copyfile '/Users/liam/Documents/GitHub/15values/frontend/test-results/.playwright-artifacts-22/traces/b28a81d7079595d0160f-55911f716f0a84fd621f-recording1.network' -> '/Users/liam/Documents/GitHub/15values/frontend/test-results/.playwright-artifacts-22/traces/b28a81d7079595d0160f-55911f716f0a84fd621f-recording1-pwnetcopy-1.network'

    Error: browserContext._wrapApiCall: ENOENT: no such file or directory, open '/Users/liam/Documents/GitHub/15values/frontend/test-results/.playwright-artifacts-22/traces/b28a81d7079595d0160f-55911f716f0a84fd621f.trace'

    Error: page.reload: Target page, context or browser has been closed

      115 |   await page.getByRole('button', { name: 'Export history', exact: true }).click();
      116 |   const path = (await (await downloadPromise).path())!;
    > 117 |   await page.reload();
          |              ^
      118 |   await expect(page.getByRole('heading', { name: 'Your perspective profile.', exact: true })).toBeVisible();
      119 |   await page.getByRole('button', { name: 'All saved results' }).click();
      120 |   await expect(page.getByRole('heading', { name: 'Saved results.', exact: true })).toBeVisible();
        at /Users/liam/Documents/GitHub/15values/frontend/tests/quiz.spec.ts:117:14

    attachment #1: trace (application/zip) ─────────────────────────────────────────────────────────
    test-results/quiz-history-saves-automat-f6252--deduplication-and-deletion-safari/trace.zip
    Usage:

        npx playwright show-trace test-results/quiz-history-saves-automat-f6252--deduplication-and-deletion-safari/trace.zip

    ────────────────────────────────────────────────────────────────────────────────────────────────

  14) [safari] › tests/quiz.spec.ts:138:1 › blocked browser storage and corrupt imports never prevent completion or export 

    Test timeout of 30000ms exceeded.

    Error: apiRequestContext._wrapApiCall: ENOENT: no such file or directory, copyfile '/Users/liam/Documents/GitHub/15values/frontend/test-results/.playwright-artifacts-18/traces/b28a81d7079595d0160f-07fa5e20f15948291f07-recording27.network' -> '/Users/liam/Documents/GitHub/15values/frontend/test-results/.playwright-artifacts-18/traces/b28a81d7079595d0160f-07fa5e20f15948291f07-recording27-pwnetcopy-1.network'

    Error: browserContext._wrapApiCall: ENOENT: no such file or directory, open '/Users/liam/Documents/GitHub/15values/frontend/test-results/.playwright-artifacts-18/traces/b28a81d7079595d0160f-07fa5e20f15948291f07-recording26.trace'

    Error: locator.click: Test ended.
    Call log:
      - waiting for getByRole('button', { name: 'Export result', exact: true })


      143 |   await expect(page.getByRole('button', { name: 'Save in this browser', exact: true })).toBeDisabled();
      144 |   const downloadPromise = page.waitForEvent('download');
    > 145 |   await page.getByRole('button', { name: 'Export result', exact: true }).click();
          |                                                                          ^
      146 |   expect((await downloadPromise).suggestedFilename()).toBe('15-values-result.json');
      147 | });
      148 | test('reviewing answers recalculates the result and final submission is always explicit', async ({ page }) => {
        at /Users/liam/Documents/GitHub/15values/frontend/tests/quiz.spec.ts:145:74

    Error: page.waitForEvent: Test timeout of 30000ms exceeded.
    =========================== logs ===========================
    waiting for event "download"
    ============================================================

      142 |   await expect(page.getByRole('alert')).toContainText('storage may be unavailable');
      143 |   await expect(page.getByRole('button', { name: 'Save in this browser', exact: true })).toBeDisabled();
    > 144 |   const downloadPromise = page.waitForEvent('download');
          |                                ^
      145 |   await page.getByRole('button', { name: 'Export result', exact: true }).click();
      146 |   expect((await downloadPromise).suggestedFilename()).toBe('15-values-result.json');
      147 | });
        at /Users/liam/Documents/GitHub/15values/frontend/tests/quiz.spec.ts:144:32

    Error: ENOENT: no such file or directory, open '/Users/liam/Documents/GitHub/15values/frontend/test-results/.playwright-artifacts-18/c358da11a9014d5665e3fc69c35c7b85.zip'

  15) [safari] › tests/quiz.spec.ts:148:1 › reviewing answers recalculates the result and final submission is always explicit 

    Test timeout of 30000ms exceeded.

    Error: apiRequestContext._wrapApiCall: ENOENT: no such file or directory, copyfile '/Users/liam/Documents/GitHub/15values/frontend/test-results/.playwright-artifacts-19/traces/b28a81d7079595d0160f-4d2d85875bef1a98c130-recording24.network' -> '/Users/liam/Documents/GitHub/15values/frontend/test-results/.playwright-artifacts-19/traces/b28a81d7079595d0160f-4d2d85875bef1a98c130-recording24-pwnetcopy-1.network'

    Error: browserContext._wrapApiCall: ENOENT: no such file or directory, open '/Users/liam/Documents/GitHub/15values/frontend/test-results/.playwright-artifacts-19/traces/b28a81d7079595d0160f-4d2d85875bef1a98c130-recording23.trace'

    Error: locator.check: Test ended.
    Call log:
      - waiting for getByRole('radio', { name: 'Neutral', exact: true })
        - locator resolved to <input value="0" type="radio" name="culture-nature-03"/>


      35 |       await radio.press('Space');
      36 |       await expect(radio).toBeChecked();
    > 37 |     } else await radio.check();
         |                        ^
      38 |     if (index === getFormat(length).questions - 1) await expect(page.getByText('100% complete', { exact: true })).toBeVisible();
      39 |     answers[question.id] = option.value;
      40 |     const next = page.getByRole('button', { name: index === getFormat(length).questions - 1 ? 'See my results' : 'Next', exact: true });
        at finish (/Users/liam/Documents/GitHub/15values/frontend/tests/quiz.spec.ts:37:24)
        at /Users/liam/Documents/GitHub/15values/frontend/tests/quiz.spec.ts:150:3

    Error: ENOENT: no such file or directory, open '/Users/liam/Documents/GitHub/15values/frontend/test-results/.playwright-artifacts-19/37de58450924d430aa6091600349b1b7.zip'

  16) [safari] › tests/quiz.spec.ts:195:1 › narrow results and invalid stored history stay usable without overwriting data 

    Test timeout of 30000ms exceeded.

    Error: apiRequestContext._wrapApiCall: ENOENT: no such file or directory, copyfile '/Users/liam/Documents/GitHub/15values/frontend/test-results/.playwright-artifacts-21/traces/b28a81d7079595d0160f-c8fb416a70c4dc9fe364-recording11.network' -> '/Users/liam/Documents/GitHub/15values/frontend/test-results/.playwright-artifacts-21/traces/b28a81d7079595d0160f-c8fb416a70c4dc9fe364-recording11-pwnetcopy-1.network'

    Error: browserContext._wrapApiCall: ENOENT: no such file or directory, open '/Users/liam/Documents/GitHub/15values/frontend/test-results/.playwright-artifacts-21/traces/b28a81d7079595d0160f-c8fb416a70c4dc9fe364-recording10.trace'

    Error: locator.check: Test ended.
    Call log:
      - waiting for getByRole('radio', { name: 'Neutral', exact: true })
        - locator resolved to <input value="0" type="radio" name="culture-nature-03"/>
      - attempting click action
        - waiting for element to be visible, enabled and stable


      35 |       await radio.press('Space');
      36 |       await expect(radio).toBeChecked();
    > 37 |     } else await radio.check();
         |                        ^
      38 |     if (index === getFormat(length).questions - 1) await expect(page.getByText('100% complete', { exact: true })).toBeVisible();
      39 |     answers[question.id] = option.value;
      40 |     const next = page.getByRole('button', { name: index === getFormat(length).questions - 1 ? 'See my results' : 'Next', exact: true });
        at finish (/Users/liam/Documents/GitHub/15values/frontend/tests/quiz.spec.ts:37:24)
        at /Users/liam/Documents/GitHub/15values/frontend/tests/quiz.spec.ts:207:3

    Error: ENOENT: no such file or directory, open '/Users/liam/Documents/GitHub/15values/frontend/test-results/.playwright-artifacts-21/80f733c54a91a414a10ea49240a2bdf0.zip'

  17) [safari] › tests/quiz.spec.ts:214:1 › a failed automatic save preserves the result and can be retried without duplicates 

    Error: expect(locator).toContainText(expected) failed

    Locator: getByRole('status')
    Expected substring: "could not save"
    Error: strict mode violation: getByRole('status') resolved to 2 elements:
        1) <p role="status">Loading ideology comparisons…</p> aka getByText('Loading ideology comparisons…')
        2) <p role="status" class="_status_1o2tq_75">This browser could not save your results. You can…</p> aka getByText('This browser could not save')

    Call log:
      - Expect "toContainText" getByRole('status') with timeout 5000ms
      - waiting for getByRole('status')


      225 |   });
      226 |   await finish(page);
    > 227 |   await expect(page.getByRole('status')).toContainText('could not save');
          |                                          ^
      228 |   await expect(page.getByRole('heading', { name: 'Your perspective profile.' })).toBeVisible();
      229 |   expect(await page.evaluate(key => localStorage.getItem(key), HISTORY_KEY)).toBeNull();
      230 |   await page.getByRole('button', { name: 'Save in this browser', exact: true }).click();
        at /Users/liam/Documents/GitHub/15values/frontend/tests/quiz.spec.ts:227:42

    Error Context: test-results/quiz-a-failed-automatic-sa-c4a2e--retried-without-duplicates-safari/error-context.md

    attachment #2: trace (application/zip) ─────────────────────────────────────────────────────────
    test-results/quiz-a-failed-automatic-sa-c4a2e--retried-without-duplicates-safari/trace.zip
    Usage:

        npx playwright show-trace test-results/quiz-a-failed-automatic-sa-c4a2e--retried-without-duplicates-safari/trace.zip

    ────────────────────────────────────────────────────────────────────────────────────────────────

  18) [safari] › tests/results.spec.ts:149:1 › searchable comparison picker scrolls, supports keyboard selection and compares ideologies and personalities 

    Error: expect(locator).toBeFocused() failed

    Locator:  getByRole('button', { name: 'Compare', exact: true })
    Expected: focused
    Received: inactive
    Timeout:  5000ms

    Call log:
      - Expect "toBeFocused" getByRole('button', { name: 'Compare', exact: true }) with timeout 5000ms
      - waiting for getByRole('button', { name: 'Compare', exact: true })
        14 × locator resolved to <button class="_primaryButton_1f8gb_23">Compare</button>
           - unexpected value "inactive"


      178 |   await search.press('Enter');
      179 |   await expect(dialog).not.toBeVisible();
    > 180 |   await expect(button).toBeFocused();
          |                        ^
      181 |   const legend = page.getByRole('list', { name: 'Compared profiles' });
      182 |   await expect(legend.getByRole('link', { name: ideology.metadata.name })).toBeVisible();
      183 |   const axis = axes[0];
        at /Users/liam/Documents/GitHub/15values/frontend/tests/results.spec.ts:180:24

    Error Context: test-results/results-searchable-compari-7a155-deologies-and-personalities-safari/error-context.md

    attachment #2: trace (application/zip) ─────────────────────────────────────────────────────────
    test-results/results-searchable-compari-7a155-deologies-and-personalities-safari/trace.zip
    Usage:

        npx playwright show-trace test-results/results-searchable-compari-7a155-deologies-and-personalities-safari/trace.zip

    ────────────────────────────────────────────────────────────────────────────────────────────────

  18 failed
    [desktop] › tests/home-strip.spec.ts:8:1 › home strip uses published profiles and links to both types of detail page 
    [desktop] › tests/home-strip.spec.ts:39:1 › home strip uses explicit personality leaning metadata and falls back when absent 
    [desktop] › tests/platform.spec.ts:93:1 › pages do not overflow at narrow widths or with reduced motion 
    [mobile] › tests/home-strip.spec.ts:8:1 › home strip uses published profiles and links to both types of detail page 
    [mobile] › tests/home-strip.spec.ts:39:1 › home strip uses explicit personality leaning metadata and falls back when absent 
    [mobile] › tests/platform.spec.ts:93:1 › pages do not overflow at narrow widths or with reduced motion 
    [mobile] › tests/results.spec.ts:21:1 › profile layout, all endpoints, help controls and complementary percentages work at every width 
    [mobile] › tests/results.spec.ts:149:1 › searchable comparison picker scrolls, supports keyboard selection and compares ideologies and personalities 
    [safari] › tests/home-strip.spec.ts:8:1 › home strip uses published profiles and links to both types of detail page 
    [safari] › tests/home-strip.spec.ts:39:1 › home strip uses explicit personality leaning metadata and falls back when absent 
    [safari] › tests/home-strip.spec.ts:52:1 › strip loops evenly, pauses, resumes and stops for keyboard interaction 
    [safari] › tests/platform.spec.ts:93:1 › pages do not overflow at narrow widths or with reduced motion 
    [safari] › tests/quiz.spec.ts:108:1 › history saves automatically, survives reload and supports import, deduplication and deletion 
    [safari] › tests/quiz.spec.ts:138:1 › blocked browser storage and corrupt imports never prevent completion or export 
    [safari] › tests/quiz.spec.ts:148:1 › reviewing answers recalculates the result and final submission is always explicit 
    [safari] › tests/quiz.spec.ts:195:1 › narrow results and invalid stored history stay usable without overwriting data 
    [safari] › tests/quiz.spec.ts:214:1 › a failed automatic save preserves the result and can be retried without duplicates 
    [safari] › tests/results.spec.ts:149:1 › searchable comparison picker scrolls, supports keyboard selection and compares ideologies and personalities 
  153 passed (3.8m)
