
> 15-values-quiz@0.0.0 profiles
> node --experimental-strip-types scripts/profiles.ts history 3dcfb90e3d9d8340098e27f62df8b0a597229920

Archived assessments and existing profile images are immutable. Add a new revision instead:
M	profile-audit/answers/ideology/american-conservatism/1.json
M	profile-audit/answers/ideology/anarcho-capitalism/1.json
M	profile-audit/answers/ideology/christian-democracy/1.json
M	profile-audit/answers/ideology/civic-nationalism/1.json
M	profile-audit/answers/ideology/communism/1.json
M	profile-audit/answers/ideology/conservative-centrism/1.json
M	profile-audit/answers/ideology/democratic-socialism/1.json
M	profile-audit/answers/ideology/fascism/1.json
M	profile-audit/answers/ideology/green-politics/1.json
M	profile-audit/answers/ideology/islamism/1.json
M	profile-audit/answers/ideology/liberal-conservatism/1.json
M	profile-audit/answers/ideology/liberal-feminism/1.json
M	profile-audit/answers/ideology/liberalism/1.json
M	profile-audit/answers/ideology/libertarianism/1.json
M	profile-audit/answers/ideology/luxemburgism/1.json
M	profile-audit/answers/ideology/marxism/1.json
M	profile-audit/answers/ideology/minarchism/1.json
M	profile-audit/answers/ideology/nationalist-conservatism/1.json
M	profile-audit/answers/ideology/nazism/1.json
M	profile-audit/answers/ideology/neoconservatism/1.json
M	profile-audit/answers/ideology/objectivism/1.json
M	profile-audit/answers/ideology/social-anarchism/1.json
M	profile-audit/answers/ideology/social-democracy/1.json
M	profile-audit/answers/ideology/social-liberalism/1.json
