
> 15-values-quiz@0.0.0 profiles
> node --experimental-strip-types scripts/profiles.ts archive country iran

{
  "errors": [],
  "warnings": [
    "militarist-pacifist: 5/16 neutral answers; check that these express a supported position, not missing evidence.",
    "planning-free-market: 5/16 neutral answers; check that these express a supported position, not missing evidence."
  ],
  "neighbours": [
    {
      "id": "egypt",
      "revision": 1,
      "similarity": 91.98
    },
    {
      "id": "china",
      "revision": 1,
      "similarity": 91.87333333333333
    },
    {
      "id": "saudi-arabia",
      "revision": 1,
      "similarity": 91.85333333333332
    },
    {
      "id": "russia",
      "revision": 1,
      "similarity": 91.36
    },
    {
      "id": "pakistan",
      "revision": 1,
      "similarity": 89.15333333333334
    }
  ],
  "scores": [
    {
      "axisId": "democracy-autocracy",
      "leftPercent": 39.1,
      "rightPercent": 60.9,
      "answered": 16,
      "neutral": 1
    },
    {
      "axisId": "authority-liberty",
      "leftPercent": 82.8,
      "rightPercent": 17.2,
      "answered": 16,
      "neutral": 1
    },
    {
      "axisId": "assimilation-multiculturalism",
      "leftPercent": 62.5,
      "rightPercent": 37.5,
      "answered": 16,
      "neutral": 3
    },
    {
      "axisId": "restricted-immigration-open-immigration",
      "leftPercent": 54.7,
      "rightPercent": 45.3,
      "answered": 16,
      "neutral": 1
    },
    {
      "axisId": "militarist-pacifist",
      "leftPercent": 68.8,
      "rightPercent": 31.2,
      "answered": 16,
      "neutral": 5
    },
    {
      "axisId": "nationalism-internationalism",
      "leftPercent": 68.8,
      "rightPercent": 31.2,
      "answered": 16,
      "neutral": 1
    },
    {
      "axisId": "public-private",
      "leftPercent": 68.8,
      "rightPercent": 31.2,
      "answered": 16,
      "neutral": 4
    },
    {
      "axisId": "protectionism-free-trade",
      "leftPercent": 67.2,
      "rightPercent": 32.8,
      "answered": 16,
      "neutral": 3
    },
    {
      "axisId": "planning-free-market",
      "leftPercent": 71.9,
      "rightPercent": 28.1,
      "answered": 16,
      "neutral": 5
    },
    {
      "axisId": "high-redistribution-low-redistribution",
      "leftPercent": 53.1,
      "rightPercent": 46.9,
      "answered": 16,
      "neutral": 4
    },
    {
      "axisId": "secular-religious",
      "leftPercent": 14.1,
      "rightPercent": 85.9,
      "answered": 16,
      "neutral": 0
    },
    {
      "axisId": "progressive-traditionalist",
      "leftPercent": 23.4,
      "rightPercent": 76.6,
      "answered": 16,
      "neutral": 2
    },
    {
      "axisId": "innovation-caution",
      "leftPercent": 46.9,
      "rightPercent": 53.1,
      "answered": 16,
      "neutral": 2
    },
    {
      "axisId": "central-local",
      "leftPercent": 76.6,
      "rightPercent": 23.4,
      "answered": 16,
      "neutral": 3
    },
    {
      "axisId": "culture-nature",
      "leftPercent": 68.8,
      "rightPercent": 31.2,
      "answered": 16,
      "neutral": 4
    }
  ]
}

Archived profile-audit/answers/country/iran/2.json. Run profiles build to regenerate the catalogue; the draft is retained.
