
> 15-values-quiz@0.0.0 profiles
> node --experimental-strip-types scripts/profiles.ts archive country turkey

{
  "errors": [],
  "warnings": [
    "militarist-pacifist: 5/16 neutral answers; check that these express a supported position, not missing evidence.",
    "nationalism-internationalism: 5/16 neutral answers; check that these express a supported position, not missing evidence.",
    "protectionism-free-trade: 5/16 neutral answers; check that these express a supported position, not missing evidence."
  ],
  "neighbours": [
    {
      "id": "thailand",
      "revision": 2,
      "similarity": 93.02666666666667
    },
    {
      "id": "bangladesh",
      "revision": 2,
      "similarity": 91.36666666666667
    },
    {
      "id": "indonesia",
      "revision": 1,
      "similarity": 90.82666666666667
    },
    {
      "id": "india",
      "revision": 1,
      "similarity": 90.52666666666667
    },
    {
      "id": "ukraine",
      "revision": 1,
      "similarity": 90.51333333333334
    }
  ],
  "scores": [
    {
      "axisId": "democracy-autocracy",
      "leftPercent": 57.8,
      "rightPercent": 42.2,
      "answered": 16,
      "neutral": 1
    },
    {
      "axisId": "authority-liberty",
      "leftPercent": 68.8,
      "rightPercent": 31.2,
      "answered": 16,
      "neutral": 0
    },
    {
      "axisId": "assimilation-multiculturalism",
      "leftPercent": 60.9,
      "rightPercent": 39.1,
      "answered": 16,
      "neutral": 2
    },
    {
      "axisId": "restricted-immigration-open-immigration",
      "leftPercent": 50,
      "rightPercent": 50,
      "answered": 16,
      "neutral": 1
    },
    {
      "axisId": "militarist-pacifist",
      "leftPercent": 70.3,
      "rightPercent": 29.7,
      "answered": 16,
      "neutral": 5
    },
    {
      "axisId": "nationalism-internationalism",
      "leftPercent": 60.9,
      "rightPercent": 39.1,
      "answered": 16,
      "neutral": 5
    },
    {
      "axisId": "public-private",
      "leftPercent": 59.4,
      "rightPercent": 40.6,
      "answered": 16,
      "neutral": 4
    },
    {
      "axisId": "protectionism-free-trade",
      "leftPercent": 54.7,
      "rightPercent": 45.3,
      "answered": 16,
      "neutral": 5
    },
    {
      "axisId": "planning-free-market",
      "leftPercent": 50,
      "rightPercent": 50,
      "answered": 16,
      "neutral": 2
    },
    {
      "axisId": "high-redistribution-low-redistribution",
      "leftPercent": 54.7,
      "rightPercent": 45.3,
      "answered": 16,
      "neutral": 4
    },
    {
      "axisId": "secular-religious",
      "leftPercent": 53.1,
      "rightPercent": 46.9,
      "answered": 16,
      "neutral": 2
    },
    {
      "axisId": "progressive-traditionalist",
      "leftPercent": 26.6,
      "rightPercent": 73.4,
      "answered": 16,
      "neutral": 1
    },
    {
      "axisId": "innovation-caution",
      "leftPercent": 50,
      "rightPercent": 50,
      "answered": 16,
      "neutral": 2
    },
    {
      "axisId": "central-local",
      "leftPercent": 81.3,
      "rightPercent": 18.7,
      "answered": 16,
      "neutral": 0
    },
    {
      "axisId": "culture-nature",
      "leftPercent": 73.4,
      "rightPercent": 26.6,
      "answered": 16,
      "neutral": 1
    }
  ]
}

Archived profile-audit/answers/country/turkey/2.json. Run profiles build to regenerate the catalogue; the draft is retained.
