clement-attlee {"description":"Portrait of Attlee , post-WW2","artist":"Presumably Yousuf Karsh","license":"Public domain","usage":"Public domain","restrictions":"","copyright":""}
tony-blair {"description":"Tony Blair, Middle East Quartet Representative","artist":"Pavel Golovkin","license":"CC BY 4.0","usage":"Creative Commons Attribution 4.0","restrictions":"personality","copyright":""}
jeremy-corbyn {"description":"Official portrait of Jeremy Corbyn MP","artist":"Jessica Taylor","license":"CC BY 3.0","usage":"Creative Commons Attribution 3.0","restrictions":"personality","copyright":""}
joe-biden {"description":"U.S. President Joe Biden's official portrait, 2021","artist":"Adam Schultz","license":"Public domain","usage":"Public domain","restrictions":"personality","copyright":""}
abraham-lincoln {"description":"Scholars and enthusiasts alike believe this portrait of Abraham Lincoln, taken on November 8, 1863, eleven days before his famed Gettysburg Address, to be the best photograph of him ever taken. Lincoln’s character was notoriously ","artist":"Alexander Gardner","license":"Public domain","usage":"Public domain","restrictions":"","copyright":""}
john-f-kennedy {"description":"John F. Kennedy , photograph in the Oval Office.","artist":"Cecil W. Stoughton","license":"Public domain","usage":"Public domain","restrictions":"","copyright":""}
richard-nixon {"description":"Richard Nixon's presidential portrait. Retouch has not been completed yet.","artist":"Department of Defense. Department of the Army. Office of the Deputy Chief of Staff for Operations. U.S. Army Audiovisual Center. (ca. 1974 - 05/15/1984)","license":"Public domain","usage":"Public domain","restrictions":"","copyright":""}
gough-whitlam {"description":"A 1974 portrait of Gough Whitlam , Prime Minister of Australia","artist":"Work of the Australian Government","license":"Public domain","usage":"Public domain","restrictions":"","copyright":""}
bob-hawke {"description":"Portrait of PM Robert James Lee Hawke. Date unknown.","artist":"© Commonwealth of Australia 2011","license":"CC BY-SA 3.0 au","usage":"Creative Commons Attribution-Share Alike 3.0 au","restrictions":"","copyright":""}
paul-keating {"description":"Portrait of PM Paul John Keating. 1993.","artist":"© Commonwealth of Australia 2011","license":"CC BY-SA 3.0","usage":"Creative Commons Attribution-Share Alike 3.0","restrictions":"","copyright":""}
john-howard {"description":"Portrait of PM John Winston Howard. Circa 2001.","artist":"© Commonwealth of Australia 2011","license":"CC BY-SA 3.0","usage":"Creative Commons Attribution-Share Alike 3.0","restrictions":"","copyright":""}
mahatma-gandhi {"description":"Studio photograph of Mahatma Gandhi ji, London, 1931.","artist":"Elliott & Fry","license":"Public domain","usage":"Public domain","restrictions":"","copyright":""}
jawaharlal-nehru {"description":"Jawaharlal Nehru in the Netherlands, 1957.","artist":"Harry Pot","license":"CC0","usage":"Creative Commons Zero, Public Domain Dedication","restrictions":"","copyright":""}
narendra-modi {"description":"Official portrait of the Prime Minister of the Republic of India, Shri Narendra Damodardas Modi.","artist":"Prime Minister's Office","license":"GODL-India","usage":"Government Open Data License – India","restrictions":"","copyright":""}
lee-kuan-yew {"description":"1975, May 8– State Dining Room – The White House – Washington, DC – Lee Kuan Yew – standing, making a toast; formal wear – State Dinner for the Prime Minister of the Republic of Singapore","artist":"White House Photographic Office. 1974-1977","license":"Public domain","usage":"Public domain","restrictions":"","copyright":""}
deng-xiaoping {"description":"Deng Xiaoping and Jimmy Carter at the arrival ceremony for the Vice Chairman of the Chinese Communist Party and Vice Premier of China.","artist":"Unknown author Unknown author","license":"Public domain","usage":"Public domain","restrictions":"communist","copyright":""}
charles-de-gaulle {"description":"A WWII photo portrait of General Charles de Gaulle of the Free French Forces and first president of the Fifth Republic serving from 1959 to 1969. (Image cropped by Emiya1980 using https://www.befunky.com/create/ ).","artist":"Office of War Information, Overseas Picture Division. [1] The image prefix (LC-USW3) at the Library of Congress image page matches that of pictures from the OWI collection (see prefix list here .","license":"Public domain","usage":"Public domain","restrictions":"","copyright":""}
emmanuel-macron {"description":"Foto: Nebojša Tejić / STA","artist":"Nebojša Tejić","license":"Public domain","usage":"Public domain","restrictions":"","copyright":""}
fidel-castro {"description":"Fidel Castro , Prime Minister of Cuba . Castro at Headquarters of the United Nations , New York .","artist":"Bernard Gotfryd","license":"Public domain","usage":"Public domain","restrictions":"","copyright":""}
lula-da-silva {"description":"Official portrait of Luiz Inácio Lula da Silva","artist":"Ricardo Stuckert/PR","license":"CC BY 2.0","usage":"Creative Commons Attribution 2.0","restrictions":"","copyright":""}
javier-milei {"description":"Javier Milei, President of Argentina, at the United Nations Headquarters in New York City, Tuesday, September 23, 2025. (Official White House Photo by Daniel Torok)","artist":"The White House","license":"Public domain","usage":"Public domain","restrictions":"","copyright":""}
vladimir-lenin {"description":"Standing portrait of Vladimir Lenin (1870–1924), Marxist revolutionary and leader of Soviet Russia and the Soviet Union from 1917 to 1924.","artist":"Unknown, presumably official","license":"Public domain","usage":"Public domain","restrictions":"","copyright":""}
adam-smith {"description":"Portrait of the political economist and philosopher Adam Smith (1723-1790) by an unknown artist, which is known as the ‘Muir portrait’ after the family who once owned it. The portrait was probably painted posthumously, based on a ","artist":"Unknown author Unknown author","license":"Public domain","usage":"Public domain","restrictions":"","copyright":""}
mary-wollstonecraft {"description":"Mary Wollstonecraft","artist":"John Opie","license":"Public domain","usage":"Public domain","restrictions":"","copyright":""}
ayn-rand {"description":"Photo portrait of Russian-American writer Ayn Rand used for the first-edition back cover of her novel The Fountainhead (1943).","artist":"Photo portrait credited to \"Talbot\" (though not on original dust jacket). Published by the Bobbs-Merrill Company .","license":"Public domain","usage":"Public domain","restrictions":"","copyright":""}
