{
  "errors": [],
  "warnings": [
    "militarist-pacifist: 5/16 neutral answers; check that these express a supported position, not missing evidence.",
    "public-private: 5/16 neutral answers; check that these express a supported position, not missing evidence.",
    "planning-free-market: 5/16 neutral answers; check that these express a supported position, not missing evidence.",
    "secular-religious: 5/16 neutral answers; check that these express a supported position, not missing evidence.",
    "innovation-caution: 6/16 neutral answers; check that these express a supported position, not missing evidence.",
    "culture-nature: 9/16 neutral answers; check that these express a supported position, not missing evidence."
  ],
  "neighbours": [
    {
      "id": "american-conservatism",
      "revision": 2,
      "similarity": 93.74666666666667
    },
    {
      "id": "nationalist-conservatism",
      "revision": 2,
      "similarity": 89.27333333333334
    },
    {
      "id": "neoconservatism",
      "revision": 2,
      "similarity": 87.90666666666667
    },
    {
      "id": "thatcherism",
      "revision": 2,
      "similarity": 87.2
    },
    {
      "id": "traditional-conservatism",
      "revision": 1,
      "similarity": 86.86666666666667
    }
  ],
  "scores": [
    {
      "axisId": "democracy-autocracy",
      "leftPercent": 75,
      "rightPercent": 25,
      "answered": 16,
      "neutral": 1
    },
    {
      "axisId": "authority-liberty",
      "leftPercent": 46.9,
      "rightPercent": 53.1,
      "answered": 16,
      "neutral": 2
    },
    {
      "axisId": "assimilation-multiculturalism",
      "leftPercent": 85.9,
      "rightPercent": 14.1,
      "answered": 16,
      "neutral": 2
    },
    {
      "axisId": "restricted-immigration-open-immigration",
      "leftPercent": 82.8,
      "rightPercent": 17.2,
      "answered": 16,
      "neutral": 3
    },
    {
      "axisId": "militarist-pacifist",
      "leftPercent": 65.6,
      "rightPercent": 34.4,
      "answered": 16,
      "neutral": 5
    },
    {
      "axisId": "nationalism-internationalism",
      "leftPercent": 81.3,
      "rightPercent": 18.7,
      "answered": 16,
      "neutral": 3
    },
    {
      "axisId": "public-private",
      "leftPercent": 32.8,
      "rightPercent": 67.2,
      "answered": 16,
      "neutral": 5
    },
    {
      "axisId": "protectionism-free-trade",
      "leftPercent": 65.6,
      "rightPercent": 34.4,
      "answered": 16,
      "neutral": 3
    },
    {
      "axisId": "planning-free-market",
      "leftPercent": 26.6,
      "rightPercent": 73.4,
      "answered": 16,
      "neutral": 5
    },
    {
      "axisId": "high-redistribution-low-redistribution",
      "leftPercent": 21.9,
      "rightPercent": 78.1,
      "answered": 16,
      "neutral": 4
    },
    {
      "axisId": "secular-religious",
      "leftPercent": 65.6,
      "rightPercent": 34.4,
      "answered": 16,
      "neutral": 5
    },
    {
      "axisId": "progressive-traditionalist",
      "leftPercent": 18.7,
      "rightPercent": 81.3,
      "answered": 16,
      "neutral": 1
    },
    {
      "axisId": "innovation-caution",
      "leftPercent": 56.3,
      "rightPercent": 43.7,
      "answered": 16,
      "neutral": 6
    },
    {
      "axisId": "central-local",
      "leftPercent": 56.3,
      "rightPercent": 43.7,
      "answered": 16,
      "neutral": 1
    },
    {
      "axisId": "culture-nature",
      "leftPercent": 48.4,
      "rightPercent": 51.6,
      "answered": 16,
      "neutral": 9
    }
  ]
}

Archived profile-audit/answers/ideology/alt-lite/1.json. Run profiles build to regenerate the catalogue; the draft is retained.
