{
  "errors": [],
  "warnings": [
    "restricted-immigration-open-immigration: 7/16 neutral answers; check that these express a supported position, not missing evidence.",
    "public-private: 5/16 neutral answers; check that these express a supported position, not missing evidence."
  ],
  "neighbours": [
    {
      "id": "social-liberalism",
      "revision": 2,
      "similarity": 94.06
    },
    {
      "id": "civic-nationalism",
      "revision": 2,
      "similarity": 93.44
    },
    {
      "id": "republicanism",
      "revision": 1,
      "similarity": 93.42
    },
    {
      "id": "social-democracy",
      "revision": 2,
      "similarity": 93.03333333333333
    },
    {
      "id": "liberal-feminism",
      "revision": 2,
      "similarity": 91.36
    }
  ],
  "scores": [
    {
      "axisId": "democracy-autocracy",
      "leftPercent": 95.3,
      "rightPercent": 4.7,
      "answered": 16,
      "neutral": 1
    },
    {
      "axisId": "authority-liberty",
      "leftPercent": 32.8,
      "rightPercent": 67.2,
      "answered": 16,
      "neutral": 2
    },
    {
      "axisId": "assimilation-multiculturalism",
      "leftPercent": 31.2,
      "rightPercent": 68.8,
      "answered": 16,
      "neutral": 2
    },
    {
      "axisId": "restricted-immigration-open-immigration",
      "leftPercent": 31.2,
      "rightPercent": 68.8,
      "answered": 16,
      "neutral": 7
    },
    {
      "axisId": "militarist-pacifist",
      "leftPercent": 37.5,
      "rightPercent": 62.5,
      "answered": 16,
      "neutral": 2
    },
    {
      "axisId": "nationalism-internationalism",
      "leftPercent": 25,
      "rightPercent": 75,
      "answered": 16,
      "neutral": 3
    },
    {
      "axisId": "public-private",
      "leftPercent": 64.1,
      "rightPercent": 35.9,
      "answered": 16,
      "neutral": 5
    },
    {
      "axisId": "protectionism-free-trade",
      "leftPercent": 28.1,
      "rightPercent": 71.9,
      "answered": 16,
      "neutral": 4
    },
    {
      "axisId": "planning-free-market",
      "leftPercent": 43.7,
      "rightPercent": 56.3,
      "answered": 16,
      "neutral": 1
    },
    {
      "axisId": "high-redistribution-low-redistribution",
      "leftPercent": 90.6,
      "rightPercent": 9.4,
      "answered": 16,
      "neutral": 0
    },
    {
      "axisId": "secular-religious",
      "leftPercent": 79.7,
      "rightPercent": 20.3,
      "answered": 16,
      "neutral": 1
    },
    {
      "axisId": "progressive-traditionalist",
      "leftPercent": 76.6,
      "rightPercent": 23.4,
      "answered": 16,
      "neutral": 3
    },
    {
      "axisId": "innovation-caution",
      "leftPercent": 20.3,
      "rightPercent": 79.7,
      "answered": 16,
      "neutral": 3
    },
    {
      "axisId": "central-local",
      "leftPercent": 51.6,
      "rightPercent": 48.4,
      "answered": 16,
      "neutral": 1
    },
    {
      "axisId": "culture-nature",
      "leftPercent": 76.6,
      "rightPercent": 23.4,
      "answered": 16,
      "neutral": 3
    }
  ]
}

Archived profile-audit/answers/ideology/christian-social-democracy/1.json. Run profiles build to regenerate the catalogue; the draft is retained.
