{
  "errors": [],
  "warnings": [
    "public-private: 5/16 neutral answers; check that these express a supported position, not missing evidence.",
    "planning-free-market: 5/16 neutral answers; check that these express a supported position, not missing evidence.",
    "secular-religious: 5/16 neutral answers; check that these express a supported position, not missing evidence.",
    "culture-nature: 5/16 neutral answers; check that these express a supported position, not missing evidence."
  ],
  "neighbours": [
    {
      "id": "traditional-conservatism",
      "revision": 1,
      "similarity": 92.8
    },
    {
      "id": "thatcherism",
      "revision": 2,
      "similarity": 91.04
    },
    {
      "id": "neoconservatism",
      "revision": 2,
      "similarity": 90.93333333333334
    },
    {
      "id": "liberal-conservatism",
      "revision": 2,
      "similarity": 87.06666666666666
    },
    {
      "id": "christian-democracy",
      "revision": 2,
      "similarity": 86.98
    }
  ],
  "scores": [
    {
      "axisId": "democracy-autocracy",
      "leftPercent": 93.8,
      "rightPercent": 6.2,
      "answered": 16,
      "neutral": 2
    },
    {
      "axisId": "authority-liberty",
      "leftPercent": 50,
      "rightPercent": 50,
      "answered": 16,
      "neutral": 0
    },
    {
      "axisId": "assimilation-multiculturalism",
      "leftPercent": 64.1,
      "rightPercent": 35.9,
      "answered": 16,
      "neutral": 1
    },
    {
      "axisId": "restricted-immigration-open-immigration",
      "leftPercent": 56.3,
      "rightPercent": 43.7,
      "answered": 16,
      "neutral": 2
    },
    {
      "axisId": "militarist-pacifist",
      "leftPercent": 60.9,
      "rightPercent": 39.1,
      "answered": 16,
      "neutral": 4
    },
    {
      "axisId": "nationalism-internationalism",
      "leftPercent": 73.4,
      "rightPercent": 26.6,
      "answered": 16,
      "neutral": 2
    },
    {
      "axisId": "public-private",
      "leftPercent": 37.5,
      "rightPercent": 62.5,
      "answered": 16,
      "neutral": 5
    },
    {
      "axisId": "protectionism-free-trade",
      "leftPercent": 43.7,
      "rightPercent": 56.3,
      "answered": 16,
      "neutral": 4
    },
    {
      "axisId": "planning-free-market",
      "leftPercent": 28.1,
      "rightPercent": 71.9,
      "answered": 16,
      "neutral": 5
    },
    {
      "axisId": "high-redistribution-low-redistribution",
      "leftPercent": 31.2,
      "rightPercent": 68.8,
      "answered": 16,
      "neutral": 1
    },
    {
      "axisId": "secular-religious",
      "leftPercent": 51.6,
      "rightPercent": 48.4,
      "answered": 16,
      "neutral": 5
    },
    {
      "axisId": "progressive-traditionalist",
      "leftPercent": 3.1,
      "rightPercent": 96.9,
      "answered": 16,
      "neutral": 0
    },
    {
      "axisId": "innovation-caution",
      "leftPercent": 18.7,
      "rightPercent": 81.3,
      "answered": 16,
      "neutral": 2
    },
    {
      "axisId": "central-local",
      "leftPercent": 35.9,
      "rightPercent": 64.1,
      "answered": 16,
      "neutral": 4
    },
    {
      "axisId": "culture-nature",
      "leftPercent": 57.8,
      "rightPercent": 42.2,
      "answered": 16,
      "neutral": 5
    }
  ]
}

Archived profile-audit/answers/ideology/christian-conservatism/1.json. Run profiles build to regenerate the catalogue; the draft is retained.
