{
  "errors": [],
  "warnings": [
    "culture-nature: 5/16 neutral answers; check that these express a supported position, not missing evidence."
  ],
  "neighbours": [
    {
      "id": "alt-lite",
      "revision": 1,
      "similarity": 90
    },
    {
      "id": "american-conservatism",
      "revision": 2,
      "similarity": 88.54666666666667
    },
    {
      "id": "nationalist-conservatism",
      "revision": 2,
      "similarity": 86.55333333333334
    },
    {
      "id": "traditional-conservatism",
      "revision": 1,
      "similarity": 85.6
    },
    {
      "id": "neoconservatism",
      "revision": 2,
      "similarity": 85.41333333333333
    }
  ],
  "scores": [
    {
      "axisId": "democracy-autocracy",
      "leftPercent": 71.9,
      "rightPercent": 28.1,
      "answered": 16,
      "neutral": 3
    },
    {
      "axisId": "authority-liberty",
      "leftPercent": 48.4,
      "rightPercent": 51.6,
      "answered": 16,
      "neutral": 1
    },
    {
      "axisId": "assimilation-multiculturalism",
      "leftPercent": 78.1,
      "rightPercent": 21.9,
      "answered": 16,
      "neutral": 4
    },
    {
      "axisId": "restricted-immigration-open-immigration",
      "leftPercent": 71.9,
      "rightPercent": 28.1,
      "answered": 16,
      "neutral": 2
    },
    {
      "axisId": "militarist-pacifist",
      "leftPercent": 84.4,
      "rightPercent": 15.6,
      "answered": 16,
      "neutral": 2
    },
    {
      "axisId": "nationalism-internationalism",
      "leftPercent": 79.7,
      "rightPercent": 20.3,
      "answered": 16,
      "neutral": 2
    },
    {
      "axisId": "public-private",
      "leftPercent": 21.9,
      "rightPercent": 78.1,
      "answered": 16,
      "neutral": 4
    },
    {
      "axisId": "protectionism-free-trade",
      "leftPercent": 60.9,
      "rightPercent": 39.1,
      "answered": 16,
      "neutral": 3
    },
    {
      "axisId": "planning-free-market",
      "leftPercent": 28.1,
      "rightPercent": 71.9,
      "answered": 16,
      "neutral": 0
    },
    {
      "axisId": "high-redistribution-low-redistribution",
      "leftPercent": 20.3,
      "rightPercent": 79.7,
      "answered": 16,
      "neutral": 3
    },
    {
      "axisId": "secular-religious",
      "leftPercent": 32.8,
      "rightPercent": 67.2,
      "answered": 16,
      "neutral": 1
    },
    {
      "axisId": "progressive-traditionalist",
      "leftPercent": 3.1,
      "rightPercent": 96.9,
      "answered": 16,
      "neutral": 0
    },
    {
      "axisId": "innovation-caution",
      "leftPercent": 84.4,
      "rightPercent": 15.6,
      "answered": 16,
      "neutral": 1
    },
    {
      "axisId": "central-local",
      "leftPercent": 53.1,
      "rightPercent": 46.9,
      "answered": 16,
      "neutral": 3
    },
    {
      "axisId": "culture-nature",
      "leftPercent": 56.3,
      "rightPercent": 43.7,
      "answered": 16,
      "neutral": 5
    }
  ]
}

Archived profile-audit/answers/ideology/christian-accelerationism/1.json. Run profiles build to regenerate the catalogue; the draft is retained.
