{
  "errors": [],
  "warnings": [
    "central-local: 5/16 neutral answers; check that these express a supported position, not missing evidence."
  ],
  "neighbours": [
    {
      "id": "minarchism",
      "revision": 2,
      "similarity": 90.85333333333332
    },
    {
      "id": "liberalism",
      "revision": 2,
      "similarity": 90.52
    },
    {
      "id": "objectivism",
      "revision": 2,
      "similarity": 87.5
    },
    {
      "id": "anarcho-capitalism",
      "revision": 2,
      "similarity": 87.40666666666667
    },
    {
      "id": "liberal-conservatism",
      "revision": 2,
      "similarity": 87.38
    }
  ],
  "scores": [
    {
      "axisId": "democracy-autocracy",
      "leftPercent": 82.8,
      "rightPercent": 17.2,
      "answered": 16,
      "neutral": 0
    },
    {
      "axisId": "authority-liberty",
      "leftPercent": 23.4,
      "rightPercent": 76.6,
      "answered": 16,
      "neutral": 0
    },
    {
      "axisId": "assimilation-multiculturalism",
      "leftPercent": 40.6,
      "rightPercent": 59.4,
      "answered": 16,
      "neutral": 4
    },
    {
      "axisId": "restricted-immigration-open-immigration",
      "leftPercent": 20.3,
      "rightPercent": 79.7,
      "answered": 16,
      "neutral": 3
    },
    {
      "axisId": "militarist-pacifist",
      "leftPercent": 31.2,
      "rightPercent": 68.8,
      "answered": 16,
      "neutral": 0
    },
    {
      "axisId": "nationalism-internationalism",
      "leftPercent": 53.1,
      "rightPercent": 46.9,
      "answered": 16,
      "neutral": 2
    },
    {
      "axisId": "public-private",
      "leftPercent": 23.4,
      "rightPercent": 76.6,
      "answered": 16,
      "neutral": 2
    },
    {
      "axisId": "protectionism-free-trade",
      "leftPercent": 10.9,
      "rightPercent": 89.1,
      "answered": 16,
      "neutral": 1
    },
    {
      "axisId": "planning-free-market",
      "leftPercent": 10.9,
      "rightPercent": 89.1,
      "answered": 16,
      "neutral": 1
    },
    {
      "axisId": "high-redistribution-low-redistribution",
      "leftPercent": 35.9,
      "rightPercent": 64.1,
      "answered": 16,
      "neutral": 3
    },
    {
      "axisId": "secular-religious",
      "leftPercent": 89.1,
      "rightPercent": 10.9,
      "answered": 16,
      "neutral": 1
    },
    {
      "axisId": "progressive-traditionalist",
      "leftPercent": 68.8,
      "rightPercent": 31.2,
      "answered": 16,
      "neutral": 3
    },
    {
      "axisId": "innovation-caution",
      "leftPercent": 51.6,
      "rightPercent": 48.4,
      "answered": 16,
      "neutral": 3
    },
    {
      "axisId": "central-local",
      "leftPercent": 35.9,
      "rightPercent": 64.1,
      "answered": 16,
      "neutral": 5
    },
    {
      "axisId": "culture-nature",
      "leftPercent": 70.3,
      "rightPercent": 29.7,
      "answered": 16,
      "neutral": 4
    }
  ]
}

Archived profile-audit/answers/ideology/classical-liberalism/1.json. Run profiles build to regenerate the catalogue; the draft is retained.
