{
  "errors": [],
  "warnings": [
    "assimilation-multiculturalism: 7/16 neutral answers; check that these express a supported position, not missing evidence.",
    "public-private: 9/16 neutral answers; check that these express a supported position, not missing evidence.",
    "protectionism-free-trade: 5/16 neutral answers; check that these express a supported position, not missing evidence.",
    "high-redistribution-low-redistribution: 8/16 neutral answers; check that these express a supported position, not missing evidence.",
    "innovation-caution: 6/16 neutral answers; check that these express a supported position, not missing evidence.",
    "culture-nature: 5/16 neutral answers; check that these express a supported position, not missing evidence."
  ],
  "neighbours": [
    {
      "id": "conservative-centrism",
      "revision": 2,
      "similarity": 92.69333333333333
    },
    {
      "id": "communitarianism",
      "revision": 1,
      "similarity": 91.25333333333333
    },
    {
      "id": "christian-democracy",
      "revision": 2,
      "similarity": 90.1
    },
    {
      "id": "nordic-social-democracy",
      "revision": 1,
      "similarity": 89.78
    },
    {
      "id": "zionism",
      "revision": 1,
      "similarity": 89.38
    }
  ],
  "scores": [
    {
      "axisId": "democracy-autocracy",
      "leftPercent": 93.8,
      "rightPercent": 6.2,
      "answered": 16,
      "neutral": 2
    },
    {
      "axisId": "authority-liberty",
      "leftPercent": 34.4,
      "rightPercent": 65.6,
      "answered": 16,
      "neutral": 0
    },
    {
      "axisId": "assimilation-multiculturalism",
      "leftPercent": 40.6,
      "rightPercent": 59.4,
      "answered": 16,
      "neutral": 7
    },
    {
      "axisId": "restricted-immigration-open-immigration",
      "leftPercent": 43.7,
      "rightPercent": 56.3,
      "answered": 16,
      "neutral": 3
    },
    {
      "axisId": "militarist-pacifist",
      "leftPercent": 43.7,
      "rightPercent": 56.3,
      "answered": 16,
      "neutral": 4
    },
    {
      "axisId": "nationalism-internationalism",
      "leftPercent": 62.5,
      "rightPercent": 37.5,
      "answered": 16,
      "neutral": 2
    },
    {
      "axisId": "public-private",
      "leftPercent": 62.5,
      "rightPercent": 37.5,
      "answered": 16,
      "neutral": 9
    },
    {
      "axisId": "protectionism-free-trade",
      "leftPercent": 39.1,
      "rightPercent": 60.9,
      "answered": 16,
      "neutral": 5
    },
    {
      "axisId": "planning-free-market",
      "leftPercent": 32.8,
      "rightPercent": 67.2,
      "answered": 16,
      "neutral": 4
    },
    {
      "axisId": "high-redistribution-low-redistribution",
      "leftPercent": 62.5,
      "rightPercent": 37.5,
      "answered": 16,
      "neutral": 8
    },
    {
      "axisId": "secular-religious",
      "leftPercent": 60.9,
      "rightPercent": 39.1,
      "answered": 16,
      "neutral": 4
    },
    {
      "axisId": "progressive-traditionalist",
      "leftPercent": 59.4,
      "rightPercent": 40.6,
      "answered": 16,
      "neutral": 3
    },
    {
      "axisId": "innovation-caution",
      "leftPercent": 32.8,
      "rightPercent": 67.2,
      "answered": 16,
      "neutral": 6
    },
    {
      "axisId": "central-local",
      "leftPercent": 50,
      "rightPercent": 50,
      "answered": 16,
      "neutral": 2
    },
    {
      "axisId": "culture-nature",
      "leftPercent": 68.8,
      "rightPercent": 31.2,
      "answered": 16,
      "neutral": 5
    }
  ]
}

Archived profile-audit/answers/ideology/constitutional-monarchism/1.json. Run profiles build to regenerate the catalogue; the draft is retained.
