{
  "errors": [],
  "warnings": [
    "restricted-immigration-open-immigration: 8/16 neutral answers; check that these express a supported position, not missing evidence.",
    "nationalism-internationalism: 6/16 neutral answers; check that these express a supported position, not missing evidence.",
    "public-private: 9/16 neutral answers; check that these express a supported position, not missing evidence.",
    "high-redistribution-low-redistribution: 6/16 neutral answers; check that these express a supported position, not missing evidence.",
    "culture-nature: 5/16 neutral answers; check that these express a supported position, not missing evidence."
  ],
  "neighbours": [
    {
      "id": "republicanism",
      "revision": 1,
      "similarity": 93.74666666666667
    },
    {
      "id": "social-liberalism",
      "revision": 2,
      "similarity": 91.05333333333333
    },
    {
      "id": "christian-social-democracy",
      "revision": 1,
      "similarity": 90.71333333333334
    },
    {
      "id": "social-democracy",
      "revision": 2,
      "similarity": 90.64
    },
    {
      "id": "civic-nationalism",
      "revision": 2,
      "similarity": 90.22
    }
  ],
  "scores": [
    {
      "axisId": "democracy-autocracy",
      "leftPercent": 96.9,
      "rightPercent": 3.1,
      "answered": 16,
      "neutral": 0
    },
    {
      "axisId": "authority-liberty",
      "leftPercent": 32.8,
      "rightPercent": 67.2,
      "answered": 16,
      "neutral": 0
    },
    {
      "axisId": "assimilation-multiculturalism",
      "leftPercent": 31.2,
      "rightPercent": 68.8,
      "answered": 16,
      "neutral": 2
    },
    {
      "axisId": "restricted-immigration-open-immigration",
      "leftPercent": 35.9,
      "rightPercent": 64.1,
      "answered": 16,
      "neutral": 8
    },
    {
      "axisId": "militarist-pacifist",
      "leftPercent": 18.7,
      "rightPercent": 81.3,
      "answered": 16,
      "neutral": 1
    },
    {
      "axisId": "nationalism-internationalism",
      "leftPercent": 32.8,
      "rightPercent": 67.2,
      "answered": 16,
      "neutral": 6
    },
    {
      "axisId": "public-private",
      "leftPercent": 62.5,
      "rightPercent": 37.5,
      "answered": 16,
      "neutral": 9
    },
    {
      "axisId": "protectionism-free-trade",
      "leftPercent": 43.7,
      "rightPercent": 56.3,
      "answered": 16,
      "neutral": 4
    },
    {
      "axisId": "planning-free-market",
      "leftPercent": 57.8,
      "rightPercent": 42.2,
      "answered": 16,
      "neutral": 3
    },
    {
      "axisId": "high-redistribution-low-redistribution",
      "leftPercent": 65.6,
      "rightPercent": 34.4,
      "answered": 16,
      "neutral": 6
    },
    {
      "axisId": "secular-religious",
      "leftPercent": 89.1,
      "rightPercent": 10.9,
      "answered": 16,
      "neutral": 1
    },
    {
      "axisId": "progressive-traditionalist",
      "leftPercent": 70.3,
      "rightPercent": 29.7,
      "answered": 16,
      "neutral": 4
    },
    {
      "axisId": "innovation-caution",
      "leftPercent": 9.4,
      "rightPercent": 90.6,
      "answered": 16,
      "neutral": 1
    },
    {
      "axisId": "central-local",
      "leftPercent": 35.9,
      "rightPercent": 64.1,
      "answered": 16,
      "neutral": 3
    },
    {
      "axisId": "culture-nature",
      "leftPercent": 68.8,
      "rightPercent": 31.2,
      "answered": 16,
      "neutral": 5
    }
  ]
}

Archived profile-audit/answers/ideology/environmentalism/1.json. Run profiles build to regenerate the catalogue; the draft is retained.
