{
  "errors": [],
  "warnings": [
    "nationalism-internationalism: 6/16 neutral answers; check that these express a supported position, not missing evidence.",
    "public-private: 10/16 neutral answers; check that these express a supported position, not missing evidence.",
    "protectionism-free-trade: 6/16 neutral answers; check that these express a supported position, not missing evidence.",
    "culture-nature: 6/16 neutral answers; check that these express a supported position, not missing evidence."
  ],
  "neighbours": [
    {
      "id": "islamism",
      "revision": 2,
      "similarity": 89.7
    },
    {
      "id": "islamic-socialism",
      "revision": 1,
      "similarity": 82.71333333333334
    },
    {
      "id": "communism",
      "revision": 2,
      "similarity": 82.19333333333333
    },
    {
      "id": "fascism",
      "revision": 2,
      "similarity": 81.97333333333333
    },
    {
      "id": "traditional-conservatism",
      "revision": 1,
      "similarity": 80.80666666666667
    }
  ],
  "scores": [
    {
      "axisId": "democracy-autocracy",
      "leftPercent": 32.8,
      "rightPercent": 67.2,
      "answered": 16,
      "neutral": 3
    },
    {
      "axisId": "authority-liberty",
      "leftPercent": 82.8,
      "rightPercent": 17.2,
      "answered": 16,
      "neutral": 3
    },
    {
      "axisId": "assimilation-multiculturalism",
      "leftPercent": 75,
      "rightPercent": 25,
      "answered": 16,
      "neutral": 4
    },
    {
      "axisId": "restricted-immigration-open-immigration",
      "leftPercent": 60.9,
      "rightPercent": 39.1,
      "answered": 16,
      "neutral": 3
    },
    {
      "axisId": "militarist-pacifist",
      "leftPercent": 78.1,
      "rightPercent": 21.9,
      "answered": 16,
      "neutral": 3
    },
    {
      "axisId": "nationalism-internationalism",
      "leftPercent": 68.8,
      "rightPercent": 31.2,
      "answered": 16,
      "neutral": 6
    },
    {
      "axisId": "public-private",
      "leftPercent": 56.3,
      "rightPercent": 43.7,
      "answered": 16,
      "neutral": 10
    },
    {
      "axisId": "protectionism-free-trade",
      "leftPercent": 64.1,
      "rightPercent": 35.9,
      "answered": 16,
      "neutral": 6
    },
    {
      "axisId": "planning-free-market",
      "leftPercent": 59.4,
      "rightPercent": 40.6,
      "answered": 16,
      "neutral": 2
    },
    {
      "axisId": "high-redistribution-low-redistribution",
      "leftPercent": 76.6,
      "rightPercent": 23.4,
      "answered": 16,
      "neutral": 3
    },
    {
      "axisId": "secular-religious",
      "leftPercent": 10.9,
      "rightPercent": 89.1,
      "answered": 16,
      "neutral": 1
    },
    {
      "axisId": "progressive-traditionalist",
      "leftPercent": 3.1,
      "rightPercent": 96.9,
      "answered": 16,
      "neutral": 0
    },
    {
      "axisId": "innovation-caution",
      "leftPercent": 26.6,
      "rightPercent": 73.4,
      "answered": 16,
      "neutral": 2
    },
    {
      "axisId": "central-local",
      "leftPercent": 82.8,
      "rightPercent": 17.2,
      "answered": 16,
      "neutral": 4
    },
    {
      "axisId": "culture-nature",
      "leftPercent": 57.8,
      "rightPercent": 42.2,
      "answered": 16,
      "neutral": 6
    }
  ]
}

Archived profile-audit/answers/ideology/islamic-fundamentalism/1.json. Run profiles build to regenerate the catalogue; the draft is retained.
