{
  "errors": [],
  "warnings": [
    "restricted-immigration-open-immigration: 6/16 neutral answers; check that these express a supported position, not missing evidence.",
    "progressive-traditionalist: 6/16 neutral answers; check that these express a supported position, not missing evidence.",
    "innovation-caution: 6/16 neutral answers; check that these express a supported position, not missing evidence."
  ],
  "neighbours": [
    {
      "id": "communism",
      "revision": 2,
      "similarity": 82.08666666666667
    },
    {
      "id": "zionism",
      "revision": 1,
      "similarity": 77.73333333333333
    },
    {
      "id": "luxemburgism",
      "revision": 2,
      "similarity": 75.11333333333334
    },
    {
      "id": "marxism",
      "revision": 2,
      "similarity": 74.28
    },
    {
      "id": "islamism",
      "revision": 2,
      "similarity": 72.51333333333334
    }
  ],
  "scores": [
    {
      "axisId": "democracy-autocracy",
      "leftPercent": 46.9,
      "rightPercent": 53.1,
      "answered": 16,
      "neutral": 3
    },
    {
      "axisId": "authority-liberty",
      "leftPercent": 78.1,
      "rightPercent": 21.9,
      "answered": 16,
      "neutral": 1
    },
    {
      "axisId": "assimilation-multiculturalism",
      "leftPercent": 60.9,
      "rightPercent": 39.1,
      "answered": 16,
      "neutral": 2
    },
    {
      "axisId": "restricted-immigration-open-immigration",
      "leftPercent": 50,
      "rightPercent": 50,
      "answered": 16,
      "neutral": 6
    },
    {
      "axisId": "militarist-pacifist",
      "leftPercent": 67.2,
      "rightPercent": 32.8,
      "answered": 16,
      "neutral": 4
    },
    {
      "axisId": "nationalism-internationalism",
      "leftPercent": 71.9,
      "rightPercent": 28.1,
      "answered": 16,
      "neutral": 3
    },
    {
      "axisId": "public-private",
      "leftPercent": 100,
      "rightPercent": 0,
      "answered": 16,
      "neutral": 0
    },
    {
      "axisId": "protectionism-free-trade",
      "leftPercent": 82.8,
      "rightPercent": 17.2,
      "answered": 16,
      "neutral": 3
    },
    {
      "axisId": "planning-free-market",
      "leftPercent": 90.6,
      "rightPercent": 9.4,
      "answered": 16,
      "neutral": 1
    },
    {
      "axisId": "high-redistribution-low-redistribution",
      "leftPercent": 92.2,
      "rightPercent": 7.8,
      "answered": 16,
      "neutral": 0
    },
    {
      "axisId": "secular-religious",
      "leftPercent": 98.4,
      "rightPercent": 1.6,
      "answered": 16,
      "neutral": 0
    },
    {
      "axisId": "progressive-traditionalist",
      "leftPercent": 65.6,
      "rightPercent": 34.4,
      "answered": 16,
      "neutral": 6
    },
    {
      "axisId": "innovation-caution",
      "leftPercent": 60.9,
      "rightPercent": 39.1,
      "answered": 16,
      "neutral": 6
    },
    {
      "axisId": "central-local",
      "leftPercent": 82.8,
      "rightPercent": 17.2,
      "answered": 16,
      "neutral": 4
    },
    {
      "axisId": "culture-nature",
      "leftPercent": 85.9,
      "rightPercent": 14.1,
      "answered": 16,
      "neutral": 1
    }
  ]
}

Archived profile-audit/answers/ideology/maoism/1.json. Run profiles build to regenerate the catalogue; the draft is retained.
