{
  "errors": [],
  "warnings": [
    "militarist-pacifist: 6/16 neutral answers; check that these express a supported position, not missing evidence.",
    "progressive-traditionalist: 7/16 neutral answers; check that these express a supported position, not missing evidence.",
    "culture-nature: 8/16 neutral answers; check that these express a supported position, not missing evidence."
  ],
  "neighbours": [
    {
      "id": "classical-liberalism",
      "revision": 1,
      "similarity": 91.66
    },
    {
      "id": "liberal-conservatism",
      "revision": 2,
      "similarity": 91.14666666666668
    },
    {
      "id": "minarchism",
      "revision": 2,
      "similarity": 90.84666666666666
    },
    {
      "id": "objectivism",
      "revision": 2,
      "similarity": 90.01333333333334
    },
    {
      "id": "anarcho-capitalism",
      "revision": 2,
      "similarity": 86.98666666666666
    }
  ],
  "scores": [
    {
      "axisId": "democracy-autocracy",
      "leftPercent": 92.2,
      "rightPercent": 7.8,
      "answered": 16,
      "neutral": 2
    },
    {
      "axisId": "authority-liberty",
      "leftPercent": 23.4,
      "rightPercent": 76.6,
      "answered": 16,
      "neutral": 0
    },
    {
      "axisId": "assimilation-multiculturalism",
      "leftPercent": 43.7,
      "rightPercent": 56.3,
      "answered": 16,
      "neutral": 4
    },
    {
      "axisId": "restricted-immigration-open-immigration",
      "leftPercent": 46.9,
      "rightPercent": 53.1,
      "answered": 16,
      "neutral": 3
    },
    {
      "axisId": "militarist-pacifist",
      "leftPercent": 51.6,
      "rightPercent": 48.4,
      "answered": 16,
      "neutral": 6
    },
    {
      "axisId": "nationalism-internationalism",
      "leftPercent": 51.6,
      "rightPercent": 48.4,
      "answered": 16,
      "neutral": 3
    },
    {
      "axisId": "public-private",
      "leftPercent": 12.5,
      "rightPercent": 87.5,
      "answered": 16,
      "neutral": 1
    },
    {
      "axisId": "protectionism-free-trade",
      "leftPercent": 14.1,
      "rightPercent": 85.9,
      "answered": 16,
      "neutral": 2
    },
    {
      "axisId": "planning-free-market",
      "leftPercent": 6.2,
      "rightPercent": 93.8,
      "answered": 16,
      "neutral": 0
    },
    {
      "axisId": "high-redistribution-low-redistribution",
      "leftPercent": 28.1,
      "rightPercent": 71.9,
      "answered": 16,
      "neutral": 2
    },
    {
      "axisId": "secular-religious",
      "leftPercent": 89.1,
      "rightPercent": 10.9,
      "answered": 16,
      "neutral": 1
    },
    {
      "axisId": "progressive-traditionalist",
      "leftPercent": 60.9,
      "rightPercent": 39.1,
      "answered": 16,
      "neutral": 7
    },
    {
      "axisId": "innovation-caution",
      "leftPercent": 59.4,
      "rightPercent": 40.6,
      "answered": 16,
      "neutral": 4
    },
    {
      "axisId": "central-local",
      "leftPercent": 25,
      "rightPercent": 75,
      "answered": 16,
      "neutral": 2
    },
    {
      "axisId": "culture-nature",
      "leftPercent": 59.4,
      "rightPercent": 40.6,
      "answered": 16,
      "neutral": 8
    }
  ]
}

Archived profile-audit/answers/ideology/neoliberalism/1.json. Run profiles build to regenerate the catalogue; the draft is retained.
