{
  "errors": [],
  "warnings": [
    "authority-liberty: 5/16 neutral answers; check that these express a supported position, not missing evidence.",
    "nationalism-internationalism: 6/16 neutral answers; check that these express a supported position, not missing evidence.",
    "public-private: 12/16 neutral answers; check that these express a supported position, not missing evidence.",
    "protectionism-free-trade: 7/16 neutral answers; check that these express a supported position, not missing evidence.",
    "high-redistribution-low-redistribution: 8/16 neutral answers; check that these express a supported position, not missing evidence.",
    "innovation-caution: 5/16 neutral answers; check that these express a supported position, not missing evidence."
  ],
  "neighbours": [
    {
      "id": "social-anarchism",
      "revision": 2,
      "similarity": 92.29333333333334
    },
    {
      "id": "liberal-feminism",
      "revision": 2,
      "similarity": 90.53333333333333
    },
    {
      "id": "civic-nationalism",
      "revision": 2,
      "similarity": 88.68
    },
    {
      "id": "environmentalism",
      "revision": 1,
      "similarity": 88.24666666666667
    },
    {
      "id": "liberalism",
      "revision": 2,
      "similarity": 88.12666666666667
    }
  ],
  "scores": [
    {
      "axisId": "democracy-autocracy",
      "leftPercent": 87.5,
      "rightPercent": 12.5,
      "answered": 16,
      "neutral": 0
    },
    {
      "axisId": "authority-liberty",
      "leftPercent": 17.2,
      "rightPercent": 82.8,
      "answered": 16,
      "neutral": 5
    },
    {
      "axisId": "assimilation-multiculturalism",
      "leftPercent": 14.1,
      "rightPercent": 85.9,
      "answered": 16,
      "neutral": 0
    },
    {
      "axisId": "restricted-immigration-open-immigration",
      "leftPercent": 18.7,
      "rightPercent": 81.3,
      "answered": 16,
      "neutral": 2
    },
    {
      "axisId": "militarist-pacifist",
      "leftPercent": 21.9,
      "rightPercent": 78.1,
      "answered": 16,
      "neutral": 1
    },
    {
      "axisId": "nationalism-internationalism",
      "leftPercent": 37.5,
      "rightPercent": 62.5,
      "answered": 16,
      "neutral": 6
    },
    {
      "axisId": "public-private",
      "leftPercent": 56.3,
      "rightPercent": 43.7,
      "answered": 16,
      "neutral": 12
    },
    {
      "axisId": "protectionism-free-trade",
      "leftPercent": 34.4,
      "rightPercent": 65.6,
      "answered": 16,
      "neutral": 7
    },
    {
      "axisId": "planning-free-market",
      "leftPercent": 34.4,
      "rightPercent": 65.6,
      "answered": 16,
      "neutral": 4
    },
    {
      "axisId": "high-redistribution-low-redistribution",
      "leftPercent": 62.5,
      "rightPercent": 37.5,
      "answered": 16,
      "neutral": 8
    },
    {
      "axisId": "secular-religious",
      "leftPercent": 89.1,
      "rightPercent": 10.9,
      "answered": 16,
      "neutral": 1
    },
    {
      "axisId": "progressive-traditionalist",
      "leftPercent": 92.2,
      "rightPercent": 7.8,
      "answered": 16,
      "neutral": 0
    },
    {
      "axisId": "innovation-caution",
      "leftPercent": 25,
      "rightPercent": 75,
      "answered": 16,
      "neutral": 5
    },
    {
      "axisId": "central-local",
      "leftPercent": 25,
      "rightPercent": 75,
      "answered": 16,
      "neutral": 3
    },
    {
      "axisId": "culture-nature",
      "leftPercent": 87.5,
      "rightPercent": 12.5,
      "answered": 16,
      "neutral": 1
    }
  ]
}

Archived profile-audit/answers/ideology/postmodernism/1.json. Run profiles build to regenerate the catalogue; the draft is retained.
