{
  "errors": [],
  "warnings": [
    "protectionism-free-trade: 5/16 neutral answers; check that these express a supported position, not missing evidence."
  ],
  "neighbours": [
    {
      "id": "social-democracy",
      "revision": 2,
      "similarity": 95.53333333333333
    },
    {
      "id": "civic-nationalism",
      "revision": 2,
      "similarity": 94.47333333333333
    },
    {
      "id": "republicanism",
      "revision": 1,
      "similarity": 93.65333333333334
    },
    {
      "id": "liberal-feminism",
      "revision": 2,
      "similarity": 93.23333333333333
    },
    {
      "id": "trotskyism",
      "revision": 1,
      "similarity": 91.98666666666666
    }
  ],
  "scores": [
    {
      "axisId": "democracy-autocracy",
      "leftPercent": 96.9,
      "rightPercent": 3.1,
      "answered": 16,
      "neutral": 0
    },
    {
      "axisId": "authority-liberty",
      "leftPercent": 28.1,
      "rightPercent": 71.9,
      "answered": 16,
      "neutral": 2
    },
    {
      "axisId": "assimilation-multiculturalism",
      "leftPercent": 31.2,
      "rightPercent": 68.8,
      "answered": 16,
      "neutral": 2
    },
    {
      "axisId": "restricted-immigration-open-immigration",
      "leftPercent": 18.7,
      "rightPercent": 81.3,
      "answered": 16,
      "neutral": 3
    },
    {
      "axisId": "militarist-pacifist",
      "leftPercent": 35.9,
      "rightPercent": 64.1,
      "answered": 16,
      "neutral": 3
    },
    {
      "axisId": "nationalism-internationalism",
      "leftPercent": 25,
      "rightPercent": 75,
      "answered": 16,
      "neutral": 4
    },
    {
      "axisId": "public-private",
      "leftPercent": 76.6,
      "rightPercent": 23.4,
      "answered": 16,
      "neutral": 4
    },
    {
      "axisId": "protectionism-free-trade",
      "leftPercent": 42.2,
      "rightPercent": 57.8,
      "answered": 16,
      "neutral": 5
    },
    {
      "axisId": "planning-free-market",
      "leftPercent": 60.9,
      "rightPercent": 39.1,
      "answered": 16,
      "neutral": 3
    },
    {
      "axisId": "high-redistribution-low-redistribution",
      "leftPercent": 81.3,
      "rightPercent": 18.7,
      "answered": 16,
      "neutral": 1
    },
    {
      "axisId": "secular-religious",
      "leftPercent": 93.8,
      "rightPercent": 6.2,
      "answered": 16,
      "neutral": 1
    },
    {
      "axisId": "progressive-traditionalist",
      "leftPercent": 82.8,
      "rightPercent": 17.2,
      "answered": 16,
      "neutral": 2
    },
    {
      "axisId": "innovation-caution",
      "leftPercent": 42.2,
      "rightPercent": 57.8,
      "answered": 16,
      "neutral": 4
    },
    {
      "axisId": "central-local",
      "leftPercent": 54.7,
      "rightPercent": 45.3,
      "answered": 16,
      "neutral": 2
    },
    {
      "axisId": "culture-nature",
      "leftPercent": 85.9,
      "rightPercent": 14.1,
      "answered": 16,
      "neutral": 1
    }
  ]
}

Archived profile-audit/answers/ideology/progressive-liberalism/1.json. Run profiles build to regenerate the catalogue; the draft is retained.
