{
  "errors": [],
  "warnings": [
    "restricted-immigration-open-immigration: 8/16 neutral answers; check that these express a supported position, not missing evidence.",
    "nationalism-internationalism: 6/16 neutral answers; check that these express a supported position, not missing evidence.",
    "public-private: 5/16 neutral answers; check that these express a supported position, not missing evidence.",
    "protectionism-free-trade: 5/16 neutral answers; check that these express a supported position, not missing evidence."
  ],
  "neighbours": [
    {
      "id": "social-liberalism",
      "revision": 2,
      "similarity": 94.78666666666666
    },
    {
      "id": "social-democracy",
      "revision": 2,
      "similarity": 94.6
    },
    {
      "id": "civic-nationalism",
      "revision": 2,
      "similarity": 94.36666666666667
    },
    {
      "id": "liberal-feminism",
      "revision": 2,
      "similarity": 93.12666666666667
    },
    {
      "id": "liberalism",
      "revision": 2,
      "similarity": 90.73333333333333
    }
  ],
  "scores": [
    {
      "axisId": "democracy-autocracy",
      "leftPercent": 96.9,
      "rightPercent": 3.1,
      "answered": 16,
      "neutral": 0
    },
    {
      "axisId": "authority-liberty",
      "leftPercent": 26.6,
      "rightPercent": 73.4,
      "answered": 16,
      "neutral": 1
    },
    {
      "axisId": "assimilation-multiculturalism",
      "leftPercent": 34.4,
      "rightPercent": 65.6,
      "answered": 16,
      "neutral": 3
    },
    {
      "axisId": "restricted-immigration-open-immigration",
      "leftPercent": 32.8,
      "rightPercent": 67.2,
      "answered": 16,
      "neutral": 8
    },
    {
      "axisId": "militarist-pacifist",
      "leftPercent": 34.4,
      "rightPercent": 65.6,
      "answered": 16,
      "neutral": 2
    },
    {
      "axisId": "nationalism-internationalism",
      "leftPercent": 31.2,
      "rightPercent": 68.8,
      "answered": 16,
      "neutral": 6
    },
    {
      "axisId": "public-private",
      "leftPercent": 62.5,
      "rightPercent": 37.5,
      "answered": 16,
      "neutral": 5
    },
    {
      "axisId": "protectionism-free-trade",
      "leftPercent": 39.1,
      "rightPercent": 60.9,
      "answered": 16,
      "neutral": 5
    },
    {
      "axisId": "planning-free-market",
      "leftPercent": 54.7,
      "rightPercent": 45.3,
      "answered": 16,
      "neutral": 2
    },
    {
      "axisId": "high-redistribution-low-redistribution",
      "leftPercent": 75,
      "rightPercent": 25,
      "answered": 16,
      "neutral": 2
    },
    {
      "axisId": "secular-religious",
      "leftPercent": 89.1,
      "rightPercent": 10.9,
      "answered": 16,
      "neutral": 1
    },
    {
      "axisId": "progressive-traditionalist",
      "leftPercent": 76.6,
      "rightPercent": 23.4,
      "answered": 16,
      "neutral": 3
    },
    {
      "axisId": "innovation-caution",
      "leftPercent": 37.5,
      "rightPercent": 62.5,
      "answered": 16,
      "neutral": 4
    },
    {
      "axisId": "central-local",
      "leftPercent": 45.3,
      "rightPercent": 54.7,
      "answered": 16,
      "neutral": 4
    },
    {
      "axisId": "culture-nature",
      "leftPercent": 71.9,
      "rightPercent": 28.1,
      "answered": 16,
      "neutral": 4
    }
  ]
}

Archived profile-audit/answers/ideology/republicanism/1.json. Run profiles build to regenerate the catalogue; the draft is retained.
