{
  "errors": [],
  "warnings": [
    "secular-religious: 5/16 neutral answers; check that these express a supported position, not missing evidence.",
    "central-local: 6/16 neutral answers; check that these express a supported position, not missing evidence.",
    "culture-nature: 8/16 neutral answers; check that these express a supported position, not missing evidence."
  ],
  "neighbours": [
    {
      "id": "nationalist-conservatism",
      "revision": 2,
      "similarity": 92.80666666666667
    },
    {
      "id": "american-conservatism",
      "revision": 2,
      "similarity": 86.86666666666666
    },
    {
      "id": "neoconservatism",
      "revision": 2,
      "similarity": 86.65333333333334
    },
    {
      "id": "thatcherism",
      "revision": 2,
      "similarity": 86.34666666666666
    },
    {
      "id": "conservative-centrism",
      "revision": 2,
      "similarity": 83.01333333333334
    }
  ],
  "scores": [
    {
      "axisId": "democracy-autocracy",
      "leftPercent": 81.3,
      "rightPercent": 18.7,
      "answered": 16,
      "neutral": 0
    },
    {
      "axisId": "authority-liberty",
      "leftPercent": 54.7,
      "rightPercent": 45.3,
      "answered": 16,
      "neutral": 2
    },
    {
      "axisId": "assimilation-multiculturalism",
      "leftPercent": 79.7,
      "rightPercent": 20.3,
      "answered": 16,
      "neutral": 2
    },
    {
      "axisId": "restricted-immigration-open-immigration",
      "leftPercent": 68.8,
      "rightPercent": 31.2,
      "answered": 16,
      "neutral": 1
    },
    {
      "axisId": "militarist-pacifist",
      "leftPercent": 60.9,
      "rightPercent": 39.1,
      "answered": 16,
      "neutral": 3
    },
    {
      "axisId": "nationalism-internationalism",
      "leftPercent": 73.4,
      "rightPercent": 26.6,
      "answered": 16,
      "neutral": 2
    },
    {
      "axisId": "public-private",
      "leftPercent": 43.7,
      "rightPercent": 56.3,
      "answered": 16,
      "neutral": 4
    },
    {
      "axisId": "protectionism-free-trade",
      "leftPercent": 53.1,
      "rightPercent": 46.9,
      "answered": 16,
      "neutral": 0
    },
    {
      "axisId": "planning-free-market",
      "leftPercent": 42.2,
      "rightPercent": 57.8,
      "answered": 16,
      "neutral": 3
    },
    {
      "axisId": "high-redistribution-low-redistribution",
      "leftPercent": 39.1,
      "rightPercent": 60.9,
      "answered": 16,
      "neutral": 1
    },
    {
      "axisId": "secular-religious",
      "leftPercent": 40.6,
      "rightPercent": 59.4,
      "answered": 16,
      "neutral": 5
    },
    {
      "axisId": "progressive-traditionalist",
      "leftPercent": 12.5,
      "rightPercent": 87.5,
      "answered": 16,
      "neutral": 1
    },
    {
      "axisId": "innovation-caution",
      "leftPercent": 18.7,
      "rightPercent": 81.3,
      "answered": 16,
      "neutral": 3
    },
    {
      "axisId": "central-local",
      "leftPercent": 35.9,
      "rightPercent": 64.1,
      "answered": 16,
      "neutral": 6
    },
    {
      "axisId": "culture-nature",
      "leftPercent": 53.1,
      "rightPercent": 46.9,
      "answered": 16,
      "neutral": 8
    }
  ]
}

Archived profile-audit/answers/ideology/traditional-conservatism/1.json. Run profiles build to regenerate the catalogue; the draft is retained.
