
> 15-values-quiz@0.0.0 profiles
> node --experimental-strip-types scripts/profiles.ts archive ideology japanese-imperial-ultranationalism

{
  "errors": [],
  "warnings": [
    "public-private: 6/16 neutral answers; check that these express a supported position, not missing evidence.",
    "high-redistribution-low-redistribution: 6/16 neutral answers; check that these express a supported position, not missing evidence.",
    "culture-nature: 7/16 neutral answers; check that these express a supported position, not missing evidence."
  ],
  "neighbours": [
    {
      "id": "fascism",
      "revision": 6,
      "similarity": 95.96
    },
    {
      "id": "nazism",
      "revision": 6,
      "similarity": 91.66
    },
    {
      "id": "neo-nazism",
      "revision": 1,
      "similarity": 88.12666666666667
    },
    {
      "id": "islamism",
      "revision": 6,
      "similarity": 85.2
    },
    {
      "id": "bonapartism",
      "revision": 1,
      "similarity": 84.9
    }
  ],
  "scores": [
    {
      "axisId": "democracy-autocracy",
      "leftPercent": 9.4,
      "rightPercent": 90.6,
      "answered": 16,
      "neutral": 1
    },
    {
      "axisId": "authority-liberty",
      "leftPercent": 92.2,
      "rightPercent": 7.8,
      "answered": 16,
      "neutral": 0
    },
    {
      "axisId": "assimilation-multiculturalism",
      "leftPercent": 95.3,
      "rightPercent": 4.7,
      "answered": 16,
      "neutral": 0
    },
    {
      "axisId": "restricted-immigration-open-immigration",
      "leftPercent": 76.6,
      "rightPercent": 23.4,
      "answered": 16,
      "neutral": 1
    },
    {
      "axisId": "militarist-pacifist",
      "leftPercent": 96.9,
      "rightPercent": 3.1,
      "answered": 16,
      "neutral": 0
    },
    {
      "axisId": "nationalism-internationalism",
      "leftPercent": 84.4,
      "rightPercent": 15.6,
      "answered": 16,
      "neutral": 2
    },
    {
      "axisId": "public-private",
      "leftPercent": 50,
      "rightPercent": 50,
      "answered": 16,
      "neutral": 6
    },
    {
      "axisId": "protectionism-free-trade",
      "leftPercent": 89.1,
      "rightPercent": 10.9,
      "answered": 16,
      "neutral": 1
    },
    {
      "axisId": "planning-free-market",
      "leftPercent": 87.5,
      "rightPercent": 12.5,
      "answered": 16,
      "neutral": 0
    },
    {
      "axisId": "high-redistribution-low-redistribution",
      "leftPercent": 43.7,
      "rightPercent": 56.3,
      "answered": 16,
      "neutral": 6
    },
    {
      "axisId": "secular-religious",
      "leftPercent": 29.7,
      "rightPercent": 70.3,
      "answered": 16,
      "neutral": 2
    },
    {
      "axisId": "progressive-traditionalist",
      "leftPercent": 7.8,
      "rightPercent": 92.2,
      "answered": 16,
      "neutral": 0
    },
    {
      "axisId": "innovation-caution",
      "leftPercent": 60.9,
      "rightPercent": 39.1,
      "answered": 16,
      "neutral": 3
    },
    {
      "axisId": "central-local",
      "leftPercent": 98.4,
      "rightPercent": 1.6,
      "answered": 16,
      "neutral": 0
    },
    {
      "axisId": "culture-nature",
      "leftPercent": 60.9,
      "rightPercent": 39.1,
      "answered": 16,
      "neutral": 7
    }
  ]
}

Archived profile-audit/answers/ideology/japanese-imperial-ultranationalism/1.json. Run profiles build to regenerate the catalogue; the draft is retained.
