[
  {
    id: 'argentina',
    revision: 2,
    corrected: 90,
    answerFile: '/Users/liam/Documents/GitHub/15values/profile-audit/answers/country/argentina/2.json'
  },
  {
    id: 'australia',
    revision: 2,
    corrected: 236,
    answerFile: '/Users/liam/Documents/GitHub/15values/profile-audit/answers/country/australia/2.json'
  },
  {
    id: 'bhutan',
    revision: 2,
    corrected: 87,
    answerFile: '/Users/liam/Documents/GitHub/15values/profile-audit/answers/country/bhutan/2.json'
  },
  {
    id: 'brazil',
    revision: 2,
    corrected: 98,
    answerFile: '/Users/liam/Documents/GitHub/15values/profile-audit/answers/country/brazil/2.json'
  },
  {
    id: 'canada',
    revision: 2,
    corrected: 237,
    answerFile: '/Users/liam/Documents/GitHub/15values/profile-audit/answers/country/canada/2.json'
  },
  {
    id: 'costa-rica',
    revision: 2,
    corrected: 94,
    answerFile: '/Users/liam/Documents/GitHub/15values/profile-audit/answers/country/costa-rica/2.json'
  },
  {
    id: 'denmark',
    revision: 2,
    corrected: 237,
    answerFile: '/Users/liam/Documents/GitHub/15values/profile-audit/answers/country/denmark/2.json'
  },
  {
    id: 'france',
    revision: 2,
    corrected: 238,
    answerFile: '/Users/liam/Documents/GitHub/15values/profile-audit/answers/country/france/2.json'
  },
  {
    id: 'germany',
    revision: 2,
    corrected: 238,
    answerFile: '/Users/liam/Documents/GitHub/15values/profile-audit/answers/country/germany/2.json'
  },
  {
    id: 'japan',
    revision: 2,
    corrected: 226,
    answerFile: '/Users/liam/Documents/GitHub/15values/profile-audit/answers/country/japan/2.json'
  },
  {
    id: 'netherlands',
    revision: 2,
    corrected: 226,
    answerFile: '/Users/liam/Documents/GitHub/15values/profile-audit/answers/country/netherlands/2.json'
  },
  {
    id: 'new-zealand',
    revision: 2,
    corrected: 201,
    answerFile: '/Users/liam/Documents/GitHub/15values/profile-audit/answers/country/new-zealand/2.json'
  },
  {
    id: 'norway',
    revision: 2,
    corrected: 231,
    answerFile: '/Users/liam/Documents/GitHub/15values/profile-audit/answers/country/norway/2.json'
  },
  {
    id: 'singapore',
    revision: 3,
    corrected: 207,
    answerFile: '/Users/liam/Documents/GitHub/15values/profile-audit/answers/country/singapore/3.json'
  },
  {
    id: 'south-korea',
    revision: 2,
    corrected: 217,
    answerFile: '/Users/liam/Documents/GitHub/15values/profile-audit/answers/country/south-korea/2.json'
  },
  {
    id: 'sweden',
    revision: 2,
    corrected: 236,
    answerFile: '/Users/liam/Documents/GitHub/15values/profile-audit/answers/country/sweden/2.json'
  },
  {
    id: 'switzerland',
    revision: 2,
    corrected: 227,
    answerFile: '/Users/liam/Documents/GitHub/15values/profile-audit/answers/country/switzerland/2.json'
  },
  {
    id: 'taiwan',
    revision: 2,
    corrected: 212,
    answerFile: '/Users/liam/Documents/GitHub/15values/profile-audit/answers/country/taiwan/2.json'
  },
  {
    id: 'united-kingdom',
    revision: 2,
    corrected: 235,
    answerFile: '/Users/liam/Documents/GitHub/15values/profile-audit/answers/country/united-kingdom/2.json'
  },
  {
    id: 'united-states',
    revision: 2,
    corrected: 230,
    answerFile: '/Users/liam/Documents/GitHub/15values/profile-audit/answers/country/united-states/2.json'
  }
]
