
> 15-values-quiz@0.0.0 test:e2e
> playwright test --grep blocked browser storage and corrupt imports|a failed automatic save preserves|all three catalogues browse

[WebServer] (node:91274) Warning: The 'NO_COLOR' env is ignored due to the 'FORCE_COLOR' env being set.
[WebServer] (Use `node --trace-warnings ...` to show where the warning was created)

Running 9 tests using 4 workers

(node:91278) Warning: The 'NO_COLOR' env is ignored due to the 'FORCE_COLOR' env being set.
(Use `node --trace-warnings ...` to show where the warning was created)
(node:91275) Warning: The 'NO_COLOR' env is ignored due to the 'FORCE_COLOR' env being set.
(Use `node --trace-warnings ...` to show where the warning was created)
(node:91277) Warning: The 'NO_COLOR' env is ignored due to the 'FORCE_COLOR' env being set.
(Use `node --trace-warnings ...` to show where the warning was created)
(node:91276) Warning: The 'NO_COLOR' env is ignored due to the 'FORCE_COLOR' env being set.
(Use `node --trace-warnings ...` to show where the warning was created)
  ✓  4 [desktop] › tests/catalogue.spec.ts:24:1 › all three catalogues browse, search and open full sourced assessments (1.9s)
  ✓  1 [mobile] › tests/catalogue.spec.ts:24:1 › all three catalogues browse, search and open full sourced assessments (2.4s)
(node:91300) Warning: The 'NO_COLOR' env is ignored due to the 'FORCE_COLOR' env being set.
(Use `node --trace-warnings ...` to show where the warning was created)
  ✓  3 [desktop] › tests/quiz.spec.ts:214:1 › a failed automatic save preserves the result and can be retried without duplicates (5.5s)
(node:91339) Warning: The 'NO_COLOR' env is ignored due to the 'FORCE_COLOR' env being set.
(Use `node --trace-warnings ...` to show where the warning was created)
  ✓  5 [mobile] › tests/quiz.spec.ts:214:1 › a failed automatic save preserves the result and can be retried without duplicates (5.5s)
(node:91358) Warning: The 'NO_COLOR' env is ignored due to the 'FORCE_COLOR' env being set.
(Use `node --trace-warnings ...` to show where the warning was created)
  ✓  7 [safari] › tests/catalogue.spec.ts:24:1 › all three catalogues browse, search and open full sourced assessments (2.9s)
  ✓  9 [safari] › tests/quiz.spec.ts:214:1 › a failed automatic save preserves the result and can be retried without duplicates (8.7s)
  ✓  2 [desktop] › tests/quiz.spec.ts:138:1 › blocked browser storage and corrupt imports never prevent completion or export (22.4s)
  ✓  6 [mobile] › tests/quiz.spec.ts:138:1 › blocked browser storage and corrupt imports never prevent completion or export (22.2s)
