
> 15-values-quiz@0.0.0 test:e2e
> playwright test

[WebServer] (node:90034) Warning: The 'NO_COLOR' env is ignored due to the 'FORCE_COLOR' env being set.
[WebServer] (Use `node --trace-warnings ...` to show where the warning was created)

Running 183 tests using 4 workers

(node:90038) Warning: The 'NO_COLOR' env is ignored due to the 'FORCE_COLOR' env being set.
(Use `node --trace-warnings ...` to show where the warning was created)
(node:90039) Warning: The 'NO_COLOR' env is ignored due to the 'FORCE_COLOR' env being set.
(Use `node --trace-warnings ...` to show where the warning was created)
(node:90037) Warning: The 'NO_COLOR' env is ignored due to the 'FORCE_COLOR' env being set.
(Use `node --trace-warnings ...` to show where the warning was created)
(node:90040) Warning: The 'NO_COLOR' env is ignored due to the 'FORCE_COLOR' env being set.
(Use `node --trace-warnings ...` to show where the warning was created)
  ✓    3 [desktop] › tests/catalogue.spec.ts:91:1 › catalogue failures can be retried and missing profiles have a way back (596ms)
  ✓    1 [desktop] › tests/catalogue.spec.ts:9:1 › withdrawn ideology has no placements but preserves the historical assessment link (649ms)
  ✓    2 [desktop] › tests/catalogue.spec.ts:9:1 › withdrawn personality has no placements but preserves the historical assessment link (648ms)
  ✓    5 [desktop] › tests/catalogue.spec.ts:104:1 › malformed catalogue data is not rendered as a profile (198ms)
  ✓    7 [desktop] › tests/catalogue.spec.ts:140:1 › personality filters combine with search and clear together (484ms)
  ✓    6 [desktop] › tests/catalogue.spec.ts:112:1 › ideology groups combine with search and show only pronounced placements (507ms)
  ✓    8 [desktop] › tests/catalogue.spec.ts:168:1 › profile comparisons omit political leaning and link similar people (467ms)
  ✓    4 [desktop] › tests/catalogue.spec.ts:24:1 › all three catalogues browse, search and open full sourced assessments (2.3s)
  ✓   11 [desktop] › tests/home-example.spec.ts:3:1 › refresh draws another assessed personality with a calculated ideology match (1.1s)
  ✓   13 [desktop] › tests/home-strip.spec.ts:39:1 › home strip uses explicit personality leaning metadata and falls back when absent (181ms)
  ✓   14 [desktop] › tests/home-strip.spec.ts:52:1 › strip loops evenly, pauses, resumes and stops for keyboard interaction (1.1s)
  ✓   15 [desktop] › tests/home-strip.spec.ts:79:1 › reduced motion allows manual scrolling without duplicate links or page overflow (529ms)
  ✓   16 [desktop] › tests/home-strip.spec.ts:95:3 › home offers catalogue links when profile data is empty (171ms)
  ✓   17 [desktop] › tests/home-strip.spec.ts:95:3 › home offers catalogue links when profile data is unavailable (168ms)
  ✓   18 [desktop] › tests/home-strip.spec.ts:95:3 › home offers catalogue links when profile data is invalid (166ms)
  ✓   19 [desktop] › tests/navigation.spec.ts:3:1 › quiz navigation never replaces the page with a loading screen (589ms)
  ✓   20 [desktop] › tests/navigation.spec.ts:26:3 › short: a direct quiz link and reload open a working first question (690ms)
  ✘    9 [desktop] › tests/catalogue.spec.ts:188:1 › personality card has exactly ideology, position and origin tags (5.3s)
  ✓   21 [desktop] › tests/navigation.spec.ts:26:3 › medium: a direct quiz link and reload open a working first question (677ms)
(node:90082) Warning: The 'NO_COLOR' env is ignored due to the 'FORCE_COLOR' env being set.
(Use `node --trace-warnings ...` to show where the warning was created)
  ✘   10 [desktop] › tests/catalogue.spec.ts:203:1 › every published personality has three matching filterable tags (6.0s)
  ✓   22 [desktop] › tests/navigation.spec.ts:26:3 › comprehensive: a direct quiz link and reload open a working first question (702ms)
(node:90088) Warning: The 'NO_COLOR' env is ignored due to the 'FORCE_COLOR' env being set.
(Use `node --trace-warnings ...` to show where the warning was created)
  ✓   23 [desktop] › tests/navigation.spec.ts:26:3 › long: a direct quiz link and reload open a working first question (753ms)
  ✓   24 [desktop] › tests/navigation.spec.ts:58:1 › invalid quiz links show the usable format selector (287ms)
  ✓   26 [desktop] › tests/navigation.spec.ts:46:1 › returning from the home page to an old quiz link starts normally (751ms)
  ✓   28 [desktop] › tests/platform.spec.ts:49:1 › catalogue pages are intentionally empty and link to the values (304ms)
  ✓   29 [desktop] › tests/platform.spec.ts:61:1 › quiz format selection starts a real quiz (529ms)
  ✓   30 [desktop] › tests/platform.spec.ts:68:1 › navigation supports back, reload, current page, and keyboard focus (1.4s)
  ✓   31 [desktop] › tests/platform.spec.ts:93:1 › pages do not overflow at narrow widths or with reduced motion (1.1s)
  ✓   32 [desktop] › tests/platform.spec.ts:103:1 › removed and unrecognised routes offer a working return to home (536ms)
  ✘   27 [desktop] › tests/platform.spec.ts:32:1 › Values navigation opens the home axes section from another page and on repeated clicks (4.8s)
  ✓   33 [desktop] › tests/platform.spec.ts:113:1 › skip link appears on keyboard focus and moves focus to the content (510ms)
(node:90113) Warning: The 'NO_COLOR' env is ignored due to the 'FORCE_COLOR' env being set.
(Use `node --trace-warnings ...` to show where the warning was created)
  ✘   25 [desktop] › tests/platform.spec.ts:4:1 › home loads Clarity City and clearly labels the example result (5.4s)
  ✓   12 [desktop] › tests/home-strip.spec.ts:8:1 › home strip uses published profiles and links to both types of detail page (11.1s)
  ✓   34 [desktop] › tests/platform.spec.ts:138:1 › resuming the strip works while the control retains focus (700ms)
(node:90116) Warning: The 'NO_COLOR' env is ignored due to the 'FORCE_COLOR' env being set.
(Use `node --trace-warnings ...` to show where the warning was created)
  ✓   35 [desktop] › tests/platform.spec.ts:128:1 › all four home format cards start their corresponding quiz (1.7s)
  ✓   39 [desktop] › tests/platform.spec.ts:200:1 › social preview assets resolve under the GitHub Pages subpath (444ms)
  ✓   40 [desktop] › tests/platform.spec.ts:211:1 › landing section navigation moves focus and returns to the top on the same route (598ms)
  ✘   37 [desktop] › tests/platform.spec.ts:186:1 › feedback download works without submitting or storing the draft (5.2s)
(node:90138) Warning: The 'NO_COLOR' env is ignored due to the 'FORCE_COLOR' env being set.
(Use `node --trace-warnings ...` to show where the warning was created)
  ✓   41 [desktop] › tests/quiz.spec.ts:48:3 › Short: complete every question and export the expected independent scores (4.8s)
  ✓   42 [desktop] › tests/quiz.spec.ts:48:3 › Medium: complete every question and export the expected independent scores (7.3s)
  ✓   43 [desktop] › tests/quiz.spec.ts:48:3 › Long: complete every question and export the expected independent scores (13.0s)
  ✓   45 [desktop] › tests/quiz.spec.ts:76:1 › back, edits, keyboard, auto-advance and restart keep answers consistent (3.0s)
  ✓   44 [desktop] › tests/quiz.spec.ts:48:3 › Comprehensive: complete every question and export the expected independent scores (10.5s)
  ✘   36 [desktop] › tests/platform.spec.ts:166:1 › landing axis cards cover all 15 agreed axes and replace the old sections (30.3s)
(node:90188) Warning: The 'NO_COLOR' env is ignored due to the 'FORCE_COLOR' env being set.
(Use `node --trace-warnings ...` to show where the warning was created)
  ✘   38 [desktop] › tests/platform.spec.ts:155:1 › mobile primary action precedes the example and is visible without scrolling (30.2s)
(node:90193) Warning: The 'NO_COLOR' env is ignored due to the 'FORCE_COLOR' env being set.
(Use `node --trace-warnings ...` to show where the warning was created)
  ✓   49 [desktop] › tests/quiz.spec.ts:160:1 › browser Back preserves the open session and leaving asks for confirmation (1.0s)
  ✓   50 [desktop] › tests/quiz.spec.ts:174:1 › large desktop and small mobile layouts are readable, with both fonts loaded (764ms)
  ✓   47 [desktop] › tests/quiz.spec.ts:138:1 › blocked browser storage and corrupt imports never prevent completion or export (22.1s)
  ✓   46 [desktop] › tests/quiz.spec.ts:108:1 › history saves automatically, survives reload and supports import, deduplication and deletion (23.0s)
  ✓   53 [desktop] › tests/results.spec.ts:22:1 › profile layout, all endpoints, help controls and complementary percentages work at every width (2.2s)
  ✓   54 [desktop] › tests/results.spec.ts:82:1 › legacy results display and export their original method without recalculation (524ms)
  ✓   55 [desktop] › tests/results.spec.ts:96:1 › empty history and saved cards are responsive, and saved profiles reopen after reload (1.5s)
  ✓   52 [desktop] › tests/quiz.spec.ts:214:1 › a failed automatic save preserves the result and can be retried without duplicates (5.3s)
  ✓   56 [desktop] › tests/results.spec.ts:136:1 › comparison fetch failure can be retried without losing the result (619ms)
  ✓   57 [desktop] › tests/results.spec.ts:148:1 › legacy results keep their scores and explain incompatible comparisons (498ms)
  ✓   58 [desktop] › tests/results.spec.ts:156:1 › searchable comparison picker scrolls, supports keyboard selection and compares ideologies and personalities (1.7s)
  ✓   48 [desktop] › tests/quiz.spec.ts:148:1 › reviewing answers recalculates the result and final submission is always explicit (22.7s)
  ✓   61 [desktop] › tests/window-navigation.spec.ts:39:1 › all question wordings fit laptop, phone and landscape windows without scrolling or clipping (493ms)
(node:90258) Warning: The 'NO_COLOR' env is ignored due to the 'FORCE_COLOR' env being set.
(Use `node --trace-warnings ...` to show where the warning was created)
  ✓   62 [mobile] › tests/catalogue.spec.ts:9:1 › withdrawn ideology has no placements but preserves the historical assessment link (284ms)
  ✓   63 [mobile] › tests/catalogue.spec.ts:9:1 › withdrawn personality has no placements but preserves the historical assessment link (214ms)
  ✓   51 [desktop] › tests/quiz.spec.ts:195:1 › narrow results and invalid stored history stay usable without overwriting data (21.9s)
(node:90265) Warning: The 'NO_COLOR' env is ignored due to the 'FORCE_COLOR' env being set.
(Use `node --trace-warnings ...` to show where the warning was created)
  ✓   65 [mobile] › tests/catalogue.spec.ts:91:1 › catalogue failures can be retried and missing profiles have a way back (295ms)
  ✓   66 [mobile] › tests/catalogue.spec.ts:104:1 › malformed catalogue data is not rendered as a profile (163ms)
  ✓   67 [mobile] › tests/catalogue.spec.ts:112:1 › ideology groups combine with search and show only pronounced placements (366ms)
  ✓   68 [mobile] › tests/catalogue.spec.ts:140:1 › personality filters combine with search and clear together (292ms)
  ✓   64 [mobile] › tests/catalogue.spec.ts:24:1 › all three catalogues browse, search and open full sourced assessments (2.0s)
  ✓   69 [mobile] › tests/catalogue.spec.ts:168:1 › profile comparisons omit political leaning and link similar people (367ms)
  ✘   70 [mobile] › tests/catalogue.spec.ts:188:1 › personality card has exactly ideology, position and origin tags (5.2s)
(node:90298) Warning: The 'NO_COLOR' env is ignored due to the 'FORCE_COLOR' env being set.
(Use `node --trace-warnings ...` to show where the warning was created)
  ✘   71 [mobile] › tests/catalogue.spec.ts:203:1 › every published personality has three matching filterable tags (5.7s)
(node:90304) Warning: The 'NO_COLOR' env is ignored due to the 'FORCE_COLOR' env being set.
(Use `node --trace-warnings ...` to show where the warning was created)
  ✓   72 [mobile] › tests/home-example.spec.ts:3:1 › refresh draws another assessed personality with a calculated ideology match (962ms)
  ✓   74 [mobile] › tests/home-strip.spec.ts:39:1 › home strip uses explicit personality leaning metadata and falls back when absent (192ms)
  ✓   75 [mobile] › tests/home-strip.spec.ts:52:1 › strip loops evenly, pauses, resumes and stops for keyboard interaction (1.0s)
  ✓   76 [mobile] › tests/home-strip.spec.ts:79:1 › reduced motion allows manual scrolling without duplicate links or page overflow (541ms)
  ✓   77 [mobile] › tests/home-strip.spec.ts:95:3 › home offers catalogue links when profile data is empty (173ms)
  ✓   78 [mobile] › tests/home-strip.spec.ts:95:3 › home offers catalogue links when profile data is unavailable (182ms)
  ✓   79 [mobile] › tests/home-strip.spec.ts:95:3 › home offers catalogue links when profile data is invalid (172ms)
  ✓   80 [mobile] › tests/navigation.spec.ts:3:1 › quiz navigation never replaces the page with a loading screen (527ms)
  ✓   81 [mobile] › tests/navigation.spec.ts:26:3 › short: a direct quiz link and reload open a working first question (725ms)
  ✓   82 [mobile] › tests/navigation.spec.ts:26:3 › medium: a direct quiz link and reload open a working first question (714ms)
  ✓   83 [mobile] › tests/navigation.spec.ts:26:3 › long: a direct quiz link and reload open a working first question (676ms)
  ✓   84 [mobile] › tests/navigation.spec.ts:26:3 › comprehensive: a direct quiz link and reload open a working first question (710ms)
  ✓   85 [mobile] › tests/navigation.spec.ts:46:1 › returning from the home page to an old quiz link starts normally (688ms)
  ✓   86 [mobile] › tests/navigation.spec.ts:58:1 › invalid quiz links show the usable format selector (293ms)
  ✓   73 [mobile] › tests/home-strip.spec.ts:8:1 › home strip uses published profiles and links to both types of detail page (11.0s)
  ✘   87 [mobile] › tests/platform.spec.ts:4:1 › home loads Clarity City and clearly labels the example result (5.3s)
(node:90341) Warning: The 'NO_COLOR' env is ignored due to the 'FORCE_COLOR' env being set.
(Use `node --trace-warnings ...` to show where the warning was created)
  ✓   89 [mobile] › tests/platform.spec.ts:49:1 › catalogue pages are intentionally empty and link to the values (416ms)
  ✓   90 [mobile] › tests/platform.spec.ts:61:1 › quiz format selection starts a real quiz (499ms)
  ✘   88 [mobile] › tests/platform.spec.ts:32:1 › Values navigation opens the home axes section from another page and on repeated clicks (4.7s)
(node:90351) Warning: The 'NO_COLOR' env is ignored due to the 'FORCE_COLOR' env being set.
(Use `node --trace-warnings ...` to show where the warning was created)
  ✓   91 [mobile] › tests/platform.spec.ts:68:1 › navigation supports back, reload, current page, and keyboard focus (2.8s)
  ✓   93 [mobile] › tests/platform.spec.ts:103:1 › removed and unrecognised routes offer a working return to home (546ms)
  ✓   92 [mobile] › tests/platform.spec.ts:93:1 › pages do not overflow at narrow widths or with reduced motion (1.1s)
  ✓   94 [mobile] › tests/platform.spec.ts:113:1 › skip link appears on keyboard focus and moves focus to the content (485ms)
  ✓   96 [mobile] › tests/platform.spec.ts:138:1 › resuming the strip works while the control retains focus (728ms)
  ✘   59 [desktop] › tests/window-navigation.spec.ts:4:1 › current-page links do not add history and Back/Forward restores each route without reloads (30.5s)
  ✓   95 [mobile] › tests/platform.spec.ts:128:1 › all four home format cards start their corresponding quiz (1.7s)
(node:90361) Warning: The 'NO_COLOR' env is ignored due to the 'FORCE_COLOR' env being set.
(Use `node --trace-warnings ...` to show where the warning was created)
  ✘   98 [mobile] › tests/platform.spec.ts:186:1 › feedback download works without submitting or storing the draft (5.2s)
(node:90384) Warning: The 'NO_COLOR' env is ignored due to the 'FORCE_COLOR' env being set.
(Use `node --trace-warnings ...` to show where the warning was created)
  ✓  100 [mobile] › tests/platform.spec.ts:200:1 › social preview assets resolve under the GitHub Pages subpath (483ms)
  ✓   60 [desktop] › tests/window-navigation.spec.ts:25:1 › default auto advance completes a quiz and leaves the final submission explicit (36.3s)
  ✓  101 [mobile] › tests/platform.spec.ts:211:1 › landing section navigation moves focus and returns to the top on the same route (762ms)
(node:90455) Warning: The 'NO_COLOR' env is ignored due to the 'FORCE_COLOR' env being set.
(Use `node --trace-warnings ...` to show where the warning was created)
  ✓  103 [mobile] › tests/quiz.spec.ts:48:3 › Short: complete every question and export the expected independent scores (5.8s)
  ✓  102 [mobile] › tests/quiz.spec.ts:48:3 › Medium: complete every question and export the expected independent scores (7.9s)
  ✓  105 [mobile] › tests/quiz.spec.ts:48:3 › Comprehensive: complete every question and export the expected independent scores (10.1s)
  ✓  104 [mobile] › tests/quiz.spec.ts:48:3 › Long: complete every question and export the expected independent scores (13.6s)
  ✓  106 [mobile] › tests/quiz.spec.ts:76:1 › back, edits, keyboard, auto-advance and restart keep answers consistent (3.0s)
  ✘   97 [mobile] › tests/platform.spec.ts:155:1 › mobile primary action precedes the example and is visible without scrolling (30.2s)
(node:90539) Warning: The 'NO_COLOR' env is ignored due to the 'FORCE_COLOR' env being set.
(Use `node --trace-warnings ...` to show where the warning was created)
  ✘   99 [mobile] › tests/platform.spec.ts:166:1 › landing axis cards cover all 15 agreed axes and replace the old sections (30.3s)
(node:90551) Warning: The 'NO_COLOR' env is ignored due to the 'FORCE_COLOR' env being set.
(Use `node --trace-warnings ...` to show where the warning was created)
  ✓  110 [mobile] › tests/quiz.spec.ts:160:1 › browser Back preserves the open session and leaving asks for confirmation (663ms)
  ✓  111 [mobile] › tests/quiz.spec.ts:174:1 › large desktop and small mobile layouts are readable, with both fonts loaded (2.0s)
  ✓  107 [mobile] › tests/quiz.spec.ts:108:1 › history saves automatically, survives reload and supports import, deduplication and deletion (22.2s)
  ✘  108 [mobile] › tests/quiz.spec.ts:138:1 › blocked browser storage and corrupt imports never prevent completion or export (22.5s)
  ✓  109 [mobile] › tests/quiz.spec.ts:148:1 › reviewing answers recalculates the result and final submission is always explicit (21.8s)
(node:90675) Warning: The 'NO_COLOR' env is ignored due to the 'FORCE_COLOR' env being set.
(Use `node --trace-warnings ...` to show where the warning was created)
  ✓  114 [mobile] › tests/results.spec.ts:82:1 › legacy results display and export their original method without recalculation (520ms)
  ✓  116 [mobile] › tests/results.spec.ts:96:1 › empty history and saved cards are responsive, and saved profiles reopen after reload (2.5s)
  ✓  117 [mobile] › tests/results.spec.ts:136:1 › comparison fetch failure can be retried without losing the result (667ms)
  ✓  112 [mobile] › tests/quiz.spec.ts:195:1 › narrow results and invalid stored history stay usable without overwriting data (21.7s)
  ✓  118 [mobile] › tests/results.spec.ts:148:1 › legacy results keep their scores and explain incompatible comparisons (465ms)
  ✓  115 [mobile] › tests/results.spec.ts:22:1 › profile layout, all endpoints, help controls and complementary percentages work at every width (5.4s)
  ✓  119 [mobile] › tests/results.spec.ts:156:1 › searchable comparison picker scrolls, supports keyboard selection and compares ideologies and personalities (3.7s)
  ✓  122 [mobile] › tests/window-navigation.spec.ts:39:1 › all question wordings fit laptop, phone and landscape windows without scrolling or clipping (1.4s)
(node:90710) Warning: The 'NO_COLOR' env is ignored due to the 'FORCE_COLOR' env being set.
(Use `node --trace-warnings ...` to show where the warning was created)
  ✓  123 [safari] › tests/catalogue.spec.ts:9:1 › withdrawn ideology has no placements but preserves the historical assessment link (943ms)
  ✓  124 [safari] › tests/catalogue.spec.ts:9:1 › withdrawn personality has no placements but preserves the historical assessment link (496ms)
  ✓  125 [safari] › tests/catalogue.spec.ts:24:1 › all three catalogues browse, search and open full sourced assessments (2.6s)
  ✓  126 [safari] › tests/catalogue.spec.ts:91:1 › catalogue failures can be retried and missing profiles have a way back (452ms)
  ✓  127 [safari] › tests/catalogue.spec.ts:104:1 › malformed catalogue data is not rendered as a profile (361ms)
  ✓  128 [safari] › tests/catalogue.spec.ts:112:1 › ideology groups combine with search and show only pronounced placements (580ms)
  ✓  129 [safari] › tests/catalogue.spec.ts:140:1 › personality filters combine with search and clear together (574ms)
  ✓  130 [safari] › tests/catalogue.spec.ts:168:1 › profile comparisons omit political leaning and link similar people (559ms)
  ✘  131 [safari] › tests/catalogue.spec.ts:188:1 › personality card has exactly ideology, position and origin tags (5.5s)
(node:90782) Warning: The 'NO_COLOR' env is ignored due to the 'FORCE_COLOR' env being set.
(Use `node --trace-warnings ...` to show where the warning was created)
  ✘  113 [mobile] › tests/quiz.spec.ts:214:1 › a failed automatic save preserves the result and can be retried without duplicates (30.0s)
(node:90799) Warning: The 'NO_COLOR' env is ignored due to the 'FORCE_COLOR' env being set.
(Use `node --trace-warnings ...` to show where the warning was created)
  ✓  133 [safari] › tests/home-example.spec.ts:3:1 › refresh draws another assessed personality with a calculated ideology match (1.1s)
  ✘  132 [safari] › tests/catalogue.spec.ts:203:1 › every published personality has three matching filterable tags (6.2s)
(node:90814) Warning: The 'NO_COLOR' env is ignored due to the 'FORCE_COLOR' env being set.
(Use `node --trace-warnings ...` to show where the warning was created)
  ✓  135 [safari] › tests/home-strip.spec.ts:39:1 › home strip uses explicit personality leaning metadata and falls back when absent (549ms)
  ✓  136 [safari] › tests/home-strip.spec.ts:52:1 › strip loops evenly, pauses, resumes and stops for keyboard interaction (1.2s)
  ✓  137 [safari] › tests/home-strip.spec.ts:79:1 › reduced motion allows manual scrolling without duplicate links or page overflow (641ms)
  ✓  138 [safari] › tests/home-strip.spec.ts:95:3 › home offers catalogue links when profile data is empty (386ms)
  ✓  139 [safari] › tests/home-strip.spec.ts:95:3 › home offers catalogue links when profile data is unavailable (402ms)
  ✓  140 [safari] › tests/home-strip.spec.ts:95:3 › home offers catalogue links when profile data is invalid (397ms)
  ✓  141 [safari] › tests/navigation.spec.ts:3:1 › quiz navigation never replaces the page with a loading screen (749ms)
  ✘  120 [mobile] › tests/window-navigation.spec.ts:4:1 › current-page links do not add history and Back/Forward restores each route without reloads (30.3s)
(node:90844) Warning: The 'NO_COLOR' env is ignored due to the 'FORCE_COLOR' env being set.
(Use `node --trace-warnings ...` to show where the warning was created)
  ✓  142 [safari] › tests/navigation.spec.ts:26:3 › short: a direct quiz link and reload open a working first question (980ms)
  ✓  144 [safari] › tests/navigation.spec.ts:26:3 › long: a direct quiz link and reload open a working first question (945ms)
  ✓  143 [safari] › tests/navigation.spec.ts:26:3 › medium: a direct quiz link and reload open a working first question (1.1s)
  ✓  145 [safari] › tests/navigation.spec.ts:26:3 › comprehensive: a direct quiz link and reload open a working first question (939ms)
  ✓  146 [safari] › tests/navigation.spec.ts:46:1 › returning from the home page to an old quiz link starts normally (1.0s)
  ✓  147 [safari] › tests/navigation.spec.ts:58:1 › invalid quiz links show the usable format selector (538ms)
  ✓  134 [safari] › tests/home-strip.spec.ts:8:1 › home strip uses published profiles and links to both types of detail page (11.7s)
  ✓  150 [safari] › tests/platform.spec.ts:49:1 › catalogue pages are intentionally empty and link to the values (526ms)
  ✓  121 [mobile] › tests/window-navigation.spec.ts:25:1 › default auto advance completes a quiz and leaves the final submission explicit (36.3s)
  ✓  151 [safari] › tests/platform.spec.ts:61:1 › quiz format selection starts a real quiz (669ms)
(node:90874) Warning: The 'NO_COLOR' env is ignored due to the 'FORCE_COLOR' env being set.
(Use `node --trace-warnings ...` to show where the warning was created)
  ✘  149 [safari] › tests/platform.spec.ts:32:1 › Values navigation opens the home axes section from another page and on repeated clicks (4.9s)
  ✓  152 [safari] › tests/platform.spec.ts:93:1 › pages do not overflow at narrow widths or with reduced motion (747ms)
  ✘  148 [safari] › tests/platform.spec.ts:4:1 › home loads Clarity City and clearly labels the example result (5.5s)
(node:90882) Warning: The 'NO_COLOR' env is ignored due to the 'FORCE_COLOR' env being set.
(Use `node --trace-warnings ...` to show where the warning was created)
  ✓  154 [safari] › tests/platform.spec.ts:113:1 › skip link appears on keyboard focus and moves focus to the content (741ms)
(node:90893) Warning: The 'NO_COLOR' env is ignored due to the 'FORCE_COLOR' env being set.
(Use `node --trace-warnings ...` to show where the warning was created)
  ✓  153 [safari] › tests/platform.spec.ts:68:1 › navigation supports back, reload, current page, and keyboard focus (1.1s)
  ✓  155 [safari] › tests/platform.spec.ts:103:1 › removed and unrecognised routes offer a working return to home (984ms)
  ✓  156 [safari] › tests/platform.spec.ts:138:1 › resuming the strip works while the control retains focus (1.4s)
  ✓  157 [safari] › tests/platform.spec.ts:128:1 › all four home format cards start their corresponding quiz (2.1s)
  ✓  161 [safari] › tests/platform.spec.ts:200:1 › social preview assets resolve under the GitHub Pages subpath (385ms)
  ✓  162 [safari] › tests/platform.spec.ts:211:1 › landing section navigation moves focus and returns to the top on the same route (704ms)
  ✘  160 [safari] › tests/platform.spec.ts:186:1 › feedback download works without submitting or storing the draft (5.4s)
(node:90944) Warning: The 'NO_COLOR' env is ignored due to the 'FORCE_COLOR' env being set.
(Use `node --trace-warnings ...` to show where the warning was created)
  ✓  163 [safari] › tests/quiz.spec.ts:48:3 › Short: complete every question and export the expected independent scores (7.5s)
  ✓  164 [safari] › tests/quiz.spec.ts:48:3 › Medium: complete every question and export the expected independent scores (11.1s)
  ✓  166 [safari] › tests/quiz.spec.ts:48:3 › Comprehensive: complete every question and export the expected independent scores (9.8s)
  ✘  158 [safari] › tests/platform.spec.ts:155:1 › mobile primary action precedes the example and is visible without scrolling (30.3s)
  ✓  165 [safari] › tests/quiz.spec.ts:48:3 › Long: complete every question and export the expected independent scores (19.3s)
(node:91011) Warning: The 'NO_COLOR' env is ignored due to the 'FORCE_COLOR' env being set.
(Use `node --trace-warnings ...` to show where the warning was created)
  ✘  159 [safari] › tests/platform.spec.ts:166:1 › landing axis cards cover all 15 agreed axes and replace the old sections (30.3s)
(node:91026) Warning: The 'NO_COLOR' env is ignored due to the 'FORCE_COLOR' env being set.
(Use `node --trace-warnings ...` to show where the warning was created)
  ✓  167 [safari] › tests/quiz.spec.ts:76:1 › back, edits, keyboard, auto-advance and restart keep answers consistent (3.7s)
  ✓  171 [safari] › tests/quiz.spec.ts:160:1 › browser Back preserves the open session and leaving asks for confirmation (1.0s)
  ✓  172 [safari] › tests/quiz.spec.ts:174:1 › large desktop and small mobile layouts are readable, with both fonts loaded (1.3s)
  ✓  168 [safari] › tests/quiz.spec.ts:138:1 › blocked browser storage and corrupt imports never prevent completion or export (27.6s)
  ✓  169 [safari] › tests/quiz.spec.ts:108:1 › history saves automatically, survives reload and supports import, deduplication and deletion (28.9s)
  ✓  170 [safari] › tests/quiz.spec.ts:148:1 › reviewing answers recalculates the result and final submission is always explicit (28.3s)
  ✓  176 [safari] › tests/results.spec.ts:82:1 › legacy results display and export their original method without recalculation (729ms)
  ✓  173 [safari] › tests/quiz.spec.ts:195:1 › narrow results and invalid stored history stay usable without overwriting data (27.9s)
  ✓  177 [safari] › tests/results.spec.ts:96:1 › empty history and saved cards are responsive, and saved profiles reopen after reload (1.8s)
  ✓  178 [safari] › tests/results.spec.ts:136:1 › comparison fetch failure can be retried without losing the result (735ms)
  ✓  175 [safari] › tests/results.spec.ts:22:1 › profile layout, all endpoints, help controls and complementary percentages work at every width (3.2s)
  ✓  179 [safari] › tests/results.spec.ts:148:1 › legacy results keep their scores and explain incompatible comparisons (667ms)
  ✓  174 [safari] › tests/quiz.spec.ts:214:1 › a failed automatic save preserves the result and can be retried without duplicates (7.5s)
  ✓  180 [safari] › tests/results.spec.ts:156:1 › searchable comparison picker scrolls, supports keyboard selection and compares ideologies and personalities (2.7s)
  ✓  183 [safari] › tests/window-navigation.spec.ts:39:1 › all question wordings fit laptop, phone and landscape windows without scrolling or clipping (1.1s)
  ✘  181 [safari] › tests/window-navigation.spec.ts:4:1 › current-page links do not add history and Back/Forward restores each route without reloads (30.2s)
  ✓  182 [safari] › tests/window-navigation.spec.ts:25:1 › default auto advance completes a quiz and leaves the final submission explicit (37.9s)


  1) [desktop] › tests/catalogue.spec.ts:188:1 › personality card has exactly ideology, position and origin tags 

    Error: expect(locator).toHaveAttribute(expected) failed

    Locator:  getByRole('list', { name: 'Profile tags' }).getByRole('listitem').nth(2)
    Expected: "Country of origin: Russia"
    Received: "Best-known country: Russia"
    Timeout:  5000ms

    Call log:
      - Expect "toHaveAttribute" getByRole('list', { name: 'Profile tags' }).getByRole('listitem').nth(2) with timeout 5000ms
      - waiting for getByRole('list', { name: 'Profile tags' }).getByRole('listitem').nth(2)
        14 × locator resolved to <li class="_flagTag_a00c7_83" title="Best-known country: Russia" aria-label="Best-known country: Russia">🇷🇺</li>
           - unexpected value "Best-known country: Russia"


      198 |   await expect(tags.nth(0)).toHaveText('Calculated ideology');
      199 |   await expect(tags.nth(1)).toHaveText('Head of government');
    > 200 |   await expect(tags.nth(2)).toHaveAttribute('aria-label', 'Country of origin: Russia');
          |                             ^
      201 | });
      202 |
      203 | test('every published personality has three matching filterable tags', async ({ page }, testInfo) => {
        at /Users/liam/Documents/GitHub/15values/frontend/tests/catalogue.spec.ts:200:29

    Error Context: test-results/catalogue-personality-card-eaa72-gy-position-and-origin-tags-desktop/error-context.md

    attachment #2: trace (application/zip) ─────────────────────────────────────────────────────────
    test-results/catalogue-personality-card-eaa72-gy-position-and-origin-tags-desktop/trace.zip
    Usage:

        npx playwright show-trace test-results/catalogue-personality-card-eaa72-gy-position-and-origin-tags-desktop/trace.zip

    ────────────────────────────────────────────────────────────────────────────────────────────────

  2) [desktop] › tests/catalogue.spec.ts:203:1 › every published personality has three matching filterable tags 

    Error: expect(locator).toHaveAttribute(expected) failed

    Locator: getByRole('list', { name: 'Profile tags' }).first().getByRole('listitem').nth(2)
    Expected pattern: /^Country of origin:/
    Received string:  "Best-known country: Australia"
    Timeout: 5000ms

    Call log:
      - Expect "toHaveAttribute" getByRole('list', { name: 'Profile tags' }).first().getByRole('listitem').nth(2) with timeout 5000ms
      - waiting for getByRole('list', { name: 'Profile tags' }).first().getByRole('listitem').nth(2)
        14 × locator resolved to <li class="_flagTag_a00c7_83" title="Best-known country: Australia" aria-label="Best-known country: Australia">🇦🇺</li>
           - unexpected value "Best-known country: Australia"


      213 |     await expect(tags.nth(0)).toHaveAttribute('aria-label', /^Closest ideology:/);
      214 |     await expect(tags.nth(1)).toHaveAttribute('aria-label', /^Position:/);
    > 215 |     await expect(tags.nth(2)).toHaveAttribute('aria-label', /^Country of origin:/);
          |                               ^
      216 |     await expect(tags.nth(2)).not.toHaveAttribute('aria-label', /unavailable/);
      217 |   }
      218 |   for (const name of ['Closest ideology', 'Position', 'Country of origin']) {
        at /Users/liam/Documents/GitHub/15values/frontend/tests/catalogue.spec.ts:215:31

    Error Context: test-results/catalogue-every-published--e5770-ee-matching-filterable-tags-desktop/error-context.md

    attachment #2: trace (application/zip) ─────────────────────────────────────────────────────────
    test-results/catalogue-every-published--e5770-ee-matching-filterable-tags-desktop/trace.zip
    Usage:

        npx playwright show-trace test-results/catalogue-every-published--e5770-ee-matching-filterable-tags-desktop/trace.zip

    ────────────────────────────────────────────────────────────────────────────────────────────────

  3) [desktop] › tests/platform.spec.ts:4:1 › home loads Clarity City and clearly labels the example result 

    Error: expect(locator).toBeVisible() failed

    Locator: getByRole('region', { name: 'Example result', exact: true })
    Expected: visible
    Timeout: 5000ms
    Error: element(s) not found

    Call log:
      - Expect "toBeVisible" getByRole('region', { name: 'Example result', exact: true }) with timeout 5000ms
      - waiting for getByRole('region', { name: 'Example result', exact: true })


       9 |   await expect(page.getByRole('heading', { level: 1 })).toContainText('Your Politics');
      10 |   const example = page.getByRole('region', { name: 'Example result', exact: true });
    > 11 |   await expect(example).toBeVisible();
         |                         ^
      12 |   await expect(example.getByRole('heading', { name: 'Social democracy' })).toBeVisible();
      13 |   await expect(page.locator('#example-result-title')).toHaveText('Example result');
      14 |   const portrait = example.getByRole('img', { name: 'Andy Burnham', exact: true });
        at /Users/liam/Documents/GitHub/15values/frontend/tests/platform.spec.ts:11:25

    Error Context: test-results/platform-home-loads-Clarit-32fd2-y-labels-the-example-result-desktop/error-context.md

    attachment #2: trace (application/zip) ─────────────────────────────────────────────────────────
    test-results/platform-home-loads-Clarit-32fd2-y-labels-the-example-result-desktop/trace.zip
    Usage:

        npx playwright show-trace test-results/platform-home-loads-Clarit-32fd2-y-labels-the-example-result-desktop/trace.zip

    ────────────────────────────────────────────────────────────────────────────────────────────────

  4) [desktop] › tests/platform.spec.ts:32:1 › Values navigation opens the home axes section from another page and on repeated clicks 

    Error: expect(received).toBeLessThan(expected)

    Expected: < 2
    Received:   143.34375

    Call Log:
    - Timeout 5000ms exceeded while waiting on the predicate

      39 |   await expect(page).toHaveURL(/#\/\?section=values$/);
      40 |   await expect(page.locator('#values article')).toHaveCount(15);
    > 41 |   await expect.poll(() => page.locator('#values').evaluate(el => Math.abs(el.getBoundingClientRect().top))).toBeLessThan(2);
         |                                                                                                             ^
      42 |   await page.evaluate(() => window.scrollTo(0, 0));
      43 |   await clickValues();
      44 |   await expect.poll(() => page.locator('#values').evaluate(el => Math.abs(el.getBoundingClientRect().top))).toBeLessThan(2);
        at /Users/liam/Documents/GitHub/15values/frontend/tests/platform.spec.ts:41:109

    Error Context: test-results/platform-Values-navigation-2b30c-page-and-on-repeated-clicks-desktop/error-context.md

    attachment #2: trace (application/zip) ─────────────────────────────────────────────────────────
    test-results/platform-Values-navigation-2b30c-page-and-on-repeated-clicks-desktop/trace.zip
    Usage:

        npx playwright show-trace test-results/platform-Values-navigation-2b30c-page-and-on-repeated-clicks-desktop/trace.zip

    ────────────────────────────────────────────────────────────────────────────────────────────────

  5) [desktop] › tests/platform.spec.ts:155:1 › mobile primary action precedes the example and is visible without scrolling 

    Test timeout of 30000ms exceeded.

    Error: locator.boundingBox: Test timeout of 30000ms exceeded.
    Call log:
      - waiting for getByRole('region', { name: 'Example result', exact: true })


      159 |   const action = page.locator('main').getByRole('link', { name: 'Explore the quiz', exact: true });
      160 |   const button = await action.boundingBox();
    > 161 |   const example = await page.getByRole('region', { name: 'Example result', exact: true }).boundingBox();
          |                                                                                           ^
      162 |   expect(button!.y + button!.height).toBeLessThan(740);
      163 |   expect(button!.y + button!.height).toBeLessThan(example!.y);
      164 | });
        at /Users/liam/Documents/GitHub/15values/frontend/tests/platform.spec.ts:161:91

    Error Context: test-results/platform-mobile-primary-ac-d00cc-s-visible-without-scrolling-desktop/error-context.md

    attachment #2: trace (application/zip) ─────────────────────────────────────────────────────────
    test-results/platform-mobile-primary-ac-d00cc-s-visible-without-scrolling-desktop/trace.zip
    Usage:

        npx playwright show-trace test-results/platform-mobile-primary-ac-d00cc-s-visible-without-scrolling-desktop/trace.zip

    ────────────────────────────────────────────────────────────────────────────────────────────────

  6) [desktop] › tests/platform.spec.ts:166:1 › landing axis cards cover all 15 agreed axes and replace the old sections 

    Test timeout of 30000ms exceeded.

    Error: locator.click: Test timeout of 30000ms exceeded.
    Call log:
      - waiting for getByRole('link', { name: 'Privacy & your data' })


      178 |   await expect(page.getByRole('heading', { name: 'Different questions. Different dimensions.' })).toHaveCount(0);
      179 |   await expect(page.getByRole('heading', { name: 'From your answers to your axes.' })).toHaveCount(0);
    > 180 |   await page.getByRole('link', { name: 'Privacy & your data' }).click();
          |                                                                 ^
      181 |   await expect(page.getByRole('heading', { level: 1 })).toHaveText('Your views. Your data.');
      182 |   await page.getByRole('link', { name: 'Image credits', exact: true }).click();
      183 |   await expect(page.getByRole('link', { name: 'CC BY 2.0 licence' })).toHaveAttribute('href', 'https://creativecommons.org/licenses/by/2.0/');
        at /Users/liam/Documents/GitHub/15values/frontend/tests/platform.spec.ts:180:65

    Error Context: test-results/platform-landing-axis-card-92056-nd-replace-the-old-sections-desktop/error-context.md

    attachment #2: trace (application/zip) ─────────────────────────────────────────────────────────
    test-results/platform-landing-axis-card-92056-nd-replace-the-old-sections-desktop/trace.zip
    Usage:

        npx playwright show-trace test-results/platform-landing-axis-card-92056-nd-replace-the-old-sections-desktop/trace.zip

    ────────────────────────────────────────────────────────────────────────────────────────────────

  7) [desktop] › tests/platform.spec.ts:186:1 › feedback download works without submitting or storing the draft 

    Error: expect(locator).toBeDisabled() failed

    Locator: getByRole('button', { name: 'Download feedback' })
    Expected: disabled
    Timeout: 5000ms
    Error: element(s) not found

    Call log:
      - Expect "toBeDisabled" getByRole('button', { name: 'Download feedback' }) with timeout 5000ms
      - waiting for getByRole('button', { name: 'Download feedback' })


      186 | test('feedback download works without submitting or storing the draft', async ({ page }) => {
      187 |   await page.goto('./#/feedback');
    > 188 |   await expect(page.getByRole('button', { name: 'Download feedback' })).toBeDisabled();
          |                                                                         ^
      189 |   await page.getByLabel('Your feedback', { exact: true }).fill('The values explanation is useful.');
      190 |   const pending = page.waitForEvent('download');
      191 |   await page.getByRole('button', { name: 'Download feedback' }).click();
        at /Users/liam/Documents/GitHub/15values/frontend/tests/platform.spec.ts:188:73

    Error Context: test-results/platform-feedback-download-e002c-itting-or-storing-the-draft-desktop/error-context.md

    attachment #2: trace (application/zip) ─────────────────────────────────────────────────────────
    test-results/platform-feedback-download-e002c-itting-or-storing-the-draft-desktop/trace.zip
    Usage:

        npx playwright show-trace test-results/platform-feedback-download-e002c-itting-or-storing-the-draft-desktop/trace.zip

    ────────────────────────────────────────────────────────────────────────────────────────────────

  8) [desktop] › tests/window-navigation.spec.ts:4:1 › current-page links do not add history and Back/Forward restores each route without reloads 

    Test timeout of 30000ms exceeded.

    Error: locator.click: Test timeout of 30000ms exceeded.
    Call log:
      - waiting for getByRole('contentinfo').getByRole('link', { name: 'About 15 Values', exact: true })


       8 |   await page.getByRole('banner').getByRole('link', { name: '15 Values home', exact: true }).click();
       9 |   expect(await page.evaluate(() => history.length)).toBe(initialLength);
    > 10 |   await page.getByRole('contentinfo').getByRole('link', { name: 'About 15 Values', exact: true }).click();
         |                                                                                                   ^
      11 |   await page.getByRole('contentinfo').getByRole('link', { name: 'Quiz formats', exact: true }).click();
      12 |   await page.getByRole('button', { name: 'Start short quiz', exact: true }).click();
      13 |   await page.goBack();
        at /Users/liam/Documents/GitHub/15values/frontend/tests/window-navigation.spec.ts:10:99

    Error Context: test-results/window-navigation-current--a4543--each-route-without-reloads-desktop/error-context.md

    attachment #2: trace (application/zip) ─────────────────────────────────────────────────────────
    test-results/window-navigation-current--a4543--each-route-without-reloads-desktop/trace.zip
    Usage:

        npx playwright show-trace test-results/window-navigation-current--a4543--each-route-without-reloads-desktop/trace.zip

    ────────────────────────────────────────────────────────────────────────────────────────────────

  9) [mobile] › tests/catalogue.spec.ts:188:1 › personality card has exactly ideology, position and origin tags 

    Error: expect(locator).toHaveAttribute(expected) failed

    Locator:  getByRole('list', { name: 'Profile tags' }).getByRole('listitem').nth(2)
    Expected: "Country of origin: Russia"
    Received: "Best-known country: Russia"
    Timeout:  5000ms

    Call log:
      - Expect "toHaveAttribute" getByRole('list', { name: 'Profile tags' }).getByRole('listitem').nth(2) with timeout 5000ms
      - waiting for getByRole('list', { name: 'Profile tags' }).getByRole('listitem').nth(2)
        14 × locator resolved to <li class="_flagTag_a00c7_83" title="Best-known country: Russia" aria-label="Best-known country: Russia">🇷🇺</li>
           - unexpected value "Best-known country: Russia"


      198 |   await expect(tags.nth(0)).toHaveText('Calculated ideology');
      199 |   await expect(tags.nth(1)).toHaveText('Head of government');
    > 200 |   await expect(tags.nth(2)).toHaveAttribute('aria-label', 'Country of origin: Russia');
          |                             ^
      201 | });
      202 |
      203 | test('every published personality has three matching filterable tags', async ({ page }, testInfo) => {
        at /Users/liam/Documents/GitHub/15values/frontend/tests/catalogue.spec.ts:200:29

    Error Context: test-results/catalogue-personality-card-eaa72-gy-position-and-origin-tags-mobile/error-context.md

    attachment #2: trace (application/zip) ─────────────────────────────────────────────────────────
    test-results/catalogue-personality-card-eaa72-gy-position-and-origin-tags-mobile/trace.zip
    Usage:

        npx playwright show-trace test-results/catalogue-personality-card-eaa72-gy-position-and-origin-tags-mobile/trace.zip

    ────────────────────────────────────────────────────────────────────────────────────────────────

  10) [mobile] › tests/catalogue.spec.ts:203:1 › every published personality has three matching filterable tags 

    Error: expect(locator).toHaveAttribute(expected) failed

    Locator: getByRole('list', { name: 'Profile tags' }).first().getByRole('listitem').nth(2)
    Expected pattern: /^Country of origin:/
    Received string:  "Best-known country: Australia"
    Timeout: 5000ms

    Call log:
      - Expect "toHaveAttribute" getByRole('list', { name: 'Profile tags' }).first().getByRole('listitem').nth(2) with timeout 5000ms
      - waiting for getByRole('list', { name: 'Profile tags' }).first().getByRole('listitem').nth(2)
        14 × locator resolved to <li class="_flagTag_a00c7_83" title="Best-known country: Australia" aria-label="Best-known country: Australia">🇦🇺</li>
           - unexpected value "Best-known country: Australia"


      213 |     await expect(tags.nth(0)).toHaveAttribute('aria-label', /^Closest ideology:/);
      214 |     await expect(tags.nth(1)).toHaveAttribute('aria-label', /^Position:/);
    > 215 |     await expect(tags.nth(2)).toHaveAttribute('aria-label', /^Country of origin:/);
          |                               ^
      216 |     await expect(tags.nth(2)).not.toHaveAttribute('aria-label', /unavailable/);
      217 |   }
      218 |   for (const name of ['Closest ideology', 'Position', 'Country of origin']) {
        at /Users/liam/Documents/GitHub/15values/frontend/tests/catalogue.spec.ts:215:31

    Error Context: test-results/catalogue-every-published--e5770-ee-matching-filterable-tags-mobile/error-context.md

    attachment #2: trace (application/zip) ─────────────────────────────────────────────────────────
    test-results/catalogue-every-published--e5770-ee-matching-filterable-tags-mobile/trace.zip
    Usage:

        npx playwright show-trace test-results/catalogue-every-published--e5770-ee-matching-filterable-tags-mobile/trace.zip

    ────────────────────────────────────────────────────────────────────────────────────────────────

  11) [mobile] › tests/platform.spec.ts:4:1 › home loads Clarity City and clearly labels the example result 

    Error: expect(locator).toBeVisible() failed

    Locator: getByRole('region', { name: 'Example result', exact: true })
    Expected: visible
    Timeout: 5000ms
    Error: element(s) not found

    Call log:
      - Expect "toBeVisible" getByRole('region', { name: 'Example result', exact: true }) with timeout 5000ms
      - waiting for getByRole('region', { name: 'Example result', exact: true })


       9 |   await expect(page.getByRole('heading', { level: 1 })).toContainText('Your Politics');
      10 |   const example = page.getByRole('region', { name: 'Example result', exact: true });
    > 11 |   await expect(example).toBeVisible();
         |                         ^
      12 |   await expect(example.getByRole('heading', { name: 'Social democracy' })).toBeVisible();
      13 |   await expect(page.locator('#example-result-title')).toHaveText('Example result');
      14 |   const portrait = example.getByRole('img', { name: 'Andy Burnham', exact: true });
        at /Users/liam/Documents/GitHub/15values/frontend/tests/platform.spec.ts:11:25

    Error Context: test-results/platform-home-loads-Clarit-32fd2-y-labels-the-example-result-mobile/error-context.md

    attachment #2: trace (application/zip) ─────────────────────────────────────────────────────────
    test-results/platform-home-loads-Clarit-32fd2-y-labels-the-example-result-mobile/trace.zip
    Usage:

        npx playwright show-trace test-results/platform-home-loads-Clarit-32fd2-y-labels-the-example-result-mobile/trace.zip

    ────────────────────────────────────────────────────────────────────────────────────────────────

  12) [mobile] › tests/platform.spec.ts:32:1 › Values navigation opens the home axes section from another page and on repeated clicks 

    Error: expect(received).toBeLessThan(expected)

    Expected: < 2
    Received:   444.546875

    Call Log:
    - Timeout 5000ms exceeded while waiting on the predicate

      39 |   await expect(page).toHaveURL(/#\/\?section=values$/);
      40 |   await expect(page.locator('#values article')).toHaveCount(15);
    > 41 |   await expect.poll(() => page.locator('#values').evaluate(el => Math.abs(el.getBoundingClientRect().top))).toBeLessThan(2);
         |                                                                                                             ^
      42 |   await page.evaluate(() => window.scrollTo(0, 0));
      43 |   await clickValues();
      44 |   await expect.poll(() => page.locator('#values').evaluate(el => Math.abs(el.getBoundingClientRect().top))).toBeLessThan(2);
        at /Users/liam/Documents/GitHub/15values/frontend/tests/platform.spec.ts:41:109

    Error Context: test-results/platform-Values-navigation-2b30c-page-and-on-repeated-clicks-mobile/error-context.md

    attachment #2: trace (application/zip) ─────────────────────────────────────────────────────────
    test-results/platform-Values-navigation-2b30c-page-and-on-repeated-clicks-mobile/trace.zip
    Usage:

        npx playwright show-trace test-results/platform-Values-navigation-2b30c-page-and-on-repeated-clicks-mobile/trace.zip

    ────────────────────────────────────────────────────────────────────────────────────────────────

  13) [mobile] › tests/platform.spec.ts:155:1 › mobile primary action precedes the example and is visible without scrolling 

    Test timeout of 30000ms exceeded.

    Error: locator.boundingBox: Test timeout of 30000ms exceeded.
    Call log:
      - waiting for getByRole('region', { name: 'Example result', exact: true })


      159 |   const action = page.locator('main').getByRole('link', { name: 'Explore the quiz', exact: true });
      160 |   const button = await action.boundingBox();
    > 161 |   const example = await page.getByRole('region', { name: 'Example result', exact: true }).boundingBox();
          |                                                                                           ^
      162 |   expect(button!.y + button!.height).toBeLessThan(740);
      163 |   expect(button!.y + button!.height).toBeLessThan(example!.y);
      164 | });
        at /Users/liam/Documents/GitHub/15values/frontend/tests/platform.spec.ts:161:91

    Error Context: test-results/platform-mobile-primary-ac-d00cc-s-visible-without-scrolling-mobile/error-context.md

    attachment #2: trace (application/zip) ─────────────────────────────────────────────────────────
    test-results/platform-mobile-primary-ac-d00cc-s-visible-without-scrolling-mobile/trace.zip
    Usage:

        npx playwright show-trace test-results/platform-mobile-primary-ac-d00cc-s-visible-without-scrolling-mobile/trace.zip

    ────────────────────────────────────────────────────────────────────────────────────────────────

  14) [mobile] › tests/platform.spec.ts:166:1 › landing axis cards cover all 15 agreed axes and replace the old sections 

    Test timeout of 30000ms exceeded.

    Error: locator.click: Test timeout of 30000ms exceeded.
    Call log:
      - waiting for getByRole('link', { name: 'Privacy & your data' })


      178 |   await expect(page.getByRole('heading', { name: 'Different questions. Different dimensions.' })).toHaveCount(0);
      179 |   await expect(page.getByRole('heading', { name: 'From your answers to your axes.' })).toHaveCount(0);
    > 180 |   await page.getByRole('link', { name: 'Privacy & your data' }).click();
          |                                                                 ^
      181 |   await expect(page.getByRole('heading', { level: 1 })).toHaveText('Your views. Your data.');
      182 |   await page.getByRole('link', { name: 'Image credits', exact: true }).click();
      183 |   await expect(page.getByRole('link', { name: 'CC BY 2.0 licence' })).toHaveAttribute('href', 'https://creativecommons.org/licenses/by/2.0/');
        at /Users/liam/Documents/GitHub/15values/frontend/tests/platform.spec.ts:180:65

    Error Context: test-results/platform-landing-axis-card-92056-nd-replace-the-old-sections-mobile/error-context.md

    attachment #2: trace (application/zip) ─────────────────────────────────────────────────────────
    test-results/platform-landing-axis-card-92056-nd-replace-the-old-sections-mobile/trace.zip
    Usage:

        npx playwright show-trace test-results/platform-landing-axis-card-92056-nd-replace-the-old-sections-mobile/trace.zip

    ────────────────────────────────────────────────────────────────────────────────────────────────

  15) [mobile] › tests/platform.spec.ts:186:1 › feedback download works without submitting or storing the draft 

    Error: expect(locator).toBeDisabled() failed

    Locator: getByRole('button', { name: 'Download feedback' })
    Expected: disabled
    Timeout: 5000ms
    Error: element(s) not found

    Call log:
      - Expect "toBeDisabled" getByRole('button', { name: 'Download feedback' }) with timeout 5000ms
      - waiting for getByRole('button', { name: 'Download feedback' })


      186 | test('feedback download works without submitting or storing the draft', async ({ page }) => {
      187 |   await page.goto('./#/feedback');
    > 188 |   await expect(page.getByRole('button', { name: 'Download feedback' })).toBeDisabled();
          |                                                                         ^
      189 |   await page.getByLabel('Your feedback', { exact: true }).fill('The values explanation is useful.');
      190 |   const pending = page.waitForEvent('download');
      191 |   await page.getByRole('button', { name: 'Download feedback' }).click();
        at /Users/liam/Documents/GitHub/15values/frontend/tests/platform.spec.ts:188:73

    Error Context: test-results/platform-feedback-download-e002c-itting-or-storing-the-draft-mobile/error-context.md

    attachment #2: trace (application/zip) ─────────────────────────────────────────────────────────
    test-results/platform-feedback-download-e002c-itting-or-storing-the-draft-mobile/trace.zip
    Usage:

        npx playwright show-trace test-results/platform-feedback-download-e002c-itting-or-storing-the-draft-mobile/trace.zip

    ────────────────────────────────────────────────────────────────────────────────────────────────

  16) [mobile] › tests/quiz.spec.ts:138:1 › blocked browser storage and corrupt imports never prevent completion or export 

    Error: expect(locator).toContainText(expected) failed

    Locator: getByRole('alert')
    Expected substring: "storage may be unavailable"
    Error: strict mode violation: getByRole('alert') resolved to 2 elements:
        1) <p role="alert">Ideology comparisons could not be loaded.</p> aka getByRole('region', { name: 'Result comparisons' }).getByText('Ideology comparisons could')
        2) <p role="alert" class="_storageError_1o2tq_77">Saved history could not be read. Browser storage …</p> aka getByRole('alert').filter({ hasText: 'Saved history could not be' })

    Call log:
      - Expect "toContainText" getByRole('alert') with timeout 5000ms
      - waiting for getByRole('alert')


      140 |   await start(page);
      141 |   await finish(page);
    > 142 |   await expect(page.getByRole('alert')).toContainText('storage may be unavailable');
          |                                         ^
      143 |   await expect(page.getByRole('button', { name: 'Save in this browser', exact: true })).toBeDisabled();
      144 |   const downloadPromise = page.waitForEvent('download');
      145 |   await page.getByRole('button', { name: 'Export result', exact: true }).click();
        at /Users/liam/Documents/GitHub/15values/frontend/tests/quiz.spec.ts:142:41

    Error Context: test-results/quiz-blocked-browser-stora-87446-revent-completion-or-export-mobile/error-context.md

    attachment #2: trace (application/zip) ─────────────────────────────────────────────────────────
    test-results/quiz-blocked-browser-stora-87446-revent-completion-or-export-mobile/trace.zip
    Usage:

        npx playwright show-trace test-results/quiz-blocked-browser-stora-87446-revent-completion-or-export-mobile/trace.zip

    ────────────────────────────────────────────────────────────────────────────────────────────────

  17) [mobile] › tests/quiz.spec.ts:214:1 › a failed automatic save preserves the result and can be retried without duplicates 

    Test timeout of 30000ms exceeded.

    Error: locator.click: Test timeout of 30000ms exceeded.
    Call log:
      - waiting for getByRole('button', { name: 'Start short quiz', exact: true })


       8 | async function start(page: Page, length: QuizLength = 'short') {
       9 |   await page.goto(`./#/quiz?length=${length}`);
    > 10 |   await page.getByRole('button', { name: `Start ${length} quiz`, exact: true }).click();
         |                                                                                 ^
      11 |   await expect(page.locator('#question-title')).toBeVisible();
      12 |   await page.getByRole('checkbox', { name: 'Advance on answer' }).uncheck();
      13 | }
        at start (/Users/liam/Documents/GitHub/15values/frontend/tests/quiz.spec.ts:10:81)
        at /Users/liam/Documents/GitHub/15values/frontend/tests/quiz.spec.ts:216:3

    Error Context: test-results/quiz-a-failed-automatic-sa-c4a2e--retried-without-duplicates-mobile/error-context.md

    attachment #2: trace (application/zip) ─────────────────────────────────────────────────────────
    test-results/quiz-a-failed-automatic-sa-c4a2e--retried-without-duplicates-mobile/trace.zip
    Usage:

        npx playwright show-trace test-results/quiz-a-failed-automatic-sa-c4a2e--retried-without-duplicates-mobile/trace.zip

    ────────────────────────────────────────────────────────────────────────────────────────────────

  18) [mobile] › tests/window-navigation.spec.ts:4:1 › current-page links do not add history and Back/Forward restores each route without reloads 

    Test timeout of 30000ms exceeded.

    Error: locator.click: Test timeout of 30000ms exceeded.
    Call log:
      - waiting for getByRole('contentinfo').getByRole('link', { name: 'About 15 Values', exact: true })


       8 |   await page.getByRole('banner').getByRole('link', { name: '15 Values home', exact: true }).click();
       9 |   expect(await page.evaluate(() => history.length)).toBe(initialLength);
    > 10 |   await page.getByRole('contentinfo').getByRole('link', { name: 'About 15 Values', exact: true }).click();
         |                                                                                                   ^
      11 |   await page.getByRole('contentinfo').getByRole('link', { name: 'Quiz formats', exact: true }).click();
      12 |   await page.getByRole('button', { name: 'Start short quiz', exact: true }).click();
      13 |   await page.goBack();
        at /Users/liam/Documents/GitHub/15values/frontend/tests/window-navigation.spec.ts:10:99

    Error Context: test-results/window-navigation-current--a4543--each-route-without-reloads-mobile/error-context.md

    attachment #2: trace (application/zip) ─────────────────────────────────────────────────────────
    test-results/window-navigation-current--a4543--each-route-without-reloads-mobile/trace.zip
    Usage:

        npx playwright show-trace test-results/window-navigation-current--a4543--each-route-without-reloads-mobile/trace.zip

    ────────────────────────────────────────────────────────────────────────────────────────────────

  19) [safari] › tests/catalogue.spec.ts:188:1 › personality card has exactly ideology, position and origin tags 

    Error: expect(locator).toHaveAttribute(expected) failed

    Locator:  getByRole('list', { name: 'Profile tags' }).getByRole('listitem').nth(2)
    Expected: "Country of origin: Russia"
    Received: "Best-known country: Russia"
    Timeout:  5000ms

    Call log:
      - Expect "toHaveAttribute" getByRole('list', { name: 'Profile tags' }).getByRole('listitem').nth(2) with timeout 5000ms
      - waiting for getByRole('list', { name: 'Profile tags' }).getByRole('listitem').nth(2)
        14 × locator resolved to <li class="_flagTag_a00c7_83" title="Best-known country: Russia" aria-label="Best-known country: Russia">🇷🇺</li>
           - unexpected value "Best-known country: Russia"


      198 |   await expect(tags.nth(0)).toHaveText('Calculated ideology');
      199 |   await expect(tags.nth(1)).toHaveText('Head of government');
    > 200 |   await expect(tags.nth(2)).toHaveAttribute('aria-label', 'Country of origin: Russia');
          |                             ^
      201 | });
      202 |
      203 | test('every published personality has three matching filterable tags', async ({ page }, testInfo) => {
        at /Users/liam/Documents/GitHub/15values/frontend/tests/catalogue.spec.ts:200:29

    Error Context: test-results/catalogue-personality-card-eaa72-gy-position-and-origin-tags-safari/error-context.md

    attachment #2: trace (application/zip) ─────────────────────────────────────────────────────────
    test-results/catalogue-personality-card-eaa72-gy-position-and-origin-tags-safari/trace.zip
    Usage:

        npx playwright show-trace test-results/catalogue-personality-card-eaa72-gy-position-and-origin-tags-safari/trace.zip

    ────────────────────────────────────────────────────────────────────────────────────────────────

  20) [safari] › tests/catalogue.spec.ts:203:1 › every published personality has three matching filterable tags 

    Error: expect(locator).toHaveAttribute(expected) failed

    Locator: getByRole('list', { name: 'Profile tags' }).first().getByRole('listitem').nth(2)
    Expected pattern: /^Country of origin:/
    Received string:  "Best-known country: Australia"
    Timeout: 5000ms

    Call log:
      - Expect "toHaveAttribute" getByRole('list', { name: 'Profile tags' }).first().getByRole('listitem').nth(2) with timeout 5000ms
      - waiting for getByRole('list', { name: 'Profile tags' }).first().getByRole('listitem').nth(2)
        14 × locator resolved to <li class="_flagTag_a00c7_83" title="Best-known country: Australia" aria-label="Best-known country: Australia">🇦🇺</li>
           - unexpected value "Best-known country: Australia"


      213 |     await expect(tags.nth(0)).toHaveAttribute('aria-label', /^Closest ideology:/);
      214 |     await expect(tags.nth(1)).toHaveAttribute('aria-label', /^Position:/);
    > 215 |     await expect(tags.nth(2)).toHaveAttribute('aria-label', /^Country of origin:/);
          |                               ^
      216 |     await expect(tags.nth(2)).not.toHaveAttribute('aria-label', /unavailable/);
      217 |   }
      218 |   for (const name of ['Closest ideology', 'Position', 'Country of origin']) {
        at /Users/liam/Documents/GitHub/15values/frontend/tests/catalogue.spec.ts:215:31

    Error Context: test-results/catalogue-every-published--e5770-ee-matching-filterable-tags-safari/error-context.md

    attachment #2: trace (application/zip) ─────────────────────────────────────────────────────────
    test-results/catalogue-every-published--e5770-ee-matching-filterable-tags-safari/trace.zip
    Usage:

        npx playwright show-trace test-results/catalogue-every-published--e5770-ee-matching-filterable-tags-safari/trace.zip

    ────────────────────────────────────────────────────────────────────────────────────────────────

  21) [safari] › tests/platform.spec.ts:4:1 › home loads Clarity City and clearly labels the example result 

    Error: expect(locator).toBeVisible() failed

    Locator: getByRole('region', { name: 'Example result', exact: true })
    Expected: visible
    Timeout: 5000ms
    Error: element(s) not found

    Call log:
      - Expect "toBeVisible" getByRole('region', { name: 'Example result', exact: true }) with timeout 5000ms
      - waiting for getByRole('region', { name: 'Example result', exact: true })


       9 |   await expect(page.getByRole('heading', { level: 1 })).toContainText('Your Politics');
      10 |   const example = page.getByRole('region', { name: 'Example result', exact: true });
    > 11 |   await expect(example).toBeVisible();
         |                         ^
      12 |   await expect(example.getByRole('heading', { name: 'Social democracy' })).toBeVisible();
      13 |   await expect(page.locator('#example-result-title')).toHaveText('Example result');
      14 |   const portrait = example.getByRole('img', { name: 'Andy Burnham', exact: true });
        at /Users/liam/Documents/GitHub/15values/frontend/tests/platform.spec.ts:11:25

    Error Context: test-results/platform-home-loads-Clarit-32fd2-y-labels-the-example-result-safari/error-context.md

    attachment #2: trace (application/zip) ─────────────────────────────────────────────────────────
    test-results/platform-home-loads-Clarit-32fd2-y-labels-the-example-result-safari/trace.zip
    Usage:

        npx playwright show-trace test-results/platform-home-loads-Clarit-32fd2-y-labels-the-example-result-safari/trace.zip

    ────────────────────────────────────────────────────────────────────────────────────────────────

  22) [safari] › tests/platform.spec.ts:32:1 › Values navigation opens the home axes section from another page and on repeated clicks 

    Error: expect(received).toBeLessThan(expected)

    Expected: < 2
    Received:   301.96875

    Call Log:
    - Timeout 5000ms exceeded while waiting on the predicate

      39 |   await expect(page).toHaveURL(/#\/\?section=values$/);
      40 |   await expect(page.locator('#values article')).toHaveCount(15);
    > 41 |   await expect.poll(() => page.locator('#values').evaluate(el => Math.abs(el.getBoundingClientRect().top))).toBeLessThan(2);
         |                                                                                                             ^
      42 |   await page.evaluate(() => window.scrollTo(0, 0));
      43 |   await clickValues();
      44 |   await expect.poll(() => page.locator('#values').evaluate(el => Math.abs(el.getBoundingClientRect().top))).toBeLessThan(2);
        at /Users/liam/Documents/GitHub/15values/frontend/tests/platform.spec.ts:41:109

    Error Context: test-results/platform-Values-navigation-2b30c-page-and-on-repeated-clicks-safari/error-context.md

    attachment #2: trace (application/zip) ─────────────────────────────────────────────────────────
    test-results/platform-Values-navigation-2b30c-page-and-on-repeated-clicks-safari/trace.zip
    Usage:

        npx playwright show-trace test-results/platform-Values-navigation-2b30c-page-and-on-repeated-clicks-safari/trace.zip

    ────────────────────────────────────────────────────────────────────────────────────────────────

  23) [safari] › tests/platform.spec.ts:155:1 › mobile primary action precedes the example and is visible without scrolling 

    Test timeout of 30000ms exceeded.

    Error: locator.boundingBox: Test timeout of 30000ms exceeded.
    Call log:
      - waiting for getByRole('region', { name: 'Example result', exact: true })


      159 |   const action = page.locator('main').getByRole('link', { name: 'Explore the quiz', exact: true });
      160 |   const button = await action.boundingBox();
    > 161 |   const example = await page.getByRole('region', { name: 'Example result', exact: true }).boundingBox();
          |                                                                                           ^
      162 |   expect(button!.y + button!.height).toBeLessThan(740);
      163 |   expect(button!.y + button!.height).toBeLessThan(example!.y);
      164 | });
        at /Users/liam/Documents/GitHub/15values/frontend/tests/platform.spec.ts:161:91

    Error Context: test-results/platform-mobile-primary-ac-d00cc-s-visible-without-scrolling-safari/error-context.md

    attachment #2: trace (application/zip) ─────────────────────────────────────────────────────────
    test-results/platform-mobile-primary-ac-d00cc-s-visible-without-scrolling-safari/trace.zip
    Usage:

        npx playwright show-trace test-results/platform-mobile-primary-ac-d00cc-s-visible-without-scrolling-safari/trace.zip

    ────────────────────────────────────────────────────────────────────────────────────────────────

  24) [safari] › tests/platform.spec.ts:166:1 › landing axis cards cover all 15 agreed axes and replace the old sections 

    Test timeout of 30000ms exceeded.

    Error: locator.click: Test timeout of 30000ms exceeded.
    Call log:
      - waiting for getByRole('link', { name: 'Privacy & your data' })


      178 |   await expect(page.getByRole('heading', { name: 'Different questions. Different dimensions.' })).toHaveCount(0);
      179 |   await expect(page.getByRole('heading', { name: 'From your answers to your axes.' })).toHaveCount(0);
    > 180 |   await page.getByRole('link', { name: 'Privacy & your data' }).click();
          |                                                                 ^
      181 |   await expect(page.getByRole('heading', { level: 1 })).toHaveText('Your views. Your data.');
      182 |   await page.getByRole('link', { name: 'Image credits', exact: true }).click();
      183 |   await expect(page.getByRole('link', { name: 'CC BY 2.0 licence' })).toHaveAttribute('href', 'https://creativecommons.org/licenses/by/2.0/');
        at /Users/liam/Documents/GitHub/15values/frontend/tests/platform.spec.ts:180:65

    Error Context: test-results/platform-landing-axis-card-92056-nd-replace-the-old-sections-safari/error-context.md

    attachment #2: trace (application/zip) ─────────────────────────────────────────────────────────
    test-results/platform-landing-axis-card-92056-nd-replace-the-old-sections-safari/trace.zip
    Usage:

        npx playwright show-trace test-results/platform-landing-axis-card-92056-nd-replace-the-old-sections-safari/trace.zip

    ────────────────────────────────────────────────────────────────────────────────────────────────

  25) [safari] › tests/platform.spec.ts:186:1 › feedback download works without submitting or storing the draft 

    Error: expect(locator).toBeDisabled() failed

    Locator: getByRole('button', { name: 'Download feedback' })
    Expected: disabled
    Timeout: 5000ms
    Error: element(s) not found

    Call log:
      - Expect "toBeDisabled" getByRole('button', { name: 'Download feedback' }) with timeout 5000ms
      - waiting for getByRole('button', { name: 'Download feedback' })


      186 | test('feedback download works without submitting or storing the draft', async ({ page }) => {
      187 |   await page.goto('./#/feedback');
    > 188 |   await expect(page.getByRole('button', { name: 'Download feedback' })).toBeDisabled();
          |                                                                         ^
      189 |   await page.getByLabel('Your feedback', { exact: true }).fill('The values explanation is useful.');
      190 |   const pending = page.waitForEvent('download');
      191 |   await page.getByRole('button', { name: 'Download feedback' }).click();
        at /Users/liam/Documents/GitHub/15values/frontend/tests/platform.spec.ts:188:73

    Error Context: test-results/platform-feedback-download-e002c-itting-or-storing-the-draft-safari/error-context.md

    attachment #2: trace (application/zip) ─────────────────────────────────────────────────────────
    test-results/platform-feedback-download-e002c-itting-or-storing-the-draft-safari/trace.zip
    Usage:

        npx playwright show-trace test-results/platform-feedback-download-e002c-itting-or-storing-the-draft-safari/trace.zip

    ────────────────────────────────────────────────────────────────────────────────────────────────

  26) [safari] › tests/window-navigation.spec.ts:4:1 › current-page links do not add history and Back/Forward restores each route without reloads 

    Test timeout of 30000ms exceeded.

    Error: locator.click: Test timeout of 30000ms exceeded.
    Call log:
      - waiting for getByRole('contentinfo').getByRole('link', { name: 'About 15 Values', exact: true })


       8 |   await page.getByRole('banner').getByRole('link', { name: '15 Values home', exact: true }).click();
       9 |   expect(await page.evaluate(() => history.length)).toBe(initialLength);
    > 10 |   await page.getByRole('contentinfo').getByRole('link', { name: 'About 15 Values', exact: true }).click();
         |                                                                                                   ^
      11 |   await page.getByRole('contentinfo').getByRole('link', { name: 'Quiz formats', exact: true }).click();
      12 |   await page.getByRole('button', { name: 'Start short quiz', exact: true }).click();
      13 |   await page.goBack();
        at /Users/liam/Documents/GitHub/15values/frontend/tests/window-navigation.spec.ts:10:99

    Error Context: test-results/window-navigation-current--a4543--each-route-without-reloads-safari/error-context.md

    attachment #2: trace (application/zip) ─────────────────────────────────────────────────────────
    test-results/window-navigation-current--a4543--each-route-without-reloads-safari/trace.zip
    Usage:

        npx playwright show-trace test-results/window-navigation-current--a4543--each-route-without-reloads-safari/trace.zip

    ────────────────────────────────────────────────────────────────────────────────────────────────

  26 failed
    [desktop] › tests/catalogue.spec.ts:188:1 › personality card has exactly ideology, position and origin tags 
    [desktop] › tests/catalogue.spec.ts:203:1 › every published personality has three matching filterable tags 
    [desktop] › tests/platform.spec.ts:4:1 › home loads Clarity City and clearly labels the example result 
    [desktop] › tests/platform.spec.ts:32:1 › Values navigation opens the home axes section from another page and on repeated clicks 
    [desktop] › tests/platform.spec.ts:155:1 › mobile primary action precedes the example and is visible without scrolling 
    [desktop] › tests/platform.spec.ts:166:1 › landing axis cards cover all 15 agreed axes and replace the old sections 
    [desktop] › tests/platform.spec.ts:186:1 › feedback download works without submitting or storing the draft 
    [desktop] › tests/window-navigation.spec.ts:4:1 › current-page links do not add history and Back/Forward restores each route without reloads 
    [mobile] › tests/catalogue.spec.ts:188:1 › personality card has exactly ideology, position and origin tags 
    [mobile] › tests/catalogue.spec.ts:203:1 › every published personality has three matching filterable tags 
    [mobile] › tests/platform.spec.ts:4:1 › home loads Clarity City and clearly labels the example result 
    [mobile] › tests/platform.spec.ts:32:1 › Values navigation opens the home axes section from another page and on repeated clicks 
    [mobile] › tests/platform.spec.ts:155:1 › mobile primary action precedes the example and is visible without scrolling 
    [mobile] › tests/platform.spec.ts:166:1 › landing axis cards cover all 15 agreed axes and replace the old sections 
    [mobile] › tests/platform.spec.ts:186:1 › feedback download works without submitting or storing the draft 
    [mobile] › tests/quiz.spec.ts:138:1 › blocked browser storage and corrupt imports never prevent completion or export 
    [mobile] › tests/quiz.spec.ts:214:1 › a failed automatic save preserves the result and can be retried without duplicates 
    [mobile] › tests/window-navigation.spec.ts:4:1 › current-page links do not add history and Back/Forward restores each route without reloads 
    [safari] › tests/catalogue.spec.ts:188:1 › personality card has exactly ideology, position and origin tags 
    [safari] › tests/catalogue.spec.ts:203:1 › every published personality has three matching filterable tags 
    [safari] › tests/platform.spec.ts:4:1 › home loads Clarity City and clearly labels the example result 
    [safari] › tests/platform.spec.ts:32:1 › Values navigation opens the home axes section from another page and on repeated clicks 
    [safari] › tests/platform.spec.ts:155:1 › mobile primary action precedes the example and is visible without scrolling 
    [safari] › tests/platform.spec.ts:166:1 › landing axis cards cover all 15 agreed axes and replace the old sections 
    [safari] › tests/platform.spec.ts:186:1 › feedback download works without submitting or storing the draft 
    [safari] › tests/window-navigation.spec.ts:4:1 › current-page links do not add history and Back/Forward restores each route without reloads 
  157 passed (4.9m)
