{
  "errors": [],
  "warnings": [
    "restricted-immigration-open-immigration: 5/16 neutral answers; check that these express a supported position, not missing evidence.",
    "public-private: 5/16 neutral answers; check that these express a supported position, not missing evidence.",
    "progressive-traditionalist: 6/16 neutral answers; check that these express a supported position, not missing evidence.",
    "culture-nature: 5/16 neutral answers; check that these express a supported position, not missing evidence."
  ],
  "neighbours": [
    {
      "id": "australia",
      "revision": 1,
      "similarity": 91.86666666666666
    },
    {
      "id": "denmark",
      "revision": 1,
      "similarity": 91.86
    },
    {
      "id": "canada",
      "revision": 1,
      "similarity": 91.24000000000001
    },
    {
      "id": "france",
      "revision": 1,
      "similarity": 90.60666666666667
    }
  ],
  "scores": [
    {
      "axisId": "democracy-autocracy",
      "leftPercent": 89.1,
      "rightPercent": 10.9,
      "answered": 16,
      "neutral": 0
    },
    {
      "axisId": "authority-liberty",
      "leftPercent": 48.4,
      "rightPercent": 51.6,
      "answered": 16,
      "neutral": 2
    },
    {
      "axisId": "assimilation-multiculturalism",
      "leftPercent": 53.1,
      "rightPercent": 46.9,
      "answered": 16,
      "neutral": 4
    },
    {
      "axisId": "restricted-immigration-open-immigration",
      "leftPercent": 43.7,
      "rightPercent": 56.3,
      "answered": 16,
      "neutral": 5
    },
    {
      "axisId": "militarist-pacifist",
      "leftPercent": 57.8,
      "rightPercent": 42.2,
      "answered": 16,
      "neutral": 3
    },
    {
      "axisId": "nationalism-internationalism",
      "leftPercent": 25,
      "rightPercent": 75,
      "answered": 16,
      "neutral": 3
    },
    {
      "axisId": "public-private",
      "leftPercent": 53.1,
      "rightPercent": 46.9,
      "answered": 16,
      "neutral": 5
    },
    {
      "axisId": "protectionism-free-trade",
      "leftPercent": 40.6,
      "rightPercent": 59.4,
      "answered": 16,
      "neutral": 4
    },
    {
      "axisId": "planning-free-market",
      "leftPercent": 40.6,
      "rightPercent": 59.4,
      "answered": 16,
      "neutral": 3
    },
    {
      "axisId": "high-redistribution-low-redistribution",
      "leftPercent": 59.4,
      "rightPercent": 40.6,
      "answered": 16,
      "neutral": 2
    },
    {
      "axisId": "secular-religious",
      "leftPercent": 65.6,
      "rightPercent": 34.4,
      "answered": 16,
      "neutral": 2
    },
    {
      "axisId": "progressive-traditionalist",
      "leftPercent": 67.2,
      "rightPercent": 32.8,
      "answered": 16,
      "neutral": 6
    },
    {
      "axisId": "innovation-caution",
      "leftPercent": 46.9,
      "rightPercent": 53.1,
      "answered": 16,
      "neutral": 3
    },
    {
      "axisId": "central-local",
      "leftPercent": 42.2,
      "rightPercent": 57.8,
      "answered": 16,
      "neutral": 4
    },
    {
      "axisId": "culture-nature",
      "leftPercent": 64.1,
      "rightPercent": 35.9,
      "answered": 16,
      "neutral": 5
    }
  ]
}

Archived profile-audit/answers/country/germany/1.json. Run profiles build to regenerate the catalogue; the draft is retained.
