
> 15-values-quiz@0.0.0 profiles
> node --experimental-strip-types scripts/profiles.ts archive country mexico

{
  "errors": [],
  "warnings": [
    "assimilation-multiculturalism: 7/16 neutral answers; check that these express a supported position, not missing evidence.",
    "high-redistribution-low-redistribution: 5/16 neutral answers; check that these express a supported position, not missing evidence."
  ],
  "neighbours": [
    {
      "id": "brazil",
      "revision": 1,
      "similarity": 95.1
    },
    {
      "id": "taiwan",
      "revision": 1,
      "similarity": 91.46
    },
    {
      "id": "canada",
      "revision": 1,
      "similarity": 90.61333333333333
    },
    {
      "id": "switzerland",
      "revision": 1,
      "similarity": 90.00666666666666
    },
    {
      "id": "japan",
      "revision": 1,
      "similarity": 89.56666666666666
    }
  ],
  "scores": [
    {
      "axisId": "democracy-autocracy",
      "leftPercent": 79.7,
      "rightPercent": 20.3,
      "answered": 16,
      "neutral": 1
    },
    {
      "axisId": "authority-liberty",
      "leftPercent": 50,
      "rightPercent": 50,
      "answered": 16,
      "neutral": 2
    },
    {
      "axisId": "assimilation-multiculturalism",
      "leftPercent": 42.2,
      "rightPercent": 57.8,
      "answered": 16,
      "neutral": 7
    },
    {
      "axisId": "restricted-immigration-open-immigration",
      "leftPercent": 29.7,
      "rightPercent": 70.3,
      "answered": 16,
      "neutral": 2
    },
    {
      "axisId": "militarist-pacifist",
      "leftPercent": 32.8,
      "rightPercent": 67.2,
      "answered": 16,
      "neutral": 2
    },
    {
      "axisId": "nationalism-internationalism",
      "leftPercent": 51.6,
      "rightPercent": 48.4,
      "answered": 16,
      "neutral": 2
    },
    {
      "axisId": "public-private",
      "leftPercent": 70.3,
      "rightPercent": 29.7,
      "answered": 16,
      "neutral": 3
    },
    {
      "axisId": "protectionism-free-trade",
      "leftPercent": 57.8,
      "rightPercent": 42.2,
      "answered": 16,
      "neutral": 3
    },
    {
      "axisId": "planning-free-market",
      "leftPercent": 51.6,
      "rightPercent": 48.4,
      "answered": 16,
      "neutral": 3
    },
    {
      "axisId": "high-redistribution-low-redistribution",
      "leftPercent": 59.4,
      "rightPercent": 40.6,
      "answered": 16,
      "neutral": 5
    },
    {
      "axisId": "secular-religious",
      "leftPercent": 89.1,
      "rightPercent": 10.9,
      "answered": 16,
      "neutral": 1
    },
    {
      "axisId": "progressive-traditionalist",
      "leftPercent": 70.3,
      "rightPercent": 29.7,
      "answered": 16,
      "neutral": 2
    },
    {
      "axisId": "innovation-caution",
      "leftPercent": 45.3,
      "rightPercent": 54.7,
      "answered": 16,
      "neutral": 2
    },
    {
      "axisId": "central-local",
      "leftPercent": 46.9,
      "rightPercent": 53.1,
      "answered": 16,
      "neutral": 3
    },
    {
      "axisId": "culture-nature",
      "leftPercent": 70.3,
      "rightPercent": 29.7,
      "answered": 16,
      "neutral": 3
    }
  ]
}

Archived profile-audit/answers/country/mexico/1.json. Run profiles build to regenerate the catalogue; the draft is retained.
