
> 15-values-quiz@0.0.0 profiles
> node --experimental-strip-types scripts/profiles.ts archive country north-korea

{
  "errors": [],
  "warnings": [],
  "neighbours": [
    {
      "id": "china",
      "revision": 1,
      "similarity": 88.94
    },
    {
      "id": "russia",
      "revision": 1,
      "similarity": 85.92
    },
    {
      "id": "united-states",
      "revision": 1,
      "similarity": 76.77333333333333
    },
    {
      "id": "singapore",
      "revision": 1,
      "similarity": 75.09333333333333
    },
    {
      "id": "south-korea",
      "revision": 1,
      "similarity": 74.15333333333334
    }
  ],
  "scores": [
    {
      "axisId": "democracy-autocracy",
      "leftPercent": 31.2,
      "rightPercent": 68.8,
      "answered": 16,
      "neutral": 1
    },
    {
      "axisId": "authority-liberty",
      "leftPercent": 90.6,
      "rightPercent": 9.4,
      "answered": 16,
      "neutral": 0
    },
    {
      "axisId": "assimilation-multiculturalism",
      "leftPercent": 76.6,
      "rightPercent": 23.4,
      "answered": 16,
      "neutral": 1
    },
    {
      "axisId": "restricted-immigration-open-immigration",
      "leftPercent": 65.6,
      "rightPercent": 34.4,
      "answered": 16,
      "neutral": 0
    },
    {
      "axisId": "militarist-pacifist",
      "leftPercent": 82.8,
      "rightPercent": 17.2,
      "answered": 16,
      "neutral": 1
    },
    {
      "axisId": "nationalism-internationalism",
      "leftPercent": 75,
      "rightPercent": 25,
      "answered": 16,
      "neutral": 1
    },
    {
      "axisId": "public-private",
      "leftPercent": 89.1,
      "rightPercent": 10.9,
      "answered": 16,
      "neutral": 0
    },
    {
      "axisId": "protectionism-free-trade",
      "leftPercent": 85.9,
      "rightPercent": 14.1,
      "answered": 16,
      "neutral": 0
    },
    {
      "axisId": "planning-free-market",
      "leftPercent": 89.1,
      "rightPercent": 10.9,
      "answered": 16,
      "neutral": 0
    },
    {
      "axisId": "high-redistribution-low-redistribution",
      "leftPercent": 26.6,
      "rightPercent": 73.4,
      "answered": 16,
      "neutral": 1
    },
    {
      "axisId": "secular-religious",
      "leftPercent": 89.1,
      "rightPercent": 10.9,
      "answered": 16,
      "neutral": 0
    },
    {
      "axisId": "progressive-traditionalist",
      "leftPercent": 26.6,
      "rightPercent": 73.4,
      "answered": 16,
      "neutral": 1
    },
    {
      "axisId": "innovation-caution",
      "leftPercent": 56.3,
      "rightPercent": 43.7,
      "answered": 16,
      "neutral": 2
    },
    {
      "axisId": "central-local",
      "leftPercent": 92.2,
      "rightPercent": 7.8,
      "answered": 16,
      "neutral": 0
    },
    {
      "axisId": "culture-nature",
      "leftPercent": 68.8,
      "rightPercent": 31.2,
      "answered": 16,
      "neutral": 4
    }
  ]
}

Archived profile-audit/answers/country/north-korea/1.json. Run profiles build to regenerate the catalogue; the draft is retained.
