{
  "errors": [],
  "warnings": [
    "innovation-caution: 5/16 neutral answers; check that these express a supported position, not missing evidence.",
    "culture-nature: 5/16 neutral answers; check that these express a supported position, not missing evidence."
  ],
  "neighbours": [
    {
      "id": "denmark",
      "revision": 1,
      "similarity": 94.66666666666667
    },
    {
      "id": "sweden",
      "revision": 1,
      "similarity": 93.64
    },
    {
      "id": "netherlands",
      "revision": 1,
      "similarity": 93.32
    },
    {
      "id": "france",
      "revision": 1,
      "similarity": 91.77333333333334
    },
    {
      "id": "united-kingdom",
      "revision": 1,
      "similarity": 91.68
    }
  ],
  "scores": [
    {
      "axisId": "democracy-autocracy",
      "leftPercent": 89.1,
      "rightPercent": 10.9,
      "answered": 16,
      "neutral": 0
    },
    {
      "axisId": "authority-liberty",
      "leftPercent": 57.8,
      "rightPercent": 42.2,
      "answered": 16,
      "neutral": 2
    },
    {
      "axisId": "assimilation-multiculturalism",
      "leftPercent": 45.3,
      "rightPercent": 54.7,
      "answered": 16,
      "neutral": 4
    },
    {
      "axisId": "restricted-immigration-open-immigration",
      "leftPercent": 48.4,
      "rightPercent": 51.6,
      "answered": 16,
      "neutral": 2
    },
    {
      "axisId": "militarist-pacifist",
      "leftPercent": 60.9,
      "rightPercent": 39.1,
      "answered": 16,
      "neutral": 1
    },
    {
      "axisId": "nationalism-internationalism",
      "leftPercent": 37.5,
      "rightPercent": 62.5,
      "answered": 16,
      "neutral": 2
    },
    {
      "axisId": "public-private",
      "leftPercent": 75,
      "rightPercent": 25,
      "answered": 16,
      "neutral": 3
    },
    {
      "axisId": "protectionism-free-trade",
      "leftPercent": 35.9,
      "rightPercent": 64.1,
      "answered": 16,
      "neutral": 1
    },
    {
      "axisId": "planning-free-market",
      "leftPercent": 34.4,
      "rightPercent": 65.6,
      "answered": 16,
      "neutral": 4
    },
    {
      "axisId": "high-redistribution-low-redistribution",
      "leftPercent": 76.6,
      "rightPercent": 23.4,
      "answered": 16,
      "neutral": 1
    },
    {
      "axisId": "secular-religious",
      "leftPercent": 68.8,
      "rightPercent": 31.2,
      "answered": 16,
      "neutral": 2
    },
    {
      "axisId": "progressive-traditionalist",
      "leftPercent": 78.1,
      "rightPercent": 21.9,
      "answered": 16,
      "neutral": 2
    },
    {
      "axisId": "innovation-caution",
      "leftPercent": 46.9,
      "rightPercent": 53.1,
      "answered": 16,
      "neutral": 5
    },
    {
      "axisId": "central-local",
      "leftPercent": 70.3,
      "rightPercent": 29.7,
      "answered": 16,
      "neutral": 1
    },
    {
      "axisId": "culture-nature",
      "leftPercent": 64.1,
      "rightPercent": 35.9,
      "answered": 16,
      "neutral": 5
    }
  ]
}

Archived profile-audit/answers/country/norway/1.json. Run profiles build to regenerate the catalogue; the draft is retained.
