
> 15-values-quiz@0.0.0 profiles
> node --experimental-strip-types scripts/profiles.ts archive country singapore

{
  "errors": [],
  "warnings": [
    "public-private: 6/16 neutral answers; check that these express a supported position, not missing evidence.",
    "culture-nature: 9/16 neutral answers; check that these express a supported position, not missing evidence."
  ],
  "neighbours": [
    {
      "id": "new-zealand",
      "revision": 1,
      "similarity": 89.38
    },
    {
      "id": "united-kingdom",
      "revision": 1,
      "similarity": 87.11333333333334
    },
    {
      "id": "south-korea",
      "revision": 1,
      "similarity": 87.06666666666666
    },
    {
      "id": "australia",
      "revision": 1,
      "similarity": 86.57333333333332
    },
    {
      "id": "norway",
      "revision": 1,
      "similarity": 85.82000000000001
    }
  ],
  "scores": [
    {
      "axisId": "democracy-autocracy",
      "leftPercent": 70.3,
      "rightPercent": 29.7,
      "answered": 16,
      "neutral": 1
    },
    {
      "axisId": "authority-liberty",
      "leftPercent": 81.3,
      "rightPercent": 18.7,
      "answered": 16,
      "neutral": 1
    },
    {
      "axisId": "assimilation-multiculturalism",
      "leftPercent": 40.6,
      "rightPercent": 59.4,
      "answered": 16,
      "neutral": 1
    },
    {
      "axisId": "restricted-immigration-open-immigration",
      "leftPercent": 60.9,
      "rightPercent": 39.1,
      "answered": 16,
      "neutral": 2
    },
    {
      "axisId": "militarist-pacifist",
      "leftPercent": 56.3,
      "rightPercent": 43.7,
      "answered": 16,
      "neutral": 4
    },
    {
      "axisId": "nationalism-internationalism",
      "leftPercent": 59.4,
      "rightPercent": 40.6,
      "answered": 16,
      "neutral": 3
    },
    {
      "axisId": "public-private",
      "leftPercent": 60.9,
      "rightPercent": 39.1,
      "answered": 16,
      "neutral": 6
    },
    {
      "axisId": "protectionism-free-trade",
      "leftPercent": 20.3,
      "rightPercent": 79.7,
      "answered": 16,
      "neutral": 1
    },
    {
      "axisId": "planning-free-market",
      "leftPercent": 34.4,
      "rightPercent": 65.6,
      "answered": 16,
      "neutral": 1
    },
    {
      "axisId": "high-redistribution-low-redistribution",
      "leftPercent": 59.4,
      "rightPercent": 40.6,
      "answered": 16,
      "neutral": 2
    },
    {
      "axisId": "secular-religious",
      "leftPercent": 57.8,
      "rightPercent": 42.2,
      "answered": 16,
      "neutral": 2
    },
    {
      "axisId": "progressive-traditionalist",
      "leftPercent": 34.4,
      "rightPercent": 65.6,
      "answered": 16,
      "neutral": 2
    },
    {
      "axisId": "innovation-caution",
      "leftPercent": 51.6,
      "rightPercent": 48.4,
      "answered": 16,
      "neutral": 3
    },
    {
      "axisId": "central-local",
      "leftPercent": 87.5,
      "rightPercent": 12.5,
      "answered": 16,
      "neutral": 0
    },
    {
      "axisId": "culture-nature",
      "leftPercent": 60.9,
      "rightPercent": 39.1,
      "answered": 16,
      "neutral": 9
    }
  ]
}

Archived profile-audit/answers/country/singapore/2.json. Run profiles build to regenerate the catalogue; the draft is retained.
