
> 15-values-quiz@0.0.0 profiles
> node --experimental-strip-types scripts/profiles.ts archive country south-korea

{
  "errors": [],
  "warnings": [
    "nationalism-internationalism: 5/16 neutral answers; check that these express a supported position, not missing evidence.",
    "protectionism-free-trade: 6/16 neutral answers; check that these express a supported position, not missing evidence.",
    "progressive-traditionalist: 5/16 neutral answers; check that these express a supported position, not missing evidence.",
    "innovation-caution: 5/16 neutral answers; check that these express a supported position, not missing evidence.",
    "culture-nature: 5/16 neutral answers; check that these express a supported position, not missing evidence."
  ],
  "neighbours": [
    {
      "id": "japan",
      "revision": 1,
      "similarity": 93.40666666666667
    },
    {
      "id": "france",
      "revision": 1,
      "similarity": 92.20666666666666
    },
    {
      "id": "united-kingdom",
      "revision": 1,
      "similarity": 91.9
    },
    {
      "id": "new-zealand",
      "revision": 1,
      "similarity": 91.68666666666667
    },
    {
      "id": "norway",
      "revision": 1,
      "similarity": 91.68666666666667
    }
  ],
  "scores": [
    {
      "axisId": "democracy-autocracy",
      "leftPercent": 85.9,
      "rightPercent": 14.1,
      "answered": 16,
      "neutral": 1
    },
    {
      "axisId": "authority-liberty",
      "leftPercent": 57.8,
      "rightPercent": 42.2,
      "answered": 16,
      "neutral": 2
    },
    {
      "axisId": "assimilation-multiculturalism",
      "leftPercent": 54.7,
      "rightPercent": 45.3,
      "answered": 16,
      "neutral": 2
    },
    {
      "axisId": "restricted-immigration-open-immigration",
      "leftPercent": 46.9,
      "rightPercent": 53.1,
      "answered": 16,
      "neutral": 3
    },
    {
      "axisId": "militarist-pacifist",
      "leftPercent": 56.3,
      "rightPercent": 43.7,
      "answered": 16,
      "neutral": 4
    },
    {
      "axisId": "nationalism-internationalism",
      "leftPercent": 48.4,
      "rightPercent": 51.6,
      "answered": 16,
      "neutral": 5
    },
    {
      "axisId": "public-private",
      "leftPercent": 62.5,
      "rightPercent": 37.5,
      "answered": 16,
      "neutral": 2
    },
    {
      "axisId": "protectionism-free-trade",
      "leftPercent": 46.9,
      "rightPercent": 53.1,
      "answered": 16,
      "neutral": 6
    },
    {
      "axisId": "planning-free-market",
      "leftPercent": 48.4,
      "rightPercent": 51.6,
      "answered": 16,
      "neutral": 3
    },
    {
      "axisId": "high-redistribution-low-redistribution",
      "leftPercent": 68.8,
      "rightPercent": 31.2,
      "answered": 16,
      "neutral": 3
    },
    {
      "axisId": "secular-religious",
      "leftPercent": 85.9,
      "rightPercent": 14.1,
      "answered": 16,
      "neutral": 1
    },
    {
      "axisId": "progressive-traditionalist",
      "leftPercent": 51.6,
      "rightPercent": 48.4,
      "answered": 16,
      "neutral": 5
    },
    {
      "axisId": "innovation-caution",
      "leftPercent": 50,
      "rightPercent": 50,
      "answered": 16,
      "neutral": 5
    },
    {
      "axisId": "central-local",
      "leftPercent": 73.4,
      "rightPercent": 26.6,
      "answered": 16,
      "neutral": 2
    },
    {
      "axisId": "culture-nature",
      "leftPercent": 64.1,
      "rightPercent": 35.9,
      "answered": 16,
      "neutral": 5
    }
  ]
}

Archived profile-audit/answers/country/south-korea/1.json. Run profiles build to regenerate the catalogue; the draft is retained.
