{
  "errors": [],
  "warnings": [
    "assimilation-multiculturalism: 5/16 neutral answers; check that these express a supported position, not missing evidence.",
    "public-private: 7/16 neutral answers; check that these express a supported position, not missing evidence.",
    "protectionism-free-trade: 5/16 neutral answers; check that these express a supported position, not missing evidence.",
    "culture-nature: 7/16 neutral answers; check that these express a supported position, not missing evidence."
  ],
  "neighbours": [
    {
      "id": "denmark",
      "revision": 1,
      "similarity": 94.16
    },
    {
      "id": "france",
      "revision": 1,
      "similarity": 91.88
    },
    {
      "id": "germany",
      "revision": 1,
      "similarity": 91.66
    },
    {
      "id": "australia",
      "revision": 1,
      "similarity": 90.19333333333333
    },
    {
      "id": "canada",
      "revision": 1,
      "similarity": 87.91333333333333
    }
  ],
  "scores": [
    {
      "axisId": "democracy-autocracy",
      "leftPercent": 90.6,
      "rightPercent": 9.4,
      "answered": 16,
      "neutral": 1
    },
    {
      "axisId": "authority-liberty",
      "leftPercent": 54.7,
      "rightPercent": 45.3,
      "answered": 16,
      "neutral": 0
    },
    {
      "axisId": "assimilation-multiculturalism",
      "leftPercent": 43.7,
      "rightPercent": 56.3,
      "answered": 16,
      "neutral": 5
    },
    {
      "axisId": "restricted-immigration-open-immigration",
      "leftPercent": 48.4,
      "rightPercent": 51.6,
      "answered": 16,
      "neutral": 2
    },
    {
      "axisId": "militarist-pacifist",
      "leftPercent": 60.9,
      "rightPercent": 39.1,
      "answered": 16,
      "neutral": 1
    },
    {
      "axisId": "nationalism-internationalism",
      "leftPercent": 23.4,
      "rightPercent": 76.6,
      "answered": 16,
      "neutral": 1
    },
    {
      "axisId": "public-private",
      "leftPercent": 62.5,
      "rightPercent": 37.5,
      "answered": 16,
      "neutral": 7
    },
    {
      "axisId": "protectionism-free-trade",
      "leftPercent": 32.8,
      "rightPercent": 67.2,
      "answered": 16,
      "neutral": 5
    },
    {
      "axisId": "planning-free-market",
      "leftPercent": 25,
      "rightPercent": 75,
      "answered": 16,
      "neutral": 1
    },
    {
      "axisId": "high-redistribution-low-redistribution",
      "leftPercent": 56.3,
      "rightPercent": 43.7,
      "answered": 16,
      "neutral": 4
    },
    {
      "axisId": "secular-religious",
      "leftPercent": 81.3,
      "rightPercent": 18.7,
      "answered": 16,
      "neutral": 2
    },
    {
      "axisId": "progressive-traditionalist",
      "leftPercent": 82.8,
      "rightPercent": 17.2,
      "answered": 16,
      "neutral": 1
    },
    {
      "axisId": "innovation-caution",
      "leftPercent": 43.7,
      "rightPercent": 56.3,
      "answered": 16,
      "neutral": 1
    },
    {
      "axisId": "central-local",
      "leftPercent": 65.6,
      "rightPercent": 34.4,
      "answered": 16,
      "neutral": 3
    },
    {
      "axisId": "culture-nature",
      "leftPercent": 59.4,
      "rightPercent": 40.6,
      "answered": 16,
      "neutral": 7
    }
  ]
}

Archived profile-audit/answers/country/sweden/1.json. Run profiles build to regenerate the catalogue; the draft is retained.
