{
  "errors": [],
  "warnings": [
    "assimilation-multiculturalism: 6/16 neutral answers; check that these express a supported position, not missing evidence.",
    "militarist-pacifist: 5/16 neutral answers; check that these express a supported position, not missing evidence.",
    "protectionism-free-trade: 6/16 neutral answers; check that these express a supported position, not missing evidence.",
    "innovation-caution: 6/16 neutral answers; check that these express a supported position, not missing evidence.",
    "culture-nature: 6/16 neutral answers; check that these express a supported position, not missing evidence."
  ],
  "neighbours": [
    {
      "id": "germany",
      "revision": 1,
      "similarity": 93.02
    },
    {
      "id": "australia",
      "revision": 1,
      "similarity": 91.15333333333334
    },
    {
      "id": "denmark",
      "revision": 1,
      "similarity": 90.93333333333334
    },
    {
      "id": "canada",
      "revision": 1,
      "similarity": 89.88666666666667
    },
    {
      "id": "sweden",
      "revision": 1,
      "similarity": 89.06666666666666
    }
  ],
  "scores": [
    {
      "axisId": "democracy-autocracy",
      "leftPercent": 90.6,
      "rightPercent": 9.4,
      "answered": 16,
      "neutral": 0
    },
    {
      "axisId": "authority-liberty",
      "leftPercent": 54.7,
      "rightPercent": 45.3,
      "answered": 16,
      "neutral": 1
    },
    {
      "axisId": "assimilation-multiculturalism",
      "leftPercent": 48.4,
      "rightPercent": 51.6,
      "answered": 16,
      "neutral": 6
    },
    {
      "axisId": "restricted-immigration-open-immigration",
      "leftPercent": 59.4,
      "rightPercent": 40.6,
      "answered": 16,
      "neutral": 3
    },
    {
      "axisId": "militarist-pacifist",
      "leftPercent": 57.8,
      "rightPercent": 42.2,
      "answered": 16,
      "neutral": 5
    },
    {
      "axisId": "nationalism-internationalism",
      "leftPercent": 46.9,
      "rightPercent": 53.1,
      "answered": 16,
      "neutral": 2
    },
    {
      "axisId": "public-private",
      "leftPercent": 59.4,
      "rightPercent": 40.6,
      "answered": 16,
      "neutral": 4
    },
    {
      "axisId": "protectionism-free-trade",
      "leftPercent": 43.7,
      "rightPercent": 56.3,
      "answered": 16,
      "neutral": 6
    },
    {
      "axisId": "planning-free-market",
      "leftPercent": 40.6,
      "rightPercent": 59.4,
      "answered": 16,
      "neutral": 2
    },
    {
      "axisId": "high-redistribution-low-redistribution",
      "leftPercent": 70.3,
      "rightPercent": 29.7,
      "answered": 16,
      "neutral": 4
    },
    {
      "axisId": "secular-religious",
      "leftPercent": 51.6,
      "rightPercent": 48.4,
      "answered": 16,
      "neutral": 1
    },
    {
      "axisId": "progressive-traditionalist",
      "leftPercent": 65.6,
      "rightPercent": 34.4,
      "answered": 16,
      "neutral": 4
    },
    {
      "axisId": "innovation-caution",
      "leftPercent": 54.7,
      "rightPercent": 45.3,
      "answered": 16,
      "neutral": 6
    },
    {
      "axisId": "central-local",
      "leftPercent": 51.6,
      "rightPercent": 48.4,
      "answered": 16,
      "neutral": 3
    },
    {
      "axisId": "culture-nature",
      "leftPercent": 65.6,
      "rightPercent": 34.4,
      "answered": 16,
      "neutral": 6
    }
  ]
}

Archived profile-audit/answers/country/united-kingdom/1.json. Run profiles build to regenerate the catalogue; the draft is retained.
