
> 15-values-quiz@0.0.0 test:e2e
> playwright test

[WebServer] (node:95249) Warning: The 'NO_COLOR' env is ignored due to the 'FORCE_COLOR' env being set.
[WebServer] (Use `node --trace-warnings ...` to show where the warning was created)

Running 222 tests using 4 workers

(node:95277) Warning: The 'NO_COLOR' env is ignored due to the 'FORCE_COLOR' env being set.
(Use `node --trace-warnings ...` to show where the warning was created)
(node:95278) Warning: The 'NO_COLOR' env is ignored due to the 'FORCE_COLOR' env being set.
(Use `node --trace-warnings ...` to show where the warning was created)
(node:95276) Warning: The 'NO_COLOR' env is ignored due to the 'FORCE_COLOR' env being set.
(Use `node --trace-warnings ...` to show where the warning was created)
(node:95279) Warning: The 'NO_COLOR' env is ignored due to the 'FORCE_COLOR' env being set.
(Use `node --trace-warnings ...` to show where the warning was created)
  ✓    2 [desktop] › tests/authority-migration.spec.ts:10:1 › bank 2 results preserve scores through import, reload and export without new-bank matches (1.4s)
  ✓    3 [desktop] › tests/authority-migration.spec.ts:28:1 › review artifact exposes all 209 assessments and the actual nine old and new statements (1.6s)
  ✓    4 [desktop] › tests/authority-migration.spec.ts:63:3 › Short: current bank completes and exports the independently calculated scores (7.7s)
  ✘    1 [desktop] › tests/authority-migration.spec.ts:48:1 › every published profile serves its matching complete current-bank assessment (10.5s)
(node:95424) Warning: The 'NO_COLOR' env is ignored due to the 'FORCE_COLOR' env being set.
(Use `node --trace-warnings ...` to show where the warning was created)
  ✓    5 [desktop] › tests/authority-migration.spec.ts:63:3 › Medium: current bank completes and exports the independently calculated scores (11.9s)
  ✓    9 [desktop] › tests/authority-policy-migration.spec.ts:27:1 › review artifact exposes all 209 assessments and the actual six old and new statements (1.1s)
  ✓    8 [desktop] › tests/authority-policy-migration.spec.ts:9:1 › bank 3 results preserve scores through import, reload and export without new-bank matches (1.8s)
  ✓   11 [desktop] › tests/catalogue.spec.ts:9:1 › withdrawn ideology has no placements but preserves the historical assessment link (631ms)
  ✓   10 [desktop] › tests/catalogue.spec.ts:9:1 › withdrawn personality has no placements but preserves the historical assessment link (676ms)
  ✓   13 [desktop] › tests/catalogue.spec.ts:100:1 › catalogue failures can be retried and missing profiles have a way back (639ms)
  ✓   14 [desktop] › tests/catalogue.spec.ts:113:1 › malformed catalogue data is not rendered as a profile (382ms)
  ✓   15 [desktop] › tests/catalogue.spec.ts:121:1 › ideology groups combine with search and show only pronounced placements (672ms)
  ✓   16 [desktop] › tests/catalogue.spec.ts:149:1 › personality filter options follow the other selections and search (797ms)
  ✓   12 [desktop] › tests/catalogue.spec.ts:24:1 › all three catalogues browse, search and open full sourced assessments (3.4s)
  ✓   17 [desktop] › tests/catalogue.spec.ts:181:1 › personality filters combine with search and clear together (835ms)
  ✓   18 [desktop] › tests/catalogue.spec.ts:209:1 › Political Party Leaders includes different countries and primary offices (877ms)
  ✓   19 [desktop] › tests/catalogue.spec.ts:240:1 › profile comparisons omit political leaning and link similar people (916ms)
  ✓   21 [desktop] › tests/catalogue.spec.ts:275:1 › ideology pages show linked portraits and flags without labels or percentages (759ms)
  ✓   22 [desktop] › tests/catalogue.spec.ts:292:1 › Hindu nationalism shows Right, Modi and sourced Hindu eligibility (641ms)
  ✓   23 [desktop] › tests/democracy-migration.spec.ts:11:1 › the original bank survives import, reload and export without being matched to the new bank (1.3s)
  ✓    6 [desktop] › tests/authority-migration.spec.ts:63:3 › Long: current bank completes and exports the independently calculated scores (21.2s)
  ✓   25 [desktop] › tests/democracy-migration.spec.ts:58:1 › focused answer review shows the six changed questions and their sourced reasoning (650ms)
  ✓   24 [desktop] › tests/democracy-migration.spec.ts:30:1 › real revised profiles render and download their complete new immutable assessments (2.2s)
  ✓   26 [desktop] › tests/home-example.spec.ts:3:1 › refresh draws another assessed personality with a calculated ideology match (2.2s)
  ✓   28 [desktop] › tests/home-strip.spec.ts:44:1 › home strip uses explicit personality leaning metadata and falls back when absent (361ms)
  ✘   20 [desktop] › tests/catalogue.spec.ts:260:1 › personality card has exactly ideology, position and origin tags (5.9s)
(node:95746) Warning: The 'NO_COLOR' env is ignored due to the 'FORCE_COLOR' env being set.
(Use `node --trace-warnings ...` to show where the warning was created)
  ✓   27 [desktop] › tests/home-strip.spec.ts:8:1 › home strip uses published profiles and links to both types of detail page (3.1s)
  ✓   29 [desktop] › tests/home-strip.spec.ts:57:1 › strip loops evenly, pauses, resumes and stops for keyboard interaction (1.9s)
  ✓   31 [desktop] › tests/home-strip.spec.ts:101:3 › home offers catalogue links when profile data is empty (473ms)
  ✓   32 [desktop] › tests/home-strip.spec.ts:101:3 › home offers catalogue links when profile data is unavailable (393ms)
  ✓   33 [desktop] › tests/home-strip.spec.ts:101:3 › home offers catalogue links when profile data is invalid (390ms)
  ✓   34 [desktop] › tests/navigation.spec.ts:3:1 › quiz navigation never replaces the page with a loading screen (805ms)
  ✓   30 [desktop] › tests/home-strip.spec.ts:85:1 › reduced motion allows manual scrolling without duplicate links or page overflow (1.3s)
  ✓   35 [desktop] › tests/navigation.spec.ts:26:3 › short: a direct quiz link and reload open a working first question (1.2s)
  ✓   36 [desktop] › tests/navigation.spec.ts:26:3 › medium: a direct quiz link and reload open a working first question (987ms)
  ✓   37 [desktop] › tests/navigation.spec.ts:26:3 › long: a direct quiz link and reload open a working first question (1.1s)
  ✓   38 [desktop] › tests/navigation.spec.ts:26:3 › comprehensive: a direct quiz link and reload open a working first question (1.0s)
  ✓   39 [desktop] › tests/navigation.spec.ts:46:1 › returning from the home page to an old quiz link starts normally (953ms)
  ✓   40 [desktop] › tests/navigation.spec.ts:58:1 › invalid quiz links show the usable format selector (555ms)
  ✓   42 [desktop] › tests/platform.spec.ts:21:1 › catalogue pages are intentionally empty and link to the values (624ms)
  ✓   41 [desktop] › tests/platform.spec.ts:4:1 › Values navigation opens the home axes section from another page and on repeated clicks (2.0s)
  ✓   43 [desktop] › tests/platform.spec.ts:32:1 › navigation supports back, reload, current page, and keyboard focus (2.3s)
  ✓   45 [desktop] › tests/platform.spec.ts:67:1 › removed and unrecognised routes offer a working return to home (682ms)
  ✓   44 [desktop] › tests/platform.spec.ts:57:1 › pages do not overflow at narrow widths or with reduced motion (1.9s)
  ✓   46 [desktop] › tests/platform.spec.ts:77:1 › skip link appears on keyboard focus and moves focus to the content (411ms)
  ✓   48 [desktop] › tests/platform.spec.ts:102:1 › mobile primary action precedes the example and is visible without scrolling (470ms)
  ✓   50 [desktop] › tests/platform.spec.ts:133:1 › social preview assets resolve under the GitHub Pages subpath (629ms)
  ✓   51 [desktop] › tests/platform.spec.ts:144:1 › landing section navigation moves focus and returns to the top on the same route (1.3s)
  ✓   47 [desktop] › tests/platform.spec.ts:92:1 › all four home format cards start their corresponding quiz (2.6s)
  ✓   49 [desktop] › tests/platform.spec.ts:113:1 › landing axis cards cover all 15 agreed axes and replace the old sections (4.0s)
  ✓   52 [desktop] › tests/quiz.spec.ts:43:3 › Short: complete every question and export the expected independent scores (8.5s)
  ✓    7 [desktop] › tests/authority-migration.spec.ts:63:3 › Comprehensive: current bank completes and exports the independently calculated scores (38.1s)
  ✓   56 [desktop] › tests/quiz.spec.ts:71:1 › back, edits, keyboard, auto-advance and restart keep answers consistent (2.8s)
  ✓   53 [desktop] › tests/quiz.spec.ts:43:3 › Medium: complete every question and export the expected independent scores (13.7s)
  ✓   58 [desktop] › tests/quiz.spec.ts:138:1 › blocked browser storage never prevents completion (9.8s)
  ✓   57 [desktop] › tests/quiz.spec.ts:103:1 › history saves automatically, survives reload and supports import, deduplication and deletion (12.5s)
  ✓   59 [desktop] › tests/quiz.spec.ts:145:1 › browser Back preserves the open session and leaving asks for confirmation (1.3s)
  ✓   54 [desktop] › tests/quiz.spec.ts:43:3 › Long: complete every question and export the expected independent scores (24.3s)
  ✓   62 [desktop] › tests/religion.spec.ts:10:1 › religious identity gates automatic quiz matches while general ideologies stay eligible (3.7s)
  ✓   63 [desktop] › tests/religion.spec.ts:24:1 › published US country comparison excludes Hindu nationalism (808ms)
  ✓   64 [desktop] › tests/religion.spec.ts:32:1 › result countries follow the displayed ideology’s faith while general matches remain unrestricted (1.2s)
  ✓   65 [desktop] › tests/result-images.spec.ts:7:1 › matched portraits and flags load in saved cards and full results, including ties (2.6s)
  ✓   61 [desktop] › tests/quiz.spec.ts:176:1 › a failed automatic save preserves the displayed result (11.4s)
  ✓   67 [desktop] › tests/results.spec.ts:92:1 › legacy results display and export their original method without recalculation (1.1s)
  ✓   66 [desktop] › tests/results.spec.ts:22:1 › profile layout, all endpoints, help controls and complementary percentages work at every width (4.1s)
  ✓   69 [desktop] › tests/results.spec.ts:143:1 › comparison fetch failure can be retried without losing the result (1.1s)
  ✓   68 [desktop] › tests/results.spec.ts:106:1 › empty history and saved cards are responsive, and saved profiles reopen after reload (2.8s)
  ✓   71 [desktop] › tests/results.spec.ts:216:1 › long ideology names fit one line and short names stay larger (1.9s)
  ✓   70 [desktop] › tests/results.spec.ts:155:1 › searchable comparison picker scrolls, supports keyboard selection and compares ideologies and personalities (4.9s)
  ✓   72 [desktop] › tests/window-navigation.spec.ts:4:1 › current-page links do not add history and Back/Forward restores each route without reloads (2.4s)
  ✓   74 [desktop] › tests/window-navigation.spec.ts:42:1 › all question wordings fit laptop, phone and landscape windows without scrolling or clipping (822ms)
(node:96194) Warning: The 'NO_COLOR' env is ignored due to the 'FORCE_COLOR' env being set.
(Use `node --trace-warnings ...` to show where the warning was created)
  ✓   75 [mobile] › tests/authority-migration.spec.ts:10:1 › bank 2 results preserve scores through import, reload and export without new-bank matches (2.1s)
  ✓   76 [mobile] › tests/authority-migration.spec.ts:28:1 › review artifact exposes all 209 assessments and the actual nine old and new statements (2.2s)
  -   77 [mobile] › tests/authority-migration.spec.ts:48:1 › every published profile serves its matching complete current-bank assessment
  ✓   60 [desktop] › tests/quiz.spec.ts:159:1 › narrow results and invalid stored history stay usable without overwriting data (27.4s)
  ✓   55 [desktop] › tests/quiz.spec.ts:43:3 › Comprehensive: complete every question and export the expected independent scores (45.1s)
(node:96259) Warning: The 'NO_COLOR' env is ignored due to the 'FORCE_COLOR' env being set.
(Use `node --trace-warnings ...` to show where the warning was created)
(node:96270) Warning: The 'NO_COLOR' env is ignored due to the 'FORCE_COLOR' env being set.
(Use `node --trace-warnings ...` to show where the warning was created)
  ✓   78 [mobile] › tests/authority-migration.spec.ts:63:3 › Short: current bank completes and exports the independently calculated scores (9.2s)
  ✓   79 [mobile] › tests/authority-migration.spec.ts:63:3 › Medium: current bank completes and exports the independently calculated scores (13.9s)
  ✓   82 [mobile] › tests/authority-policy-migration.spec.ts:9:1 › bank 3 results preserve scores through import, reload and export without new-bank matches (1.5s)
  ✓   83 [mobile] › tests/authority-policy-migration.spec.ts:27:1 › review artifact exposes all 209 assessments and the actual six old and new statements (1.5s)
  ✓   84 [mobile] › tests/catalogue.spec.ts:9:1 › withdrawn ideology has no placements but preserves the historical assessment link (841ms)
  ✓   85 [mobile] › tests/catalogue.spec.ts:9:1 › withdrawn personality has no placements but preserves the historical assessment link (633ms)
  ✓   86 [mobile] › tests/catalogue.spec.ts:24:1 › all three catalogues browse, search and open full sourced assessments (3.3s)
  ✓   87 [mobile] › tests/catalogue.spec.ts:100:1 › catalogue failures can be retried and missing profiles have a way back (445ms)
  ✓   88 [mobile] › tests/catalogue.spec.ts:113:1 › malformed catalogue data is not rendered as a profile (306ms)
  ✓   89 [mobile] › tests/catalogue.spec.ts:121:1 › ideology groups combine with search and show only pronounced placements (553ms)
  ✓   90 [mobile] › tests/catalogue.spec.ts:149:1 › personality filter options follow the other selections and search (576ms)
  ✓   91 [mobile] › tests/catalogue.spec.ts:181:1 › personality filters combine with search and clear together (524ms)
  ✓   80 [mobile] › tests/authority-migration.spec.ts:63:3 › Long: current bank completes and exports the independently calculated scores (23.2s)
  ✓   92 [mobile] › tests/catalogue.spec.ts:209:1 › Political Party Leaders includes different countries and primary offices (688ms)
  ✓   93 [mobile] › tests/catalogue.spec.ts:240:1 › profile comparisons omit political leaning and link similar people (631ms)
  ✓   95 [mobile] › tests/catalogue.spec.ts:275:1 › ideology pages show linked portraits and flags without labels or percentages (485ms)
  ✓   96 [mobile] › tests/catalogue.spec.ts:292:1 › Hindu nationalism shows Right, Modi and sourced Hindu eligibility (685ms)
  ✓   97 [mobile] › tests/democracy-migration.spec.ts:11:1 › the original bank survives import, reload and export without being matched to the new bank (1.3s)
  ✓   73 [desktop] › tests/window-navigation.spec.ts:25:1 › default auto advance completes a quiz and leaves the final submission explicit (39.5s)
  ✓   98 [mobile] › tests/democracy-migration.spec.ts:30:1 › real revised profiles render and download their complete new immutable assessments (1.6s)
(node:96581) Warning: The 'NO_COLOR' env is ignored due to the 'FORCE_COLOR' env being set.
(Use `node --trace-warnings ...` to show where the warning was created)
  ✘   94 [mobile] › tests/catalogue.spec.ts:260:1 › personality card has exactly ideology, position and origin tags (5.5s)
  ✓   99 [mobile] › tests/home-example.spec.ts:3:1 › refresh draws another assessed personality with a calculated ideology match (1.5s)
  ✓  101 [mobile] › tests/home-strip.spec.ts:44:1 › home strip uses explicit personality leaning metadata and falls back when absent (341ms)
  ✓  100 [mobile] › tests/democracy-migration.spec.ts:58:1 › focused answer review shows the six changed questions and their sourced reasoning (894ms)
(node:96592) Warning: The 'NO_COLOR' env is ignored due to the 'FORCE_COLOR' env being set.
(Use `node --trace-warnings ...` to show where the warning was created)
  ✓  103 [mobile] › tests/home-strip.spec.ts:85:1 › reduced motion allows manual scrolling without duplicate links or page overflow (1.1s)
  ✓  102 [mobile] › tests/home-strip.spec.ts:57:1 › strip loops evenly, pauses, resumes and stops for keyboard interaction (1.6s)
  ✓  105 [mobile] › tests/home-strip.spec.ts:101:3 › home offers catalogue links when profile data is empty (398ms)
  ✓  106 [mobile] › tests/home-strip.spec.ts:101:3 › home offers catalogue links when profile data is unavailable (352ms)
  ✓  107 [mobile] › tests/home-strip.spec.ts:101:3 › home offers catalogue links when profile data is invalid (464ms)
  ✓  108 [mobile] › tests/navigation.spec.ts:3:1 › quiz navigation never replaces the page with a loading screen (1.2s)
  ✓  109 [mobile] › tests/navigation.spec.ts:26:3 › short: a direct quiz link and reload open a working first question (988ms)
  ✓  104 [mobile] › tests/home-strip.spec.ts:8:1 › home strip uses published profiles and links to both types of detail page (3.1s)
  ✓  110 [mobile] › tests/navigation.spec.ts:26:3 › medium: a direct quiz link and reload open a working first question (895ms)
  ✓  111 [mobile] › tests/navigation.spec.ts:26:3 › long: a direct quiz link and reload open a working first question (928ms)
  ✓  114 [mobile] › tests/navigation.spec.ts:58:1 › invalid quiz links show the usable format selector (468ms)
  ✓  113 [mobile] › tests/navigation.spec.ts:46:1 › returning from the home page to an old quiz link starts normally (737ms)
  ✓  112 [mobile] › tests/navigation.spec.ts:26:3 › comprehensive: a direct quiz link and reload open a working first question (923ms)
  ✓  116 [mobile] › tests/platform.spec.ts:21:1 › catalogue pages are intentionally empty and link to the values (403ms)
  ✓  118 [mobile] › tests/platform.spec.ts:57:1 › pages do not overflow at narrow widths or with reduced motion (658ms)
  ✓  119 [mobile] › tests/platform.spec.ts:67:1 › removed and unrecognised routes offer a working return to home (471ms)
  ✓  120 [mobile] › tests/platform.spec.ts:77:1 › skip link appears on keyboard focus and moves focus to the content (766ms)
  ✓   81 [mobile] › tests/authority-migration.spec.ts:63:3 › Comprehensive: current bank completes and exports the independently calculated scores (33.1s)
  ✓  115 [mobile] › tests/platform.spec.ts:4:1 › Values navigation opens the home axes section from another page and on repeated clicks (3.4s)
  ✓  122 [mobile] › tests/platform.spec.ts:102:1 › mobile primary action precedes the example and is visible without scrolling (570ms)
  ✓  117 [mobile] › tests/platform.spec.ts:32:1 › navigation supports back, reload, current page, and keyboard focus (3.5s)
  ✓  124 [mobile] › tests/platform.spec.ts:133:1 › social preview assets resolve under the GitHub Pages subpath (449ms)
  ✓  121 [mobile] › tests/platform.spec.ts:92:1 › all four home format cards start their corresponding quiz (1.8s)
  ✓  125 [mobile] › tests/platform.spec.ts:144:1 › landing section navigation moves focus and returns to the top on the same route (1.0s)
  ✓  123 [mobile] › tests/platform.spec.ts:113:1 › landing axis cards cover all 15 agreed axes and replace the old sections (2.1s)
  ✓  126 [mobile] › tests/quiz.spec.ts:43:3 › Short: complete every question and export the expected independent scores (4.3s)
  ✓  130 [mobile] › tests/quiz.spec.ts:71:1 › back, edits, keyboard, auto-advance and restart keep answers consistent (1.6s)
  ✓  127 [mobile] › tests/quiz.spec.ts:43:3 › Medium: complete every question and export the expected independent scores (6.4s)
  ✓  128 [mobile] › tests/quiz.spec.ts:43:3 › Long: complete every question and export the expected independent scores (11.1s)
  ✓  132 [mobile] › tests/quiz.spec.ts:138:1 › blocked browser storage never prevents completion (5.6s)
  ✓  133 [mobile] › tests/quiz.spec.ts:145:1 › browser Back preserves the open session and leaving asks for confirmation (933ms)
  ✓  131 [mobile] › tests/quiz.spec.ts:103:1 › history saves automatically, survives reload and supports import, deduplication and deletion (7.2s)
  ✓  136 [mobile] › tests/religion.spec.ts:10:1 › religious identity gates automatic quiz matches while general ideologies stay eligible (1.4s)
  ✓  137 [mobile] › tests/religion.spec.ts:24:1 › published US country comparison excludes Hindu nationalism (767ms)
  ✓  138 [mobile] › tests/religion.spec.ts:32:1 › result countries follow the displayed ideology’s faith while general matches remain unrestricted (873ms)
  ✓  139 [mobile] › tests/result-images.spec.ts:7:1 › matched portraits and flags load in saved cards and full results, including ties (1.4s)
  ✓  135 [mobile] › tests/quiz.spec.ts:176:1 › a failed automatic save preserves the displayed result (6.9s)
  ✓  140 [mobile] › tests/results.spec.ts:22:1 › profile layout, all endpoints, help controls and complementary percentages work at every width (2.6s)
  ✓  141 [mobile] › tests/results.spec.ts:92:1 › legacy results display and export their original method without recalculation (695ms)
  ✓  143 [mobile] › tests/results.spec.ts:143:1 › comparison fetch failure can be retried without losing the result (714ms)
  ✓  129 [mobile] › tests/quiz.spec.ts:43:3 › Comprehensive: complete every question and export the expected independent scores (20.1s)
  ✓  145 [mobile] › tests/results.spec.ts:216:1 › long ideology names fit one line and short names stay larger (579ms)
  ✓  142 [mobile] › tests/results.spec.ts:106:1 › empty history and saved cards are responsive, and saved profiles reopen after reload (1.8s)
  ✓  144 [mobile] › tests/results.spec.ts:155:1 › searchable comparison picker scrolls, supports keyboard selection and compares ideologies and personalities (1.8s)
  ✘  148 [mobile] › tests/window-navigation.spec.ts:42:1 › all question wordings fit laptop, phone and landscape windows without scrolling or clipping (186ms)
  ✓  146 [mobile] › tests/window-navigation.spec.ts:4:1 › current-page links do not add history and Back/Forward restores each route without reloads (1.2s)
(node:96853) Warning: The 'NO_COLOR' env is ignored due to the 'FORCE_COLOR' env being set.
(Use `node --trace-warnings ...` to show where the warning was created)
(node:96857) Warning: The 'NO_COLOR' env is ignored due to the 'FORCE_COLOR' env being set.
(Use `node --trace-warnings ...` to show where the warning was created)
  ✓  149 [safari] › tests/authority-migration.spec.ts:10:1 › bank 2 results preserve scores through import, reload and export without new-bank matches (1.4s)
  -  151 [safari] › tests/authority-migration.spec.ts:48:1 › every published profile serves its matching complete current-bank assessment
  ✓  150 [safari] › tests/authority-migration.spec.ts:28:1 › review artifact exposes all 209 assessments and the actual nine old and new statements (1.3s)
  ✓  152 [safari] › tests/authority-migration.spec.ts:63:3 › Short: current bank completes and exports the independently calculated scores (7.0s)
  ✓  134 [mobile] › tests/quiz.spec.ts:159:1 › narrow results and invalid stored history stay usable without overwriting data (22.8s)
(node:96966) Warning: The 'NO_COLOR' env is ignored due to the 'FORCE_COLOR' env being set.
(Use `node --trace-warnings ...` to show where the warning was created)
  ✓  153 [safari] › tests/authority-migration.spec.ts:63:3 › Medium: current bank completes and exports the independently calculated scores (10.9s)
  ✓  156 [safari] › tests/authority-policy-migration.spec.ts:9:1 › bank 3 results preserve scores through import, reload and export without new-bank matches (897ms)
  ✓  157 [safari] › tests/authority-policy-migration.spec.ts:27:1 › review artifact exposes all 209 assessments and the actual six old and new statements (797ms)
  ✓  158 [safari] › tests/catalogue.spec.ts:9:1 › withdrawn ideology has no placements but preserves the historical assessment link (458ms)
  ✓  159 [safari] › tests/catalogue.spec.ts:9:1 › withdrawn personality has no placements but preserves the historical assessment link (446ms)
  ✓  160 [safari] › tests/catalogue.spec.ts:24:1 › all three catalogues browse, search and open full sourced assessments (2.1s)
  ✓  161 [safari] › tests/catalogue.spec.ts:100:1 › catalogue failures can be retried and missing profiles have a way back (466ms)
  ✓  162 [safari] › tests/catalogue.spec.ts:113:1 › malformed catalogue data is not rendered as a profile (332ms)
  ✓  163 [safari] › tests/catalogue.spec.ts:121:1 › ideology groups combine with search and show only pronounced placements (563ms)
  ✓  164 [safari] › tests/catalogue.spec.ts:149:1 › personality filter options follow the other selections and search (542ms)
  ✓  165 [safari] › tests/catalogue.spec.ts:181:1 › personality filters combine with search and clear together (546ms)
  ✓  166 [safari] › tests/catalogue.spec.ts:209:1 › Political Party Leaders includes different countries and primary offices (603ms)
  ✓  167 [safari] › tests/catalogue.spec.ts:240:1 › profile comparisons omit political leaning and link similar people (571ms)
  ✘  168 [safari] › tests/catalogue.spec.ts:260:1 › personality card has exactly ideology, position and origin tags (5.4s)
(node:97068) Warning: The 'NO_COLOR' env is ignored due to the 'FORCE_COLOR' env being set.
(Use `node --trace-warnings ...` to show where the warning was created)
  ✓  154 [safari] › tests/authority-migration.spec.ts:63:3 › Long: current bank completes and exports the independently calculated scores (19.0s)
  ✓  169 [safari] › tests/catalogue.spec.ts:275:1 › ideology pages show linked portraits and flags without labels or percentages (772ms)
  ✓  170 [safari] › tests/catalogue.spec.ts:292:1 › Hindu nationalism shows Right, Modi and sourced Hindu eligibility (640ms)
  ✓  171 [safari] › tests/democracy-migration.spec.ts:11:1 › the original bank survives import, reload and export without being matched to the new bank (1.0s)
  ✓  173 [safari] › tests/democracy-migration.spec.ts:58:1 › focused answer review shows the six changed questions and their sourced reasoning (549ms)
  ✓  172 [safari] › tests/democracy-migration.spec.ts:30:1 › real revised profiles render and download their complete new immutable assessments (1.5s)
  ✓  174 [safari] › tests/home-example.spec.ts:3:1 › refresh draws another assessed personality with a calculated ideology match (1.1s)
  ✓  176 [safari] › tests/home-strip.spec.ts:44:1 › home strip uses explicit personality leaning metadata and falls back when absent (415ms)
  ✓  175 [safari] › tests/home-strip.spec.ts:8:1 › home strip uses published profiles and links to both types of detail page (1.9s)
  ✓  178 [safari] › tests/home-strip.spec.ts:85:1 › reduced motion allows manual scrolling without duplicate links or page overflow (651ms)
  ✓  177 [safari] › tests/home-strip.spec.ts:57:1 › strip loops evenly, pauses, resumes and stops for keyboard interaction (1.4s)
  ✓  179 [safari] › tests/home-strip.spec.ts:101:3 › home offers catalogue links when profile data is empty (472ms)
  ✓  180 [safari] › tests/home-strip.spec.ts:101:3 › home offers catalogue links when profile data is unavailable (458ms)
  ✓  181 [safari] › tests/home-strip.spec.ts:101:3 › home offers catalogue links when profile data is invalid (394ms)
  ✓  182 [safari] › tests/navigation.spec.ts:3:1 › quiz navigation never replaces the page with a loading screen (970ms)
  ✓  183 [safari] › tests/navigation.spec.ts:26:3 › short: a direct quiz link and reload open a working first question (1.0s)
  ✓  184 [safari] › tests/navigation.spec.ts:26:3 › medium: a direct quiz link and reload open a working first question (991ms)
  ✓  147 [mobile] › tests/window-navigation.spec.ts:25:1 › default auto advance completes a quiz and leaves the final submission explicit (36.9s)
  ✓  185 [safari] › tests/navigation.spec.ts:26:3 › long: a direct quiz link and reload open a working first question (1.0s)
  ✓  187 [safari] › tests/navigation.spec.ts:58:1 › invalid quiz links show the usable format selector (562ms)
  ✓  186 [safari] › tests/navigation.spec.ts:26:3 › comprehensive: a direct quiz link and reload open a working first question (997ms)
(node:97186) Warning: The 'NO_COLOR' env is ignored due to the 'FORCE_COLOR' env being set.
(Use `node --trace-warnings ...` to show where the warning was created)
  ✓  189 [safari] › tests/platform.spec.ts:21:1 › catalogue pages are intentionally empty and link to the values (551ms)
  ✓  188 [safari] › tests/platform.spec.ts:4:1 › Values navigation opens the home axes section from another page and on repeated clicks (1.4s)
  ✓  191 [safari] › tests/platform.spec.ts:32:1 › navigation supports back, reload, current page, and keyboard focus (1.2s)
  ✓  190 [safari] › tests/navigation.spec.ts:46:1 › returning from the home page to an old quiz link starts normally (1.5s)
  ✓  192 [safari] › tests/platform.spec.ts:57:1 › pages do not overflow at narrow widths or with reduced motion (726ms)
  ✓  193 [safari] › tests/platform.spec.ts:67:1 › removed and unrecognised routes offer a working return to home (543ms)
  ✓  194 [safari] › tests/platform.spec.ts:77:1 › skip link appears on keyboard focus and moves focus to the content (816ms)
  ✓  196 [safari] › tests/platform.spec.ts:102:1 › mobile primary action precedes the example and is visible without scrolling (478ms)
  ✓  198 [safari] › tests/platform.spec.ts:133:1 › social preview assets resolve under the GitHub Pages subpath (435ms)
  ✓  195 [safari] › tests/platform.spec.ts:92:1 › all four home format cards start their corresponding quiz (1.7s)
  ✓  199 [safari] › tests/platform.spec.ts:144:1 › landing section navigation moves focus and returns to the top on the same route (834ms)
  ✓  197 [safari] › tests/platform.spec.ts:113:1 › landing axis cards cover all 15 agreed axes and replace the old sections (2.0s)
  ✓  200 [safari] › tests/quiz.spec.ts:43:3 › Short: complete every question and export the expected independent scores (2.8s)
  ✓  201 [safari] › tests/quiz.spec.ts:43:3 › Medium: complete every question and export the expected independent scores (3.9s)
  ✓  204 [safari] › tests/quiz.spec.ts:71:1 › back, edits, keyboard, auto-advance and restart keep answers consistent (1.8s)
  ✓  155 [safari] › tests/authority-migration.spec.ts:63:3 › Comprehensive: current bank completes and exports the independently calculated scores (34.4s)
  ✓  202 [safari] › tests/quiz.spec.ts:43:3 › Long: complete every question and export the expected independent scores (6.5s)
  ✓  207 [safari] › tests/quiz.spec.ts:145:1 › browser Back preserves the open session and leaving asks for confirmation (917ms)
  ✓  203 [safari] › tests/quiz.spec.ts:43:3 › Comprehensive: complete every question and export the expected independent scores (9.8s)
  ✓  206 [safari] › tests/quiz.spec.ts:138:1 › blocked browser storage never prevents completion (6.7s)
  ✓  205 [safari] › tests/quiz.spec.ts:103:1 › history saves automatically, survives reload and supports import, deduplication and deletion (8.1s)
  ✓  211 [safari] › tests/religion.spec.ts:24:1 › published US country comparison excludes Hindu nationalism (654ms)
  ✓  210 [safari] › tests/religion.spec.ts:10:1 › religious identity gates automatic quiz matches while general ideologies stay eligible (1.8s)
  ✓  212 [safari] › tests/religion.spec.ts:32:1 › result countries follow the displayed ideology’s faith while general matches remain unrestricted (784ms)
  ✓  213 [safari] › tests/result-images.spec.ts:7:1 › matched portraits and flags load in saved cards and full results, including ties (1.0s)
  ✓  215 [safari] › tests/results.spec.ts:92:1 › legacy results display and export their original method without recalculation (1.1s)
  ✓  214 [safari] › tests/results.spec.ts:22:1 › profile layout, all endpoints, help controls and complementary percentages work at every width (3.5s)
  ✓  216 [safari] › tests/results.spec.ts:106:1 › empty history and saved cards are responsive, and saved profiles reopen after reload (1.9s)
  ✓  217 [safari] › tests/results.spec.ts:143:1 › comparison fetch failure can be retried without losing the result (911ms)
  ✓  209 [safari] › tests/quiz.spec.ts:176:1 › a failed automatic save preserves the displayed result (7.8s)
  ✓  219 [safari] › tests/results.spec.ts:216:1 › long ideology names fit one line and short names stay larger (820ms)
  ✓  220 [safari] › tests/window-navigation.spec.ts:4:1 › current-page links do not add history and Back/Forward restores each route without reloads (1.1s)
  ✓  218 [safari] › tests/results.spec.ts:155:1 › searchable comparison picker scrolls, supports keyboard selection and compares ideologies and personalities (2.3s)
  ✓  222 [safari] › tests/window-navigation.spec.ts:42:1 › all question wordings fit laptop, phone and landscape windows without scrolling or clipping (697ms)
  ✓  208 [safari] › tests/quiz.spec.ts:159:1 › narrow results and invalid stored history stay usable without overwriting data (28.2s)
  ✓  221 [safari] › tests/window-navigation.spec.ts:25:1 › default auto advance completes a quiz and leaves the final submission explicit (38.8s)


  1) [desktop] › tests/authority-migration.spec.ts:48:1 › every published profile serves its matching complete current-bank assessment 

    Error: apiRequestContext.dispose: ENOENT: no such file or directory, open '/Users/liam/Documents/GitHub/15values/frontend/test-results/.playwright-artifacts-2/traces/a132eabdb3b06ca1336e-cdc1bc93be5cdb958e6b.network'

    Error: ENOENT: no such file or directory, open '/Users/liam/Documents/GitHub/15values/frontend/test-results/.playwright-artifacts-2/dd38d0f6a3680d54b3946825631d2440.zip'

    Error Context: test-results/authority-migration-every--804e4-ete-current-bank-assessment-desktop/error-context.md

  2) [desktop] › tests/catalogue.spec.ts:260:1 › personality card has exactly ideology, position and origin tags 

    Error: expect(locator).toHaveText(expected) failed

    Locator:  getByRole('list', { name: 'Profile tags' }).getByRole('listitem').nth(1)
    Expected: "Head of government"
    Received: "Dictator"
    Timeout:  5000ms

    Call log:
      - Expect "toHaveText" getByRole('list', { name: 'Profile tags' }).getByRole('listitem').nth(1) with timeout 5000ms
      - waiting for getByRole('list', { name: 'Profile tags' }).getByRole('listitem').nth(1)
        14 × locator resolved to <li aria-label="Position: Dictator">Dictator</li>
           - unexpected value "Dictator"


      269 |   await expect(tags).toHaveCount(3);
      270 |   await expect(tags.nth(0)).toHaveText('Calculated ideology');
    > 271 |   await expect(tags.nth(1)).toHaveText('Head of government');
          |                             ^
      272 |   await expect(tags.nth(2)).toHaveAttribute('aria-label', 'Best-known country: Russia');
      273 | });
      274 |
        at /Users/liam/Documents/GitHub/15values/frontend/tests/catalogue.spec.ts:271:29

    Error Context: test-results/catalogue-personality-card-eaa72-gy-position-and-origin-tags-desktop/error-context.md

    attachment #2: trace (application/zip) ─────────────────────────────────────────────────────────
    test-results/catalogue-personality-card-eaa72-gy-position-and-origin-tags-desktop/trace.zip
    Usage:

        npx playwright show-trace test-results/catalogue-personality-card-eaa72-gy-position-and-origin-tags-desktop/trace.zip

    ────────────────────────────────────────────────────────────────────────────────────────────────

  3) [mobile] › tests/catalogue.spec.ts:260:1 › personality card has exactly ideology, position and origin tags 

    Error: expect(locator).toHaveText(expected) failed

    Locator:  getByRole('list', { name: 'Profile tags' }).getByRole('listitem').nth(1)
    Expected: "Head of government"
    Received: "Dictator"
    Timeout:  5000ms

    Call log:
      - Expect "toHaveText" getByRole('list', { name: 'Profile tags' }).getByRole('listitem').nth(1) with timeout 5000ms
      - waiting for getByRole('list', { name: 'Profile tags' }).getByRole('listitem').nth(1)
        14 × locator resolved to <li aria-label="Position: Dictator">Dictator</li>
           - unexpected value "Dictator"


      269 |   await expect(tags).toHaveCount(3);
      270 |   await expect(tags.nth(0)).toHaveText('Calculated ideology');
    > 271 |   await expect(tags.nth(1)).toHaveText('Head of government');
          |                             ^
      272 |   await expect(tags.nth(2)).toHaveAttribute('aria-label', 'Best-known country: Russia');
      273 | });
      274 |
        at /Users/liam/Documents/GitHub/15values/frontend/tests/catalogue.spec.ts:271:29

    Error Context: test-results/catalogue-personality-card-eaa72-gy-position-and-origin-tags-mobile/error-context.md

    attachment #2: trace (application/zip) ─────────────────────────────────────────────────────────
    test-results/catalogue-personality-card-eaa72-gy-position-and-origin-tags-mobile/trace.zip
    Usage:

        npx playwright show-trace test-results/catalogue-personality-card-eaa72-gy-position-and-origin-tags-mobile/trace.zip

    ────────────────────────────────────────────────────────────────────────────────────────────────

  4) [mobile] › tests/window-navigation.spec.ts:42:1 › all question wordings fit laptop, phone and landscape windows without scrolling or clipping 

    Error: expect(received).toEqual(expected) // deep equality

    Expected: ArrayContaining [ObjectContaining {"family": "Clarity City", "status": "loaded"}, ObjectContaining {"family": "Bitcount Ink", "status": "loaded"}]
    Received: [{"family": "Bitcount Ink", "status": "error"}, {"family": "Clarity City", "status": "error"}, {"family": "Clarity City", "status": "unloaded"}]

      44 |   await page.evaluate(() => document.fonts.ready);
      45 |   const fonts = await page.evaluate(() => [...document.fonts].map(font => ({ family: font.family, status: font.status })));
    > 46 |   expect(fonts).toEqual(expect.arrayContaining([expect.objectContaining({ family: 'Clarity City', status: 'loaded' }), expect.objectContaining({ family: 'Bitcount Ink', status: 'loaded' })]));
         |                 ^
      47 |   for (const size of [{ width: 1200, height: 630 }, { width: 1366, height: 650 }, { width: 1920, height: 1080 }, { width: 320, height: 640 }, { width: 390, height: 700 }, { width: 844, height: 390 }]) {
      48 |     await page.setViewportSize(size);
      49 |     // Exercise every source wording in the actual question layout, without altering answers.
        at /Users/liam/Documents/GitHub/15values/frontend/tests/window-navigation.spec.ts:46:17

    Error Context: test-results/window-navigation-all-ques-2d146-thout-scrolling-or-clipping-mobile/error-context.md

    attachment #2: trace (application/zip) ─────────────────────────────────────────────────────────
    test-results/window-navigation-all-ques-2d146-thout-scrolling-or-clipping-mobile/trace.zip
    Usage:

        npx playwright show-trace test-results/window-navigation-all-ques-2d146-thout-scrolling-or-clipping-mobile/trace.zip

    ────────────────────────────────────────────────────────────────────────────────────────────────

  5) [safari] › tests/catalogue.spec.ts:260:1 › personality card has exactly ideology, position and origin tags 

    Error: expect(locator).toHaveText(expected) failed

    Locator:  getByRole('list', { name: 'Profile tags' }).getByRole('listitem').nth(1)
    Expected: "Head of government"
    Received: "Dictator"
    Timeout:  5000ms

    Call log:
      - Expect "toHaveText" getByRole('list', { name: 'Profile tags' }).getByRole('listitem').nth(1) with timeout 5000ms
      - waiting for getByRole('list', { name: 'Profile tags' }).getByRole('listitem').nth(1)
        14 × locator resolved to <li aria-label="Position: Dictator">Dictator</li>
           - unexpected value "Dictator"


      269 |   await expect(tags).toHaveCount(3);
      270 |   await expect(tags.nth(0)).toHaveText('Calculated ideology');
    > 271 |   await expect(tags.nth(1)).toHaveText('Head of government');
          |                             ^
      272 |   await expect(tags.nth(2)).toHaveAttribute('aria-label', 'Best-known country: Russia');
      273 | });
      274 |
        at /Users/liam/Documents/GitHub/15values/frontend/tests/catalogue.spec.ts:271:29

    Error Context: test-results/catalogue-personality-card-eaa72-gy-position-and-origin-tags-safari/error-context.md

    attachment #2: trace (application/zip) ─────────────────────────────────────────────────────────
    test-results/catalogue-personality-card-eaa72-gy-position-and-origin-tags-safari/trace.zip
    Usage:

        npx playwright show-trace test-results/catalogue-personality-card-eaa72-gy-position-and-origin-tags-safari/trace.zip

    ────────────────────────────────────────────────────────────────────────────────────────────────

  5 failed
    [desktop] › tests/authority-migration.spec.ts:48:1 › every published profile serves its matching complete current-bank assessment 
    [desktop] › tests/catalogue.spec.ts:260:1 › personality card has exactly ideology, position and origin tags 
    [mobile] › tests/catalogue.spec.ts:260:1 › personality card has exactly ideology, position and origin tags 
    [mobile] › tests/window-navigation.spec.ts:42:1 › all question wordings fit laptop, phone and landscape windows without scrolling or clipping 
    [safari] › tests/catalogue.spec.ts:260:1 › personality card has exactly ideology, position and origin tags 
  2 skipped
  215 passed (4.3m)
