
> 15-values-quiz@0.0.0 test:e2e
> playwright test


Running 168 tests using 4 workers

(node:35414) Warning: The 'NO_COLOR' env is ignored due to the 'FORCE_COLOR' env being set.
(Use `node --trace-warnings ...` to show where the warning was created)
(node:35415) Warning: The 'NO_COLOR' env is ignored due to the 'FORCE_COLOR' env being set.
(Use `node --trace-warnings ...` to show where the warning was created)
(node:35416) Warning: The 'NO_COLOR' env is ignored due to the 'FORCE_COLOR' env being set.
(Use `node --trace-warnings ...` to show where the warning was created)
(node:35413) Warning: The 'NO_COLOR' env is ignored due to the 'FORCE_COLOR' env being set.
(Use `node --trace-warnings ...` to show where the warning was created)
  ✓    1 [desktop] › tests/catalogue.spec.ts:9:1 › withdrawn personality has no placements but preserves the historical assessment link (495ms)
  ✓    2 [desktop] › tests/catalogue.spec.ts:95:1 › catalogue failures can be retried and missing profiles have a way back (537ms)
  ✓    3 [desktop] › tests/catalogue.spec.ts:9:1 › withdrawn ideology has no placements but preserves the historical assessment link (548ms)
  ✓    5 [desktop] › tests/catalogue.spec.ts:108:1 › malformed catalogue data is not rendered as a profile (283ms)
  ✓    6 [desktop] › tests/catalogue.spec.ts:116:1 › ideology groups combine with search and show only pronounced placements (424ms)
  ✓    7 [desktop] › tests/catalogue.spec.ts:144:1 › personality filters combine with search and clear together (413ms)
  ✓   10 [desktop] › tests/home-strip.spec.ts:52:1 › strip loops evenly, pauses, resumes and stops for keyboard interaction (1.0s)
  ✓    4 [desktop] › tests/catalogue.spec.ts:24:1 › all three catalogues browse, search and open full sourced assessments (2.1s)
  ✓   12 [desktop] › tests/home-strip.spec.ts:95:3 › home offers catalogue links when profile data is empty (198ms)
  ✓   11 [desktop] › tests/home-strip.spec.ts:79:1 › reduced motion allows manual scrolling without duplicate links or page overflow (430ms)
  ✓   13 [desktop] › tests/home-strip.spec.ts:95:3 › home offers catalogue links when profile data is unavailable (190ms)
  ✓   14 [desktop] › tests/home-strip.spec.ts:95:3 › home offers catalogue links when profile data is invalid (189ms)
  ✓   15 [desktop] › tests/navigation.spec.ts:3:1 › quiz navigation never replaces the page with a loading screen (675ms)
  ✓   16 [desktop] › tests/navigation.spec.ts:26:3 › short: a direct quiz link and reload open a working first question (753ms)
  ✓   17 [desktop] › tests/navigation.spec.ts:26:3 › medium: a direct quiz link and reload open a working first question (729ms)
  ✓   18 [desktop] › tests/navigation.spec.ts:26:3 › long: a direct quiz link and reload open a working first question (712ms)
  ✓   19 [desktop] › tests/navigation.spec.ts:26:3 › comprehensive: a direct quiz link and reload open a working first question (699ms)
  ✓   20 [desktop] › tests/navigation.spec.ts:46:1 › returning from the home page to an old quiz link starts normally (723ms)
  ✓   21 [desktop] › tests/navigation.spec.ts:58:1 › invalid quiz links show the usable format selector (270ms)
  ✘    9 [desktop] › tests/home-strip.spec.ts:39:1 › home strip uses explicit personality leaning metadata and falls back when absent (5.2s)
  ✓   22 [desktop] › tests/platform.spec.ts:4:1 › home loads Clarity City and clearly labels the example result (1.4s)
(node:35456) Warning: The 'NO_COLOR' env is ignored due to the 'FORCE_COLOR' env being set.
(Use `node --trace-warnings ...` to show where the warning was created)
  ✓   24 [desktop] › tests/platform.spec.ts:61:1 › quiz format selection starts a real quiz (420ms)
  ✓   25 [desktop] › tests/platform.spec.ts:49:1 › catalogue pages are intentionally empty and link to the values (397ms)
  ✓   26 [desktop] › tests/platform.spec.ts:68:1 › navigation supports back, reload, current page, and keyboard focus (1.0s)
  ✓   28 [desktop] › tests/platform.spec.ts:103:1 › removed and unrecognised routes offer a working return to home (420ms)
  ✓   23 [desktop] › tests/platform.spec.ts:32:1 › Values navigation opens the home axes section from another page and on repeated clicks (3.4s)
  ✓   29 [desktop] › tests/platform.spec.ts:113:1 › skip link appears on keyboard focus and moves focus to the content (367ms)
  ✘   27 [desktop] › tests/platform.spec.ts:93:1 › pages do not overflow at narrow widths or with reduced motion (1.2s)
(node:35475) Warning: The 'NO_COLOR' env is ignored due to the 'FORCE_COLOR' env being set.
(Use `node --trace-warnings ...` to show where the warning was created)
  ✓   31 [desktop] › tests/platform.spec.ts:138:1 › resuming the strip works while the control retains focus (590ms)
  ✓   30 [desktop] › tests/platform.spec.ts:128:1 › all four home format cards start their corresponding quiz (1.3s)
  ✘    8 [desktop] › tests/home-strip.spec.ts:8:1 › home strip uses published profiles and links to both types of detail page (8.5s)
  ✓   32 [desktop] › tests/platform.spec.ts:155:1 › mobile primary action precedes the example and is visible without scrolling (546ms)
  ✓   34 [desktop] › tests/platform.spec.ts:186:1 › feedback download works without submitting or storing the draft (403ms)
(node:35482) Warning: The 'NO_COLOR' env is ignored due to the 'FORCE_COLOR' env being set.
(Use `node --trace-warnings ...` to show where the warning was created)
  ✓   35 [desktop] › tests/platform.spec.ts:211:1 › landing section navigation moves focus and returns to the top on the same route (582ms)
  ✓   33 [desktop] › tests/platform.spec.ts:166:1 › landing axis cards cover all 15 agreed axes and replace the old sections (1.4s)
  ✓   37 [desktop] › tests/platform.spec.ts:200:1 › social preview assets resolve under the GitHub Pages subpath (405ms)
  ✓   36 [desktop] › tests/quiz.spec.ts:48:3 › Short: complete every question and export the expected independent scores (5.3s)
  ✓   41 [desktop] › tests/quiz.spec.ts:76:1 › back, edits, keyboard, auto-advance and restart keep answers consistent (3.0s)
  ✓   38 [desktop] › tests/quiz.spec.ts:48:3 › Medium: complete every question and export the expected independent scores (8.1s)
  ✓   40 [desktop] › tests/quiz.spec.ts:48:3 › Comprehensive: complete every question and export the expected independent scores (11.4s)
  ✓   39 [desktop] › tests/quiz.spec.ts:48:3 › Long: complete every question and export the expected independent scores (13.9s)
  ✓   45 [desktop] › tests/quiz.spec.ts:160:1 › browser Back preserves the open session and leaving asks for confirmation (645ms)
  ✓   46 [desktop] › tests/quiz.spec.ts:174:1 › large desktop and small mobile layouts are readable, with both fonts loaded (641ms)
  ✓   43 [desktop] › tests/quiz.spec.ts:138:1 › blocked browser storage and corrupt imports never prevent completion or export (21.3s)
  ✓   42 [desktop] › tests/quiz.spec.ts:108:1 › history saves automatically, survives reload and supports import, deduplication and deletion (22.1s)
  ✓   49 [desktop] › tests/results.spec.ts:21:1 › profile layout, all endpoints, help controls and complementary percentages work at every width (1.9s)
  ✓   50 [desktop] › tests/results.spec.ts:75:1 › legacy results display and export their original method without recalculation (506ms)
  ✓   44 [desktop] › tests/quiz.spec.ts:148:1 › reviewing answers recalculates the result and final submission is always explicit (21.9s)
  ✓   51 [desktop] › tests/results.spec.ts:89:1 › empty history and saved cards are responsive, and saved profiles reopen after reload (1.3s)
  ✓   52 [desktop] › tests/results.spec.ts:129:1 › comparison fetch failure can be retried without losing the result (519ms)
  ✓   53 [desktop] › tests/results.spec.ts:141:1 › legacy results keep their scores and explain incompatible comparisons (436ms)
  ✓   48 [desktop] › tests/quiz.spec.ts:214:1 › a failed automatic save preserves the result and can be retried without duplicates (5.0s)
  ✓   56 [desktop] › tests/window-navigation.spec.ts:39:1 › all question wordings fit laptop, phone and landscape windows without scrolling or clipping (500ms)
  ✓   54 [desktop] › tests/window-navigation.spec.ts:4:1 › current-page links do not add history and Back/Forward restores each route without reloads (713ms)
(node:35642) Warning: The 'NO_COLOR' env is ignored due to the 'FORCE_COLOR' env being set.
(Use `node --trace-warnings ...` to show where the warning was created)
(node:35643) Warning: The 'NO_COLOR' env is ignored due to the 'FORCE_COLOR' env being set.
(Use `node --trace-warnings ...` to show where the warning was created)
  ✓   58 [mobile] › tests/catalogue.spec.ts:9:1 › withdrawn personality has no placements but preserves the historical assessment link (224ms)
  ✓   57 [mobile] › tests/catalogue.spec.ts:9:1 › withdrawn ideology has no placements but preserves the historical assessment link (313ms)
  ✓   60 [mobile] › tests/catalogue.spec.ts:95:1 › catalogue failures can be retried and missing profiles have a way back (307ms)
  ✓   61 [mobile] › tests/catalogue.spec.ts:108:1 › malformed catalogue data is not rendered as a profile (156ms)
  ✓   62 [mobile] › tests/catalogue.spec.ts:116:1 › ideology groups combine with search and show only pronounced placements (353ms)
  ✓   47 [desktop] › tests/quiz.spec.ts:195:1 › narrow results and invalid stored history stay usable without overwriting data (21.5s)
  ✓   63 [mobile] › tests/catalogue.spec.ts:144:1 › personality filters combine with search and clear together (330ms)
(node:35663) Warning: The 'NO_COLOR' env is ignored due to the 'FORCE_COLOR' env being set.
(Use `node --trace-warnings ...` to show where the warning was created)
  ✓   59 [mobile] › tests/catalogue.spec.ts:24:1 › all three catalogues browse, search and open full sourced assessments (1.9s)
  ✓   66 [mobile] › tests/home-strip.spec.ts:52:1 › strip loops evenly, pauses, resumes and stops for keyboard interaction (1.0s)
  ✓   67 [mobile] › tests/home-strip.spec.ts:79:1 › reduced motion allows manual scrolling without duplicate links or page overflow (460ms)
  ✓   68 [mobile] › tests/home-strip.spec.ts:95:3 › home offers catalogue links when profile data is empty (184ms)
  ✓   69 [mobile] › tests/home-strip.spec.ts:95:3 › home offers catalogue links when profile data is unavailable (177ms)
  ✓   70 [mobile] › tests/home-strip.spec.ts:95:3 › home offers catalogue links when profile data is invalid (171ms)
  ✓   71 [mobile] › tests/navigation.spec.ts:3:1 › quiz navigation never replaces the page with a loading screen (620ms)
  ✓   72 [mobile] › tests/navigation.spec.ts:26:3 › short: a direct quiz link and reload open a working first question (718ms)
  ✓   73 [mobile] › tests/navigation.spec.ts:26:3 › medium: a direct quiz link and reload open a working first question (702ms)
  ✘   64 [mobile] › tests/home-strip.spec.ts:39:1 › home strip uses explicit personality leaning metadata and falls back when absent (5.2s)
  ✓   74 [mobile] › tests/navigation.spec.ts:26:3 › long: a direct quiz link and reload open a working first question (720ms)
(node:35683) Warning: The 'NO_COLOR' env is ignored due to the 'FORCE_COLOR' env being set.
(Use `node --trace-warnings ...` to show where the warning was created)
  ✓   75 [mobile] › tests/navigation.spec.ts:46:1 › returning from the home page to an old quiz link starts normally (598ms)
  ✓   77 [mobile] › tests/navigation.spec.ts:58:1 › invalid quiz links show the usable format selector (269ms)
  ✓   76 [mobile] › tests/navigation.spec.ts:26:3 › comprehensive: a direct quiz link and reload open a working first question (743ms)
  ✓   78 [mobile] › tests/platform.spec.ts:4:1 › home loads Clarity City and clearly labels the example result (2.2s)
  ✘   65 [mobile] › tests/home-strip.spec.ts:8:1 › home strip uses published profiles and links to both types of detail page (8.2s)
  ✓   80 [mobile] › tests/platform.spec.ts:49:1 › catalogue pages are intentionally empty and link to the values (352ms)
(node:35695) Warning: The 'NO_COLOR' env is ignored due to the 'FORCE_COLOR' env being set.
(Use `node --trace-warnings ...` to show where the warning was created)
  ✓   82 [mobile] › tests/platform.spec.ts:61:1 › quiz format selection starts a real quiz (414ms)
  ✓   79 [mobile] › tests/platform.spec.ts:32:1 › Values navigation opens the home axes section from another page and on repeated clicks (3.9s)
  ✓   84 [mobile] › tests/platform.spec.ts:103:1 › removed and unrecognised routes offer a working return to home (416ms)
  ✘   83 [mobile] › tests/platform.spec.ts:93:1 › pages do not overflow at narrow widths or with reduced motion (1.2s)
  ✓   85 [mobile] › tests/platform.spec.ts:113:1 › skip link appears on keyboard focus and moves focus to the content (385ms)
  ✓   81 [mobile] › tests/platform.spec.ts:68:1 › navigation supports back, reload, current page, and keyboard focus (2.3s)
(node:35706) Warning: The 'NO_COLOR' env is ignored due to the 'FORCE_COLOR' env being set.
(Use `node --trace-warnings ...` to show where the warning was created)
  ✓   87 [mobile] › tests/platform.spec.ts:155:1 › mobile primary action precedes the example and is visible without scrolling (371ms)
  ✓   86 [mobile] › tests/platform.spec.ts:138:1 › resuming the strip works while the control retains focus (551ms)
  ✓   90 [mobile] › tests/platform.spec.ts:186:1 › feedback download works without submitting or storing the draft (305ms)
  ✓   91 [mobile] › tests/platform.spec.ts:200:1 › social preview assets resolve under the GitHub Pages subpath (206ms)
  ✓   92 [mobile] › tests/platform.spec.ts:211:1 › landing section navigation moves focus and returns to the top on the same route (474ms)
  ✓   88 [mobile] › tests/platform.spec.ts:128:1 › all four home format cards start their corresponding quiz (1.3s)
  ✓   89 [mobile] › tests/platform.spec.ts:166:1 › landing axis cards cover all 15 agreed axes and replace the old sections (1.2s)
  ✓   93 [mobile] › tests/quiz.spec.ts:48:3 › Short: complete every question and export the expected independent scores (5.6s)
  ✓   94 [mobile] › tests/quiz.spec.ts:48:3 › Medium: complete every question and export the expected independent scores (8.0s)
  ✓   97 [mobile] › tests/quiz.spec.ts:76:1 › back, edits, keyboard, auto-advance and restart keep answers consistent (2.9s)
  ✓   95 [mobile] › tests/quiz.spec.ts:48:3 › Long: complete every question and export the expected independent scores (13.7s)
  ✓   96 [mobile] › tests/quiz.spec.ts:48:3 › Comprehensive: complete every question and export the expected independent scores (10.1s)
  ✓   55 [desktop] › tests/window-navigation.spec.ts:25:1 › default auto advance completes a quiz and leaves the final submission explicit (36.1s)
(node:35758) Warning: The 'NO_COLOR' env is ignored due to the 'FORCE_COLOR' env being set.
(Use `node --trace-warnings ...` to show where the warning was created)
  ✓  101 [mobile] › tests/quiz.spec.ts:160:1 › browser Back preserves the open session and leaving asks for confirmation (682ms)
  ✓  102 [mobile] › tests/quiz.spec.ts:174:1 › large desktop and small mobile layouts are readable, with both fonts loaded (2.1s)
  ✓   98 [mobile] › tests/quiz.spec.ts:108:1 › history saves automatically, survives reload and supports import, deduplication and deletion (22.1s)
  ✓   99 [mobile] › tests/quiz.spec.ts:138:1 › blocked browser storage and corrupt imports never prevent completion or export (21.5s)
  ✓  100 [mobile] › tests/quiz.spec.ts:148:1 › reviewing answers recalculates the result and final submission is always explicit (22.0s)
  ✓  104 [mobile] › tests/quiz.spec.ts:214:1 › a failed automatic save preserves the result and can be retried without duplicates (5.1s)
  ✓  106 [mobile] › tests/results.spec.ts:75:1 › legacy results display and export their original method without recalculation (544ms)
  ✓  108 [mobile] › tests/results.spec.ts:129:1 › comparison fetch failure can be retried without losing the result (545ms)
  ✓  109 [mobile] › tests/results.spec.ts:141:1 › legacy results keep their scores and explain incompatible comparisons (455ms)
  ✓  110 [mobile] › tests/window-navigation.spec.ts:4:1 › current-page links do not add history and Back/Forward restores each route without reloads (724ms)
  ✓  105 [mobile] › tests/results.spec.ts:21:1 › profile layout, all endpoints, help controls and complementary percentages work at every width (4.9s)
  ✓  107 [mobile] › tests/results.spec.ts:89:1 › empty history and saved cards are responsive, and saved profiles reopen after reload (2.2s)
(node:35890) Warning: The 'NO_COLOR' env is ignored due to the 'FORCE_COLOR' env being set.
(Use `node --trace-warnings ...` to show where the warning was created)
  ✓  112 [mobile] › tests/window-navigation.spec.ts:39:1 › all question wordings fit laptop, phone and landscape windows without scrolling or clipping (1.4s)
(node:35908) Warning: The 'NO_COLOR' env is ignored due to the 'FORCE_COLOR' env being set.
(Use `node --trace-warnings ...` to show where the warning was created)
  ✓  113 [safari] › tests/catalogue.spec.ts:9:1 › withdrawn ideology has no placements but preserves the historical assessment link (929ms)
  ✓  114 [safari] › tests/catalogue.spec.ts:9:1 › withdrawn personality has no placements but preserves the historical assessment link (652ms)
  ✓  116 [safari] › tests/catalogue.spec.ts:95:1 › catalogue failures can be retried and missing profiles have a way back (449ms)
  ✓  117 [safari] › tests/catalogue.spec.ts:108:1 › malformed catalogue data is not rendered as a profile (355ms)
  ✓  118 [safari] › tests/catalogue.spec.ts:116:1 › ideology groups combine with search and show only pronounced placements (650ms)
  ✓  115 [safari] › tests/catalogue.spec.ts:24:1 › all three catalogues browse, search and open full sourced assessments (2.7s)
  ✓  119 [safari] › tests/catalogue.spec.ts:144:1 › personality filters combine with search and clear together (576ms)
  ✓  103 [mobile] › tests/quiz.spec.ts:195:1 › narrow results and invalid stored history stay usable without overwriting data (21.6s)
(node:35970) Warning: The 'NO_COLOR' env is ignored due to the 'FORCE_COLOR' env being set.
(Use `node --trace-warnings ...` to show where the warning was created)
  ✓  122 [safari] › tests/home-strip.spec.ts:52:1 › strip loops evenly, pauses, resumes and stops for keyboard interaction (1.5s)
  ✓  123 [safari] › tests/home-strip.spec.ts:79:1 › reduced motion allows manual scrolling without duplicate links or page overflow (650ms)
  ✓  124 [safari] › tests/home-strip.spec.ts:95:3 › home offers catalogue links when profile data is empty (422ms)
  ✓  125 [safari] › tests/home-strip.spec.ts:95:3 › home offers catalogue links when profile data is unavailable (419ms)
  ✓  126 [safari] › tests/home-strip.spec.ts:95:3 › home offers catalogue links when profile data is invalid (397ms)
  ✘  121 [safari] › tests/home-strip.spec.ts:39:1 › home strip uses explicit personality leaning metadata and falls back when absent (5.5s)
(node:36030) Warning: The 'NO_COLOR' env is ignored due to the 'FORCE_COLOR' env being set.
(Use `node --trace-warnings ...` to show where the warning was created)
  ✓  127 [safari] › tests/navigation.spec.ts:3:1 › quiz navigation never replaces the page with a loading screen (842ms)
  ✓  129 [safari] › tests/navigation.spec.ts:26:3 › medium: a direct quiz link and reload open a working first question (1.1s)
  ✓  128 [safari] › tests/navigation.spec.ts:26:3 › short: a direct quiz link and reload open a working first question (1.1s)
  ✓  130 [safari] › tests/navigation.spec.ts:26:3 › long: a direct quiz link and reload open a working first question (1.0s)
  ✓  131 [safari] › tests/navigation.spec.ts:26:3 › comprehensive: a direct quiz link and reload open a working first question (1.1s)
  ✓  133 [safari] › tests/navigation.spec.ts:58:1 › invalid quiz links show the usable format selector (530ms)
  ✘  120 [safari] › tests/home-strip.spec.ts:8:1 › home strip uses published profiles and links to both types of detail page (9.1s)
  ✓  132 [safari] › tests/navigation.spec.ts:46:1 › returning from the home page to an old quiz link starts normally (1.0s)
(node:36077) Warning: The 'NO_COLOR' env is ignored due to the 'FORCE_COLOR' env being set.
(Use `node --trace-warnings ...` to show where the warning was created)
  ✓  135 [safari] › tests/platform.spec.ts:49:1 › catalogue pages are intentionally empty and link to the values (612ms)
  ✓  137 [safari] › tests/platform.spec.ts:61:1 › quiz format selection starts a real quiz (686ms)
  ✓  134 [safari] › tests/platform.spec.ts:4:1 › home loads Clarity City and clearly labels the example result (1.8s)
  ✓  138 [safari] › tests/platform.spec.ts:68:1 › navigation supports back, reload, current page, and keyboard focus (955ms)
  ✘  139 [safari] › tests/platform.spec.ts:93:1 › pages do not overflow at narrow widths or with reduced motion (929ms)
  ✓  136 [safari] › tests/platform.spec.ts:32:1 › Values navigation opens the home axes section from another page and on repeated clicks (2.1s)
  ✓  140 [safari] › tests/platform.spec.ts:103:1 › removed and unrecognised routes offer a working return to home (541ms)
(node:36116) Warning: The 'NO_COLOR' env is ignored due to the 'FORCE_COLOR' env being set.
(Use `node --trace-warnings ...` to show where the warning was created)
  ✓  142 [safari] › tests/platform.spec.ts:138:1 › resuming the strip works while the control retains focus (1.1s)
  ✓  144 [safari] › tests/platform.spec.ts:155:1 › mobile primary action precedes the example and is visible without scrolling (799ms)
  ✓  143 [safari] › tests/platform.spec.ts:113:1 › skip link appears on keyboard focus and moves focus to the content (1.2s)
  ✓  141 [safari] › tests/platform.spec.ts:128:1 › all four home format cards start their corresponding quiz (2.2s)
  ✓  147 [safari] › tests/platform.spec.ts:200:1 › social preview assets resolve under the GitHub Pages subpath (884ms)
  ✓  146 [safari] › tests/platform.spec.ts:186:1 › feedback download works without submitting or storing the draft (1.1s)
  ✓  148 [safari] › tests/platform.spec.ts:211:1 › landing section navigation moves focus and returns to the top on the same route (782ms)
  ✓  145 [safari] › tests/platform.spec.ts:166:1 › landing axis cards cover all 15 agreed axes and replace the old sections (2.4s)
  ✓  149 [safari] › tests/quiz.spec.ts:48:3 › Short: complete every question and export the expected independent scores (7.8s)
  ✓  150 [safari] › tests/quiz.spec.ts:48:3 › Medium: complete every question and export the expected independent scores (11.2s)
  ✓  153 [safari] › tests/quiz.spec.ts:76:1 › back, edits, keyboard, auto-advance and restart keep answers consistent (3.6s)
  ✓  111 [mobile] › tests/window-navigation.spec.ts:25:1 › default auto advance completes a quiz and leaves the final submission explicit (36.8s)
(node:36195) Warning: The 'NO_COLOR' env is ignored due to the 'FORCE_COLOR' env being set.
(Use `node --trace-warnings ...` to show where the warning was created)
  ✓  152 [safari] › tests/quiz.spec.ts:48:3 › Comprehensive: complete every question and export the expected independent scores (9.6s)
  ✓  151 [safari] › tests/quiz.spec.ts:48:3 › Long: complete every question and export the expected independent scores (19.5s)
  ✓  157 [safari] › tests/quiz.spec.ts:160:1 › browser Back preserves the open session and leaving asks for confirmation (926ms)
  ✓  158 [safari] › tests/quiz.spec.ts:174:1 › large desktop and small mobile layouts are readable, with both fonts loaded (1.4s)
  ✓  154 [safari] › tests/quiz.spec.ts:108:1 › history saves automatically, survives reload and supports import, deduplication and deletion (29.4s)
  ✓  155 [safari] › tests/quiz.spec.ts:138:1 › blocked browser storage and corrupt imports never prevent completion or export (28.3s)
  ✓  156 [safari] › tests/quiz.spec.ts:148:1 › reviewing answers recalculates the result and final submission is always explicit (28.3s)
  ✓  162 [safari] › tests/results.spec.ts:75:1 › legacy results display and export their original method without recalculation (853ms)
  ✓  163 [safari] › tests/results.spec.ts:89:1 › empty history and saved cards are responsive, and saved profiles reopen after reload (1.7s)
  ✓  161 [safari] › tests/results.spec.ts:21:1 › profile layout, all endpoints, help controls and complementary percentages work at every width (3.1s)
  ✓  164 [safari] › tests/results.spec.ts:129:1 › comparison fetch failure can be retried without losing the result (710ms)
  ✓  165 [safari] › tests/results.spec.ts:141:1 › legacy results keep their scores and explain incompatible comparisons (612ms)
  ✓  166 [safari] › tests/window-navigation.spec.ts:4:1 › current-page links do not add history and Back/Forward restores each route without reloads (939ms)
  ✓  168 [safari] › tests/window-navigation.spec.ts:39:1 › all question wordings fit laptop, phone and landscape windows without scrolling or clipping (1.2s)
  ✓  159 [safari] › tests/quiz.spec.ts:195:1 › narrow results and invalid stored history stay usable without overwriting data (28.3s)
  ✓  160 [safari] › tests/quiz.spec.ts:214:1 › a failed automatic save preserves the result and can be retried without duplicates (7.3s)
  ✓  167 [safari] › tests/window-navigation.spec.ts:25:1 › default auto advance completes a quiz and leaves the final submission explicit (38.5s)


  1) [desktop] › tests/home-strip.spec.ts:8:1 › home strip uses published profiles and links to both types of detail page 

    Error: expect(locator).toHaveText(expected) failed

    Locator:  getByRole('region', { name: 'Explore ideologies and personalities' }).locator('a[href="#/personalities/abraham-lincoln"]').first().locator('small').last()
    Expected: "Unclassified"
    Received: "Centre"
    Timeout:  5000ms

    Call log:
      - Expect "toHaveText" getByRole('region', { name: 'Explore ideologies and personalities' }).locator('a[href="#/personalities/abraham-lincoln"]').first().locator('small').last() with timeout 5000ms
      - waiting for getByRole('region', { name: 'Explore ideologies and personalities' }).locator('a[href="#/personalities/abraham-lincoln"]').first().locator('small').last()
        14 × locator resolved to <small>Centre</small>
           - unexpected value "Centre"


      22 |       const label = ['Far-Left', 'Left', 'Centre', 'Right', 'Far-Right', 'Libertarian', 'Religious', 'Other']
      23 |         .find(label => label.replace('-', ' ').toLowerCase() === leaning) ?? 'Unclassified';
    > 24 |       await expect(card.locator('small').last()).toHaveText(label);
         |                                                  ^
      25 |     }
      26 |     await expect(card.locator('span').last()).toHaveText(profile.metadata.name.replace(/\s*\(.*\)$/, '').trim());
      27 |     await expect(card).toHaveAttribute('href', `#/${route}/${profile.id}`);
        at /Users/liam/Documents/GitHub/15values/frontend/tests/home-strip.spec.ts:24:50

    Error Context: test-results/home-strip-home-strip-uses-de6fb-o-both-types-of-detail-page-desktop/error-context.md

    attachment #2: trace (application/zip) ─────────────────────────────────────────────────────────
    test-results/home-strip-home-strip-uses-de6fb-o-both-types-of-detail-page-desktop/trace.zip
    Usage:

        npx playwright show-trace test-results/home-strip-home-strip-uses-de6fb-o-both-types-of-detail-page-desktop/trace.zip

    ────────────────────────────────────────────────────────────────────────────────────────────────

  2) [desktop] › tests/home-strip.spec.ts:39:1 › home strip uses explicit personality leaning metadata and falls back when absent 

    Error: expect(locator).toHaveText(expected) failed

    Locator:  getByRole('region', { name: 'Explore ideologies and personalities' }).locator('a[href="#/personalities/labelled"]').first().locator('small').last()
    Expected: "Far-Right"
    Received: "Unclassified"
    Timeout:  5000ms

    Call log:
      - Expect "toHaveText" getByRole('region', { name: 'Explore ideologies and personalities' }).locator('a[href="#/personalities/labelled"]').first().locator('small').last() with timeout 5000ms
      - waiting for getByRole('region', { name: 'Explore ideologies and personalities' }).locator('a[href="#/personalities/labelled"]').first().locator('small').last()
        14 × locator resolved to <small>Unclassified</small>
           - unexpected value "Unclassified"


      46 |   await page.goto('./');
      47 |   const strip = page.getByRole('region', { name: 'Explore ideologies and personalities' });
    > 48 |   await expect(strip.locator('a[href="#/personalities/labelled"]').first().locator('small').last()).toHaveText('Far-Right');
         |                                                                                                     ^
      49 |   await expect(strip.locator('a[href="#/personalities/unclassified"]').first().locator('small').last()).toHaveText('Unclassified');
      50 | });
      51 |
        at /Users/liam/Documents/GitHub/15values/frontend/tests/home-strip.spec.ts:48:101

    Error Context: test-results/home-strip-home-strip-uses-1e7a3--and-falls-back-when-absent-desktop/error-context.md

    attachment #2: trace (application/zip) ─────────────────────────────────────────────────────────
    test-results/home-strip-home-strip-uses-1e7a3--and-falls-back-when-absent-desktop/trace.zip
    Usage:

        npx playwright show-trace test-results/home-strip-home-strip-uses-1e7a3--and-falls-back-when-absent-desktop/trace.zip

    ────────────────────────────────────────────────────────────────────────────────────────────────

  3) [desktop] › tests/platform.spec.ts:93:1 › pages do not overflow at narrow widths or with reduced motion 

    Error: expect(received).toBe(expected) // Object.is equality

    Expected: true
    Received: false

       97 |     await page.goto(`./#/${route}`);
       98 |     await expect(page.getByRole('heading', { level: 1 })).toBeVisible();
    >  99 |     expect(await page.evaluate(() => document.documentElement.scrollWidth <= document.documentElement.clientWidth)).toBe(true);
          |                                                                                                                     ^
      100 |   }
      101 | });
      102 |
        at /Users/liam/Documents/GitHub/15values/frontend/tests/platform.spec.ts:99:117

    Error Context: test-results/platform-pages-do-not-over-c7cc6-dths-or-with-reduced-motion-desktop/error-context.md

    attachment #2: trace (application/zip) ─────────────────────────────────────────────────────────
    test-results/platform-pages-do-not-over-c7cc6-dths-or-with-reduced-motion-desktop/trace.zip
    Usage:

        npx playwright show-trace test-results/platform-pages-do-not-over-c7cc6-dths-or-with-reduced-motion-desktop/trace.zip

    ────────────────────────────────────────────────────────────────────────────────────────────────

  4) [mobile] › tests/home-strip.spec.ts:8:1 › home strip uses published profiles and links to both types of detail page 

    Error: expect(locator).toHaveText(expected) failed

    Locator:  getByRole('region', { name: 'Explore ideologies and personalities' }).locator('a[href="#/personalities/abraham-lincoln"]').first().locator('small').last()
    Expected: "Unclassified"
    Received: "Centre"
    Timeout:  5000ms

    Call log:
      - Expect "toHaveText" getByRole('region', { name: 'Explore ideologies and personalities' }).locator('a[href="#/personalities/abraham-lincoln"]').first().locator('small').last() with timeout 5000ms
      - waiting for getByRole('region', { name: 'Explore ideologies and personalities' }).locator('a[href="#/personalities/abraham-lincoln"]').first().locator('small').last()
        14 × locator resolved to <small>Centre</small>
           - unexpected value "Centre"


      22 |       const label = ['Far-Left', 'Left', 'Centre', 'Right', 'Far-Right', 'Libertarian', 'Religious', 'Other']
      23 |         .find(label => label.replace('-', ' ').toLowerCase() === leaning) ?? 'Unclassified';
    > 24 |       await expect(card.locator('small').last()).toHaveText(label);
         |                                                  ^
      25 |     }
      26 |     await expect(card.locator('span').last()).toHaveText(profile.metadata.name.replace(/\s*\(.*\)$/, '').trim());
      27 |     await expect(card).toHaveAttribute('href', `#/${route}/${profile.id}`);
        at /Users/liam/Documents/GitHub/15values/frontend/tests/home-strip.spec.ts:24:50

    Error Context: test-results/home-strip-home-strip-uses-de6fb-o-both-types-of-detail-page-mobile/error-context.md

    attachment #2: trace (application/zip) ─────────────────────────────────────────────────────────
    test-results/home-strip-home-strip-uses-de6fb-o-both-types-of-detail-page-mobile/trace.zip
    Usage:

        npx playwright show-trace test-results/home-strip-home-strip-uses-de6fb-o-both-types-of-detail-page-mobile/trace.zip

    ────────────────────────────────────────────────────────────────────────────────────────────────

  5) [mobile] › tests/home-strip.spec.ts:39:1 › home strip uses explicit personality leaning metadata and falls back when absent 

    Error: expect(locator).toHaveText(expected) failed

    Locator:  getByRole('region', { name: 'Explore ideologies and personalities' }).locator('a[href="#/personalities/labelled"]').first().locator('small').last()
    Expected: "Far-Right"
    Received: "Unclassified"
    Timeout:  5000ms

    Call log:
      - Expect "toHaveText" getByRole('region', { name: 'Explore ideologies and personalities' }).locator('a[href="#/personalities/labelled"]').first().locator('small').last() with timeout 5000ms
      - waiting for getByRole('region', { name: 'Explore ideologies and personalities' }).locator('a[href="#/personalities/labelled"]').first().locator('small').last()
        14 × locator resolved to <small>Unclassified</small>
           - unexpected value "Unclassified"


      46 |   await page.goto('./');
      47 |   const strip = page.getByRole('region', { name: 'Explore ideologies and personalities' });
    > 48 |   await expect(strip.locator('a[href="#/personalities/labelled"]').first().locator('small').last()).toHaveText('Far-Right');
         |                                                                                                     ^
      49 |   await expect(strip.locator('a[href="#/personalities/unclassified"]').first().locator('small').last()).toHaveText('Unclassified');
      50 | });
      51 |
        at /Users/liam/Documents/GitHub/15values/frontend/tests/home-strip.spec.ts:48:101

    Error Context: test-results/home-strip-home-strip-uses-1e7a3--and-falls-back-when-absent-mobile/error-context.md

    attachment #2: trace (application/zip) ─────────────────────────────────────────────────────────
    test-results/home-strip-home-strip-uses-1e7a3--and-falls-back-when-absent-mobile/trace.zip
    Usage:

        npx playwright show-trace test-results/home-strip-home-strip-uses-1e7a3--and-falls-back-when-absent-mobile/trace.zip

    ────────────────────────────────────────────────────────────────────────────────────────────────

  6) [mobile] › tests/platform.spec.ts:93:1 › pages do not overflow at narrow widths or with reduced motion 

    Error: expect(received).toBe(expected) // Object.is equality

    Expected: true
    Received: false

       97 |     await page.goto(`./#/${route}`);
       98 |     await expect(page.getByRole('heading', { level: 1 })).toBeVisible();
    >  99 |     expect(await page.evaluate(() => document.documentElement.scrollWidth <= document.documentElement.clientWidth)).toBe(true);
          |                                                                                                                     ^
      100 |   }
      101 | });
      102 |
        at /Users/liam/Documents/GitHub/15values/frontend/tests/platform.spec.ts:99:117

    Error Context: test-results/platform-pages-do-not-over-c7cc6-dths-or-with-reduced-motion-mobile/error-context.md

    attachment #2: trace (application/zip) ─────────────────────────────────────────────────────────
    test-results/platform-pages-do-not-over-c7cc6-dths-or-with-reduced-motion-mobile/trace.zip
    Usage:

        npx playwright show-trace test-results/platform-pages-do-not-over-c7cc6-dths-or-with-reduced-motion-mobile/trace.zip

    ────────────────────────────────────────────────────────────────────────────────────────────────

  7) [safari] › tests/home-strip.spec.ts:8:1 › home strip uses published profiles and links to both types of detail page 

    Error: expect(locator).toHaveText(expected) failed

    Locator:  getByRole('region', { name: 'Explore ideologies and personalities' }).locator('a[href="#/personalities/abraham-lincoln"]').first().locator('small').last()
    Expected: "Unclassified"
    Received: "Centre"
    Timeout:  5000ms

    Call log:
      - Expect "toHaveText" getByRole('region', { name: 'Explore ideologies and personalities' }).locator('a[href="#/personalities/abraham-lincoln"]').first().locator('small').last() with timeout 5000ms
      - waiting for getByRole('region', { name: 'Explore ideologies and personalities' }).locator('a[href="#/personalities/abraham-lincoln"]').first().locator('small').last()
        14 × locator resolved to <small>Centre</small>
           - unexpected value "Centre"


      22 |       const label = ['Far-Left', 'Left', 'Centre', 'Right', 'Far-Right', 'Libertarian', 'Religious', 'Other']
      23 |         .find(label => label.replace('-', ' ').toLowerCase() === leaning) ?? 'Unclassified';
    > 24 |       await expect(card.locator('small').last()).toHaveText(label);
         |                                                  ^
      25 |     }
      26 |     await expect(card.locator('span').last()).toHaveText(profile.metadata.name.replace(/\s*\(.*\)$/, '').trim());
      27 |     await expect(card).toHaveAttribute('href', `#/${route}/${profile.id}`);
        at /Users/liam/Documents/GitHub/15values/frontend/tests/home-strip.spec.ts:24:50

    Error Context: test-results/home-strip-home-strip-uses-de6fb-o-both-types-of-detail-page-safari/error-context.md

    attachment #2: trace (application/zip) ─────────────────────────────────────────────────────────
    test-results/home-strip-home-strip-uses-de6fb-o-both-types-of-detail-page-safari/trace.zip
    Usage:

        npx playwright show-trace test-results/home-strip-home-strip-uses-de6fb-o-both-types-of-detail-page-safari/trace.zip

    ────────────────────────────────────────────────────────────────────────────────────────────────

  8) [safari] › tests/home-strip.spec.ts:39:1 › home strip uses explicit personality leaning metadata and falls back when absent 

    Error: expect(locator).toHaveText(expected) failed

    Locator:  getByRole('region', { name: 'Explore ideologies and personalities' }).locator('a[href="#/personalities/labelled"]').first().locator('small').last()
    Expected: "Far-Right"
    Received: "Unclassified"
    Timeout:  5000ms

    Call log:
      - Expect "toHaveText" getByRole('region', { name: 'Explore ideologies and personalities' }).locator('a[href="#/personalities/labelled"]').first().locator('small').last() with timeout 5000ms
      - waiting for getByRole('region', { name: 'Explore ideologies and personalities' }).locator('a[href="#/personalities/labelled"]').first().locator('small').last()
        14 × locator resolved to <small>Unclassified</small>
           - unexpected value "Unclassified"


      46 |   await page.goto('./');
      47 |   const strip = page.getByRole('region', { name: 'Explore ideologies and personalities' });
    > 48 |   await expect(strip.locator('a[href="#/personalities/labelled"]').first().locator('small').last()).toHaveText('Far-Right');
         |                                                                                                     ^
      49 |   await expect(strip.locator('a[href="#/personalities/unclassified"]').first().locator('small').last()).toHaveText('Unclassified');
      50 | });
      51 |
        at /Users/liam/Documents/GitHub/15values/frontend/tests/home-strip.spec.ts:48:101

    Error Context: test-results/home-strip-home-strip-uses-1e7a3--and-falls-back-when-absent-safari/error-context.md

    attachment #2: trace (application/zip) ─────────────────────────────────────────────────────────
    test-results/home-strip-home-strip-uses-1e7a3--and-falls-back-when-absent-safari/trace.zip
    Usage:

        npx playwright show-trace test-results/home-strip-home-strip-uses-1e7a3--and-falls-back-when-absent-safari/trace.zip

    ────────────────────────────────────────────────────────────────────────────────────────────────

  9) [safari] › tests/platform.spec.ts:93:1 › pages do not overflow at narrow widths or with reduced motion 

    Error: expect(received).toBe(expected) // Object.is equality

    Expected: true
    Received: false

       97 |     await page.goto(`./#/${route}`);
       98 |     await expect(page.getByRole('heading', { level: 1 })).toBeVisible();
    >  99 |     expect(await page.evaluate(() => document.documentElement.scrollWidth <= document.documentElement.clientWidth)).toBe(true);
          |                                                                                                                     ^
      100 |   }
      101 | });
      102 |
        at /Users/liam/Documents/GitHub/15values/frontend/tests/platform.spec.ts:99:117

    Error Context: test-results/platform-pages-do-not-over-c7cc6-dths-or-with-reduced-motion-safari/error-context.md

    attachment #2: trace (application/zip) ─────────────────────────────────────────────────────────
    test-results/platform-pages-do-not-over-c7cc6-dths-or-with-reduced-motion-safari/trace.zip
    Usage:

        npx playwright show-trace test-results/platform-pages-do-not-over-c7cc6-dths-or-with-reduced-motion-safari/trace.zip

    ────────────────────────────────────────────────────────────────────────────────────────────────

  9 failed
    [desktop] › tests/home-strip.spec.ts:8:1 › home strip uses published profiles and links to both types of detail page 
    [desktop] › tests/home-strip.spec.ts:39:1 › home strip uses explicit personality leaning metadata and falls back when absent 
    [desktop] › tests/platform.spec.ts:93:1 › pages do not overflow at narrow widths or with reduced motion 
    [mobile] › tests/home-strip.spec.ts:8:1 › home strip uses published profiles and links to both types of detail page 
    [mobile] › tests/home-strip.spec.ts:39:1 › home strip uses explicit personality leaning metadata and falls back when absent 
    [mobile] › tests/platform.spec.ts:93:1 › pages do not overflow at narrow widths or with reduced motion 
    [safari] › tests/home-strip.spec.ts:8:1 › home strip uses published profiles and links to both types of detail page 
    [safari] › tests/home-strip.spec.ts:39:1 › home strip uses explicit personality leaning metadata and falls back when absent 
    [safari] › tests/platform.spec.ts:93:1 › pages do not overflow at narrow widths or with reduced motion 
  159 passed (3.5m)
