
> 15-values-quiz@0.0.0 test:e2e
> playwright test


Running 171 tests using 4 workers

(node:39560) Warning: The 'NO_COLOR' env is ignored due to the 'FORCE_COLOR' env being set.
(Use `node --trace-warnings ...` to show where the warning was created)
(node:39559) Warning: The 'NO_COLOR' env is ignored due to the 'FORCE_COLOR' env being set.
(Use `node --trace-warnings ...` to show where the warning was created)
(node:39562) Warning: The 'NO_COLOR' env is ignored due to the 'FORCE_COLOR' env being set.
(Use `node --trace-warnings ...` to show where the warning was created)
(node:39561) Warning: The 'NO_COLOR' env is ignored due to the 'FORCE_COLOR' env being set.
(Use `node --trace-warnings ...` to show where the warning was created)
  ✓    3 [desktop] › tests/catalogue.spec.ts:95:1 › catalogue failures can be retried and missing profiles have a way back (741ms)
  ✓    1 [desktop] › tests/catalogue.spec.ts:9:1 › withdrawn personality has no placements but preserves the historical assessment link (716ms)
  ✓    2 [desktop] › tests/catalogue.spec.ts:9:1 › withdrawn ideology has no placements but preserves the historical assessment link (886ms)
  ✓    5 [desktop] › tests/catalogue.spec.ts:108:1 › malformed catalogue data is not rendered as a profile (343ms)
  ✓    6 [desktop] › tests/catalogue.spec.ts:116:1 › ideology groups combine with search and show only pronounced placements (776ms)
  ✓    7 [desktop] › tests/catalogue.spec.ts:144:1 › personality filters combine with search and clear together (827ms)
  ✓    4 [desktop] › tests/catalogue.spec.ts:24:1 › all three catalogues browse, search and open full sourced assessments (3.3s)
  ✓   10 [desktop] › tests/home-strip.spec.ts:52:1 › strip loops evenly, pauses, resumes and stops for keyboard interaction (1.5s)
  ✓   12 [desktop] › tests/home-strip.spec.ts:95:3 › home offers catalogue links when profile data is empty (345ms)
  ✓   11 [desktop] › tests/home-strip.spec.ts:79:1 › reduced motion allows manual scrolling without duplicate links or page overflow (656ms)
  ✓   13 [desktop] › tests/home-strip.spec.ts:95:3 › home offers catalogue links when profile data is unavailable (271ms)
  ✓   14 [desktop] › tests/home-strip.spec.ts:95:3 › home offers catalogue links when profile data is invalid (357ms)
  ✓   15 [desktop] › tests/navigation.spec.ts:3:1 › quiz navigation never replaces the page with a loading screen (642ms)
  ✓   16 [desktop] › tests/navigation.spec.ts:26:3 › short: a direct quiz link and reload open a working first question (885ms)
  ✓   17 [desktop] › tests/navigation.spec.ts:26:3 › medium: a direct quiz link and reload open a working first question (907ms)
  ✓   18 [desktop] › tests/navigation.spec.ts:26:3 › long: a direct quiz link and reload open a working first question (875ms)
  ✓   19 [desktop] › tests/navigation.spec.ts:26:3 › comprehensive: a direct quiz link and reload open a working first question (814ms)
  ✓   21 [desktop] › tests/navigation.spec.ts:58:1 › invalid quiz links show the usable format selector (343ms)
  ✓   20 [desktop] › tests/navigation.spec.ts:46:1 › returning from the home page to an old quiz link starts normally (714ms)
  ✘    9 [desktop] › tests/home-strip.spec.ts:39:1 › home strip uses explicit personality leaning metadata and falls back when absent (5.4s)
(node:39626) Warning: The 'NO_COLOR' env is ignored due to the 'FORCE_COLOR' env being set.
(Use `node --trace-warnings ...` to show where the warning was created)
  ✓   22 [desktop] › tests/platform.spec.ts:4:1 › home loads Clarity City and clearly labels the example result (1.4s)
  ✓   24 [desktop] › tests/platform.spec.ts:49:1 › catalogue pages are intentionally empty and link to the values (517ms)
  ✓   25 [desktop] › tests/platform.spec.ts:61:1 › quiz format selection starts a real quiz (486ms)
  ✓   27 [desktop] › tests/platform.spec.ts:93:1 › pages do not overflow at narrow widths or with reduced motion (726ms)
  ✓   23 [desktop] › tests/platform.spec.ts:32:1 › Values navigation opens the home axes section from another page and on repeated clicks (3.0s)
  ✓   28 [desktop] › tests/platform.spec.ts:103:1 › removed and unrecognised routes offer a working return to home (680ms)
  ✓   26 [desktop] › tests/platform.spec.ts:68:1 › navigation supports back, reload, current page, and keyboard focus (1.6s)
  ✓   29 [desktop] › tests/platform.spec.ts:113:1 › skip link appears on keyboard focus and moves focus to the content (374ms)
  ✓   32 [desktop] › tests/platform.spec.ts:155:1 › mobile primary action precedes the example and is visible without scrolling (381ms)
  ✓   31 [desktop] › tests/platform.spec.ts:138:1 › resuming the strip works while the control retains focus (1.1s)
  ✓   30 [desktop] › tests/platform.spec.ts:128:1 › all four home format cards start their corresponding quiz (2.5s)
  ✓   34 [desktop] › tests/platform.spec.ts:186:1 › feedback download works without submitting or storing the draft (1.5s)
  ✓   35 [desktop] › tests/platform.spec.ts:200:1 › social preview assets resolve under the GitHub Pages subpath (815ms)
  ✘    8 [desktop] › tests/home-strip.spec.ts:8:1 › home strip uses published profiles and links to both types of detail page (11.2s)
  ✓   36 [desktop] › tests/platform.spec.ts:211:1 › landing section navigation moves focus and returns to the top on the same route (850ms)
  ✓   33 [desktop] › tests/platform.spec.ts:166:1 › landing axis cards cover all 15 agreed axes and replace the old sections (3.2s)
(node:39685) Warning: The 'NO_COLOR' env is ignored due to the 'FORCE_COLOR' env being set.
(Use `node --trace-warnings ...` to show where the warning was created)
  ✓   37 [desktop] › tests/quiz.spec.ts:48:3 › Short: complete every question and export the expected independent scores (7.0s)
  ✓   41 [desktop] › tests/quiz.spec.ts:76:1 › back, edits, keyboard, auto-advance and restart keep answers consistent (3.7s)
  ✓   40 [desktop] › tests/quiz.spec.ts:48:3 › Medium: complete every question and export the expected independent scores (10.9s)
  ✓   38 [desktop] › tests/quiz.spec.ts:48:3 › Long: complete every question and export the expected independent scores (18.1s)
  ✓   39 [desktop] › tests/quiz.spec.ts:48:3 › Comprehensive: complete every question and export the expected independent scores (20.8s)
  ✓   45 [desktop] › tests/quiz.spec.ts:160:1 › browser Back preserves the open session and leaving asks for confirmation (773ms)
  ✓   46 [desktop] › tests/quiz.spec.ts:174:1 › large desktop and small mobile layouts are readable, with both fonts loaded (942ms)
  ✓   42 [desktop] › tests/quiz.spec.ts:108:1 › history saves automatically, survives reload and supports import, deduplication and deletion (26.1s)
  ✓   43 [desktop] › tests/quiz.spec.ts:138:1 › blocked browser storage and corrupt imports never prevent completion or export (24.9s)
  ✓   49 [desktop] › tests/results.spec.ts:22:1 › profile layout, all endpoints, help controls and complementary percentages work at every width (4.8s)
  ✓   50 [desktop] › tests/results.spec.ts:82:1 › legacy results display and export their original method without recalculation (724ms)
  ✓   44 [desktop] › tests/quiz.spec.ts:148:1 › reviewing answers recalculates the result and final submission is always explicit (25.3s)
  ✓   52 [desktop] › tests/results.spec.ts:136:1 › comparison fetch failure can be retried without losing the result (1.3s)
  ✓   53 [desktop] › tests/results.spec.ts:148:1 › legacy results keep their scores and explain incompatible comparisons (1.3s)
  ✓   51 [desktop] › tests/results.spec.ts:96:1 › empty history and saved cards are responsive, and saved profiles reopen after reload (3.3s)
  ✓   55 [desktop] › tests/window-navigation.spec.ts:4:1 › current-page links do not add history and Back/Forward restores each route without reloads (1.8s)
  ✘   48 [desktop] › tests/quiz.spec.ts:214:1 › a failed automatic save preserves the result and can be retried without duplicates (11.4s)
  ✓   47 [desktop] › tests/quiz.spec.ts:195:1 › narrow results and invalid stored history stay usable without overwriting data (26.1s)
  ✓   54 [desktop] › tests/results.spec.ts:156:1 › searchable comparison picker scrolls, supports keyboard selection and compares ideologies and personalities (3.2s)
(node:40088) Warning: The 'NO_COLOR' env is ignored due to the 'FORCE_COLOR' env being set.
(Use `node --trace-warnings ...` to show where the warning was created)
(node:40089) Warning: The 'NO_COLOR' env is ignored due to the 'FORCE_COLOR' env being set.
(Use `node --trace-warnings ...` to show where the warning was created)
(node:40090) Warning: The 'NO_COLOR' env is ignored due to the 'FORCE_COLOR' env being set.
(Use `node --trace-warnings ...` to show where the warning was created)
  ✓   58 [mobile] › tests/catalogue.spec.ts:9:1 › withdrawn ideology has no placements but preserves the historical assessment link (493ms)
  ✓   57 [desktop] › tests/window-navigation.spec.ts:39:1 › all question wordings fit laptop, phone and landscape windows without scrolling or clipping (707ms)
  ✓   59 [mobile] › tests/catalogue.spec.ts:9:1 › withdrawn personality has no placements but preserves the historical assessment link (354ms)
  ✓   61 [mobile] › tests/catalogue.spec.ts:108:1 › malformed catalogue data is not rendered as a profile (187ms)
(node:40105) Warning: The 'NO_COLOR' env is ignored due to the 'FORCE_COLOR' env being set.
(Use `node --trace-warnings ...` to show where the warning was created)
  ✓   62 [mobile] › tests/catalogue.spec.ts:116:1 › ideology groups combine with search and show only pronounced placements (369ms)
  ✓   63 [mobile] › tests/catalogue.spec.ts:95:1 › catalogue failures can be retried and missing profiles have a way back (326ms)
  ✓   64 [mobile] › tests/catalogue.spec.ts:144:1 › personality filters combine with search and clear together (351ms)
  ✓   60 [mobile] › tests/catalogue.spec.ts:24:1 › all three catalogues browse, search and open full sourced assessments (2.1s)
  ✓   67 [mobile] › tests/home-strip.spec.ts:52:1 › strip loops evenly, pauses, resumes and stops for keyboard interaction (999ms)
  ✓   68 [mobile] › tests/home-strip.spec.ts:79:1 › reduced motion allows manual scrolling without duplicate links or page overflow (465ms)
  ✓   69 [mobile] › tests/home-strip.spec.ts:95:3 › home offers catalogue links when profile data is empty (173ms)
  ✓   70 [mobile] › tests/home-strip.spec.ts:95:3 › home offers catalogue links when profile data is unavailable (173ms)
  ✓   71 [mobile] › tests/home-strip.spec.ts:95:3 › home offers catalogue links when profile data is invalid (176ms)
  ✓   72 [mobile] › tests/navigation.spec.ts:3:1 › quiz navigation never replaces the page with a loading screen (590ms)
  ✓   73 [mobile] › tests/navigation.spec.ts:26:3 › short: a direct quiz link and reload open a working first question (684ms)
  ✓   74 [mobile] › tests/navigation.spec.ts:26:3 › medium: a direct quiz link and reload open a working first question (726ms)
  ✘   66 [mobile] › tests/home-strip.spec.ts:39:1 › home strip uses explicit personality leaning metadata and falls back when absent (5.2s)
(node:40131) Warning: The 'NO_COLOR' env is ignored due to the 'FORCE_COLOR' env being set.
(Use `node --trace-warnings ...` to show where the warning was created)
  ✓   75 [mobile] › tests/navigation.spec.ts:26:3 › long: a direct quiz link and reload open a working first question (723ms)
  ✓   76 [mobile] › tests/navigation.spec.ts:26:3 › comprehensive: a direct quiz link and reload open a working first question (753ms)
  ✓   77 [mobile] › tests/navigation.spec.ts:46:1 › returning from the home page to an old quiz link starts normally (725ms)
  ✓   78 [mobile] › tests/navigation.spec.ts:58:1 › invalid quiz links show the usable format selector (322ms)
  ✘   65 [mobile] › tests/home-strip.spec.ts:8:1 › home strip uses published profiles and links to both types of detail page (8.1s)
(node:40155) Warning: The 'NO_COLOR' env is ignored due to the 'FORCE_COLOR' env being set.
(Use `node --trace-warnings ...` to show where the warning was created)
  ✓   79 [mobile] › tests/platform.spec.ts:4:1 › home loads Clarity City and clearly labels the example result (2.2s)
  ✓   81 [mobile] › tests/platform.spec.ts:49:1 › catalogue pages are intentionally empty and link to the values (381ms)
  ✓   82 [mobile] › tests/platform.spec.ts:61:1 › quiz format selection starts a real quiz (398ms)
  ✓   84 [mobile] › tests/platform.spec.ts:93:1 › pages do not overflow at narrow widths or with reduced motion (1.0s)
  ✓   85 [mobile] › tests/platform.spec.ts:103:1 › removed and unrecognised routes offer a working return to home (407ms)
  ✓   86 [mobile] › tests/platform.spec.ts:113:1 › skip link appears on keyboard focus and moves focus to the content (197ms)
  ✓   80 [mobile] › tests/platform.spec.ts:32:1 › Values navigation opens the home axes section from another page and on repeated clicks (4.3s)
  ✓   83 [mobile] › tests/platform.spec.ts:68:1 › navigation supports back, reload, current page, and keyboard focus (2.3s)
  ✓   88 [mobile] › tests/platform.spec.ts:138:1 › resuming the strip works while the control retains focus (562ms)
  ✓   89 [mobile] › tests/platform.spec.ts:155:1 › mobile primary action precedes the example and is visible without scrolling (382ms)
  ✓   87 [mobile] › tests/platform.spec.ts:128:1 › all four home format cards start their corresponding quiz (1.2s)
  ✓   91 [mobile] › tests/platform.spec.ts:186:1 › feedback download works without submitting or storing the draft (289ms)
  ✓   92 [mobile] › tests/platform.spec.ts:200:1 › social preview assets resolve under the GitHub Pages subpath (333ms)
  ✓   93 [mobile] › tests/platform.spec.ts:211:1 › landing section navigation moves focus and returns to the top on the same route (469ms)
  ✓   90 [mobile] › tests/platform.spec.ts:166:1 › landing axis cards cover all 15 agreed axes and replace the old sections (1.1s)
  ✓   94 [mobile] › tests/quiz.spec.ts:48:3 › Short: complete every question and export the expected independent scores (5.6s)
  ✓   95 [mobile] › tests/quiz.spec.ts:48:3 › Medium: complete every question and export the expected independent scores (8.0s)
  ✓   98 [mobile] › tests/quiz.spec.ts:76:1 › back, edits, keyboard, auto-advance and restart keep answers consistent (3.0s)
  ✓   96 [mobile] › tests/quiz.spec.ts:48:3 › Long: complete every question and export the expected independent scores (13.9s)
  ✓   97 [mobile] › tests/quiz.spec.ts:48:3 › Comprehensive: complete every question and export the expected independent scores (11.1s)
  ✓   56 [desktop] › tests/window-navigation.spec.ts:25:1 › default auto advance completes a quiz and leaves the final submission explicit (36.6s)
(node:40309) Warning: The 'NO_COLOR' env is ignored due to the 'FORCE_COLOR' env being set.
(Use `node --trace-warnings ...` to show where the warning was created)
  ✓  102 [mobile] › tests/quiz.spec.ts:160:1 › browser Back preserves the open session and leaving asks for confirmation (645ms)
  ✓  103 [mobile] › tests/quiz.spec.ts:174:1 › large desktop and small mobile layouts are readable, with both fonts loaded (2.2s)
  ✓   99 [mobile] › tests/quiz.spec.ts:108:1 › history saves automatically, survives reload and supports import, deduplication and deletion (22.3s)
  ✓  100 [mobile] › tests/quiz.spec.ts:138:1 › blocked browser storage and corrupt imports never prevent completion or export (21.5s)
  ✓  105 [mobile] › tests/quiz.spec.ts:214:1 › a failed automatic save preserves the result and can be retried without duplicates (4.9s)
  ✓  101 [mobile] › tests/quiz.spec.ts:148:1 › reviewing answers recalculates the result and final submission is always explicit (22.0s)
  ✓  107 [mobile] › tests/results.spec.ts:82:1 › legacy results display and export their original method without recalculation (510ms)
  ✓  109 [mobile] › tests/results.spec.ts:136:1 › comparison fetch failure can be retried without losing the result (495ms)
  ✓  110 [mobile] › tests/results.spec.ts:148:1 › legacy results keep their scores and explain incompatible comparisons (436ms)
  ✓  106 [mobile] › tests/results.spec.ts:22:1 › profile layout, all endpoints, help controls and complementary percentages work at every width (4.9s)
  ✓  108 [mobile] › tests/results.spec.ts:96:1 › empty history and saved cards are responsive, and saved profiles reopen after reload (2.3s)
  ✓  112 [mobile] › tests/window-navigation.spec.ts:4:1 › current-page links do not add history and Back/Forward restores each route without reloads (699ms)
  ✓  114 [mobile] › tests/window-navigation.spec.ts:39:1 › all question wordings fit laptop, phone and landscape windows without scrolling or clipping (1.3s)
(node:40471) Warning: The 'NO_COLOR' env is ignored due to the 'FORCE_COLOR' env being set.
(Use `node --trace-warnings ...` to show where the warning was created)
  ✓  111 [mobile] › tests/results.spec.ts:156:1 › searchable comparison picker scrolls, supports keyboard selection and compares ideologies and personalities (4.0s)
(node:40483) Warning: The 'NO_COLOR' env is ignored due to the 'FORCE_COLOR' env being set.
(Use `node --trace-warnings ...` to show where the warning was created)
  ✓  115 [safari] › tests/catalogue.spec.ts:9:1 › withdrawn ideology has no placements but preserves the historical assessment link (860ms)
  ✓  116 [safari] › tests/catalogue.spec.ts:9:1 › withdrawn personality has no placements but preserves the historical assessment link (558ms)
  ✓  118 [safari] › tests/catalogue.spec.ts:95:1 › catalogue failures can be retried and missing profiles have a way back (446ms)
  ✓  119 [safari] › tests/catalogue.spec.ts:108:1 › malformed catalogue data is not rendered as a profile (348ms)
  ✓  104 [mobile] › tests/quiz.spec.ts:195:1 › narrow results and invalid stored history stay usable without overwriting data (21.6s)
  ✓  120 [safari] › tests/catalogue.spec.ts:116:1 › ideology groups combine with search and show only pronounced placements (583ms)
(node:40503) Warning: The 'NO_COLOR' env is ignored due to the 'FORCE_COLOR' env being set.
(Use `node --trace-warnings ...` to show where the warning was created)
  ✓  117 [safari] › tests/catalogue.spec.ts:24:1 › all three catalogues browse, search and open full sourced assessments (2.4s)
  ✓  122 [safari] › tests/catalogue.spec.ts:144:1 › personality filters combine with search and clear together (763ms)
  ✓  124 [safari] › tests/home-strip.spec.ts:52:1 › strip loops evenly, pauses, resumes and stops for keyboard interaction (1.2s)
  ✓  125 [safari] › tests/home-strip.spec.ts:79:1 › reduced motion allows manual scrolling without duplicate links or page overflow (602ms)
  ✓  126 [safari] › tests/home-strip.spec.ts:95:3 › home offers catalogue links when profile data is empty (390ms)
  ✓  127 [safari] › tests/home-strip.spec.ts:95:3 › home offers catalogue links when profile data is unavailable (385ms)
  ✓  128 [safari] › tests/home-strip.spec.ts:95:3 › home offers catalogue links when profile data is invalid (392ms)
  ✓  129 [safari] › tests/navigation.spec.ts:3:1 › quiz navigation never replaces the page with a loading screen (762ms)
  ✘  123 [safari] › tests/home-strip.spec.ts:39:1 › home strip uses explicit personality leaning metadata and falls back when absent (5.5s)
  ✓  130 [safari] › tests/navigation.spec.ts:26:3 › short: a direct quiz link and reload open a working first question (951ms)
(node:40557) Warning: The 'NO_COLOR' env is ignored due to the 'FORCE_COLOR' env being set.
(Use `node --trace-warnings ...` to show where the warning was created)
  ✓  131 [safari] › tests/navigation.spec.ts:26:3 › long: a direct quiz link and reload open a working first question (983ms)
  ✓  132 [safari] › tests/navigation.spec.ts:26:3 › medium: a direct quiz link and reload open a working first question (1.1s)
  ✓  133 [safari] › tests/navigation.spec.ts:26:3 › comprehensive: a direct quiz link and reload open a working first question (917ms)
  ✓  135 [safari] › tests/navigation.spec.ts:58:1 › invalid quiz links show the usable format selector (487ms)
  ✘  121 [safari] › tests/home-strip.spec.ts:8:1 › home strip uses published profiles and links to both types of detail page (8.1s)
  ✓  134 [safari] › tests/navigation.spec.ts:46:1 › returning from the home page to an old quiz link starts normally (991ms)
(node:40578) Warning: The 'NO_COLOR' env is ignored due to the 'FORCE_COLOR' env being set.
(Use `node --trace-warnings ...` to show where the warning was created)
  ✓  137 [safari] › tests/platform.spec.ts:49:1 › catalogue pages are intentionally empty and link to the values (538ms)
  ✓  139 [safari] › tests/platform.spec.ts:61:1 › quiz format selection starts a real quiz (596ms)
  ✓  136 [safari] › tests/platform.spec.ts:4:1 › home loads Clarity City and clearly labels the example result (1.7s)
  ✓  140 [safari] › tests/platform.spec.ts:68:1 › navigation supports back, reload, current page, and keyboard focus (776ms)
  ✓  141 [safari] › tests/platform.spec.ts:93:1 › pages do not overflow at narrow widths or with reduced motion (557ms)
  ✓  138 [safari] › tests/platform.spec.ts:32:1 › Values navigation opens the home axes section from another page and on repeated clicks (1.9s)
  ✓  142 [safari] › tests/platform.spec.ts:103:1 › removed and unrecognised routes offer a working return to home (619ms)
  ✓  143 [safari] › tests/platform.spec.ts:113:1 › skip link appears on keyboard focus and moves focus to the content (609ms)
  ✓  146 [safari] › tests/platform.spec.ts:155:1 › mobile primary action precedes the example and is visible without scrolling (534ms)
  ✓  145 [safari] › tests/platform.spec.ts:138:1 › resuming the strip works while the control retains focus (786ms)
  ✓  148 [safari] › tests/platform.spec.ts:186:1 › feedback download works without submitting or storing the draft (631ms)
  ✓  144 [safari] › tests/platform.spec.ts:128:1 › all four home format cards start their corresponding quiz (1.6s)
  ✓  149 [safari] › tests/platform.spec.ts:200:1 › social preview assets resolve under the GitHub Pages subpath (517ms)
  ✓  150 [safari] › tests/platform.spec.ts:211:1 › landing section navigation moves focus and returns to the top on the same route (692ms)
  ✓  147 [safari] › tests/platform.spec.ts:166:1 › landing axis cards cover all 15 agreed axes and replace the old sections (1.7s)
  ✓  151 [safari] › tests/quiz.spec.ts:48:3 › Short: complete every question and export the expected independent scores (7.2s)
  ✓  152 [safari] › tests/quiz.spec.ts:48:3 › Medium: complete every question and export the expected independent scores (10.9s)
  ✓  155 [safari] › tests/quiz.spec.ts:76:1 › back, edits, keyboard, auto-advance and restart keep answers consistent (3.5s)
  ✓  154 [safari] › tests/quiz.spec.ts:48:3 › Comprehensive: complete every question and export the expected independent scores (9.1s)
  ✓  113 [mobile] › tests/window-navigation.spec.ts:25:1 › default auto advance completes a quiz and leaves the final submission explicit (36.1s)
(node:40669) Warning: The 'NO_COLOR' env is ignored due to the 'FORCE_COLOR' env being set.
(Use `node --trace-warnings ...` to show where the warning was created)
  ✓  153 [safari] › tests/quiz.spec.ts:48:3 › Long: complete every question and export the expected independent scores (19.0s)
  ✓  159 [safari] › tests/quiz.spec.ts:160:1 › browser Back preserves the open session and leaving asks for confirmation (1.0s)
  ✓  160 [safari] › tests/quiz.spec.ts:174:1 › large desktop and small mobile layouts are readable, with both fonts loaded (1.4s)
  ✓  156 [safari] › tests/quiz.spec.ts:108:1 › history saves automatically, survives reload and supports import, deduplication and deletion (28.4s)
  ✓  157 [safari] › tests/quiz.spec.ts:138:1 › blocked browser storage and corrupt imports never prevent completion or export (27.6s)
  ✓  158 [safari] › tests/quiz.spec.ts:148:1 › reviewing answers recalculates the result and final submission is always explicit (28.3s)
  ✓  163 [safari] › tests/results.spec.ts:22:1 › profile layout, all endpoints, help controls and complementary percentages work at every width (3.1s)
  ✓  164 [safari] › tests/results.spec.ts:82:1 › legacy results display and export their original method without recalculation (686ms)
  ✓  166 [safari] › tests/results.spec.ts:136:1 › comparison fetch failure can be retried without losing the result (710ms)
  ✓  167 [safari] › tests/results.spec.ts:148:1 › legacy results keep their scores and explain incompatible comparisons (587ms)
  ✓  165 [safari] › tests/results.spec.ts:96:1 › empty history and saved cards are responsive, and saved profiles reopen after reload (1.7s)
  ✓  169 [safari] › tests/window-navigation.spec.ts:4:1 › current-page links do not add history and Back/Forward restores each route without reloads (811ms)
  ✓  161 [safari] › tests/quiz.spec.ts:195:1 › narrow results and invalid stored history stay usable without overwriting data (27.9s)
  ✓  162 [safari] › tests/quiz.spec.ts:214:1 › a failed automatic save preserves the result and can be retried without duplicates (7.1s)
  ✓  171 [safari] › tests/window-navigation.spec.ts:39:1 › all question wordings fit laptop, phone and landscape windows without scrolling or clipping (1.2s)
  ✓  168 [safari] › tests/results.spec.ts:156:1 › searchable comparison picker scrolls, supports keyboard selection and compares ideologies and personalities (2.6s)
  ✓  170 [safari] › tests/window-navigation.spec.ts:25:1 › default auto advance completes a quiz and leaves the final submission explicit (38.6s)


  1) [desktop] › tests/home-strip.spec.ts:8:1 › home strip uses published profiles and links to both types of detail page 

    Error: expect(locator).toHaveText(expected) failed

    Locator:  getByRole('region', { name: 'Explore ideologies and personalities' }).locator('a[href="#/personalities/abraham-lincoln"]').first().locator('small').last()
    Expected: "Unclassified"
    Received: "Centre"
    Timeout:  5000ms

    Call log:
      - Expect "toHaveText" getByRole('region', { name: 'Explore ideologies and personalities' }).locator('a[href="#/personalities/abraham-lincoln"]').first().locator('small').last() with timeout 5000ms
      - waiting for getByRole('region', { name: 'Explore ideologies and personalities' }).locator('a[href="#/personalities/abraham-lincoln"]').first().locator('small').last()
        14 × locator resolved to <small>Centre</small>
           - unexpected value "Centre"


      22 |       const label = ['Far-Left', 'Left', 'Centre', 'Right', 'Far-Right', 'Libertarian', 'Religious', 'Other']
      23 |         .find(label => label.replace('-', ' ').toLowerCase() === leaning) ?? 'Unclassified';
    > 24 |       await expect(card.locator('small').last()).toHaveText(label);
         |                                                  ^
      25 |     }
      26 |     await expect(card.locator('span').last()).toHaveText(profile.metadata.name.replace(/\s*\(.*\)$/, '').trim());
      27 |     await expect(card).toHaveAttribute('href', `#/${route}/${profile.id}`);
        at /Users/liam/Documents/GitHub/15values/frontend/tests/home-strip.spec.ts:24:50

    Error Context: test-results/home-strip-home-strip-uses-de6fb-o-both-types-of-detail-page-desktop/error-context.md

    attachment #2: trace (application/zip) ─────────────────────────────────────────────────────────
    test-results/home-strip-home-strip-uses-de6fb-o-both-types-of-detail-page-desktop/trace.zip
    Usage:

        npx playwright show-trace test-results/home-strip-home-strip-uses-de6fb-o-both-types-of-detail-page-desktop/trace.zip

    ────────────────────────────────────────────────────────────────────────────────────────────────

  2) [desktop] › tests/home-strip.spec.ts:39:1 › home strip uses explicit personality leaning metadata and falls back when absent 

    Error: expect(locator).toHaveText(expected) failed

    Locator:  getByRole('region', { name: 'Explore ideologies and personalities' }).locator('a[href="#/personalities/labelled"]').first().locator('small').last()
    Expected: "Far-Right"
    Received: "Unclassified"
    Timeout:  5000ms

    Call log:
      - Expect "toHaveText" getByRole('region', { name: 'Explore ideologies and personalities' }).locator('a[href="#/personalities/labelled"]').first().locator('small').last() with timeout 5000ms
      - waiting for getByRole('region', { name: 'Explore ideologies and personalities' }).locator('a[href="#/personalities/labelled"]').first().locator('small').last()
        14 × locator resolved to <small>Unclassified</small>
           - unexpected value "Unclassified"


      46 |   await page.goto('./');
      47 |   const strip = page.getByRole('region', { name: 'Explore ideologies and personalities' });
    > 48 |   await expect(strip.locator('a[href="#/personalities/labelled"]').first().locator('small').last()).toHaveText('Far-Right');
         |                                                                                                     ^
      49 |   await expect(strip.locator('a[href="#/personalities/unclassified"]').first().locator('small').last()).toHaveText('Unclassified');
      50 | });
      51 |
        at /Users/liam/Documents/GitHub/15values/frontend/tests/home-strip.spec.ts:48:101

    Error Context: test-results/home-strip-home-strip-uses-1e7a3--and-falls-back-when-absent-desktop/error-context.md

    attachment #2: trace (application/zip) ─────────────────────────────────────────────────────────
    test-results/home-strip-home-strip-uses-1e7a3--and-falls-back-when-absent-desktop/trace.zip
    Usage:

        npx playwright show-trace test-results/home-strip-home-strip-uses-1e7a3--and-falls-back-when-absent-desktop/trace.zip

    ────────────────────────────────────────────────────────────────────────────────────────────────

  3) [desktop] › tests/quiz.spec.ts:214:1 › a failed automatic save preserves the result and can be retried without duplicates 

    Error: expect(locator).toContainText(expected) failed

    Locator: getByRole('status')
    Expected substring: "could not save"
    Error: strict mode violation: getByRole('status') resolved to 2 elements:
        1) <p role="status">Loading ideology comparisons…</p> aka getByText('Loading ideology comparisons…')
        2) <p role="status" class="_status_1o2tq_75">This browser could not save your results. You can…</p> aka getByText('This browser could not save')

    Call log:
      - Expect "toContainText" getByRole('status') with timeout 5000ms
      - waiting for getByRole('status')


      225 |   });
      226 |   await finish(page);
    > 227 |   await expect(page.getByRole('status')).toContainText('could not save');
          |                                          ^
      228 |   await expect(page.getByRole('heading', { name: 'Your perspective profile.' })).toBeVisible();
      229 |   expect(await page.evaluate(key => localStorage.getItem(key), HISTORY_KEY)).toBeNull();
      230 |   await page.getByRole('button', { name: 'Save in this browser', exact: true }).click();
        at /Users/liam/Documents/GitHub/15values/frontend/tests/quiz.spec.ts:227:42

    Error Context: test-results/quiz-a-failed-automatic-sa-c4a2e--retried-without-duplicates-desktop/error-context.md

    attachment #2: trace (application/zip) ─────────────────────────────────────────────────────────
    test-results/quiz-a-failed-automatic-sa-c4a2e--retried-without-duplicates-desktop/trace.zip
    Usage:

        npx playwright show-trace test-results/quiz-a-failed-automatic-sa-c4a2e--retried-without-duplicates-desktop/trace.zip

    ────────────────────────────────────────────────────────────────────────────────────────────────

  4) [mobile] › tests/home-strip.spec.ts:8:1 › home strip uses published profiles and links to both types of detail page 

    Error: expect(locator).toHaveText(expected) failed

    Locator:  getByRole('region', { name: 'Explore ideologies and personalities' }).locator('a[href="#/personalities/abraham-lincoln"]').first().locator('small').last()
    Expected: "Unclassified"
    Received: "Centre"
    Timeout:  5000ms

    Call log:
      - Expect "toHaveText" getByRole('region', { name: 'Explore ideologies and personalities' }).locator('a[href="#/personalities/abraham-lincoln"]').first().locator('small').last() with timeout 5000ms
      - waiting for getByRole('region', { name: 'Explore ideologies and personalities' }).locator('a[href="#/personalities/abraham-lincoln"]').first().locator('small').last()
        14 × locator resolved to <small>Centre</small>
           - unexpected value "Centre"


      22 |       const label = ['Far-Left', 'Left', 'Centre', 'Right', 'Far-Right', 'Libertarian', 'Religious', 'Other']
      23 |         .find(label => label.replace('-', ' ').toLowerCase() === leaning) ?? 'Unclassified';
    > 24 |       await expect(card.locator('small').last()).toHaveText(label);
         |                                                  ^
      25 |     }
      26 |     await expect(card.locator('span').last()).toHaveText(profile.metadata.name.replace(/\s*\(.*\)$/, '').trim());
      27 |     await expect(card).toHaveAttribute('href', `#/${route}/${profile.id}`);
        at /Users/liam/Documents/GitHub/15values/frontend/tests/home-strip.spec.ts:24:50

    Error Context: test-results/home-strip-home-strip-uses-de6fb-o-both-types-of-detail-page-mobile/error-context.md

    attachment #2: trace (application/zip) ─────────────────────────────────────────────────────────
    test-results/home-strip-home-strip-uses-de6fb-o-both-types-of-detail-page-mobile/trace.zip
    Usage:

        npx playwright show-trace test-results/home-strip-home-strip-uses-de6fb-o-both-types-of-detail-page-mobile/trace.zip

    ────────────────────────────────────────────────────────────────────────────────────────────────

  5) [mobile] › tests/home-strip.spec.ts:39:1 › home strip uses explicit personality leaning metadata and falls back when absent 

    Error: expect(locator).toHaveText(expected) failed

    Locator:  getByRole('region', { name: 'Explore ideologies and personalities' }).locator('a[href="#/personalities/labelled"]').first().locator('small').last()
    Expected: "Far-Right"
    Received: "Unclassified"
    Timeout:  5000ms

    Call log:
      - Expect "toHaveText" getByRole('region', { name: 'Explore ideologies and personalities' }).locator('a[href="#/personalities/labelled"]').first().locator('small').last() with timeout 5000ms
      - waiting for getByRole('region', { name: 'Explore ideologies and personalities' }).locator('a[href="#/personalities/labelled"]').first().locator('small').last()
        14 × locator resolved to <small>Unclassified</small>
           - unexpected value "Unclassified"


      46 |   await page.goto('./');
      47 |   const strip = page.getByRole('region', { name: 'Explore ideologies and personalities' });
    > 48 |   await expect(strip.locator('a[href="#/personalities/labelled"]').first().locator('small').last()).toHaveText('Far-Right');
         |                                                                                                     ^
      49 |   await expect(strip.locator('a[href="#/personalities/unclassified"]').first().locator('small').last()).toHaveText('Unclassified');
      50 | });
      51 |
        at /Users/liam/Documents/GitHub/15values/frontend/tests/home-strip.spec.ts:48:101

    Error Context: test-results/home-strip-home-strip-uses-1e7a3--and-falls-back-when-absent-mobile/error-context.md

    attachment #2: trace (application/zip) ─────────────────────────────────────────────────────────
    test-results/home-strip-home-strip-uses-1e7a3--and-falls-back-when-absent-mobile/trace.zip
    Usage:

        npx playwright show-trace test-results/home-strip-home-strip-uses-1e7a3--and-falls-back-when-absent-mobile/trace.zip

    ────────────────────────────────────────────────────────────────────────────────────────────────

  6) [safari] › tests/home-strip.spec.ts:8:1 › home strip uses published profiles and links to both types of detail page 

    Error: expect(locator).toHaveText(expected) failed

    Locator:  getByRole('region', { name: 'Explore ideologies and personalities' }).locator('a[href="#/personalities/abraham-lincoln"]').first().locator('small').last()
    Expected: "Unclassified"
    Received: "Centre"
    Timeout:  5000ms

    Call log:
      - Expect "toHaveText" getByRole('region', { name: 'Explore ideologies and personalities' }).locator('a[href="#/personalities/abraham-lincoln"]').first().locator('small').last() with timeout 5000ms
      - waiting for getByRole('region', { name: 'Explore ideologies and personalities' }).locator('a[href="#/personalities/abraham-lincoln"]').first().locator('small').last()
        14 × locator resolved to <small>Centre</small>
           - unexpected value "Centre"


      22 |       const label = ['Far-Left', 'Left', 'Centre', 'Right', 'Far-Right', 'Libertarian', 'Religious', 'Other']
      23 |         .find(label => label.replace('-', ' ').toLowerCase() === leaning) ?? 'Unclassified';
    > 24 |       await expect(card.locator('small').last()).toHaveText(label);
         |                                                  ^
      25 |     }
      26 |     await expect(card.locator('span').last()).toHaveText(profile.metadata.name.replace(/\s*\(.*\)$/, '').trim());
      27 |     await expect(card).toHaveAttribute('href', `#/${route}/${profile.id}`);
        at /Users/liam/Documents/GitHub/15values/frontend/tests/home-strip.spec.ts:24:50

    Error Context: test-results/home-strip-home-strip-uses-de6fb-o-both-types-of-detail-page-safari/error-context.md

    attachment #2: trace (application/zip) ─────────────────────────────────────────────────────────
    test-results/home-strip-home-strip-uses-de6fb-o-both-types-of-detail-page-safari/trace.zip
    Usage:

        npx playwright show-trace test-results/home-strip-home-strip-uses-de6fb-o-both-types-of-detail-page-safari/trace.zip

    ────────────────────────────────────────────────────────────────────────────────────────────────

  7) [safari] › tests/home-strip.spec.ts:39:1 › home strip uses explicit personality leaning metadata and falls back when absent 

    Error: expect(locator).toHaveText(expected) failed

    Locator:  getByRole('region', { name: 'Explore ideologies and personalities' }).locator('a[href="#/personalities/labelled"]').first().locator('small').last()
    Expected: "Far-Right"
    Received: "Unclassified"
    Timeout:  5000ms

    Call log:
      - Expect "toHaveText" getByRole('region', { name: 'Explore ideologies and personalities' }).locator('a[href="#/personalities/labelled"]').first().locator('small').last() with timeout 5000ms
      - waiting for getByRole('region', { name: 'Explore ideologies and personalities' }).locator('a[href="#/personalities/labelled"]').first().locator('small').last()
        14 × locator resolved to <small>Unclassified</small>
           - unexpected value "Unclassified"


      46 |   await page.goto('./');
      47 |   const strip = page.getByRole('region', { name: 'Explore ideologies and personalities' });
    > 48 |   await expect(strip.locator('a[href="#/personalities/labelled"]').first().locator('small').last()).toHaveText('Far-Right');
         |                                                                                                     ^
      49 |   await expect(strip.locator('a[href="#/personalities/unclassified"]').first().locator('small').last()).toHaveText('Unclassified');
      50 | });
      51 |
        at /Users/liam/Documents/GitHub/15values/frontend/tests/home-strip.spec.ts:48:101

    Error Context: test-results/home-strip-home-strip-uses-1e7a3--and-falls-back-when-absent-safari/error-context.md

    attachment #2: trace (application/zip) ─────────────────────────────────────────────────────────
    test-results/home-strip-home-strip-uses-1e7a3--and-falls-back-when-absent-safari/trace.zip
    Usage:

        npx playwright show-trace test-results/home-strip-home-strip-uses-1e7a3--and-falls-back-when-absent-safari/trace.zip

    ────────────────────────────────────────────────────────────────────────────────────────────────

  7 failed
    [desktop] › tests/home-strip.spec.ts:8:1 › home strip uses published profiles and links to both types of detail page 
    [desktop] › tests/home-strip.spec.ts:39:1 › home strip uses explicit personality leaning metadata and falls back when absent 
    [desktop] › tests/quiz.spec.ts:214:1 › a failed automatic save preserves the result and can be retried without duplicates 
    [mobile] › tests/home-strip.spec.ts:8:1 › home strip uses published profiles and links to both types of detail page 
    [mobile] › tests/home-strip.spec.ts:39:1 › home strip uses explicit personality leaning metadata and falls back when absent 
    [safari] › tests/home-strip.spec.ts:8:1 › home strip uses published profiles and links to both types of detail page 
    [safari] › tests/home-strip.spec.ts:39:1 › home strip uses explicit personality leaning metadata and falls back when absent 
  164 passed (3.8m)
