george-washington {"description":"Portrait of George Washington (1732–99)","artist":"Gilbert Stuart","license":"Public domain","usage":"Public domain","restrictions":"","copyright":""}
thomas-jefferson {"description":"Official Presidential portrait of Thomas Jefferson","artist":"Rembrandt Peale","license":"Public domain","usage":"Public domain","restrictions":"","copyright":""}
theodore-roosevelt {"description":"Photograph of Theodore Roosevelt showing head and shoulders, facing slightly left. No information on size of the photo given. Restoration notes Lots of scratches, which I carefully removed. Mainly just a dust and scratch removal, ","artist":"Adam Cuerden","license":"Public domain","usage":"Public domain","restrictions":"","copyright":""}
lyndon-b-johnson {"description":"Photo portrait of President Lyndon B. Johnson in the Oval Office, leaning on a chair.","artist":"Arnold Newman","license":"Public domain","usage":"Public domain","restrictions":"","copyright":""}
jimmy-carter {"description":"Jimmy Carter's presidential portrait","artist":"Department of Defense. Department of the Navy. Naval Photographic Center","license":"Public domain","usage":"Public domain","restrictions":"personality","copyright":""}
george-w-bush {"description":"Official photograph portrait of U.S. President George W. Bush .","artist":"Eric Draper","license":"Public domain","usage":"Public domain","restrictions":"","copyright":""}
hillary-clinton {"description":"Former Secretary of State Hillary Rodham Clinton joined Secretary of State Antony J. Blinken at an event for the unveiling of her portrait at the U.S. Department of State on September 26, 2023 in Washington, D.C. Also in attendanc","artist":"U.S. Department of State","license":"Public domain","usage":"Public domain","restrictions":"","copyright":""}
rishi-sunak {"description":"24/11/2022. London, United Kingdom. Portrait of Prime Minister Rishi Sunak in 10 Downing Street. Picture by Simon Walker / No 10 Downing Street","artist":"Prime Minister's Office","license":"OGL 3","usage":"Open Government License 3","restrictions":"","copyright":""}
keir-starmer {"description":"05/07/2024. London, United Kingdom. The Prime Minister Sir Keir Starmer's official portraits upon his official appointment by His Majesty The King. Picture by Simon Dawson/ No 10 Downing Street","artist":"Prime Minister's Office","license":"OGL 3","usage":"Open Government License 3","restrictions":"","copyright":""}
jacinda-ardern {"description":"New Zealand Prime Minister Jacinda Ardern, photographed in Tauranga, New Zealand, 29 August 2018.","artist":"Newzild","license":"CC BY-SA 4.0","usage":"Creative Commons Attribution-Share Alike 4.0","restrictions":"","copyright":""}
justin-trudeau {"description":"Screenshot of Justin Trudeau from his 2023 Christmas message video.","artist":"Justin Trudeau – Prime Minister of Canada","license":"CC BY 3.0","usage":"Creative Commons Attribution 3.0","restrictions":"","copyright":""}
indira-gandhi {"description":"Indira Gandhi, Former Prime Minister of the Republic of India","artist":"Prime Minister's Office","license":"GODL-India","usage":"Government Open Data License – India","restrictions":"","copyright":""}
mikhail-gorbachev {"description":"“General Secretary of the CPSU CC M. Gorbachev”. General Secretary of the CPSU Central Committee Mikhail Gorbachev speaking at the 20th Congress of the VLKSM. Kremlin Palace of Congresses.","artist":"RIAN_archive_850809_General_Secretary_of_the_CPSU_CC_M._Gorbachev.jpg : Vladimir Vyatkin / Владимир Вяткин derivative work: Jbarta","license":"CC BY-SA 3.0","usage":"Creative Commons Attribution-Share Alike 3.0","restrictions":"","copyright":""}
ho-chi-minh {"description":"Portrait of Ho Chi Minh, also known as Nguyen Ai Quoc","artist":"Unknown author Unknown author","license":"Public domain","usage":"Public domain","restrictions":"communist","copyright":""}
salvador-allende {"description":"Salvador Allende Gossens","artist":"Biblioteca del Congreso Nacional de Chile","license":"CC BY 3.0 cl","usage":"Creative Commons Attribution 3.0 cl","restrictions":"","copyright":""}
augusto-pinochet {"description":"Augusto Pinochet Ugarte (c. 1974).","artist":"Ministerio de Relaciones Exteriores de Chile.","license":"CC BY 2.0 cl","usage":"Creative Commons Attribution 2.0 cl","restrictions":"","copyright":""}
jean-jacques-rousseau {"description":"","artist":"Maurice Quentin de La Tour (Life time: 1788)","license":"Public domain","usage":"Public domain","restrictions":"","copyright":""}
mikhail-bakunin {"description":"Bakunin by Nadar. Please upload further changes as a new file.","artist":"Nadar","license":"Public domain","usage":"Public domain","restrictions":"","copyright":""}
recep-tayyip-erdogan {"description":"The Foreign Secretary, David Cameron meets with the President of Turkey, Recep Tayyip Erdogan at the Vahdettin Palace in Istanbul for a bilateral meeting. Picture by Rory Arnold/No10 Downing Street","artist":"Rory Arnold","license":"CC BY 2.0","usage":"Creative Commons Attribution 2.0","restrictions":"","copyright":""}
ruhollah-khomeini {"description":"Portrait of Ruhollah Khomeini By Ali Kaveh","artist":"Ali Kaveh [ 1 ] [ 2 ] [ 3 ]","license":"Public domain","usage":"Public domain","restrictions":"","copyright":""}
