george-washington Public domain Gilbert_Stuart_Williamstown_Portrait_of_George_Washington.jpg
thomas-jefferson Public domain Official_Presidential_portrait_of_Thomas_Jefferson_(by_Rembrandt_Peale,_1800).jpg
theodore-roosevelt Public domain Theodore_Roosevelt_by_the_Pach_Bros_(4x5_cropped)_(2).jpg
lyndon-b-johnson Public domain Lyndon_B._Johnson,_photo_portrait,_color_(3x4_cropped)(2).jpg
jimmy-carter Public domain Jimmy_Carter_Official_Portrait2_(3x4_cropped).jpg
george-w-bush Public domain George-W-Bush.jpeg
hillary-clinton Public domain Former_United_States_Secretary_of_State_Hillary_Rodham_Clinton_at_the_U.S._Department_of_State_on_September_26,_2023_in_Washington,_D.C._14_(cropped).jpg
rishi-sunak OGL 3 Portrait_of_Prime_Minister_Rishi_Sunak_(cropped).jpg
keir-starmer OGL 3 Prime_Minister_Keir_Starmer_Portrait_(cropped).jpg
jacinda-ardern CC BY-SA 4.0 New_Zealand_Prime_Minister_Jacinda_Ardern_in_2018.jpg
justin-trudeau CC BY 3.0 Prime_Minister_Trudeau's_message_on_Christmas_2023_(0m29s)_(cropped).jpg
indira-gandhi GODL-India Indira_Gandhi_official_portrait.png
mikhail-gorbachev CC BY-SA 3.0 RIAN_archive_850809_General_Secretary_of_the_CPSU_CC_M._Gorbachev_(crop).jpg
ho-chi-minh Public domain Ho_Chi_Minh_-_1946_Portrait_(cropped).jpg
salvador-allende CC BY 3.0 cl Salvador_Allende_Gossens-.jpg
augusto-pinochet CC BY 2.0 cl Augusto_Pinochet_official_portrait_(3x4_cropped_b).jpg
jean-jacques-rousseau Public domain Maurice_Quentin_de_La_Tour_-_Portrait_of_Jean-Jacques_Rousseau_-_adjusted.jpg
mikhail-bakunin Public domain Mikhail_Bakunin_Nader_(3x4_cropped).jpg
recep-tayyip-erdogan CC BY 2.0 Turkish_President_Recep_Tayyip_Erdoğan_in_January_2024_(cropped).jpg
ruhollah-khomeini Public domain Portrait_of_Ruhollah_Khomeini_By_Ali_Kaveh.jpg
